[1A[2K[2m[WebServer] [22m [33m[1m⚠[22m[39m The "middleware" file convention is deprecated. Please use "proxy" instead. Learn more: https://nextjs.org/docs/messages/middleware-to-proxy

[dotenv@17.2.3] injecting env (15) from ../../.env -- tip: 🔄 add secrets lifecycle management: https://dotenvx.com/ops
🌱 Seeding database...
👤 Seeded user: test@interdomestik.com
👤 Seeded user: admin@interdomestik.com
👤 Seeded user: agent@interdomestik.com
📄 Seeded claim: Car Accident - Rear Ended (submitted)
📄 Seeded claim: Flight Delay to Munich (verification)
📄 Seeded claim: Defective Laptop (evaluation)
📄 Seeded claim: Water Damage in Apartment (negotiation)
📄 Seeded claim: Rejected Insurance Claim (rejected)
✅ Seeding complete!

Running 9 tests using 5 workers

[1A[2K[1/9] [chromium] › e2e/agent-flow.spec.ts:13:7 › Agent Workspace › should list claims and allow triage
[1A[2K[2/9] [chromium] › e2e/agent-flow.spec.ts:64:7 › Agent Workspace › should protect agent routes from regular users
[1A[2K[3/9] [firefox] › e2e/agent-flow.spec.ts:4:7 › Agent Workspace › should access agent dashboard and view stats
[1A[2K[4/9] [firefox] › e2e/agent-flow.spec.ts:13:7 › Agent Workspace › should list claims and allow triage
[1A[2K[5/9] [chromium] › e2e/agent-flow.spec.ts:4:7 › Agent Workspace › should access agent dashboard and view stats
[1A[2K[6/9] [firefox] › e2e/agent-flow.spec.ts:64:7 › Agent Workspace › should protect agent routes from regular users
[1A[2K[7/9] [webkit] › e2e/agent-flow.spec.ts:4:7 › Agent Workspace › should access agent dashboard and view stats
[1A[2K[8/9] [webkit] › e2e/agent-flow.spec.ts:13:7 › Agent Workspace › should list claims and allow triage
[1A[2K[chromium] › e2e/agent-flow.spec.ts:13:7 › Agent Workspace › should list claims and allow triage
DEBUG: Failed URL: http://localhost:3000/sq/agent/claims

[1A[2KDEBUG: Failed Content Start ----------------

[1A[2K<!DOCTYPE html><html lang="sq"><head><meta charset="utf-8"><meta name="viewport" content="width=device-width, initial-scale=1"><link rel="stylesheet" href="/_next/static/css/app/%5Blocale%5D/layout.css?v=1765921577152" data-precedence="next_static/css/app/[locale]/layout.css"><link rel="preload" as="script" fetchpriority="low" href="/_next/static/chunks/webpack.js?v=1765921577152"><script src="/_next/static/chunks/main-app.js?v=1765921577152" async=""></script><script src="/_next/static/chunks/app-pages-internals.js" async=""></script><script src="/_next/static/chunks/app/%5Blocale%5D/layout.js" async=""></script><script src="/_next/static/chunks/app/%5Blocale%5D/page.js" async=""></script><script src="/_next/static/chunks/app/%5Blocale%5D/(agent)/agent/claims/page.js" async=""></script><script src="/_next/static/chunks/app/%5Blocale%5D/(agent)/layout.js" async=""></script><title>Interdomestik - Mbrojtja e Konsumatorit</title><meta name="description" content="Platforma #1 për mbrojtjen e konsumatorit dhe menaxhimin e ankesave në Ballkan"><meta name="author" content="Interdomestik"><meta name="keywords" content="consumer protection,claims,disputes,balkans,kosovo,albania"><meta property="og:title" content="Interdomestik - Mbrojtja e Konsumatorit"><meta property="og:description" content="Platforma #1 për mbrojtjen e konsumatorit dhe menaxhimin e ankesave në Ballkan"><meta property="og:site_name" content="Interdomestik"><meta property="og:locale" content="sq_AL"><meta property="og:type" content="website"><meta name="twitter:card" content="summary"><meta name="twitter:title" content="Interdomestik - Mbrojtja e Konsumatorit"><meta name="twitter:description" content="Platforma #1 për mbrojtjen e konsumatorit dhe menaxhimin e ankesave në Ballkan"><script src="/_next/static/chunks/polyfills.js" nomodule=""></script><style>@font-face{font-family:'__nextjs-Geist';font-style:normal;font-weight:400 600;font-display:swap;src:url(/__nextjs_font/geist-latin-ext.woff2) format('woff2');unicode-range:U+0100-02BA,U+02BD-02C5,U+02C7-02CC,U+02CE-02D7,U+02DD-02FF,U+0304,U+0308,U+0329,U+1D00-1DBF,U+1E00-1E9F,U+1EF2-1EFF,U+2020,U+20A0-20AB,U+20AD-20C0,U+2113,U+2C60-2C7F,U+A720-A7FF}@font-face{font-family:'__nextjs-Geist Mono';font-style:normal;font-weight:400 600;font-display:swap;src:url(/__nextjs_font/geist-mono-latin-ext.woff2) format('woff2');unicode-range:U+0100-02BA,U+02BD-02C5,U+02C7-02CC,U+02CE-02D7,U+02DD-02FF,U+0304,U+0308,U+0329,U+1D00-1DBF,U+1E00-1E9F,U+1EF2-1EFF,U+2020,U+20A0-20AB,U+20AD-20C0,U+2113,U+2C60-2C7F,U+A720-A7FF}@font-face{font-family:'__nextjs-Geist';font-style:normal;font-weight:400 600;font-display:swap;src:url(/__nextjs_font/geist-latin.woff2) format('woff2');unicode-range:U+0000-00FF,U+0131,U+0152-0153,U+02BB-02BC,U+02C6,U+02DA,U+02DC,U+0304,U+0308,U+0329,U+2000-206F,U+20AC,U+2122,U+2191,U+2193,U+2212,U+2215,U+FEFF,U+FFFD}@font-face{font-family:'__nextjs-Geist Mono';font-style:normal;font-weight:400 600;font-display:swap;src:url(/__nextjs_font/geist-mono-latin.woff2) format('woff2');unicode-range:U+0000-00FF,U+0131,U+0152-0153,U+02BB-02BC,U+02C6,U+02DA,U+02DC,U+0304,U+0308,U+0329,U+2000-206F,U+20AC,U+2122,U+2191,U+2193,U+2212,U+2215,U+FEFF,U+FFFD}</style></head><body class="antialiased"><div hidden=""><!--$--><!--/$--></div><div class="flex min-h-screen flex-col bg-muted/10"><header class="sticky top-0 z-50 w-full border-b bg-background/95 backdrop-blur supports-[backdrop-filter]:bg-background/60"><div class="container flex h-14 items-center"><div class="mr-4 hidden md:flex"><a class="mr-6 flex items-center space-x-2" href="/"><span class="hidden font-bold sm:inline-block">Interdomestik <span class="text-primary">Agent</span></span></a><nav class="flex items-center space-x-6 text-sm font-medium"><a class="transition-colors hover:text-foreground/80 text-foreground" href="/agent">Dashboard</a><a class="transition-colors hover:text-foreground/80 text-foreground/60" href="/agent/claims">Claims</a></nav></div><div class="flex flex-1 items-center justify-between space-x-2 md:justify-end"><div class="w-full flex-1 md:w-auto md:flex-none"></div><div class="text-xs text-muted-foreground mr-4">agent@interdomestik.com<!-- --> (<!-- -->agent<!-- -->)</div></div></div></header><main class="flex-1 container py-6"><div class="space-y-6"><div class="flex items-center justify-between"><div><h1 class="text-3xl font-bold tracking-tight">Claims Queue</h1><p class="text-muted-foreground">Manage and triage all submitted claims.</p></div></div><div class="rounded-md border bg-background"><div class="relative w-full overflow-auto"><table class="w-full caption-bottom text-sm"><thead class="[&amp;_tr]:border-b"><tr class="border-b transition-colors hover:bg-muted/50 data-[state=selected]:bg-muted"><th class="h-10 px-2 text-left align-middle font-medium text-muted-foreground [&amp;:has([role=checkbox])]:pr-0 [button]:bg-transparent">Claimant</th><th class="h-10 px-2 text-left align-middle font-medium text-muted-foreground [&amp;:has([role=checkbox])]:pr-0 [button]:bg-transparent">Claim</th><th class="h-10 px-2 text-left align-middle font-medium text-muted-foreground [&amp;:has([role=checkbox])]:pr-0 [button]:bg-transparent">Status</th><th class="h-10 px-2 text-left align-middle font-medium text-muted-foreground [&amp;:has([role=checkbox])]:pr-0 [button]:bg-transparent">Amount</th><th class="h-10 px-2 text-left align-middle font-medium text-muted-foreground [&amp;:has([role=checkbox])]:pr-0 [button]:bg-transparent">Date</th><th class="h-10 px-2 align-middle font-medium text-muted-foreground [&amp;:has([role=checkbox])]:pr-0 [button]:bg-transparent text-right">Actions</th></tr></thead><tbody class="[&amp;_tr:last-child]:border-0"><tr class="border-b transition-colors hover:bg-muted/50 data-[state=selected]:bg-muted"><td class="p-2 align-middle [&amp;:has([role=checkbox])]:pr-0"><div class="flex flex-col"><span class="font-medium">Arben Lila</span><span class="text-xs text-muted-foreground">arben.lila@gmail.com</span></div></td><td class="p-2 align-middle [&amp;:has([role=checkbox])]:pr-0"><div class="font-medium">Flight delay</div><div class="text-xs text-muted-foreground">Lufthansa</div></td><td class="p-2 align-middle [&amp;:has([role=checkbox])]:pr-0"><div class="inline-flex items-center rounded-full border px-2.5 py-0.5 text-xs font-semibold transition-colors focus:outline-none focus:ring-2 focus:ring-ring focus:ring-offset-2 badge-glow border-transparent bg-[hsl(var(--secondary))] text-[hsl(var(--secondary-foreground))] capitalize">Submitted</div></td><td class="p-2 align-middle [&amp;:has([role=checkbox])]:pr-0">300.00 EUR</td><td class="p-2 align-middle [&amp;:has([role=checkbox])]:pr-0">12/15/2025</td><td class="p-2 align-middle [&amp;:has([role=checkbox])]:pr-0 text-right"><a class="inline-flex items-center justify-center whitespace-nowrap text-sm font-medium ring-offset-background transition-all duration-200 focus-visible:outline-none focus-visible:ring-2 focus-visible:ring-ring focus-visible:ring-offset-2 disabled:pointer-events-none disabled:opacity-50 interactive-press border border-[hsl(var(--border))] bg-transparent hover:bg-[hsl(var(--muted-100))] hover:text-[hsl(var(--foreground))] h-9 rounded-md px-3" href="/sq/agent/claims/eBRc7dIzwrjUh0KTUQsJ1">Review</a></td></tr><tr class="border-b transition-colors hover:bg-muted/50 data-[state=selected]:bg-muted"><td class="p-2 align-middle [&amp;:has([role=checkbox])]:pr-0"><div class="flex flex-col"><span class="font-medium">Test Member</span><span class="text-xs text-muted-foreground">test@interdomestik.com</span></div></td><td class="p-2 align-middle [&amp;:has([role=checkbox])]:pr-0"><div class="font-medium">Car Accident - Rear Ended</div><div class="text-xs text-muted-foreground">Sigal</div></td><td class="p-2 align-middle [&amp;:has([role=checkbox])]:pr-0"><div class="inline-flex items-center rounded-full border px-2.5 py-0.5 text-xs font-semibold transition-colors focus:outline-none focus:ring-2 focus:ring-ring focus:ring-offset-2 badge-glow border-transparent bg-[hsl(var(--secondary))] text-[hsl(var(--secondary-foreground))] capitalize">Submitted</div></td><td class="p-2 align-middle [&amp;:has([role=checkbox])]:pr-0">1200.00 EUR</td><td class="p-2 align-middle [&amp;:has([role=checkbox])]:pr-0">12/14/2025</td><td class="p-2 align-middle [&amp;:has([role=checkbox])]:pr-0 text-right"><a class="inline-flex items-center justify-center whitespace-nowrap text-sm font-medium ring-offset-background transition-all duration-200 focus-visible:outline-none focus-visible:ring-2 focus-visible:ring-ring focus-visible:ring-offset-2 disabled:pointer-events-none disabled:opacity-50 interactive-press border border-[hsl(var(--border))] bg-transparent hover:bg-[hsl(var(--muted-100))] hover:text-[hsl(var(--foreground))] h-9 rounded-md px-3" href="/sq/agent/claims/claim-1">Review</a></td></tr><tr class="border-b transition-colors hover:bg-muted/50 data-[state=selected]:bg-muted"><td class="p-2 align-middle [&amp;:has([role=checkbox])]:pr-0"><div class="flex flex-col"><span class="font-medium">Test Member</span><span class="text-xs text-muted-foreground">test@interdomestik.com</span></div></td><td class="p-2 align-middle [&amp;:has([role=checkbox])]:pr-0"><div class="font-medium">Flight Delay to Munich</div><div class="text-xs text-muted-foreground">Austrian Airlines</div></td><td class="p-2 align-middle [&amp;:has([role=checkbox])]:pr-0"><div class="inline-flex items-center rounded-full border px-2.5 py-0.5 text-xs font-semibold transition-colors focus:outline-none focus:ring-2 focus:ring-ring focus:ring-offset-2 badge-glow text-foreground">verification</div></td><td class="p-2 align-middle [&amp;:has([role=checkbox])]:pr-0">600.00 EUR</td><td class="p-2 align-middle [&amp;:has([role=checkbox])]:pr-0">12/11/2025</td><td class="p-2 align-middle [&amp;:has([role=checkbox])]:pr-0 text-right"><a class="inline-flex items-center justify-center whitespace-nowrap text-sm font-medium ring-offset-background transition-all duration-200 focus-visible:outline-none focus-visible:ring-2 focus-visible:ring-ring focus-visible:ring-offset-2 disabled:pointer-events-none disabled:opacity-50 interactive-press border border-[hsl(var(--border))] bg-transparent hover:bg-[hsl(var(--muted-100))] hover:text-[hsl(var(--foreground))] h-9 rounded-md px-3" href="/sq/agent/claims/claim-2">Review</a></td></tr><tr class="border-b transition-colors hover:bg-muted/50 data-[state=selected]:bg-muted"><td class="p-2 align-middle [&amp;:has([role=checkbox])]:pr-0"><div class="flex flex-col"><span class="font-medium">Test Member</span><span class="text-xs text-muted-foreground">test@interdomestik.com</span></div></td><td class="p-2 align-middle [&amp;:has([role=checkbox])]:pr-0"><div class="font-medium">Defective Laptop</div><div class="text-xs text-muted-foreground">TechnoMarket</div></td><td class="p-2 align-middle [&amp;:has([role=checkbox])]:pr-0"><div class="inline-flex items-center rounded-full border px-2.5 py-0.5 text-xs font-semibold transition-colors focus:outline-none focus:ring-2 focus:ring-ring focus:ring-offset-2 badge-glow text-foreground">evaluation</div></td><td class="p-2 align-middle [&amp;:has([role=checkbox])]:pr-0">850.00 EUR</td><td class="p-2 align-middle [&amp;:has([role=checkbox])]:pr-0">12/6/2025</td><td class="p-2 align-middle [&amp;:has([role=checkbox])]:pr-0 text-right"><a class="inline-flex items-center justify-center whitespace-nowrap text-sm font-medium ring-offset-background transition-all duration-200 focus-visible:outline-none focus-visible:ring-2 focus-visible:ring-ring focus-visible:ring-offset-2 disabled:pointer-events-none disabled:opacity-50 interactive-press border border-[hsl(var(--border))] bg-transparent hover:bg-[hsl(var(--muted-100))] hover:text-[hsl(var(--foreground))] h-9 rounded-md px-3" href="/sq/agent/claims/claim-3">Review</a></td></tr><tr class="border-b transition-colors hover:bg-muted/50 data-[state=selected]:bg-muted"><td class="p-2 align-middle [&amp;:has([role=checkbox])]:pr-0"><div class="flex flex-col"><span class="font-medium">Test Member</span><span class="text-xs text-muted-foreground">test@interdomestik.com</span></div></td><td class="p-2 align-middle [&amp;:has([role=checkbox])]:pr-0"><div class="font-medium">Water Damage in Apartment</div><div class="text-xs text-muted-foreground">Building Mgmt</div></td><td class="p-2 align-middle [&amp;:has([role=checkbox])]:pr-0"><div class="inline-flex items-center rounded-full border px-2.5 py-0.5 text-xs font-semibold transition-colors focus:outline-none focus:ring-2 focus:ring-ring focus:ring-offset-2 badge-glow text-foreground">negotiation</div></td><td class="p-2 align-middle [&amp;:has([role=checkbox])]:pr-0">2500.00 EUR</td><td class="p-2 align-middle [&amp;:has([role=checkbox])]:pr-0">11/26/2025</td><td class="p-2 align-middle [&amp;:has([role=checkbox])]:pr-0 text-right"><a class="inline-flex items-center justify-center whitespace-nowrap text-sm font-medium ring-offset-background transition-all duration-200 focus-visible:outline-none focus-visible:ring-2 focus-visible:ring-ring focus-visible:ring-offset-2 disabled:pointer-events-none disabled:opacity-50 interactive-press border border-[hsl(var(--border))] bg-transparent hover:bg-[hsl(var(--muted-100))] hover:text-[hsl(var(--foreground))] h-9 rounded-md px-3" href="/sq/agent/claims/claim-4">Review</a></td></tr><tr class="border-b transition-colors hover:bg-muted/50 data-[state=selected]:bg-muted"><td class="p-2 align-middle [&amp;:has([role=checkbox])]:pr-0"><div class="flex flex-col"><span class="font-medium">Test Member</span><span class="text-xs text-muted-foreground">test@interdomestik.com</span></div></td><td class="p-2 align-middle [&amp;:has([role=checkbox])]:pr-0"><div class="font-medium">Rejected Insurance Claim</div><div class="text-xs text-muted-foreground">Illyria</div></td><td class="p-2 align-middle [&amp;:has([role=checkbox])]:pr-0"><div class="inline-flex items-center rounded-full border px-2.5 py-0.5 text-xs font-semibold transition-colors focus:outline-none focus:ring-2 focus:ring-ring focus:ring-offset-2 badge-glow border-transparent bg-[hsl(var(--destructive))] text-[hsl(var(--destructive-foreground))] capitalize">Rejected</div></td><td class="p-2 align-middle [&amp;:has([role=checkbox])]:pr-0">5000.00 EUR</td><td class="p-2 align-middle [&amp;:has([role=checkbox])]:pr-0">11/16/2025</td><td class="p-2 align-middle [&amp;:has([role=checkbox])]:pr-0 text-right"><a class="inline-flex items-center justify-center whitespace-nowrap text-sm font-medium ring-offset-background transition-all duration-200 focus-visible:outline-none focus-visible:ring-2 focus-visible:ring-ring focus-visible:ring-offset-2 disabled:pointer-events-none disabled:opacity-50 interactive-press border border-[hsl(var(--border))] bg-transparent hover:bg-[hsl(var(--muted-100))] hover:text-[hsl(var(--foreground))] h-9 rounded-md px-3" href="/sq/agent/claims/claim-5">Review</a></td></tr></tbody></table></div></div></div><!--$--><!--/$--></main></div><script id="_R_">self.__next_r="AXnLw9ZLU8jyjYK52_IwD"</script><script src="/_next/static/chunks/webpack.js?v=1765921577152" async=""></script><script>(self.__next_f=self.__next_f||[]).push([0])</script><script>self.__next_f.push([1,"5:I[\"(app-pages-browser)/../../node_modules/.pnpm/next@16.0.10_@babel+core@7.28.5_@playwright+test@1.57.0_react-dom@19.2.3_react@19.2.3__react@19.2.3/node_modules/next/dist/next-devtools/userspace/app/segment-explorer-node.js\",[\"app-pages-internals\",\"static/chunks/app-pages-internals.js\"],\"SegmentViewNode\"]\n7:\"$Sreact.fragment\"\n15:I[\"(app-pages-browser)/../../node_modules/.pnpm/next@16.0.10_@babel+core@7.28.5_@playwright+test@1.57.0_react-dom@19.2.3_react@19.2.3__react@19.2.3/node_modules/next/dist/client/components/layout-router.js\",[\"app-pages-internals\",\"static/chunks/app-pages-internals.js\"],\"\"]\n17:I[\"(app-pages-browser)/../../node_modules/.pnpm/next@16.0.10_@babel+core@7.28.5_@playwright+test@1.57.0_react-dom@19.2.3_react@19.2.3__react@19.2.3/node_modules/next/dist/client/components/render-from-template-context.js\",[\"app-pages-internals\",\"static/chunks/app-pages-internals.js\"],\"\"]\n49:I[\"(app-pages-browser)/../../node_modules/.pnpm/next@16.0.10_@babel+core@7.28.5_@playwright+test@1.57.0_react-dom@19.2.3_react@19.2.3__react@19.2.3/node_modules/next/dist/lib/framework/boundary-components.js\",[\"app-pages-internals\",\"static/chunks/app-pages-internals.js\"],\"OutletBoundary\"]\n4b:\"$Sreact.suspense\"\n54:I[\"(app-pages-browser)/../../node_modules/.pnpm/next@16.0.10_@babel+core@7.28.5_@playwright+test@1.57.0_react-dom@19.2.3_react@19.2.3__react@19.2.3/node_modules/next/dist/lib/framework/boundary-components.js\",[\"app-pages-internals\",\"static/chunks/app-pages-internals.js\"],\"ViewportBoundary\"]\n5a:I[\"(app-pages-browser)/../../node_modules/.pnpm/next@16.0.10_@babel+core@7.28.5_@playwright+test@1.57.0_react-dom@19.2.3_react@19.2.3__react@19.2.3/node_modules/next/dist/lib/framework/boundary-components.js\",[\"app-pages-internals\",\"static/chunks/app-pages-internals.js\"],\"MetadataBoundary\"]\n5e:I[\"(app-pages-browser)/../../node_modules/.pnpm/next@16.0.10_@babel+core@7.28.5_@playwright+test@1.57.0_react-dom@19.2.3_react@19.2.3__react@19.2.3/node_modules/next/dist/client/components/builtin/global-error.js\",[\"app-pages-internals\",\"static/chunks/app-pages-internals.js\"],\"\"]\n61:I[\"(app-pages-browser)/./src/components/locale-html.tsx\",[\"app/[locale]/layout\",\"static/chunks/app/%5Blocale%5D/layout.js\"],\"LocaleHtmlUpdater\"]\n65:I[\"(app-pages-browser)/../../node_modules/.pnpm/next-intl@4.6.0_next@16.0.10_@babel+core@7.28.5_@playwright+test@1.57.0_react-dom@19.2._c22e94f9b2b0bf63fba8eb90ab2d7698/node_modules/next-intl/dist/esm/development/shared/NextIntlClientProvider.js\",[\"app/[locale]/page\",\"static/chunks/app/%5Blocale%5D/page.js\"],\"default\"]\n:HL[\"/_next/static/css/app/%5Blocale%5D/layout.css?v=1765921577152\",\"style\"]\n:N1765921577332.5813\n3:\"$EObject.defineProperty(()=\u003e{ctx.componentMod.preloadStyle(fullHref,ctx.renderOpts.crossOrigin,ctx.nonce)},\\\"name\\\",{value:\\\"\\\"})\"\n2:{\"name\":\"Preloads\",\"key\":null,\"env\":\"Server\",\"stack\":[],\"props\":{\"preloadCallbacks\":[\"$3\"]}}\n4:[]\n6:[]\na:I[\"(app-pages-browser)/../../node_modules/.pnpm/next@16.0.10_@babel+core@7.28.5_@playwright+test@1.57.0_react-dom@19.2.3_react@19.2.3__react@19.2.3/node_modules/next/dist/client/components/layout-router.js\",[\"app-pages-internals\",\"static/chunks/app-pages-internals.js\"],\"\"]\nd:I[\"(app-pages-browser)/../../node_modules/.pnpm/next@16.0.10_@babel+core@7.28.5_@playwright+test@1.57.0_react-dom@19.2.3_react@19.2.3__react@19.2.3/node_modules/next/dist/client/components/render-from-template-context.js\",[\"app-pages-internals\",\"static/chunks/app-pages-internals.js\"],\"\"]\ne:{}\nf:[[\"Promise.all\",\"\",0,0,0,0,true]]\nc:{\"children\":[\"$\",\"$Ld\",null,\"$e\",null,\"$f\",1]}\n10:[[\"Promise.all\",\"\",0,0,0,0,true]]\nb:{\"parallelRouterKey\":\"children\",\"error\":\"$undefined\",\"errorStyles\":\"$undefined\",\"errorScripts\":\"$undefined\",\"template\":[\"$\",\"$7\",null,\"$c\",null,\"$10\",0],\"templateStyles\":\"$undefined\",\"templateScripts\":\"$undefined\",\"notFound\":\"$Y\",\"forbidden\":\"$undefined\",\"unauthorized\":\"$undefined\",\"segmentViewBoundaries\":\"$Y\"}\n11:[[\"Promise.all\",\"\",0,0,0,0,true]]\n9:{\"name\":\"RootLayout\",\"key\":null,\"env\":\"Server\",\"stack\":[],\"props\":{\"children\":[\"$\",\"$La\",null,\"$b\",null,\"$11\",1],\"params\":\"$Y\"}}\n12:[[\"RootLayout\",\"web"])</script><script>self.__next_f.push([1,"pack-internal:///(rsc)/./src/app/layout.tsx\",12,87,11,1,false]]\n13:[[\"RootLayout\",\"webpack-internal:///(rsc)/./src/app/layout.tsx\",15,94,11,1,false]]\n14:[[\"Promise.all\",\"\",0,0,0,0,true]]\n16:[[\"Promise.all\",\"\",0,0,0,0,true]]\n18:[]\n1a:{\"name\":\"NotFound\",\"key\":null,\"env\":\"Server\",\"stack\":[],\"props\":{}}\n1b:{\"name\":\"HTTPAccessErrorFallback\",\"key\":null,\"env\":\"Server\",\"owner\":\"$1a\",\"stack\":[],\"props\":{\"status\":404,\"message\":\"This page could not be found.\"}}\n1c:[]\n1d:[]\n1e:[]\n1f:[]\n20:[]\n21:[]\n22:[]\n23:[[\"Promise.all\",\"\",0,0,0,0,true]]\n24:[[\"Promise.all\",\"\",0,0,0,0,true]]\n25:[[\"Promise.all\",\"\",0,0,0,0,true]]\n26:[[\"Promise.all\",\"\",0,0,0,0,true]]\n27:[[\"Array.map\",\"\",0,0,0,0,false],[\"Array.map\",\"\",0,0,0,0,false]]\n2c:{}\n2d:[[\"Promise.all\",\"\",0,0,0,0,true],[\"Promise.all\",\"\",0,0,0,0,true]]\n2b:{\"children\":[\"$\",\"$L17\",null,\"$2c\",null,\"$2d\",1]}\n2e:[[\"Promise.all\",\"\",0,0,0,0,true],[\"Promise.all\",\"\",0,0,0,0,true]]\n2a:{\"parallelRouterKey\":\"children\",\"error\":\"$undefined\",\"errorStyles\":\"$undefined\",\"errorScripts\":\"$undefined\",\"template\":[\"$\",\"$7\",null,\"$2b\",null,\"$2e\",0],\"templateStyles\":\"$undefined\",\"templateScripts\":\"$undefined\",\"notFound\":\"$undefined\",\"forbidden\":\"$undefined\",\"unauthorized\":\"$undefined\",\"segmentViewBoundaries\":\"$Y\"}\n2f:[[\"Promise.all\",\"\",0,0,0,0,true],[\"Promise.all\",\"\",0,0,0,0,true]]\n29:{\"name\":\"RootLayout\",\"key\":null,\"env\":\"Server\",\"stack\":[[\"Promise.all\",\"\",0,0,0,0,true]],\"props\":{\"children\":[\"$\",\"$L15\",null,\"$2a\",null,\"$2f\",1],\"params\":\"$Y\"}}\n30:[[\"Promise.all\",\"\",0,0,0,0,true],[\"Promise.all\",\"\",0,0,0,0,true]]\n31:[[\"Promise.all\",\"\",0,0,0,0,true],[\"Promise.all\",\"\",0,0,0,0,true]]\n36:{}\n37:[[\"Promise.all\",\"\",0,0,0,0,true],[\"Promise.all\",\"\",0,0,0,0,true],[\"Promise.all\",\"\",0,0,0,0,true]]\n35:{\"children\":[\"$\",\"$L17\",null,\"$36\",null,\"$37\",1]}\n38:[[\"Promise.all\",\"\",0,0,0,0,true],[\"Promise.all\",\"\",0,0,0,0,true],[\"Promise.all\",\"\",0,0,0,0,true]]\n34:{\"parallelRouterKey\":\"children\",\"error\":\"$undefined\",\"errorStyles\":\"$undefined\",\"errorScripts\":\"$undefined\",\"template\":[\"$\",\"$7\",null,\"$35\",null,\"$38\",0],\"templateStyles\":\"$undefined\",\"templateScripts\":\"$undefined\",\"notFound\":\"$undefined\",\"forbidden\":\"$undefined\",\"unauthorized\":\"$undefined\",\"segmentViewBoundaries\":\"$Y\"}\n39:[[\"Promise.all\",\"\",0,0,0,0,true],[\"Promise.all\",\"\",0,0,0,0,true],[\"Promise.all\",\"\",0,0,0,0,true]]\n33:{\"name\":\"AgentLayout\",\"key\":null,\"env\":\"Server\",\"stack\":[[\"Promise.all\",\"\",0,0,0,0,true],[\"Promise.all\",\"\",0,0,0,0,true]],\"props\":{\"children\":[\"$\",\"$L15\",null,\"$34\",null,\"$39\",1],\"params\":\"$Y\"}}\n3a:[[\"Promise.all\",\"\",0,0,0,0,true],[\"Promise.all\",\"\",0,0,0,0,true],[\"Promise.all\",\"\",0,0,0,0,true]]\n3b:[[\"Promise.all\",\"\",0,0,0,0,true],[\"Promise.all\",\"\",0,0,0,0,true],[\"Promise.all\",\"\",0,0,0,0,true]]\n3c:[[\"Promise.all\",\"\",0,0,0,0,true],[\"Promise.all\",\"\",0,0,0,0,true],[\"Promise.all\",\"\",0,0,0,0,true]]\n3d:[[\"Promise.all\",\"\",0,0,0,0,true],[\"Promise.all\",\"\",0,0,0,0,true],[\"Promise.all\",\"\",0,0,0,0,true]]\n3e:[[\"Promise.all\",\"\",0,0,0,0,true],[\"Promise.all\",\"\",0,0,0,0,true],[\"Promise.all\",\"\",0,0,0,0,true]]\n3f:[[\"Promise.all\",\"\",0,0,0,0,true],[\"Promise.all\",\"\",0,0,0,0,true],[\"Promise.all\",\"\",0,0,0,0,true]]\n40:[[\"Promise.all\",\"\",0,0,0,0,true],[\"Promise.all\",\"\",0,0,0,0,true],[\"Promise.all\",\"\",0,0,0,0,true]]\n41:[[\"Promise.all\",\"\",0,0,0,0,true],[\"Promise.all\",\"\",0,0,0,0,true],[\"Promise.all\",\"\",0,0,0,0,true]]\n43:{\"name\":\"AgentClaimsPage\",\"key\":null,\"env\":\"Server\",\"stack\":[[\"Promise.all\",\"\",0,0,0,0,true],[\"Promise.all\",\"\",0,0,0,0,true],[\"Promise.all\",\"\",0,0,0,0,true]],\"props\":{\"params\":\"$@44\",\"searchParams\":\"$@45\"}}\n47:{\"name\":\"Next.MetadataOutlet\",\"key\":null,\"env\":\"Server\",\"stack\":[[\"Promise.all\",\"\",0,0,0,0,true],[\"Promise.all\",\"\",0,0,0,0,true],[\"Promise.all\",\"\",0,0,0,0,true]],\"props\":{}}\n48:[]\n4a:[]\n4d:[]\n"])</script><script>self.__next_f.push([1,"50:\"$EObject.defineProperty(function(type,config,children){for(var propName,i=2;i\u003carguments.length;i++)validateChildKeys(arguments[i]);i={};var key=null;if(null!=config)for(propName in didWarnAboutOldJSXRuntime||!(\\\"__self\\\"in config)||\\\"key\\\"in config||(didWarnAboutOldJSXRuntime=!0,console.warn(\\\"Your app (or one of its dependencies) is using an outdated JSX transform. Update to the modern JSX transform for faster performance: https://react.dev/link/new-jsx-transform\\\")),hasValidKey(config)\u0026\u0026(checkKeyStringCoercion(config.key),key=\\\"\\\"+config.key),config)hasOwnProperty.call(config,propName)\u0026\u0026\\\"key\\\"!==propName\u0026\u0026\\\"__self\\\"!==propName\u0026\u0026\\\"__source\\\"!==propName\u0026\u0026(i[propName]=config[propName]);var childrenLength=arguments.length-2;if(1===childrenLength)i.children=children;else if(1\u003cchildrenLength){for(var childArray=Array(childrenLength),_i=0;_i\u003cchildrenLength;_i++)childArray[_i]=arguments[_i+2];Object.freeze\u0026\u0026Object.freeze(childArray),i.children=childArray}if(type\u0026\u0026type.defaultProps)for(propName in childrenLength=type.defaultProps)void 0===i[propName]\u0026\u0026(i[propName]=childrenLength[propName]);return key\u0026\u0026function(props,displayName){function warnAboutAccessingKey(){specialPropKeyWarningShown||(specialPropKeyWarningShown=!0,console.error(\\\"%s: `key` is not a prop. Trying to access it will result in `undefined` being returned. If you need to access the same value within the child component, you should pass it as a different prop. (https://react.dev/link/special-props)\\\",displayName))}warnAboutAccessingKey.isReactWarning=!0,Object.defineProperty(props,\\\"key\\\",{get:warnAboutAccessingKey,configurable:!0})}(i,\\\"function\\\"==typeof type?type.displayName||type.name||\\\"Unknown\\\":type),(propName=1e4\u003eReactSharedInternals.recentlyCreatedOwnerStacks++)?(childArray=Error.stackTraceLimit,Error.stackTraceLimit=10,childrenLength=Error(\\\"react-stack-top-frame\\\"),Error.stackTraceLimit=childArray):childrenLength=unknownOwnerDebugStack,ReactElement(type,key,i,getOwner(),childrenLength,propName?createTask(getTaskName(type)):unknownOwnerDebugTask)},\\\"name\\\",{value:\\\"\\\"})\"\n"])</script><script>self.__next_f.push([1,"4f:{\"name\":\"NonIndex\",\"key\":null,\"env\":\"Server\",\"stack\":[],\"props\":{\"createElement\":\"$50\",\"pagePath\":\"/[locale]/agent/claims\",\"statusCode\":200,\"isPossibleServerAction\":false}}\n52:{\"name\":\"Next.Viewport\",\"key\":null,\"env\":\"Server\",\"stack\":[],\"props\":{}}\n53:[]\n57:{\"name\":\"Next.Metadata\",\"key\":null,\"env\":\"Server\",\"stack\":[],\"props\":{}}\n58:[]\n59:[]\n5b:[]\n5f:[]\n44:{\"locale\":\"sq\"}\n45:\n60:[[\"RootLayout\",\"webpack-internal:///(rsc)/./src/app/[locale]/layout.tsx\",69,88,57,1,false]]\n"])</script><script>self.__next_f.push([1,"63:{\"name\":\"NextIntlClientProviderServer\",\"key\":null,\"env\":\"Server\",\"owner\":\"$29\",\"stack\":[[\"RootLayout\",\"webpack-internal:///(rsc)/./src/app/[locale]/layout.tsx\",76,88,57,1,false]],\"props\":{\"messages\":{\"metadata\":{\"title\":\"Interdomestik - Mbrojtja e Konsumatorit\",\"description\":\"Platforma #1 për mbrojtjen e konsumatorit dhe menaxhimin e ankesave në Ballkan\"},\"common\":{\"appName\":\"Interdomestik\",\"loading\":\"Duke u ngarkuar...\",\"save\":\"Ruaj\",\"cancel\":\"Anulo\",\"submit\":\"Dërgo\",\"delete\":\"Fshij\",\"edit\":\"Redakto\",\"view\":\"Shiko\",\"back\":\"Kthehu\",\"next\":\"Vazhdo\",\"previous\":\"Prapa\",\"search\":\"Kërko\",\"filter\":\"Filtro\",\"all\":\"Të gjitha\",\"none\":\"Asnjë\",\"yes\":\"Po\",\"no\":\"Jo\",\"or\":\"ose\",\"and\":\"dhe\"},\"nav\":{\"home\":\"Ballina\",\"dashboard\":\"Paneli\",\"claims\":\"Ankesat\",\"newClaim\":\"Ankesë e Re\",\"documents\":\"Dokumentet\",\"messages\":\"Mesazhet\",\"settings\":\"Cilësimet\",\"profile\":\"Profili\",\"logout\":\"Dil\",\"login\":\"Hyr\",\"register\":\"Regjistrohu\",\"pricing\":\"Çmimet\",\"about\":\"Rreth Nesh\",\"contact\":\"Kontakti\",\"help\":\"Ndihmë\"},\"hero\":{\"badge\":\"Asistenti Juaj i Besuar\",\"title\":\"Filloni Ankesën Tuaj në Minuta\",\"subtitle\":\"Ne jemi ndërmjetës dëmesh (jo shërbim emergjent). Trajtojmë ankesat me profesionalizëm — nga kontakti i parë deri në pagesën finale. Aksidente automjetesh, dëme prone, lëndime personale, dhe më shumë.\",\"cta\":\"Filloni Ankesën\",\"callNow\":\"Na Telefononi Tani\",\"whatsappCta\":\"Chat në WhatsApp\",\"secondaryCta\":\"Shikoni Çmimet\",\"trustedBy\":\"Besuar nga qytetarë në të gjithë Ballkanin\",\"responseTime\":\"Përgjigje brenda \u003c24h\",\"noWinNoFee\":\"Pa Fitim, Pa Pagesë\",\"rating\":\"4.9★ Vlerësim\",\"claimAdjuster\":\"Ndërmjetës dëmesh (jo shërbim emergjent)\",\"ctaTitle\":\"Gati për të Marrë Kompensimin Tuaj?\",\"ctaSubtitle\":\"Bashkohuni me mijëra klientë të kënaqur që na besuan me ankesat e tyre. Filloni sot dhe na lini të luftojmë për të drejtat tuaja.\"},\"features\":{\"title\":\"Gjithçka që ju nevojitet për të mbrojtur të drejtat tuaja\",\"claimManagement\":{\"title\":\"Menaxhimi i Ankesave\",\"description\":\"Krijoni dhe ndiqni ankesat tuaja nga fillimi deri në përfundim me statusin në kohë reale.\"},\"professionalSupport\":\"$Y\",\"documentManagement\":\"$Y\",\"messaging\":\"$Y\"},\"pricing\":\"$Y\",\"auth\":\"$Y\",\"claims\":\"$Y\",\"dashboard\":\"$Y\",\"footer\":\"$Y\",\"services\":\"$Y\",\"servicesPage\":\"$Y\",\"evidence\":\"$Y\",\"settings\":\"$Y\",\"trust\":\"$Y\",\"timeline\":\"$Y\",\"claimCategories\":\"$Y\",\"howItWorks\":\"$Y\"},\"locale\":\"sq\",\"children\":\"$29:props:children\"}}\n"])</script><script>self.__next_f.push([1,"64:[]\n67:[[\"Promise.all\",\"\",0,0,0,0,true],[\"Promise.all\",\"\",0,0,0,0,true]]\n68:[[\"Promise.all\",\"\",0,0,0,0,true],[\"Promise.all\",\"\",0,0,0,0,true]]\n69:[]\n6a:[]\n6b:[]\n6c:[]\n6d:[[\"Array.map\",\"\",0,0,0,0,false]]\n6e:[]\n6f:[]\n70:[]\n71:[]\n72:[]\n73:[]\n74:[]\n75:[]\n76:[]\n1:D{\"time\":0.2997080000004644}\n1:D\"$2\"\n1:D{\"time\":0.43562500000007276}\n1:null\n8:D{\"time\":0.7218330000014248}\n8:D\"$9\"\n8:D{\"time\":0.8564170000008744}\n19:D{\"time\":0.9447500000005675}\n19:D\"$1a\"\n19:D{\"time\":1.0230000000010477}\n19:D\"$1b\"\n19:D{\"time\":1.184958000001643}\n19:[[\"$\",\"title\",null,{\"children\":\"404: This page could not be found.\"},\"$1b\",\"$1c\",1],[\"$\",\"div\",null,{\"style\":{\"fontFamily\":\"system-ui,\\\"Segoe UI\\\",Roboto,Helvetica,Arial,sans-serif,\\\"Apple Color Emoji\\\",\\\"Segoe UI Emoji\\\"\",\"height\":\"100vh\",\"textAlign\":\"center\",\"display\":\"flex\",\"flexDirection\":\"column\",\"alignItems\":\"center\",\"justifyContent\":\"center\"},\"children\":[\"$\",\"div\",null,{\"children\":[[\"$\",\"style\",null,{\"dangerouslySetInnerHTML\":{\"__html\":\"body{color:#000;background:#fff;margin:0}.next-error-h1{border-right:1px solid rgba(0,0,0,.3)}@media (prefers-color-scheme:dark){body{color:#fff;background:#000}.next-error-h1{border-right:1px solid rgba(255,255,255,.3)}}\"}},\"$1b\",\"$1f\",1],[\"$\",\"h1\",null,{\"className\":\"next-error-h1\",\"style\":{\"display\":\"inline-block\",\"margin\":\"0 20px 0 0\",\"padding\":\"0 23px 0 0\",\"fontSize\":24,\"fontWeight\":500,\"verticalAlign\":\"top\",\"lineHeight\":\"49px\"},\"children\":404},\"$1b\",\"$20\",1],[\"$\",\"div\",null,{\"style\":{\"display\":\"inline-block\"},\"children\":[\"$\",\"h2\",null,{\"style\":{\"fontSize\":14,\"fontWeight\":400,\"lineHeight\":\"49px\",\"margin\":0},\"children\":\"This page could not be found.\"},\"$1b\",\"$22\",1]},\"$1b\",\"$21\",1]]},\"$1b\",\"$1e\",1]},\"$1b\",\"$1d\",1]]\n8:[\"$\",\"html\",null,{\"lang\":\"sq\",\"suppressHydrationWarning\":true,\"children\":[\"$\",\"body\",null,{\"className\":\"antialiased\",\"suppressHydrationWarning\":true,\"children\":[\"$\",\"$L15\",null,{\"parallelRouterKey\":\"children\",\"error\":\"$undefined\",\"errorStyles\":\"$undefined\",\"errorScripts\":\"$undefined\",\"template\":[\"$\",\"$L17\",null,{},null,\"$16\",1],\"templateStyles\":\"$undefined\",\"templateScripts\":\"$undefined\",\"notFound\":[\"$\",\"$L5\",\"c-not-found\",{\"type\":\"not-found\",\"pagePath\":\"__next_builtin__not-found.js\",\"children\":[\"$19\",[]]},null,\"$18\",0],\"forbidden\":\"$undefined\",\"unauthorized\":\"$undefined\",\"segmentViewBoundaries\":[[\"$\",\"$L5\",null,{\"type\":\"boundary:not-found\",\"pagePath\":\"__next_builtin__not-found.js@boundary\"},null,\"$23\",1],\"$undefined\",\"$undefined\",[\"$\",\"$L5\",null,{\"type\":\"boundary:global-error\",\"pagePath\":\"__next_builtin__global-error.js\"},null,\"$24\",1]]},null,\"$14\",1]},\"$9\",\"$13\",1]},\"$9\",\"$12\",1]\n28:D{\"time\":1.5408750000005966}\n28:D\"$29\"\n32:D{\"time\":1.977375000000393}\n32:D\"$33\"\n42:D{\"time\":2.8252080000002024}\n42:D\"$43\"\n46:D{\"time\":3.6685420000012527}\n46:D\"$47\"\n46:D{\"time\":4.735292000001209}\n46:[\"$\",\"$L49\",null,{\"children\":[\"$\",\"$4b\",null,{\"name\":\"Next.MetadataOutlet\",\"children\":\"$@4c\"},\"$47\",\"$4a\",1]},\"$47\",\"$48\",1]\n4e:D{\"time\":4.939542000000074}\n4e:D\"$4f\"\n4e:D{\"time\":4.954167000001689}\n4e:null\n51:D{\"time\":4.97412500000064}\n51:D\"$52\"\n51:D{\"time\":5.027958000000581}\n51:[\"$\",\"$L54\",null,{\"children\":\"$@55\"},\"$52\",\"$53\",1]\n56:D{\"time\":5.110000000000582}\n56:D\"$57\"\n56:D{\"time\":5.1770830000004935}\n56:[\"$\",\"div\",null,{\"hidden\":true,\"children\":[\"$\",\"$L5a\",null,{\"children\":[\"$\",\"$4b\",null,{\"name\":\"Next.Metadata\",\"children\":\"$@5c\"},\"$57\",\"$5b\",1]},\"$57\",\"$59\",1]},\"$57\",\"$58\",1]\n5d:[]\n"])</script><script>self.__next_f.push([1,"0:{\"P\":\"$1\",\"b\":\"development\",\"c\":[\"\",\"sq\",\"agent\",\"claims\"],\"q\":\"\",\"i\":false,\"f\":[[[\"\",{\"children\":[[\"locale\",\"sq\",\"d\"],{\"children\":[\"(agent)\",{\"children\":[\"agent\",{\"children\":[\"claims\",{\"children\":[\"__PAGE__\",{}]}]}]}]}]},\"$undefined\",\"$undefined\",true],[[\"$\",\"$L5\",\"layout\",{\"type\":\"layout\",\"pagePath\":\"layout.tsx\",\"children\":[\"$\",\"$7\",\"c\",{\"children\":[null,\"$8\"]},null,\"$6\",1]},null,\"$4\",0],{\"children\":[[\"$\",\"$L5\",\"layout\",{\"type\":\"layout\",\"pagePath\":\"[locale]/layout.tsx\",\"children\":[\"$\",\"$7\",\"c\",{\"children\":[[[\"$\",\"link\",\"0\",{\"rel\":\"stylesheet\",\"href\":\"/_next/static/css/app/%5Blocale%5D/layout.css?v=1765921577152\",\"precedence\":\"next_static/css/app/[locale]/layout.css\",\"crossOrigin\":\"$undefined\",\"nonce\":\"$undefined\"},null,\"$27\",0]],\"$L28\"]},null,\"$26\",1]},null,\"$25\",0],{\"children\":[[\"$\",\"$L5\",\"layout\",{\"type\":\"layout\",\"pagePath\":\"[locale]/(agent)/layout.tsx\",\"children\":[\"$\",\"$7\",\"c\",{\"children\":[null,\"$L32\"]},null,\"$31\",1]},null,\"$30\",0],{\"children\":[[\"$\",\"$7\",\"c\",{\"children\":[null,[\"$\",\"$L15\",null,{\"parallelRouterKey\":\"children\",\"error\":\"$undefined\",\"errorStyles\":\"$undefined\",\"errorScripts\":\"$undefined\",\"template\":[\"$\",\"$L17\",null,{},null,\"$3c\",1],\"templateStyles\":\"$undefined\",\"templateScripts\":\"$undefined\",\"notFound\":\"$undefined\",\"forbidden\":\"$undefined\",\"unauthorized\":\"$undefined\",\"segmentViewBoundaries\":[\"$undefined\",\"$undefined\",\"$undefined\",\"$undefined\"]},null,\"$3b\",1]]},null,\"$3a\",0],{\"children\":[[\"$\",\"$7\",\"c\",{\"children\":[null,[\"$\",\"$L15\",null,{\"parallelRouterKey\":\"children\",\"error\":\"$undefined\",\"errorStyles\":\"$undefined\",\"errorScripts\":\"$undefined\",\"template\":[\"$\",\"$L17\",null,{},null,\"$3f\",1],\"templateStyles\":\"$undefined\",\"templateScripts\":\"$undefined\",\"notFound\":\"$undefined\",\"forbidden\":\"$undefined\",\"unauthorized\":\"$undefined\",\"segmentViewBoundaries\":[\"$undefined\",\"$undefined\",\"$undefined\",\"$undefined\"]},null,\"$3e\",1]]},null,\"$3d\",0],{\"children\":[[\"$\",\"$7\",\"c\",{\"children\":[[\"$\",\"$L5\",\"c-page\",{\"type\":\"page\",\"pagePath\":\"[locale]/(agent)/agent/claims/page.tsx\",\"children\":\"$L42\"},null,\"$41\",1],null,\"$46\"]},null,\"$40\",0],{},null,false,false]},null,false,false]},null,false,false]},null,false,false]},null,false,false]},null,false,false],[\"$\",\"$7\",\"h\",{\"children\":[\"$4e\",\"$51\",\"$56\",null]},null,\"$4d\",0],false]],\"m\":\"$W5d\",\"G\":[\"$5e\",[\"$\",\"$L5\",\"ge-svn\",{\"type\":\"global-error\",\"pagePath\":\"__next_builtin__global-error.js\",\"children\":[]},null,\"$5f\",0]],\"S\":false}\n"])</script><script>self.__next_f.push([1,"28:D{\"time\":9.388417000000118}\n62:D{\"time\":9.457917000001544}\n62:D\"$63\"\n28:[[\"$\",\"$L61\",null,{\"locale\":\"sq\"},\"$29\",\"$60\",1],\"$L62\"]\n62:D{\"time\":10.183500000001004}\n"])</script><script>self.__next_f.push([1,"62:[\"$\",\"$L65\",null,{\"formats\":\"$undefined\",\"locale\":\"sq\",\"messages\":{\"metadata\":{\"title\":\"Interdomestik - Mbrojtja e Konsumatorit\",\"description\":\"Platforma #1 për mbrojtjen e konsumatorit dhe menaxhimin e ankesave në Ballkan\"},\"common\":{\"appName\":\"Interdomestik\",\"loading\":\"Duke u ngarkuar...\",\"save\":\"Ruaj\",\"cancel\":\"Anulo\",\"submit\":\"Dërgo\",\"delete\":\"Fshij\",\"edit\":\"Redakto\",\"view\":\"Shiko\",\"back\":\"Kthehu\",\"next\":\"Vazhdo\",\"previous\":\"Prapa\",\"search\":\"Kërko\",\"filter\":\"Filtro\",\"all\":\"Të gjitha\",\"none\":\"Asnjë\",\"yes\":\"Po\",\"no\":\"Jo\",\"or\":\"ose\",\"and\":\"dhe\"},\"nav\":{\"home\":\"Ballina\",\"dashboard\":\"Paneli\",\"claims\":\"Ankesat\",\"newClaim\":\"Ankesë e Re\",\"documents\":\"Dokumentet\",\"messages\":\"Mesazhet\",\"settings\":\"Cilësimet\",\"profile\":\"Profili\",\"logout\":\"Dil\",\"login\":\"Hyr\",\"register\":\"Regjistrohu\",\"pricing\":\"Çmimet\",\"about\":\"Rreth Nesh\",\"contact\":\"Kontakti\",\"help\":\"Ndihmë\"},\"hero\":{\"badge\":\"Asistenti Juaj i Besuar\",\"title\":\"Filloni Ankesën Tuaj në Minuta\",\"subtitle\":\"Ne jemi ndërmjetës dëmesh (jo shërbim emergjent). Trajtojmë ankesat me profesionalizëm — nga kontakti i parë deri në pagesën finale. Aksidente automjetesh, dëme prone, lëndime personale, dhe më shumë.\",\"cta\":\"Filloni Ankesën\",\"callNow\":\"Na Telefononi Tani\",\"whatsappCta\":\"Chat në WhatsApp\",\"secondaryCta\":\"Shikoni Çmimet\",\"trustedBy\":\"Besuar nga qytetarë në të gjithë Ballkanin\",\"responseTime\":\"Përgjigje brenda \u003c24h\",\"noWinNoFee\":\"Pa Fitim, Pa Pagesë\",\"rating\":\"4.9★ Vlerësim\",\"claimAdjuster\":\"Ndërmjetës dëmesh (jo shërbim emergjent)\",\"ctaTitle\":\"Gati për të Marrë Kompensimin Tuaj?\",\"ctaSubtitle\":\"Bashkohuni me mijëra klientë të kënaqur që na besuan me ankesat e tyre. Filloni sot dhe na lini të luftojmë për të drejtat tuaja.\"},\"features\":{\"title\":\"Gjithçka që ju nevojitet për të mbrojtur të drejtat tuaja\",\"claimManagement\":{\"title\":\"Menaxhimi i Ankesave\",\"description\":\"Krijoni dhe ndiqni ankesat tuaja nga fillimi deri në përfundim me statusin në kohë reale.\"},\"professionalSupport\":{\"title\":\"Mbështetje Profesionale\",\"description\":\"Agjentët tanë ekspertë do t'ju ndihmojnë në çdo hap të procesit.\"},\"documentManagement\":{\"title\":\"Menaxhimi i Dokumenteve\",\"description\":\"Ngarkoni dhe organizoni të gjitha dokumentet tuaja në një vend të sigurt.\"},\"messaging\":{\"title\":\"Komunikim i Sigurt\",\"description\":\"Komunikoni me agjentët dhe ndiqni të gjitha bisedat në një vend.\"}},\"pricing\":{\"title\":\"Çmime të Përballueshme\",\"subtitle\":\"Zgjidhni planin që i përshtatet nevojave tuaja\",\"monthly\":\"Mujore\",\"yearly\":\"Vjetore\",\"basic\":{\"name\":\"Bazik\",\"price\":\"€5\",\"period\":\"/muaj\",\"description\":\"Për përdorim personal të rastësishëm\",\"features\":[\"3 ankesa në vit\",\"Mbështetje me email\",\"Ngarkim dokumentesh\",\"Ndjekje e statusit\"]},\"standard\":{\"name\":\"Standard\",\"price\":\"€10\",\"period\":\"/muaj\",\"description\":\"Për përdorim të rregullt\",\"features\":[\"10 ankesa në vit\",\"Mbështetje prioritare\",\"Chat i drejtpërdrejtë\",\"Ndjekje e avancuar\"],\"popular\":\"Më Popullorja\"},\"premium\":{\"name\":\"Premium\",\"price\":\"€15\",\"period\":\"/muaj\",\"description\":\"Për mbrojtje të plotë\",\"features\":[\"Ankesa të pakufizuara\",\"Mbështetje VIP\",\"Thirrje telefonike\",\"Nënshkrim elektronik\",\"Përfaqësim ligjor\"]},\"cta\":\"Zgjidh Planin\"},\"auth\":{\"login\":{\"title\":\"Mirësevini Përsëri\",\"subtitle\":\"Hyni në llogarinë tuaj për të vazhduar\",\"email\":\"Adresa e Email-it\",\"password\":\"Fjalëkalimi\",\"rememberMe\":\"Më mbaj në mend\",\"forgotPassword\":\"Keni harruar fjalëkalimin?\",\"submit\":\"Hyr\",\"noAccount\":\"Nuk keni llogari?\",\"registerLink\":\"Regjistrohuni tani\"},\"register\":{\"title\":\"Krijoni Llogari\",\"subtitle\":\"Filloni të mbroni të drejtat tuaja sot\",\"fullName\":\"Emri i Plotë\",\"email\":\"Adresa e Email-it\",\"password\":\"Fjalëkalimi\",\"confirmPassword\":\"Konfirmoni Fjalëkalimin\",\"terms\":\"Pranoj Kushtet e Shërbimit dhe Politikën e Privatësisë\",\"submit\":\"Regjistrohu\",\"hasAccount\":\"Keni tashmë llogari?\",\"loginLink\":\"Hyni këtu\"}},\"claims\":{\"title\":\"Ankesat e Mia\",\"new\":\"Ankesë e Re\",\"empty\":{\"title\":\"Nuk keni ankesa ende\",\"description\":\"Filloni duke krijuar ankesën tuaj të parë\"},\"status\":{\"draft\":\"Draft\",\"submitted\":\"Dorëzuar\",\"assigned\":\"Caktuar\",\"investigating\":\"Në Hetim\",\"contacting\":\"Duke Kontaktuar\",\"negotiating\":\"Në Negociata\",\"mediation\":\"Ndërmjetësim\",\"resolved\":\"Zgjidhur\",\"closed\":\"Mbyllur\"},\"category\":{\"consumer\":\"Konsumator\",\"housing\":\"Strehim\",\"insurance\":\"Sigurim\",\"employment\":\"Punësim\",\"contracts\":\"Kontrata\",\"utilities\":\"Shërbime Komunale\"},\"priority\":{\"low\":\"I Ulët\",\"normal\":\"Normal\",\"high\":\"I Lartë\",\"urgent\":\"Urgjent\"},\"wizard\":{\"step1\":\"Kategoria\",\"step2\":\"Detajet\",\"step3\":\"Dokumentet\",\"step4\":\"Përfundimi\"}},\"dashboard\":{\"welcome\":\"Mirësevini, {name}!\",\"overview\":\"Përmbledhje\",\"activeClaims\":\"Ankesa Aktive\",\"resolvedClaims\":\"Ankesa të Zgjidhura\",\"pendingActions\":\"Veprime në Pritje\",\"recentActivity\":\"Aktiviteti i Fundit\",\"quickActions\":\"Veprime të Shpejta\"},\"footer\":{\"description\":\"Platforma #1 për mbrojtjen e konsumatorit në Ballkan. Ndihmojmë qytetarët të zgjidhin mosmarrëveshjet me kompani dhe institucione.\",\"company\":\"Kompania\",\"about\":\"Rreth Nesh\",\"careers\":\"Karriera\",\"press\":\"Shtypi\",\"legal\":\"Ligjore\",\"privacy\":\"Privatësia\",\"terms\":\"Kushtet\",\"cookies\":\"Cookies\",\"support\":\"Mbështetje\",\"help\":\"Qendra e Ndihmës\",\"contact\":\"Na Kontaktoni\",\"faq\":\"FAQ\",\"social\":\"Na Ndiqni\",\"hours\":\"Orari: {hours}\",\"copyright\":\"© {year} Interdomestik. Të gjitha të drejtat e rezervuara.\",\"disclaimer\":\"Shërbim i asistencës për ankesa. Nuk jemi zyrë avokatie. Nuk jemi shërbime emergjente.\"},\"services\":{\"speed\":{\"title\":\"Garancia e Shpejtësisë\",\"desc\":\"Ne shqyrtojmë të gjitha ankesat e reja brenda \u003cbold\u003e24 orëve të punës\u003c/bold\u003e. Nuk do të mbeteni duke pritur.\"},\"safety\":{\"title\":\"Pa fitim, pa pagesë\",\"desc\":\"Nuk paguani asgjë paraprakisht. Tarifa jonë e shërbimit zbritet vetëm nga kompensimi përfundimtar.\"}},\"servicesPage\":{\"badge\":\"Eksperienca Prime e Ankesave\",\"title\":\"Shihni çfarë zgjidhim dhe si punojmë\",\"subtitle\":\"Aksidente automjetesh, dëme prone, probleme shërbimesh, mosmarrëveshje punësimi/konsumatori — ekspertë lokalë në shqip/anglisht, përgjigje e shpejtë dhe ruajtje e sigurt e provave.\",\"startClaim\":\"Fillo ankesën\",\"whatsapp\":\"Chat në WhatsApp\",\"whatWeSolve\":\"Çfarë zgjidhim\",\"casesTitle\":\"Rastet kryesore që trajtojmë\",\"casesSubtitle\":\"Zgjidh kategorinë; ne të udhëzojmë me provat e sakta dhe hapat në vijim.\",\"cases\":[{\"title\":\"Automjete \u0026 Trafik\",\"description\":\"Përplasje, dëme nga palë të treta, goditje-dhe-ikje, mosmarrëveshje me qira.\"},{\"title\":\"Prona \u0026 Banesa\",\"description\":\"Zjarri/përmbytje/vjedhje, mosmarrëveshje me qiradhënësit, garancia e depozitës.\"},{\"title\":\"Shërbime \u0026 Komunale\",\"description\":\"Fatura ISP/telekom, ndërprerje, cilësia e shërbimit apo kontraktorëve.\"},{\"title\":\"Punësim \u0026 Konsumator\",\"description\":\"Pagat e papaguara, çështje kontrate, mallra me defekt, rimbursime/kthime.\"}],\"flightDelay\":{\"title\":\"Vonesa Fluturimi (EU261)\",\"description\":\"E drejtë deri në €600 kompensim për vonesa/anulime.\",\"cta\":\"Fillo ankesën e fluturimit\"},\"howItWorks\":\"Si funksionon\",\"stepsTitle\":\"Shpejtësi \u0026 siguri në katër hapa\",\"steps\":[{\"title\":\"Tregona bazat\",\"description\":\"Zgjidh kategorinë dhe shto detajet e shpejta.\"},{\"title\":\"Shto prova\",\"description\":\"Ngarko foto/fatura; ne kontrollojmë mime/masë dhe i etikojmë si PII.\"},{\"title\":\"Rishikim nën 24h\",\"description\":\"Sheh statusin + badge SLA në timeline.\"},{\"title\":\"Ne negociojmë për ty\",\"description\":\"Merr përditësime dhe rezultate në aplikacion.\"}],\"benefits\":\"Pse të na besoni\",\"benefitsTitle\":\"Shpejtësi, siguri, mbështetje\",\"benefit\":{\"speed\":{\"title\":\"Përgjigje e shpejtë\",\"description\":\"Rishikim nën 24h për ankesat e reja; SLA e dukshme në timeline.\"},\"safety\":{\"title\":\"Ngarkime të sigurta\",\"description\":\"URL të nënshkruara, kontroll mime/masash, ruajtje me shenjë PII, njoftim privatësie në rishikim.\"},\"people\":{\"title\":\"Ekspertë vendorë\",\"description\":\"Ndërmjetës dëmesh nga Ballkani me mbështetje shqip/anglisht dhe opsione kontakti të qarta.\"}},\"faqTitle\":\"Pyetje të shpeshta\",\"faq\":[{\"question\":\"A duhet patjetër provë për të nisur?\",\"answer\":\"Mund të dërgoni pa prova, por rezultati është më i shpejtë me fatura/foto. Shtoji tani ose më vonë.\"},{\"question\":\"Sa shpejt përgjigjeni?\",\"answer\":\"Synojmë nën 24h për ankesat e reja. SLA shfaqet në timeline.\"},{\"question\":\"A janë të sigurta të dhënat e mia?\",\"answer\":\"Po. URL të nënshkruara, kontrolle mime/masash, ruajtje me shenjë PII dhe njoftim privatësie në rishikim.\"},{\"question\":\"A ofroni pa fitim, pa pagesë?\",\"answer\":\"Kur është e zbatueshme dhe në përputhje. Shih hero/footer dhe çmimet për ofertat aktuale.\"}],\"contactTitle\":\"Preferoni të flisni?\",\"contactSubtitle\":\"Telefononi ose shkruani në WhatsApp, ose nisni ankesën online dhe ne ju kontaktojmë.\"},\"evidence\":{\"tooltip\":\"Dëshmia e qartë rrit mundësinë tuaj për sukses me 40%. Përfshini çdo raport policie ose faturë mjekësore.\",\"promptTitle\":\"Shto këto për përgjigje më të shpejtë\",\"promptDescription\":\"Zgjidh disa nga këto dokumente për ta nisur shpejt.\",\"prompts\":{\"flight_delay\":[\"Bileta ose boarding pass\",\"Njoftimi i vonesës/anulimit nga linja\",\"Fatura për ushqim/hotel/transport\"],\"damaged_goods\":[\"Foto të dëmit\",\"Faturë ose kupon blerjeje\",\"Vlerësim ose preventiv riparimi\"],\"service_issue\":[\"Kontratë ose faturë\",\"Screenshote bisedash/email\",\"Fatura ose njoftim anulimi\"],\"travel\":[\"Itinerari dhe biletat\",\"Foto/video të incidentit\",\"Fatura për shpenzime\"],\"default\":[\"Foto ose screenshote\",\"Fatura/kupona\",\"Çdo korrespondencë zyrtare\"]},\"validation\":{\"mime\":\"Lejohen vetëm PDF, JPG ose PNG.\",\"size\":\"Skedarët duhet të jenë 10MB ose më pak.\",\"prepare\":\"Dështoi përgatitja e ngarkimit. Provo sërish.\",\"upload\":\"Ngarkimi dështoi. Provo sërish.\"},\"emptyWarning\":{\"title\":\"Mund të dërgoni pa dëshmi\",\"body\":\"Por ankesa lëviz më shpejt me fatura apo foto. Shtoji tani ose më vonë.\"},\"privacyBadgeTitle\":\"Të dhënat tuaja mbeten private\",\"privacyBadge\":\"Skedarë me shenjë PII, URL të nënshkruara, të enkriptuara në transit.\",\"slaTitle\":\"SLA e përgjigjes\",\"slaCopy\":\"Përgjigjemi brenda 24h për kërkesat e reja.\",\"consent\":\"Duke dërguar, pranoni Kushtet e Shërbimit dhe Politikën e Privatësisë.\"},\"settings\":{\"title\":\"Cilësimet\",\"description\":\"Menaxhoni cilësimet e llogarisë dhe preferencat tuaja.\",\"profile\":{\"sectionTitle\":\"Informacioni i Profilit\",\"title\":\"Profili\",\"description\":\"Përditësoni informacionin tuaj personal.\"},\"security\":{\"sectionTitle\":\"Siguria\",\"title\":\"Ndrysho Fjalëkalimin\",\"description\":\"Siguroni llogarinë tuaj.\"},\"language\":{\"sectionTitle\":\"Gjuha \u0026 Rajoni\",\"title\":\"Gjuha\",\"description\":\"Zgjidhni gjuhën tuaj të preferuar për ndërfaqen.\",\"selectLabel\":\"Zgjidh Gjuhën\",\"selectPlaceholder\":\"Zgjidhni një gjuhë\",\"hint\":\"Kjo do të ndryshojë gjuhën në të gjithë aplikacionin.\"},\"notifications\":{\"sectionTitle\":\"Njoftimet\",\"title\":\"Preferencat e Njoftimeve\",\"description\":\"Zgjidhni si dëshironi të merrni përditësime.\",\"save\":\"Ruaj Preferencat\",\"saving\":\"Duke ruajtur...\",\"saved\":\"Preferencat u ruajtën\",\"savedDescription\":\"Preferencat tuaja të njoftimeve u përditësuan.\",\"email\":{\"title\":\"Njoftimet me Email\",\"claimUpdates\":\"Përditësimet e ankesave\",\"claimUpdatesHint\":\"Merrni njoftime me email kur ndryshon statusi i ankesës.\",\"newsletter\":\"Buletini\",\"newsletterHint\":\"Merrni këshilla dhe përditësime rreth të drejtave të konsumatorit.\",\"marketing\":\"Email promovuese\",\"marketingHint\":\"Merrni oferta speciale dhe promocione.\"},\"push\":{\"title\":\"Njoftimet Push\",\"claimUpdates\":\"Përditësimet e ankesave\",\"claimUpdatesHint\":\"Merrni njoftime të menjëhershme për përditësime të rëndësishme.\",\"messages\":\"Mesazhe të reja\",\"messagesHint\":\"Njoftohuni kur një agjent ju dërgon mesazh.\"},\"inApp\":{\"title\":\"Njoftimet në Aplikacion\",\"all\":\"Të gjitha njoftimet\",\"allHint\":\"Shfaq të gjitha njoftimet në qendrën e njoftimeve.\"}}},\"trust\":{\"claimsProcessed\":\"Ankesa të Përpunuara\",\"compensationWon\":\"Kompensim i Fituar\",\"successRate\":\"Shkalla e Suksesit\",\"responseTime\":\"Përgjigja e Parë\"},\"timeline\":{\"nextSla\":\"SLA tjetër: {target}\",\"atRisk\":\"Kërkon vëmendje\",\"updatedAt\":\"Përditësuar: {date}\"},\"claimCategories\":{\"title\":\"Me Çfarë Mund t'Ju Ndihmojmë?\",\"subtitle\":\"Zgjidhni llojin e ankesës tuaj për të filluar. Ekspertët tanë specializohen në çdo kategori.\",\"startClaim\":\"Filloni Ankesën\",\"vehicle\":{\"title\":\"Dëme Automjetesh\",\"description\":\"Aksidente makinash, dëme nga përplasjet, vjedhje dhe vandalizëm.\",\"examples\":\"p.sh., Aksidente trafiku, goditje-dhe-ikje, dëme parkimi\"},\"property\":{\"title\":\"Dëme Pronash\",\"description\":\"Ankesa për dëme në shtëpi, apartament dhe ndërtesa.\",\"examples\":\"p.sh., Dëme nga uji, zjarri, stuhia, vjedhja\"},\"injury\":{\"title\":\"Lëndime Personale\",\"description\":\"Shpenzime mjekësore, rehabilitim dhe kompensim për lëndimet.\",\"examples\":\"p.sh., Lëndime në punë, aksidente, keqpërdorim mjekësor\"},\"travel\":{\"title\":\"Udhëtime \u0026 Fluturime\",\"description\":\"Vonesa fluturimesh, anulime dhe bagazhe të humbura.\",\"examples\":\"p.sh., Kompensim EU261 deri në €600\"}},\"howItWorks\":{\"title\":\"Si Funksionon\",\"subtitle\":\"Proces i thjeshtë me 4 hapa për të marrë kompensimin tuaj\",\"step1\":{\"title\":\"Dorëzoni Ankesën\",\"description\":\"Plotësoni formularin tonë të thjeshtë me detajet e incidentit dhe ngarkoni dëshmitë.\"},\"step2\":{\"title\":\"Vlerësim Falas\",\"description\":\"Ekspertët tanë shqyrtojnë rastin tuaj brenda 24 orëve dhe vlerësojnë shanset tuaja.\"},\"step3\":{\"title\":\"Ne Meremi me Gjithçka\",\"description\":\"Negociojmë me siguruesit dhe palët e kundërta në emrin tuaj.\"},\"step4\":{\"title\":\"Merrni Kompensimin\",\"description\":\"Merrni pagesën tuaj. Ne ngarkojmë vetëm nëse fitoni — Pa Fitim, Pa Pagesë.\"}}},\"now\":\"$undefined\",\"timeZone\":\"Europe/Berlin\",\"children\":\"$L66\"},\"$63\",\"$64\",1]\n"])</script><script>self.__next_f.push([1,"66:D{\"time\":10.354667000001427}\n66:[\"$\",\"$L15\",null,{\"parallelRouterKey\":\"children\",\"error\":\"$undefined\",\"errorStyles\":\"$undefined\",\"errorScripts\":\"$undefined\",\"template\":[\"$\",\"$L17\",null,{},null,\"$68\",1],\"templateStyles\":\"$undefined\",\"templateScripts\":\"$undefined\",\"notFound\":\"$undefined\",\"forbidden\":\"$undefined\",\"unauthorized\":\"$undefined\",\"segmentViewBoundaries\":[\"$undefined\",\"$undefined\",\"$undefined\",\"$undefined\"]},null,\"$67\",1]\n55:D{\"time\":11.150458000000071}\n55:[[\"$\",\"meta\",\"0\",{\"charSet\":\"utf-8\"},\"$47\",\"$69\",0],[\"$\",\"meta\",\"1\",{\"name\":\"viewport\",\"content\":\"width=device-width, initial-scale=1\"},\"$47\",\"$6a\",0]]\n5c:D{\"time\":12.434958000001643}\n5c:[[\"$\",\"title\",\"0\",{\"children\":\"Interdomestik - Mbrojtja e Konsumatorit\"},\"$47\",\"$6b\",0],[\"$\",\"meta\",\"1\",{\"name\":\"description\",\"content\":\"Platforma #1 për mbrojtjen e konsumatorit dhe menaxhimin e ankesave në Ballkan\"},\"$47\",\"$6c\",0],[\"$\",\"meta\",\"2\",{\"name\":\"author\",\"content\":\"Interdomestik\"},\"$47\",\"$6d\",0],[\"$\",\"meta\",\"3\",{\"name\":\"keywords\",\"content\":\"consumer protection,claims,disputes,balkans,kosovo,albania\"},\"$47\",\"$6e\",0],[\"$\",\"meta\",\"4\",{\"property\":\"og:title\",\"content\":\"Interdomestik - Mbrojtja e Konsumatorit\"},\"$47\",\"$6f\",0],[\"$\",\"meta\",\"5\",{\"property\":\"og:description\",\"content\":\"Platforma #1 për mbrojtjen e konsumatorit dhe menaxhimin e ankesave në Ballkan\"},\"$47\",\"$70\",0],[\"$\",\"meta\",\"6\",{\"property\":\"og:site_name\",\"content\":\"Interdomestik\"},\"$47\",\"$71\",0],[\"$\",\"meta\",\"7\",{\"property\":\"og:locale\",\"content\":\"sq_AL\"},\"$47\",\"$72\",0],[\"$\",\"meta\",\"8\",{\"property\":\"og:type\",\"content\":\"website\"},\"$47\",\"$73\",0],[\"$\",\"meta\",\"9\",{\"name\":\"twitter:card\",\"content\":\"summary\"},\"$47\",\"$74\",0],[\"$\",\"meta\",\"10\",{\"name\":\"twitter:title\",\"content\":\"Interdomestik - Mbrojtja e Konsumatorit\"},\"$47\",\"$75\",0],[\"$\",\"meta\",\"11\",{\"name\":\"twitter:description\",\"content\":\"Platforma #1 për mbrojtjen e konsumatorit dhe menaxhimin e ankesave në Ballkan\"},\"$47\",\"$76\",0]]\n4c:D{\"time\":12.592000000000553}\n4c:null\n"])</script><script>self.__next_f.push([1,"83:\"$Sreact.forward_ref\"\n87:\"$Sreact.forward_ref\"\naa:\"$Sreact.forward_ref\"\nd3:\"$Sreact.forward_ref\"\nd7:\"$Sreact.forward_ref\"\n77:J{\"name\":\"\",\"start\":59.08529200000157,\"end\":501.61875000000146,\"env\":\"Server\",\"owner\":\"$43\",\"value\":\"$@78\"}\n79:[[\"AgentClaimsPage\",\"webpack-internal:///(rsc)/./src/app/[locale]/(agent)/agent/claims/page.tsx\",30,321,19,1,false]]\n78:\"$undefined\"\n7a:[[\"AgentClaimsPage\",\"webpack-internal:///(rsc)/./src/app/[locale]/(agent)/agent/claims/page.tsx\",31,87,19,1,false]]\n7b:[[\"AgentClaimsPage\",\"webpack-internal:///(rsc)/./src/app/[locale]/(agent)/agent/claims/page.tsx\",34,88,19,1,false]]\n7c:[[\"AgentClaimsPage\",\"webpack-internal:///(rsc)/./src/app/[locale]/(agent)/agent/claims/page.tsx\",36,102,19,1,false]]\n7d:[[\"AgentClaimsPage\",\"webpack-internal:///(rsc)/./src/app/[locale]/(agent)/agent/claims/page.tsx\",38,100,19,1,false]]\n7e:[[\"AgentClaimsPage\",\"webpack-internal:///(rsc)/./src/app/[locale]/(agent)/agent/claims/page.tsx\",46,100,19,1,false]]\n7f:[[\"AgentClaimsPage\",\"webpack-internal:///(rsc)/./src/app/[locale]/(agent)/agent/claims/page.tsx\",65,88,19,1,false]]\n84:\"$EObject.defineProperty(({ className, ...props }, ref)=\u003e/*#__PURE__*/ (0,react_jsx_dev_runtime__WEBPACK_IMPORTED_MODULE_0__.jsxDEV)(\\\"thead\\\", {\\n        ref: ref,\\n        className: (0,_lib_utils__WEBPACK_IMPORTED_MODULE_2__.cn)('[\u0026_tr]:border-b', className),\\n        ...props\\n    }, void 0, false, {\\n        fileName: \\\"/Users/arbenlila/development/interdomestikv2/packages/ui/src/components/table.tsx\\\",\\n        lineNumber: 18,\\n        columnNumber: 3\\n    }, undefined),\\\"name\\\",{value:\\\"TableHeader\\\"})\"\n82:{\"$$typeof\":\"$83\",\"render\":\"$84\"}\n88:\"$EObject.defineProperty(({ className, ...props }, ref)=\u003e/*#__PURE__*/ (0,react_jsx_dev_runtime__WEBPACK_IMPORTED_MODULE_0__.jsxDEV)(\\\"tr\\\", {\\n        ref: ref,\\n        className: (0,_lib_utils__WEBPACK_IMPORTED_MODULE_2__.cn)('border-b transition-colors hover:bg-muted/50 data-[state=selected]:bg-muted', className),\\n        ...props\\n    }, void 0, false, {\\n        fileName: \\\"/Users/arbenlila/development/interdomestikv2/packages/ui/src/components/table.tsx\\\",\\n        lineNumber: 44,\\n        columnNumber: 5\\n    }, undefined),\\\"name\\\",{value:\\\"TableRow\\\"})\"\n86:{\"$$typeof\":\"$87\",\"render\":\"$88\"}\n89:{\"children\":\"$Y\"}\n8a:[[\"AgentClaimsPage\",\"webpack-internal:///(rsc)/./src/app/[locale]/(agent)/agent/claims/page.tsx\",70,114,19,1,false]]\n85:{\"children\":[\"$\",\"$86\",null,\"$89\",\"$43\",\"$8a\",1]}\n8b:[[\"AgentClaimsPage\",\"webpack-internal:///(rsc)/./src/app/[locale]/(agent)/agent/claims/page.tsx\",69,100,19,1,false]]\n81:{\"name\":\"Table\",\"key\":null,\"env\":\"Server\",\"owner\":\"$43\",\"stack\":[[\"AgentClaimsPage\",\"webpack-internal:///(rsc)/./src/app/[locale]/(agent)/agent/claims/page.tsx\",67,102,19,1,false]],\"props\":{\"children\":[[\"$\",\"$82\",null,\"$85\",\"$43\",\"$8b\",1],\"$Y\"]}}\n8c:[[\"Table\",\"webpack-internal:///(rsc)/../../packages/ui/src/components/table.tsx\",20,182,20,75,false]]\n8d:[[\"Table\",\"webpack-internal:///(rsc)/../../packages/ui/src/components/table.tsx\",22,94,20,75,false]]\n8f:{\"name\":\"TableHeader\",\"key\":null,\"env\":\"Server\",\"owner\":\"$43\",\"stack\":[[\"AgentClaimsPage\",\"webpack-internal:///(rsc)/./src/app/[locale]/(agent)/agent/claims/page.tsx\",69,100,19,1,false]],\"props\":\"$85\"}\n90:[[\"TableHeader\",\"webpack-internal:///(rsc)/../../packages/ui/src/components/table.tsx\",37,188,37,81,false]]\n92:{\"name\":\"TableRow\",\"key\":null,\"env\":\"Server\",\"owner\":\"$43\",\"stack\":[[\"AgentClaimsPage\",\"webpack-internal:///(rsc)/./src/app/[locale]/(agent)/agent/claims/page.tsx\",70,114,19,1,false]],\"props\":\"$89\"}\n93:[[\"TableRow\",\"webpack-internal:///(rsc)/../../packages/ui/src/components/table.tsx\",67,185,67,78,false]]\n95:{\"name\":\"TableHead\",\"key\":null,\"env\":\"Server\",\"owner\":\"$43\",\"stack\":[[\"AgentClaimsPage\",\"webpack-internal:///(rsc)/./src/app/[locale]/(agent)/agent/claims/page.tsx\",72,112,19,1,false]],\"props\":{\"children\":\"Claimant\"}}\n96:[[\"TableHead\",\"webpack-internal:///(rsc)/../../packages/ui/src/components/table.tsx\",77,186,77,79,false]]\n98:{\"name\":\"TableHead\",\"key\":null,\"env\":\"Server\",\"owner\":\"$43\",\"stack\":[[\"AgentClaimsPage\",\"webpack-internal:///"])</script><script>self.__next_f.push([1,"(rsc)/./src/app/[locale]/(agent)/agent/claims/page.tsx\",79,112,19,1,false]],\"props\":{\"children\":\"Claim\"}}\n99:[[\"TableHead\",\"webpack-internal:///(rsc)/../../packages/ui/src/components/table.tsx\",77,186,77,79,false]]\n9b:{\"name\":\"TableHead\",\"key\":null,\"env\":\"Server\",\"owner\":\"$43\",\"stack\":[[\"AgentClaimsPage\",\"webpack-internal:///(rsc)/./src/app/[locale]/(agent)/agent/claims/page.tsx\",86,112,19,1,false]],\"props\":{\"children\":\"Status\"}}\n9c:[[\"TableHead\",\"webpack-internal:///(rsc)/../../packages/ui/src/components/table.tsx\",77,186,77,79,false]]\n9e:{\"name\":\"TableHead\",\"key\":null,\"env\":\"Server\",\"owner\":\"$43\",\"stack\":[[\"AgentClaimsPage\",\"webpack-internal:///(rsc)/./src/app/[locale]/(agent)/agent/claims/page.tsx\",93,112,19,1,false]],\"props\":{\"children\":\"Amount\"}}\n9f:[[\"TableHead\",\"webpack-internal:///(rsc)/../../packages/ui/src/components/table.tsx\",77,186,77,79,false]]\na1:{\"name\":\"TableHead\",\"key\":null,\"env\":\"Server\",\"owner\":\"$43\",\"stack\":[[\"AgentClaimsPage\",\"webpack-internal:///(rsc)/./src/app/[locale]/(agent)/agent/claims/page.tsx\",100,112,19,1,false]],\"props\":{\"children\":\"Date\"}}\na2:[[\"TableHead\",\"webpack-internal:///(rsc)/../../packages/ui/src/components/table.tsx\",77,186,77,79,false]]\na4:{\"name\":\"TableHead\",\"key\":null,\"env\":\"Server\",\"owner\":\"$43\",\"stack\":[[\"AgentClaimsPage\",\"webpack-internal:///(rsc)/./src/app/[locale]/(agent)/agent/claims/page.tsx\",107,112,19,1,false]],\"props\":{\"className\":\"text-right\",\"children\":\"Actions\"}}\na5:[[\"TableHead\",\"webpack-internal:///(rsc)/../../packages/ui/src/components/table.tsx\",77,186,77,79,false]]\nab:\"$EObject.defineProperty(({ className, ...props }, ref)=\u003e/*#__PURE__*/ (0,react_jsx_dev_runtime__WEBPACK_IMPORTED_MODULE_0__.jsxDEV)(\\\"td\\\", {\\n        ref: ref,\\n        className: (0,_lib_utils__WEBPACK_IMPORTED_MODULE_2__.cn)('p-2 align-middle [\u0026:has([role=checkbox])]:pr-0', className),\\n        ...props\\n    }, void 0, false, {\\n        fileName: \\\"/Users/arbenlila/development/interdomestikv2/packages/ui/src/components/table.tsx\\\",\\n        lineNumber: 75,\\n        columnNumber: 3\\n    }, undefined),\\\"name\\\",{value:\\\"TableCell\\\"})\"\na9:{\"$$typeof\":\"$aa\",\"render\":\"$ab\"}\nac:{\"children\":\"$Y\"}\nad:[[\"eval\",\"webpack-internal:///(rsc)/./src/app/[locale]/(agent)/agent/claims/page.tsx\",130,120,128,47,false],[\"Array.map\",\"\",0,0,0,0,false],[\"AgentClaimsPage\",\"webpack-internal:///(rsc)/./src/app/[locale]/(agent)/agent/claims/page.tsx\",128,43,19,1,false]]\na8:{\"children\":[[\"$\",\"$a9\",null,\"$ac\",\"$43\",\"$ad\",1],\"$Y\",\"$Y\",\"$Y\",\"$Y\",\"$Y\"]}\nae:[[\"eval\",\"webpack-internal:///(rsc)/./src/app/[locale]/(agent)/agent/claims/page.tsx\",128,131,128,47,false],[\"Array.map\",\"\",0,0,0,0,false],[\"AgentClaimsPage\",\"webpack-internal:///(rsc)/./src/app/[locale]/(agent)/agent/claims/page.tsx\",128,43,19,1,false]]\na7:{\"name\":\"TableBody\",\"key\":null,\"env\":\"Server\",\"owner\":\"$43\",\"stack\":[[\"AgentClaimsPage\",\"webpack-internal:///(rsc)/./src/app/[locale]/(agent)/agent/claims/page.tsx\",126,100,19,1,false]],\"props\":{\"children\":[[[\"$\",\"$86\",\"eBRc7dIzwrjUh0KTUQsJ1\",\"$a8\",\"$43\",\"$ae\",0],\"$Y\",\"$Y\",\"$Y\",\"$Y\",\"$Y\"],false]}}\naf:[[\"TableBody\",\"webpack-internal:///(rsc)/../../packages/ui/src/components/table.tsx\",47,186,47,79,false]]\nb1:{\"name\":\"TableRow\",\"key\":\"eBRc7dIzwrjUh0KTUQsJ1\",\"env\":\"Server\",\"owner\":\"$43\",\"stack\":[[\"eval\",\"webpack-internal:///(rsc)/./src/app/[locale]/(agent)/agent/claims/page.tsx\",128,131,128,47,false],[\"Array.map\",\"\",0,0,0,0,false],[\"AgentClaimsPage\",\"webpack-internal:///(rsc)/./src/app/[locale]/(agent)/agent/claims/page.tsx\",128,43,19,1,false]],\"props\":\"$a8\"}\nb2:[[\"TableRow\",\"webpack-internal:///(rsc)/../../packages/ui/src/components/table.tsx\",67,185,67,78,false]]\nb4:{\"name\":\"TableCell\",\"key\":null,\"env\":\"Server\",\"owner\":\"$43\",\"stack\":[[\"eval\",\"webpack-internal:///(rsc)/./src/app/[locale]/(agent)/agent/claims/page.tsx\",130,120,128,47,false],[\"Array.map\",\"\",0,0,0,0,false],[\"AgentClaimsPage\",\"webpack-internal:///(rsc)/./src/app/[locale]/(agent)/agent/claims/page.tsx\",128,43,19,1,false]],\"props\":\"$ac\"}\nb5:[[\"TableCell\",\"webpack-internal:///(rsc)/../../packages/ui/src/components/table.tsx\",87,186,87,79,false]]\nb6:[[\"eval\",\"web"])</script><script>self.__next_f.push([1,"pack-internal:///(rsc)/./src/app/[locale]/(agent)/agent/claims/page.tsx\",131,134,128,47,false],[\"Array.map\",\"\",0,0,0,0,false],[\"AgentClaimsPage\",\"webpack-internal:///(rsc)/./src/app/[locale]/(agent)/agent/claims/page.tsx\",128,43,19,1,false]]\nb7:[[\"eval\",\"webpack-internal:///(rsc)/./src/app/[locale]/(agent)/agent/claims/page.tsx\",134,132,128,47,false],[\"Array.map\",\"\",0,0,0,0,false],[\"AgentClaimsPage\",\"webpack-internal:///(rsc)/./src/app/[locale]/(agent)/agent/claims/page.tsx\",128,43,19,1,false]]\nb8:[[\"eval\",\"webpack-internal:///(rsc)/./src/app/[locale]/(agent)/agent/claims/page.tsx\",142,132,128,47,false],[\"Array.map\",\"\",0,0,0,0,false],[\"AgentClaimsPage\",\"webpack-internal:///(rsc)/./src/app/[locale]/(agent)/agent/claims/page.tsx\",128,43,19,1,false]]\nbb:{\"className\":\"font-medium\",\"children\":\"Flight delay\"}\nbc:[[\"eval\",\"webpack-internal:///(rsc)/./src/app/[locale]/(agent)/agent/claims/page.tsx\",163,128,128,47,false],[\"Array.map\",\"\",0,0,0,0,false],[\"AgentClaimsPage\",\"webpack-internal:///(rsc)/./src/app/[locale]/(agent)/agent/claims/page.tsx\",128,43,19,1,false]]\nba:{\"name\":\"TableCell\",\"key\":null,\"env\":\"Server\",\"owner\":\"$43\",\"stack\":[[\"eval\",\"webpack-internal:///(rsc)/./src/app/[locale]/(agent)/agent/claims/page.tsx\",161,120,128,47,false],[\"Array.map\",\"\",0,0,0,0,false],[\"AgentClaimsPage\",\"webpack-internal:///(rsc)/./src/app/[locale]/(agent)/agent/claims/page.tsx\",128,43,19,1,false]],\"props\":{\"children\":[[\"$\",\"div\",null,\"$bb\",\"$43\",\"$bc\",1],\"$Y\"]}}\nbd:[[\"TableCell\",\"webpack-internal:///(rsc)/../../packages/ui/src/components/table.tsx\",87,186,87,79,false]]\nbe:[[\"eval\",\"webpack-internal:///(rsc)/./src/app/[locale]/(agent)/agent/claims/page.tsx\",163,128,128,47,false],[\"Array.map\",\"\",0,0,0,0,false],[\"AgentClaimsPage\",\"webpack-internal:///(rsc)/./src/app/[locale]/(agent)/agent/claims/page.tsx\",128,43,19,1,false]]\nbf:[[\"eval\",\"webpack-internal:///(rsc)/./src/app/[locale]/(agent)/agent/claims/page.tsx\",171,128,128,47,false],[\"Array.map\",\"\",0,0,0,0,false],[\"AgentClaimsPage\",\"webpack-internal:///(rsc)/./src/app/[locale]/(agent)/agent/claims/page.tsx\",128,43,19,1,false]]\n"])</script><script>self.__next_f.push([1,"c2:\"$EObject.defineProperty(function ClaimStatusBadge({ status }) {\\n    if (!status) return /*#__PURE__*/ (0,react_jsx_dev_runtime__WEBPACK_IMPORTED_MODULE_0__.jsxDEV)(_interdomestik_ui__WEBPACK_IMPORTED_MODULE_1__.Badge, {\\n        variant: \\\"outline\\\",\\n        children: \\\"Unknown\\\"\\n    }, void 0, false, {\\n        fileName: \\\"/Users/arbenlila/development/interdomestikv2/apps/web/src/components/dashboard/claims/claim-status-badge.tsx\\\",\\n        lineNumber: 17,\\n        columnNumber: 23\\n    }, this);\\n    const config = statusConfig[status];\\n    if (!config) return /*#__PURE__*/ (0,react_jsx_dev_runtime__WEBPACK_IMPORTED_MODULE_0__.jsxDEV)(_interdomestik_ui__WEBPACK_IMPORTED_MODULE_1__.Badge, {\\n        variant: \\\"outline\\\",\\n        children: status\\n    }, void 0, false, {\\n        fileName: \\\"/Users/arbenlila/development/interdomestikv2/apps/web/src/components/dashboard/claims/claim-status-badge.tsx\\\",\\n        lineNumber: 20,\\n        columnNumber: 23\\n    }, this);\\n    return /*#__PURE__*/ (0,react_jsx_dev_runtime__WEBPACK_IMPORTED_MODULE_0__.jsxDEV)(_interdomestik_ui__WEBPACK_IMPORTED_MODULE_1__.Badge, {\\n        variant: config.variant,\\n        className: \\\"capitalize\\\",\\n        children: config.label\\n    }, void 0, false, {\\n        fileName: \\\"/Users/arbenlila/development/interdomestikv2/apps/web/src/components/dashboard/claims/claim-status-badge.tsx\\\",\\n        lineNumber: 23,\\n        columnNumber: 5\\n    }, this);\\n},\\\"name\\\",{value:\\\"ClaimStatusBadge\\\"})\"\n"])</script><script>self.__next_f.push([1,"c3:{\"status\":\"submitted\"}\nc4:[[\"eval\",\"webpack-internal:///(rsc)/./src/app/[locale]/(agent)/agent/claims/page.tsx\",186,134,128,47,false],[\"Array.map\",\"\",0,0,0,0,false],[\"AgentClaimsPage\",\"webpack-internal:///(rsc)/./src/app/[locale]/(agent)/agent/claims/page.tsx\",128,43,19,1,false]]\nc1:{\"name\":\"TableCell\",\"key\":null,\"env\":\"Server\",\"owner\":\"$43\",\"stack\":[[\"eval\",\"webpack-internal:///(rsc)/./src/app/[locale]/(agent)/agent/claims/page.tsx\",185,120,128,47,false],[\"Array.map\",\"\",0,0,0,0,false],[\"AgentClaimsPage\",\"webpack-internal:///(rsc)/./src/app/[locale]/(agent)/agent/claims/page.tsx\",128,43,19,1,false]],\"props\":{\"children\":[\"$\",\"$c2\",null,\"$c3\",\"$43\",\"$c4\",1]}}\nc5:[[\"TableCell\",\"webpack-internal:///(rsc)/../../packages/ui/src/components/table.tsx\",87,186,87,79,false]]\nc7:{\"name\":\"ClaimStatusBadge\",\"key\":null,\"env\":\"Server\",\"owner\":\"$43\",\"stack\":[[\"eval\",\"webpack-internal:///(rsc)/./src/app/[locale]/(agent)/agent/claims/page.tsx\",186,134,128,47,false],[\"Array.map\",\"\",0,0,0,0,false],[\"AgentClaimsPage\",\"webpack-internal:///(rsc)/./src/app/[locale]/(agent)/agent/claims/page.tsx\",128,43,19,1,false]],\"props\":\"$c3\"}\nc8:{\"name\":\"Badge\",\"key\":null,\"env\":\"Server\",\"owner\":\"$c7\",\"stack\":[[\"ClaimStatusBadge\",\"webpack-internal:///(rsc)/./src/components/dashboard/claims/claim-status-badge.tsx\",50,87,32,1,false]],\"props\":{\"variant\":\"secondary\",\"className\":\"capitalize\",\"children\":\"Submitted\"}}\nc9:[[\"Badge\",\"webpack-internal:///(rsc)/../../packages/ui/src/components/badge.tsx\",33,87,32,1,false]]\ncb:{\"name\":\"TableCell\",\"key\":null,\"env\":\"Server\",\"owner\":\"$43\",\"stack\":[[\"eval\",\"webpack-internal:///(rsc)/./src/app/[locale]/(agent)/agent/claims/page.tsx\",198,120,128,47,false],[\"Array.map\",\"\",0,0,0,0,false],[\"AgentClaimsPage\",\"webpack-internal:///(rsc)/./src/app/[locale]/(agent)/agent/claims/page.tsx\",128,43,19,1,false]],\"props\":{\"children\":\"300.00 EUR\"}}\ncc:[[\"TableCell\",\"webpack-internal:///(rsc)/../../packages/ui/src/components/table.tsx\",87,186,87,79,false]]\nce:{\"name\":\"TableCell\",\"key\":null,\"env\":\"Server\",\"owner\":\"$43\",\"stack\":[[\"eval\",\"webpack-internal:///(rsc)/./src/app/[locale]/(agent)/agent/claims/page.tsx\",205,120,128,47,false],[\"Array.map\",\"\",0,0,0,0,false],[\"AgentClaimsPage\",\"webpack-internal:///(rsc)/./src/app/[locale]/(agent)/agent/claims/page.tsx\",128,43,19,1,false]],\"props\":{\"children\":\"12/15/2025\"}}\ncf:[[\"TableCell\",\"webpack-internal:///(rsc)/../../packages/ui/src/components/table.tsx\",87,186,87,79,false]]\n"])</script><script>self.__next_f.push([1,"d4:\"$EObject.defineProperty(({ className, variant, size, asChild = false, loading, children, disabled, ...props }, ref)=\u003e{\\n    const Comp = asChild ? _radix_ui_react_slot__WEBPACK_IMPORTED_MODULE_4__.Slot : 'button';\\n    return /*#__PURE__*/ (0,react_jsx_dev_runtime__WEBPACK_IMPORTED_MODULE_0__.jsxDEV)(Comp, {\\n        className: (0,_lib_utils__WEBPACK_IMPORTED_MODULE_3__.cn)(buttonVariants({\\n            variant,\\n            size,\\n            className\\n        })),\\n        ref: ref,\\n        disabled: disabled || loading,\\n        ...props,\\n        children: loading ? /*#__PURE__*/ (0,react_jsx_dev_runtime__WEBPACK_IMPORTED_MODULE_0__.jsxDEV)(react_jsx_dev_runtime__WEBPACK_IMPORTED_MODULE_0__.Fragment, {\\n            children: [\\n                /*#__PURE__*/ (0,react_jsx_dev_runtime__WEBPACK_IMPORTED_MODULE_0__.jsxDEV)(\\\"svg\\\", {\\n                    className: \\\"mr-2 h-4 w-4 animate-spin\\\",\\n                    xmlns: \\\"http://www.w3.org/2000/svg\\\",\\n                    fill: \\\"none\\\",\\n                    viewBox: \\\"0 0 24 24\\\",\\n                    children: [\\n                        /*#__PURE__*/ (0,react_jsx_dev_runtime__WEBPACK_IMPORTED_MODULE_0__.jsxDEV)(\\\"circle\\\", {\\n                            className: \\\"opacity-25\\\",\\n                            cx: \\\"12\\\",\\n                            cy: \\\"12\\\",\\n                            r: \\\"10\\\",\\n                            stroke: \\\"currentColor\\\",\\n                            strokeWidth: \\\"4\\\"\\n                        }, void 0, false, {\\n                            fileName: \\\"/Users/arbenlila/development/interdomestikv2/packages/ui/src/components/button.tsx\\\",\\n                            lineNumber: 64,\\n                            columnNumber: 29\\n                        }, undefined),\\n                        /*#__PURE__*/ (0,react_jsx_dev_runtime__WEBPACK_IMPORTED_MODULE_0__.jsxDEV)(\\\"path\\\", {\\n                            className: \\\"opacity-75\\\",\\n                            fill: \\\"currentColor\\\",\\n                            d: \\\"M4 12a8 8 0 018-8V0C5.373 0 0 5.373 0 12h4zm2 5.291A7.962 7.962 0 014 12H0c0 3.042 1.135 5.824 3 7.938l3-2.647z\\\"\\n                        }, void 0, false, {\\n                            fileName: \\\"/Users/arbenlila/development/interdomestikv2/packages/ui/src/components/button.tsx\\\",\\n                            lineNumber: 72,\\n                            columnNumber: 29\\n                        }, undefined)\\n                    ]\\n                }, void 0, true, {\\n                    fileName: \\\"/Users/arbenlila/development/interdomestikv2/packages/ui/src/components/button.tsx\\\",\\n                    lineNumber: 58,\\n                    columnNumber: 25\\n                }, undefined),\\n                \\\"Loading...\\\"\\n            ]\\n        }, void 0, true) : children\\n    }, void 0, false, {\\n        fileName: \\\"/Users/arbenlila/development/interdomestikv2/packages/ui/src/components/button.tsx\\\",\\n        lineNumber: 50,\\n        columnNumber: 13\\n    }, undefined);\\n},\\\"name\\\",{value:\\\"Button\\\"})\"\n"])</script><script>self.__next_f.push([1,"d2:{\"$$typeof\":\"$d3\",\"render\":\"$d4\"}\n"])</script><script>self.__next_f.push([1,"d8:\"$EObject.defineProperty(function Link({\\n    href,\\n    locale,\\n    ...rest\\n  }, ref) {\\n    let pathname, params;\\n    if (typeof href === 'object') {\\n      pathname = href.pathname;\\n      // @ts-expect-error -- This is ok\\n      params = href.params;\\n    } else {\\n      pathname = href;\\n    }\\n\\n    // @ts-expect-error -- This is ok\\n    const isLocalizable = (0,_shared_utils_js__WEBPACK_IMPORTED_MODULE_5__.isLocalizableHref)(href);\\n    const localePromiseOrValue = getLocale();\\n    const curLocale = (0,_shared_utils_js__WEBPACK_IMPORTED_MODULE_5__.isPromise)(localePromiseOrValue) ? (0,_shared_use_js__WEBPACK_IMPORTED_MODULE_6__[\\\"default\\\"])(localePromiseOrValue) : localePromiseOrValue;\\n    const finalPathname = isLocalizable ? getPathname({\\n      locale: locale || curLocale,\\n      // @ts-expect-error -- This is ok\\n      href: pathnames == null ? pathname : {\\n        pathname,\\n        params\\n      },\\n      // Always include a prefix when changing locales\\n      forcePrefix: locale != null || undefined\\n    }) : pathname;\\n    return /*#__PURE__*/(0,react_jsx_runtime__WEBPACK_IMPORTED_MODULE_2__.jsx)(_BaseLink_js__WEBPACK_IMPORTED_MODULE_7__[\\\"default\\\"], {\\n      ref: ref\\n      // @ts-expect-error -- This is ok\\n      ,\\n      href: typeof href === 'object' ? {\\n        ...href,\\n        pathname: finalPathname\\n      } : finalPathname,\\n      locale: locale,\\n      localeCookie: config.localeCookie,\\n      ...rest\\n    });\\n  },\\\"name\\\",{value:\\\"Link\\\"})\"\n"])</script><script>self.__next_f.push([1,"d6:{\"$$typeof\":\"$d7\",\"render\":\"$d8\"}\nd9:{\"href\":\"/agent/claims/eBRc7dIzwrjUh0KTUQsJ1\",\"children\":\"Review\"}\nda:[[\"eval\",\"webpack-internal:///(rsc)/./src/app/[locale]/(agent)/agent/claims/page.tsx\",218,138,128,47,false],[\"Array.map\",\"\",0,0,0,0,false],[\"AgentClaimsPage\",\"webpack-internal:///(rsc)/./src/app/[locale]/(agent)/agent/claims/page.tsx\",128,43,19,1,false]]\nd5:{\"asChild\":true,\"size\":\"sm\",\"variant\":\"outline\",\"children\":[\"$\",\"$d6\",null,\"$d9\",\"$43\",\"$da\",1]}\ndb:[[\"eval\",\"webpack-internal:///(rsc)/./src/app/[locale]/(agent)/agent/claims/page.tsx\",214,134,128,47,false],[\"Array.map\",\"\",0,0,0,0,false],[\"AgentClaimsPage\",\"webpack-internal:///(rsc)/./src/app/[locale]/(agent)/agent/claims/page.tsx\",128,43,19,1,false]]\nd1:{\"name\":\"TableCell\",\"key\":null,\"env\":\"Server\",\"owner\":\"$43\",\"stack\":[[\"eval\",\"webpack-internal:///(rsc)/./src/app/[locale]/(agent)/agent/claims/page.tsx\",212,120,128,47,false],[\"Array.map\",\"\",0,0,0,0,false],[\"AgentClaimsPage\",\"webpack-internal:///(rsc)/./src/app/[locale]/(agent)/agent/claims/page.tsx\",128,43,19,1,false]],\"props\":{\"className\":\"text-right\",\"children\":[\"$\",\"$d2\",null,\"$d5\",\"$43\",\"$db\",1]}}\ndc:[[\"TableCell\",\"webpack-internal:///(rsc)/../../packages/ui/src/components/table.tsx\",87,186,87,79,false]]\nde:{\"name\":\"Button\",\"key\":null,\"env\":\"Server\",\"owner\":\"$43\",\"stack\":[[\"eval\",\"webpack-internal:///(rsc)/./src/app/[locale]/(agent)/agent/claims/page.tsx\",214,134,128,47,false],[\"Array.map\",\"\",0,0,0,0,false],[\"AgentClaimsPage\",\"webpack-internal:///(rsc)/./src/app/[locale]/(agent)/agent/claims/page.tsx\",128,43,19,1,false]],\"props\":\"$d5\"}\ndf:{\"name\":\"Slot.Slot\",\"key\":null,\"env\":\"Server\",\"owner\":\"$de\",\"stack\":[[\"Button\",\"webpack-internal:///(rsc)/../../packages/ui/src/components/button.tsx\",44,87,42,76,false]],\"props\":{\"className\":\"inline-flex items-center justify-center whitespace-nowrap text-sm font-medium ring-offset-background transition-all duration-200 focus-visible:outline-none focus-visible:ring-2 focus-visible:ring-ring focus-visible:ring-offset-2 disabled:pointer-events-none disabled:opacity-50 interactive-press border border-[hsl(var(--border))] bg-transparent hover:bg-[hsl(var(--muted-100))] hover:text-[hsl(var(--foreground))] h-9 rounded-md px-3\",\"ref\":\"$undefined\",\"disabled\":\"$undefined\",\"children\":\"$d5:children\"}}\ne0:{\"name\":\"Slot.SlotClone\",\"key\":null,\"env\":\"Server\",\"owner\":\"$df\",\"stack\":[],\"props\":{\"className\":\"inline-flex items-center justify-center whitespace-nowrap text-sm font-medium ring-offset-background transition-all duration-200 focus-visible:outline-none focus-visible:ring-2 focus-visible:ring-ring focus-visible:ring-offset-2 disabled:pointer-events-none disabled:opacity-50 interactive-press border border-[hsl(var(--border))] bg-transparent hover:bg-[hsl(var(--muted-100))] hover:text-[hsl(var(--foreground))] h-9 rounded-md px-3\",\"ref\":\"$undefined\",\"disabled\":\"$undefined\",\"children\":\"$d5:children\"}}\ne1:{\"name\":\"Link\",\"key\":null,\"env\":\"Server\",\"owner\":\"$e0\",\"stack\":[[\"eval\",\"webpack-internal:///(rsc)/./src/app/[locale]/(agent)/agent/claims/page.tsx\",218,138,128,47,false],[\"Array.map\",\"\",0,0,0,0,false],[\"AgentClaimsPage\",\"webpack-internal:///(rsc)/./src/app/[locale]/(agent)/agent/claims/page.tsx\",128,43,19,1,false]],\"props\":{\"href\":\"/agent/claims/eBRc7dIzwrjUh0KTUQsJ1\",\"children\":\"Review\",\"className\":\"inline-flex items-center justify-center whitespace-nowrap text-sm font-medium ring-offset-background transition-all duration-200 focus-visible:outline-none focus-visible:ring-2 focus-visible:ring-ring focus-visible:ring-offset-2 disabled:pointer-events-none disabled:opacity-50 interactive-press border border-[hsl(var(--border))] bg-transparent hover:bg-[hsl(var(--muted-100))] hover:text-[hsl(var(--foreground))] h-9 rounded-md px-3\",\"ref\":null,\"disabled\":\"$undefined\"}}\ne6:{\"className\":\"font-medium\",\"children\":\"Test Member\"}\ne7:[[\"eval\",\"webpack-internal:///(rsc)/./src/app/[locale]/(agent)/agent/claims/page.tsx\",134,132,128,47,false],[\"Array.map\",\"\",0,0,0,0,false],[\"AgentClaimsPage\",\"webpack-internal:///(rsc)/./src/app/[locale]/(agent)/agent/claims/page.tsx\",128,43,19,1,false]]\ne5:{\"class"])</script><script>self.__next_f.push([1,"Name\":\"flex flex-col\",\"children\":[[\"$\",\"span\",null,\"$e6\",\"$43\",\"$e7\",1],\"$Y\"]}\ne8:[[\"eval\",\"webpack-internal:///(rsc)/./src/app/[locale]/(agent)/agent/claims/page.tsx\",131,134,128,47,false],[\"Array.map\",\"\",0,0,0,0,false],[\"AgentClaimsPage\",\"webpack-internal:///(rsc)/./src/app/[locale]/(agent)/agent/claims/page.tsx\",128,43,19,1,false]]\ne4:{\"children\":[\"$\",\"div\",null,\"$e5\",\"$43\",\"$e8\",1]}\ne9:[[\"eval\",\"webpack-internal:///(rsc)/./src/app/[locale]/(agent)/agent/claims/page.tsx\",130,120,128,47,false],[\"Array.map\",\"\",0,0,0,0,false],[\"AgentClaimsPage\",\"webpack-internal:///(rsc)/./src/app/[locale]/(agent)/agent/claims/page.tsx\",128,43,19,1,false]]\ne3:{\"name\":\"TableRow\",\"key\":\"claim-1\",\"env\":\"Server\",\"owner\":\"$43\",\"stack\":[[\"eval\",\"webpack-internal:///(rsc)/./src/app/[locale]/(agent)/agent/claims/page.tsx\",128,131,128,47,false],[\"Array.map\",\"\",0,0,0,0,false],[\"AgentClaimsPage\",\"webpack-internal:///(rsc)/./src/app/[locale]/(agent)/agent/claims/page.tsx\",128,43,19,1,false]],\"props\":{\"children\":[[\"$\",\"$a9\",null,\"$e4\",\"$43\",\"$e9\",1],\"$Y\",\"$Y\",\"$Y\",\"$Y\",\"$Y\"]}}\nea:[[\"TableRow\",\"webpack-internal:///(rsc)/../../packages/ui/src/components/table.tsx\",67,185,67,78,false]]\nec:{\"name\":\"TableCell\",\"key\":null,\"env\":\"Server\",\"owner\":\"$43\",\"stack\":[[\"eval\",\"webpack-internal:///(rsc)/./src/app/[locale]/(agent)/agent/claims/page.tsx\",130,120,128,47,false],[\"Array.map\",\"\",0,0,0,0,false],[\"AgentClaimsPage\",\"webpack-internal:///(rsc)/./src/app/[locale]/(agent)/agent/claims/page.tsx\",128,43,19,1,false]],\"props\":\"$e4\"}\ned:[[\"TableCell\",\"webpack-internal:///(rsc)/../../packages/ui/src/components/table.tsx\",87,186,87,79,false]]\nee:[[\"eval\",\"webpack-internal:///(rsc)/./src/app/[locale]/(agent)/agent/claims/page.tsx\",131,134,128,47,false],[\"Array.map\",\"\",0,0,0,0,false],[\"AgentClaimsPage\",\"webpack-internal:///(rsc)/./src/app/[locale]/(agent)/agent/claims/page.tsx\",128,43,19,1,false]]\nef:[[\"eval\",\"webpack-internal:///(rsc)/./src/app/[locale]/(agent)/agent/claims/page.tsx\",134,132,128,47,false],[\"Array.map\",\"\",0,0,0,0,false],[\"AgentClaimsPage\",\"webpack-internal:///(rsc)/./src/app/[locale]/(agent)/agent/claims/page.tsx\",128,43,19,1,false]]\nf0:[[\"eval\",\"webpack-internal:///(rsc)/./src/app/[locale]/(agent)/agent/claims/page.tsx\",142,132,128,47,false],[\"Array.map\",\"\",0,0,0,0,false],[\"AgentClaimsPage\",\"webpack-internal:///(rsc)/./src/app/[locale]/(agent)/agent/claims/page.tsx\",128,43,19,1,false]]\nf3:{\"className\":\"font-medium\",\"children\":\"Car Accident - Rear Ended\"}\nf4:[[\"eval\",\"webpack-internal:///(rsc)/./src/app/[locale]/(agent)/agent/claims/page.tsx\",163,128,128,47,false],[\"Array.map\",\"\",0,0,0,0,false],[\"AgentClaimsPage\",\"webpack-internal:///(rsc)/./src/app/[locale]/(agent)/agent/claims/page.tsx\",128,43,19,1,false]]\nf2:{\"name\":\"TableCell\",\"key\":null,\"env\":\"Server\",\"owner\":\"$43\",\"stack\":[[\"eval\",\"webpack-internal:///(rsc)/./src/app/[locale]/(agent)/agent/claims/page.tsx\",161,120,128,47,false],[\"Array.map\",\"\",0,0,0,0,false],[\"AgentClaimsPage\",\"webpack-internal:///(rsc)/./src/app/[locale]/(agent)/agent/claims/page.tsx\",128,43,19,1,false]],\"props\":{\"children\":[[\"$\",\"div\",null,\"$f3\",\"$43\",\"$f4\",1],\"$Y\"]}}\nf5:[[\"TableCell\",\"webpack-internal:///(rsc)/../../packages/ui/src/components/table.tsx\",87,186,87,79,false]]\nf6:[[\"eval\",\"webpack-internal:///(rsc)/./src/app/[locale]/(agent)/agent/claims/page.tsx\",163,128,128,47,false],[\"Array.map\",\"\",0,0,0,0,false],[\"AgentClaimsPage\",\"webpack-internal:///(rsc)/./src/app/[locale]/(agent)/agent/claims/page.tsx\",128,43,19,1,false]]\nf7:[[\"eval\",\"webpack-internal:///(rsc)/./src/app/[locale]/(agent)/agent/claims/page.tsx\",171,128,128,47,false],[\"Array.map\",\"\",0,0,0,0,false],[\"AgentClaimsPage\",\"webpack-internal:///(rsc)/./src/app/[locale]/(agent)/agent/claims/page.tsx\",128,43,19,1,false]]\nfa:{\"status\":\"submitted\"}\nfb:[[\"eval\",\"webpack-internal:///(rsc)/./src/app/[locale]/(agent)/agent/claims/page.tsx\",186,134,128,47,false],[\"Array.map\",\"\",0,0,0,0,false],[\"AgentClaimsPage\",\"webpack-internal:///(rsc)/./src/app/[locale]/(agent)/agent/claims/page.tsx\",128,43,19,1,false]]\nf9:{\"name\":\"TableCell\",\"key\":null,\"env\":\"Server\",\"owner\":\"$43\",\"stack\":"])</script><script>self.__next_f.push([1,"[[\"eval\",\"webpack-internal:///(rsc)/./src/app/[locale]/(agent)/agent/claims/page.tsx\",185,120,128,47,false],[\"Array.map\",\"\",0,0,0,0,false],[\"AgentClaimsPage\",\"webpack-internal:///(rsc)/./src/app/[locale]/(agent)/agent/claims/page.tsx\",128,43,19,1,false]],\"props\":{\"children\":[\"$\",\"$c2\",null,\"$fa\",\"$43\",\"$fb\",1]}}\nfc:[[\"TableCell\",\"webpack-internal:///(rsc)/../../packages/ui/src/components/table.tsx\",87,186,87,79,false]]\nfe:{\"name\":\"ClaimStatusBadge\",\"key\":null,\"env\":\"Server\",\"owner\":\"$43\",\"stack\":[[\"eval\",\"webpack-internal:///(rsc)/./src/app/[locale]/(agent)/agent/claims/page.tsx\",186,134,128,47,false],[\"Array.map\",\"\",0,0,0,0,false],[\"AgentClaimsPage\",\"webpack-internal:///(rsc)/./src/app/[locale]/(agent)/agent/claims/page.tsx\",128,43,19,1,false]],\"props\":\"$fa\"}\nff:{\"name\":\"Badge\",\"key\":null,\"env\":\"Server\",\"owner\":\"$fe\",\"stack\":[[\"ClaimStatusBadge\",\"webpack-internal:///(rsc)/./src/components/dashboard/claims/claim-status-badge.tsx\",50,87,32,1,false]],\"props\":{\"variant\":\"secondary\",\"className\":\"capitalize\",\"children\":\"Submitted\"}}\n100:[[\"Badge\",\"webpack-internal:///(rsc)/../../packages/ui/src/components/badge.tsx\",33,87,32,1,false]]\n102:{\"name\":\"TableCell\",\"key\":null,\"env\":\"Server\",\"owner\":\"$43\",\"stack\":[[\"eval\",\"webpack-internal:///(rsc)/./src/app/[locale]/(agent)/agent/claims/page.tsx\",198,120,128,47,false],[\"Array.map\",\"\",0,0,0,0,false],[\"AgentClaimsPage\",\"webpack-internal:///(rsc)/./src/app/[locale]/(agent)/agent/claims/page.tsx\",128,43,19,1,false]],\"props\":{\"children\":\"1200.00 EUR\"}}\n103:[[\"TableCell\",\"webpack-internal:///(rsc)/../../packages/ui/src/components/table.tsx\",87,186,87,79,false]]\n105:{\"name\":\"TableCell\",\"key\":null,\"env\":\"Server\",\"owner\":\"$43\",\"stack\":[[\"eval\",\"webpack-internal:///(rsc)/./src/app/[locale]/(agent)/agent/claims/page.tsx\",205,120,128,47,false],[\"Array.map\",\"\",0,0,0,0,false],[\"AgentClaimsPage\",\"webpack-internal:///(rsc)/./src/app/[locale]/(agent)/agent/claims/page.tsx\",128,43,19,1,false]],\"props\":{\"children\":\"12/14/2025\"}}\n106:[[\"TableCell\",\"webpack-internal:///(rsc)/../../packages/ui/src/components/table.tsx\",87,186,87,79,false]]\n10a:{\"href\":\"/agent/claims/claim-1\",\"children\":\"Review\"}\n10b:[[\"eval\",\"webpack-internal:///(rsc)/./src/app/[locale]/(agent)/agent/claims/page.tsx\",218,138,128,47,false],[\"Array.map\",\"\",0,0,0,0,false],[\"AgentClaimsPage\",\"webpack-internal:///(rsc)/./src/app/[locale]/(agent)/agent/claims/page.tsx\",128,43,19,1,false]]\n109:{\"asChild\":true,\"size\":\"sm\",\"variant\":\"outline\",\"children\":[\"$\",\"$d6\",null,\"$10a\",\"$43\",\"$10b\",1]}\n10c:[[\"eval\",\"webpack-internal:///(rsc)/./src/app/[locale]/(agent)/agent/claims/page.tsx\",214,134,128,47,false],[\"Array.map\",\"\",0,0,0,0,false],[\"AgentClaimsPage\",\"webpack-internal:///(rsc)/./src/app/[locale]/(agent)/agent/claims/page.tsx\",128,43,19,1,false]]\n108:{\"name\":\"TableCell\",\"key\":null,\"env\":\"Server\",\"owner\":\"$43\",\"stack\":[[\"eval\",\"webpack-internal:///(rsc)/./src/app/[locale]/(agent)/agent/claims/page.tsx\",212,120,128,47,false],[\"Array.map\",\"\",0,0,0,0,false],[\"AgentClaimsPage\",\"webpack-internal:///(rsc)/./src/app/[locale]/(agent)/agent/claims/page.tsx\",128,43,19,1,false]],\"props\":{\"className\":\"text-right\",\"children\":[\"$\",\"$d2\",null,\"$109\",\"$43\",\"$10c\",1]}}\n10d:[[\"TableCell\",\"webpack-internal:///(rsc)/../../packages/ui/src/components/table.tsx\",87,186,87,79,false]]\n10f:{\"name\":\"Button\",\"key\":null,\"env\":\"Server\",\"owner\":\"$43\",\"stack\":[[\"eval\",\"webpack-internal:///(rsc)/./src/app/[locale]/(agent)/agent/claims/page.tsx\",214,134,128,47,false],[\"Array.map\",\"\",0,0,0,0,false],[\"AgentClaimsPage\",\"webpack-internal:///(rsc)/./src/app/[locale]/(agent)/agent/claims/page.tsx\",128,43,19,1,false]],\"props\":\"$109\"}\n110:{\"name\":\"Slot.Slot\",\"key\":null,\"env\":\"Server\",\"owner\":\"$10f\",\"stack\":[[\"Button\",\"webpack-internal:///(rsc)/../../packages/ui/src/components/button.tsx\",44,87,42,76,false]],\"props\":{\"className\":\"inline-flex items-center justify-center whitespace-nowrap text-sm font-medium ring-offset-background transition-all duration-200 focus-visible:outline-none focus-visible:ring-2 focus-visible:ring-ring focus-visible:ring-offset-2 disabled:pointer-events-none disabl"])</script><script>self.__next_f.push([1,"ed:opacity-50 interactive-press border border-[hsl(var(--border))] bg-transparent hover:bg-[hsl(var(--muted-100))] hover:text-[hsl(var(--foreground))] h-9 rounded-md px-3\",\"ref\":\"$undefined\",\"disabled\":\"$undefined\",\"children\":\"$109:children\"}}\n111:{\"name\":\"Slot.SlotClone\",\"key\":null,\"env\":\"Server\",\"owner\":\"$110\",\"stack\":[],\"props\":{\"className\":\"inline-flex items-center justify-center whitespace-nowrap text-sm font-medium ring-offset-background transition-all duration-200 focus-visible:outline-none focus-visible:ring-2 focus-visible:ring-ring focus-visible:ring-offset-2 disabled:pointer-events-none disabled:opacity-50 interactive-press border border-[hsl(var(--border))] bg-transparent hover:bg-[hsl(var(--muted-100))] hover:text-[hsl(var(--foreground))] h-9 rounded-md px-3\",\"ref\":\"$undefined\",\"disabled\":\"$undefined\",\"children\":\"$109:children\"}}\n112:{\"name\":\"Link\",\"key\":null,\"env\":\"Server\",\"owner\":\"$111\",\"stack\":[[\"eval\",\"webpack-internal:///(rsc)/./src/app/[locale]/(agent)/agent/claims/page.tsx\",218,138,128,47,false],[\"Array.map\",\"\",0,0,0,0,false],[\"AgentClaimsPage\",\"webpack-internal:///(rsc)/./src/app/[locale]/(agent)/agent/claims/page.tsx\",128,43,19,1,false]],\"props\":{\"href\":\"/agent/claims/claim-1\",\"children\":\"Review\",\"className\":\"inline-flex items-center justify-center whitespace-nowrap text-sm font-medium ring-offset-background transition-all duration-200 focus-visible:outline-none focus-visible:ring-2 focus-visible:ring-ring focus-visible:ring-offset-2 disabled:pointer-events-none disabled:opacity-50 interactive-press border border-[hsl(var(--border))] bg-transparent hover:bg-[hsl(var(--muted-100))] hover:text-[hsl(var(--foreground))] h-9 rounded-md px-3\",\"ref\":null,\"disabled\":\"$undefined\"}}\n117:{\"className\":\"font-medium\",\"children\":\"Test Member\"}\n118:[[\"eval\",\"webpack-internal:///(rsc)/./src/app/[locale]/(agent)/agent/claims/page.tsx\",134,132,128,47,false],[\"Array.map\",\"\",0,0,0,0,false],[\"AgentClaimsPage\",\"webpack-internal:///(rsc)/./src/app/[locale]/(agent)/agent/claims/page.tsx\",128,43,19,1,false]]\n116:{\"className\":\"flex flex-col\",\"children\":[[\"$\",\"span\",null,\"$117\",\"$43\",\"$118\",1],\"$Y\"]}\n119:[[\"eval\",\"webpack-internal:///(rsc)/./src/app/[locale]/(agent)/agent/claims/page.tsx\",131,134,128,47,false],[\"Array.map\",\"\",0,0,0,0,false],[\"AgentClaimsPage\",\"webpack-internal:///(rsc)/./src/app/[locale]/(agent)/agent/claims/page.tsx\",128,43,19,1,false]]\n115:{\"children\":[\"$\",\"div\",null,\"$116\",\"$43\",\"$119\",1]}\n11a:[[\"eval\",\"webpack-internal:///(rsc)/./src/app/[locale]/(agent)/agent/claims/page.tsx\",130,120,128,47,false],[\"Array.map\",\"\",0,0,0,0,false],[\"AgentClaimsPage\",\"webpack-internal:///(rsc)/./src/app/[locale]/(agent)/agent/claims/page.tsx\",128,43,19,1,false]]\n114:{\"name\":\"TableRow\",\"key\":\"claim-2\",\"env\":\"Server\",\"owner\":\"$43\",\"stack\":[[\"eval\",\"webpack-internal:///(rsc)/./src/app/[locale]/(agent)/agent/claims/page.tsx\",128,131,128,47,false],[\"Array.map\",\"\",0,0,0,0,false],[\"AgentClaimsPage\",\"webpack-internal:///(rsc)/./src/app/[locale]/(agent)/agent/claims/page.tsx\",128,43,19,1,false]],\"props\":{\"children\":[[\"$\",\"$a9\",null,\"$115\",\"$43\",\"$11a\",1],\"$Y\",\"$Y\",\"$Y\",\"$Y\",\"$Y\"]}}\n11b:[[\"TableRow\",\"webpack-internal:///(rsc)/../../packages/ui/src/components/table.tsx\",67,185,67,78,false]]\n11d:{\"name\":\"TableCell\",\"key\":null,\"env\":\"Server\",\"owner\":\"$43\",\"stack\":[[\"eval\",\"webpack-internal:///(rsc)/./src/app/[locale]/(agent)/agent/claims/page.tsx\",130,120,128,47,false],[\"Array.map\",\"\",0,0,0,0,false],[\"AgentClaimsPage\",\"webpack-internal:///(rsc)/./src/app/[locale]/(agent)/agent/claims/page.tsx\",128,43,19,1,false]],\"props\":\"$115\"}\n11e:[[\"TableCell\",\"webpack-internal:///(rsc)/../../packages/ui/src/components/table.tsx\",87,186,87,79,false]]\n11f:[[\"eval\",\"webpack-internal:///(rsc)/./src/app/[locale]/(agent)/agent/claims/page.tsx\",131,134,128,47,false],[\"Array.map\",\"\",0,0,0,0,false],[\"AgentClaimsPage\",\"webpack-internal:///(rsc)/./src/app/[locale]/(agent)/agent/claims/page.tsx\",128,43,19,1,false]]\n120:[[\"eval\",\"webpack-internal:///(rsc)/./src/app/[locale]/(agent)/agent/claims/page.tsx\",134,132,128,47,false],[\"Array.map\",\"\",0,0,0,0,false],[\"Agent"])</script><script>self.__next_f.push([1,"ClaimsPage\",\"webpack-internal:///(rsc)/./src/app/[locale]/(agent)/agent/claims/page.tsx\",128,43,19,1,false]]\n121:[[\"eval\",\"webpack-internal:///(rsc)/./src/app/[locale]/(agent)/agent/claims/page.tsx\",142,132,128,47,false],[\"Array.map\",\"\",0,0,0,0,false],[\"AgentClaimsPage\",\"webpack-internal:///(rsc)/./src/app/[locale]/(agent)/agent/claims/page.tsx\",128,43,19,1,false]]\n124:{\"className\":\"font-medium\",\"children\":\"Flight Delay to Munich\"}\n125:[[\"eval\",\"webpack-internal:///(rsc)/./src/app/[locale]/(agent)/agent/claims/page.tsx\",163,128,128,47,false],[\"Array.map\",\"\",0,0,0,0,false],[\"AgentClaimsPage\",\"webpack-internal:///(rsc)/./src/app/[locale]/(agent)/agent/claims/page.tsx\",128,43,19,1,false]]\n123:{\"name\":\"TableCell\",\"key\":null,\"env\":\"Server\",\"owner\":\"$43\",\"stack\":[[\"eval\",\"webpack-internal:///(rsc)/./src/app/[locale]/(agent)/agent/claims/page.tsx\",161,120,128,47,false],[\"Array.map\",\"\",0,0,0,0,false],[\"AgentClaimsPage\",\"webpack-internal:///(rsc)/./src/app/[locale]/(agent)/agent/claims/page.tsx\",128,43,19,1,false]],\"props\":{\"children\":[[\"$\",\"div\",null,\"$124\",\"$43\",\"$125\",1],\"$Y\"]}}\n126:[[\"TableCell\",\"webpack-internal:///(rsc)/../../packages/ui/src/components/table.tsx\",87,186,87,79,false]]\n127:[[\"eval\",\"webpack-internal:///(rsc)/./src/app/[locale]/(agent)/agent/claims/page.tsx\",163,128,128,47,false],[\"Array.map\",\"\",0,0,0,0,false],[\"AgentClaimsPage\",\"webpack-internal:///(rsc)/./src/app/[locale]/(agent)/agent/claims/page.tsx\",128,43,19,1,false]]\n128:[[\"eval\",\"webpack-internal:///(rsc)/./src/app/[locale]/(agent)/agent/claims/page.tsx\",171,128,128,47,false],[\"Array.map\",\"\",0,0,0,0,false],[\"AgentClaimsPage\",\"webpack-internal:///(rsc)/./src/app/[locale]/(agent)/agent/claims/page.tsx\",128,43,19,1,false]]\n12b:{\"status\":\"verification\"}\n12c:[[\"eval\",\"webpack-internal:///(rsc)/./src/app/[locale]/(agent)/agent/claims/page.tsx\",186,134,128,47,false],[\"Array.map\",\"\",0,0,0,0,false],[\"AgentClaimsPage\",\"webpack-internal:///(rsc)/./src/app/[locale]/(agent)/agent/claims/page.tsx\",128,43,19,1,false]]\n12a:{\"name\":\"TableCell\",\"key\":null,\"env\":\"Server\",\"owner\":\"$43\",\"stack\":[[\"eval\",\"webpack-internal:///(rsc)/./src/app/[locale]/(agent)/agent/claims/page.tsx\",185,120,128,47,false],[\"Array.map\",\"\",0,0,0,0,false],[\"AgentClaimsPage\",\"webpack-internal:///(rsc)/./src/app/[locale]/(agent)/agent/claims/page.tsx\",128,43,19,1,false]],\"props\":{\"children\":[\"$\",\"$c2\",null,\"$12b\",\"$43\",\"$12c\",1]}}\n12d:[[\"TableCell\",\"webpack-internal:///(rsc)/../../packages/ui/src/components/table.tsx\",87,186,87,79,false]]\n12f:{\"name\":\"ClaimStatusBadge\",\"key\":null,\"env\":\"Server\",\"owner\":\"$43\",\"stack\":[[\"eval\",\"webpack-internal:///(rsc)/./src/app/[locale]/(agent)/agent/claims/page.tsx\",186,134,128,47,false],[\"Array.map\",\"\",0,0,0,0,false],[\"AgentClaimsPage\",\"webpack-internal:///(rsc)/./src/app/[locale]/(agent)/agent/claims/page.tsx\",128,43,19,1,false]],\"props\":\"$12b\"}\n130:{\"name\":\"Badge\",\"key\":null,\"env\":\"Server\",\"owner\":\"$12f\",\"stack\":[[\"ClaimStatusBadge\",\"webpack-internal:///(rsc)/./src/components/dashboard/claims/claim-status-badge.tsx\",42,100,32,1,false]],\"props\":{\"variant\":\"outline\",\"children\":\"verification\"}}\n131:[[\"Badge\",\"webpack-internal:///(rsc)/../../packages/ui/src/components/badge.tsx\",33,87,32,1,false]]\n133:{\"name\":\"TableCell\",\"key\":null,\"env\":\"Server\",\"owner\":\"$43\",\"stack\":[[\"eval\",\"webpack-internal:///(rsc)/./src/app/[locale]/(agent)/agent/claims/page.tsx\",198,120,128,47,false],[\"Array.map\",\"\",0,0,0,0,false],[\"AgentClaimsPage\",\"webpack-internal:///(rsc)/./src/app/[locale]/(agent)/agent/claims/page.tsx\",128,43,19,1,false]],\"props\":{\"children\":\"600.00 EUR\"}}\n134:[[\"TableCell\",\"webpack-internal:///(rsc)/../../packages/ui/src/components/table.tsx\",87,186,87,79,false]]\n136:{\"name\":\"TableCell\",\"key\":null,\"env\":\"Server\",\"owner\":\"$43\",\"stack\":[[\"eval\",\"webpack-internal:///(rsc)/./src/app/[locale]/(agent)/agent/claims/page.tsx\",205,120,128,47,false],[\"Array.map\",\"\",0,0,0,0,false],[\"AgentClaimsPage\",\"webpack-internal:///(rsc)/./src/app/[locale]/(agent)/agent/claims/page.tsx\",128,43,19,1,false]],\"props\":{\"children\":\"12/11/2025\"}}\n137:[[\"TableCell\",\"webpack-internal:///(rsc)/../../"])</script><script>self.__next_f.push([1,"packages/ui/src/components/table.tsx\",87,186,87,79,false]]\n13b:{\"href\":\"/agent/claims/claim-2\",\"children\":\"Review\"}\n13c:[[\"eval\",\"webpack-internal:///(rsc)/./src/app/[locale]/(agent)/agent/claims/page.tsx\",218,138,128,47,false],[\"Array.map\",\"\",0,0,0,0,false],[\"AgentClaimsPage\",\"webpack-internal:///(rsc)/./src/app/[locale]/(agent)/agent/claims/page.tsx\",128,43,19,1,false]]\n13a:{\"asChild\":true,\"size\":\"sm\",\"variant\":\"outline\",\"children\":[\"$\",\"$d6\",null,\"$13b\",\"$43\",\"$13c\",1]}\n13d:[[\"eval\",\"webpack-internal:///(rsc)/./src/app/[locale]/(agent)/agent/claims/page.tsx\",214,134,128,47,false],[\"Array.map\",\"\",0,0,0,0,false],[\"AgentClaimsPage\",\"webpack-internal:///(rsc)/./src/app/[locale]/(agent)/agent/claims/page.tsx\",128,43,19,1,false]]\n139:{\"name\":\"TableCell\",\"key\":null,\"env\":\"Server\",\"owner\":\"$43\",\"stack\":[[\"eval\",\"webpack-internal:///(rsc)/./src/app/[locale]/(agent)/agent/claims/page.tsx\",212,120,128,47,false],[\"Array.map\",\"\",0,0,0,0,false],[\"AgentClaimsPage\",\"webpack-internal:///(rsc)/./src/app/[locale]/(agent)/agent/claims/page.tsx\",128,43,19,1,false]],\"props\":{\"className\":\"text-right\",\"children\":[\"$\",\"$d2\",null,\"$13a\",\"$43\",\"$13d\",1]}}\n13e:[[\"TableCell\",\"webpack-internal:///(rsc)/../../packages/ui/src/components/table.tsx\",87,186,87,79,false]]\n140:{\"name\":\"Button\",\"key\":null,\"env\":\"Server\",\"owner\":\"$43\",\"stack\":[[\"eval\",\"webpack-internal:///(rsc)/./src/app/[locale]/(agent)/agent/claims/page.tsx\",214,134,128,47,false],[\"Array.map\",\"\",0,0,0,0,false],[\"AgentClaimsPage\",\"webpack-internal:///(rsc)/./src/app/[locale]/(agent)/agent/claims/page.tsx\",128,43,19,1,false]],\"props\":\"$13a\"}\n141:{\"name\":\"Slot.Slot\",\"key\":null,\"env\":\"Server\",\"owner\":\"$140\",\"stack\":[[\"Button\",\"webpack-internal:///(rsc)/../../packages/ui/src/components/button.tsx\",44,87,42,76,false]],\"props\":{\"className\":\"inline-flex items-center justify-center whitespace-nowrap text-sm font-medium ring-offset-background transition-all duration-200 focus-visible:outline-none focus-visible:ring-2 focus-visible:ring-ring focus-visible:ring-offset-2 disabled:pointer-events-none disabled:opacity-50 interactive-press border border-[hsl(var(--border))] bg-transparent hover:bg-[hsl(var(--muted-100))] hover:text-[hsl(var(--foreground))] h-9 rounded-md px-3\",\"ref\":\"$undefined\",\"disabled\":\"$undefined\",\"children\":\"$13a:children\"}}\n142:{\"name\":\"Slot.SlotClone\",\"key\":null,\"env\":\"Server\",\"owner\":\"$141\",\"stack\":[],\"props\":{\"className\":\"inline-flex items-center justify-center whitespace-nowrap text-sm font-medium ring-offset-background transition-all duration-200 focus-visible:outline-none focus-visible:ring-2 focus-visible:ring-ring focus-visible:ring-offset-2 disabled:pointer-events-none disabled:opacity-50 interactive-press border border-[hsl(var(--border))] bg-transparent hover:bg-[hsl(var(--muted-100))] hover:text-[hsl(var(--foreground))] h-9 rounded-md px-3\",\"ref\":\"$undefined\",\"disabled\":\"$undefined\",\"children\":\"$13a:children\"}}\n143:{\"name\":\"Link\",\"key\":null,\"env\":\"Server\",\"owner\":\"$142\",\"stack\":[[\"eval\",\"webpack-internal:///(rsc)/./src/app/[locale]/(agent)/agent/claims/page.tsx\",218,138,128,47,false],[\"Array.map\",\"\",0,0,0,0,false],[\"AgentClaimsPage\",\"webpack-internal:///(rsc)/./src/app/[locale]/(agent)/agent/claims/page.tsx\",128,43,19,1,false]],\"props\":{\"href\":\"/agent/claims/claim-2\",\"children\":\"Review\",\"className\":\"inline-flex items-center justify-center whitespace-nowrap text-sm font-medium ring-offset-background transition-all duration-200 focus-visible:outline-none focus-visible:ring-2 focus-visible:ring-ring focus-visible:ring-offset-2 disabled:pointer-events-none disabled:opacity-50 interactive-press border border-[hsl(var(--border))] bg-transparent hover:bg-[hsl(var(--muted-100))] hover:text-[hsl(var(--foreground))] h-9 rounded-md px-3\",\"ref\":null,\"disabled\":\"$undefined\"}}\n148:{\"className\":\"font-medium\",\"children\":\"Test Member\"}\n149:[[\"eval\",\"webpack-internal:///(rsc)/./src/app/[locale]/(agent)/agent/claims/page.tsx\",134,132,128,47,false],[\"Array.map\",\"\",0,0,0,0,false],[\"AgentClaimsPage\",\"webpack-internal:///(rsc)/./src/app/[locale]/(agent)/agent/claims/page.tsx\",128,43,19,1,fa"])</script><script>self.__next_f.push([1,"lse]]\n147:{\"className\":\"flex flex-col\",\"children\":[[\"$\",\"span\",null,\"$148\",\"$43\",\"$149\",1],\"$Y\"]}\n14a:[[\"eval\",\"webpack-internal:///(rsc)/./src/app/[locale]/(agent)/agent/claims/page.tsx\",131,134,128,47,false],[\"Array.map\",\"\",0,0,0,0,false],[\"AgentClaimsPage\",\"webpack-internal:///(rsc)/./src/app/[locale]/(agent)/agent/claims/page.tsx\",128,43,19,1,false]]\n146:{\"children\":[\"$\",\"div\",null,\"$147\",\"$43\",\"$14a\",1]}\n14b:[[\"eval\",\"webpack-internal:///(rsc)/./src/app/[locale]/(agent)/agent/claims/page.tsx\",130,120,128,47,false],[\"Array.map\",\"\",0,0,0,0,false],[\"AgentClaimsPage\",\"webpack-internal:///(rsc)/./src/app/[locale]/(agent)/agent/claims/page.tsx\",128,43,19,1,false]]\n145:{\"name\":\"TableRow\",\"key\":\"claim-3\",\"env\":\"Server\",\"owner\":\"$43\",\"stack\":[[\"eval\",\"webpack-internal:///(rsc)/./src/app/[locale]/(agent)/agent/claims/page.tsx\",128,131,128,47,false],[\"Array.map\",\"\",0,0,0,0,false],[\"AgentClaimsPage\",\"webpack-internal:///(rsc)/./src/app/[locale]/(agent)/agent/claims/page.tsx\",128,43,19,1,false]],\"props\":{\"children\":[[\"$\",\"$a9\",null,\"$146\",\"$43\",\"$14b\",1],\"$Y\",\"$Y\",\"$Y\",\"$Y\",\"$Y\"]}}\n14c:[[\"TableRow\",\"webpack-internal:///(rsc)/../../packages/ui/src/components/table.tsx\",67,185,67,78,false]]\n14e:{\"name\":\"TableCell\",\"key\":null,\"env\":\"Server\",\"owner\":\"$43\",\"stack\":[[\"eval\",\"webpack-internal:///(rsc)/./src/app/[locale]/(agent)/agent/claims/page.tsx\",130,120,128,47,false],[\"Array.map\",\"\",0,0,0,0,false],[\"AgentClaimsPage\",\"webpack-internal:///(rsc)/./src/app/[locale]/(agent)/agent/claims/page.tsx\",128,43,19,1,false]],\"props\":\"$146\"}\n14f:[[\"TableCell\",\"webpack-internal:///(rsc)/../../packages/ui/src/components/table.tsx\",87,186,87,79,false]]\n150:[[\"eval\",\"webpack-internal:///(rsc)/./src/app/[locale]/(agent)/agent/claims/page.tsx\",131,134,128,47,false],[\"Array.map\",\"\",0,0,0,0,false],[\"AgentClaimsPage\",\"webpack-internal:///(rsc)/./src/app/[locale]/(agent)/agent/claims/page.tsx\",128,43,19,1,false]]\n151:[[\"eval\",\"webpack-internal:///(rsc)/./src/app/[locale]/(agent)/agent/claims/page.tsx\",134,132,128,47,false],[\"Array.map\",\"\",0,0,0,0,false],[\"AgentClaimsPage\",\"webpack-internal:///(rsc)/./src/app/[locale]/(agent)/agent/claims/page.tsx\",128,43,19,1,false]]\n152:[[\"eval\",\"webpack-internal:///(rsc)/./src/app/[locale]/(agent)/agent/claims/page.tsx\",142,132,128,47,false],[\"Array.map\",\"\",0,0,0,0,false],[\"AgentClaimsPage\",\"webpack-internal:///(rsc)/./src/app/[locale]/(agent)/agent/claims/page.tsx\",128,43,19,1,false]]\n155:{\"className\":\"font-medium\",\"children\":\"Defective Laptop\"}\n156:[[\"eval\",\"webpack-internal:///(rsc)/./src/app/[locale]/(agent)/agent/claims/page.tsx\",163,128,128,47,false],[\"Array.map\",\"\",0,0,0,0,false],[\"AgentClaimsPage\",\"webpack-internal:///(rsc)/./src/app/[locale]/(agent)/agent/claims/page.tsx\",128,43,19,1,false]]\n154:{\"name\":\"TableCell\",\"key\":null,\"env\":\"Server\",\"owner\":\"$43\",\"stack\":[[\"eval\",\"webpack-internal:///(rsc)/./src/app/[locale]/(agent)/agent/claims/page.tsx\",161,120,128,47,false],[\"Array.map\",\"\",0,0,0,0,false],[\"AgentClaimsPage\",\"webpack-internal:///(rsc)/./src/app/[locale]/(agent)/agent/claims/page.tsx\",128,43,19,1,false]],\"props\":{\"children\":[[\"$\",\"div\",null,\"$155\",\"$43\",\"$156\",1],\"$Y\"]}}\n157:[[\"TableCell\",\"webpack-internal:///(rsc)/../../packages/ui/src/components/table.tsx\",87,186,87,79,false]]\n158:[[\"eval\",\"webpack-internal:///(rsc)/./src/app/[locale]/(agent)/agent/claims/page.tsx\",163,128,128,47,false],[\"Array.map\",\"\",0,0,0,0,false],[\"AgentClaimsPage\",\"webpack-internal:///(rsc)/./src/app/[locale]/(agent)/agent/claims/page.tsx\",128,43,19,1,false]]\n159:[[\"eval\",\"webpack-internal:///(rsc)/./src/app/[locale]/(agent)/agent/claims/page.tsx\",171,128,128,47,false],[\"Array.map\",\"\",0,0,0,0,false],[\"AgentClaimsPage\",\"webpack-internal:///(rsc)/./src/app/[locale]/(agent)/agent/claims/page.tsx\",128,43,19,1,false]]\n15c:{\"status\":\"evaluation\"}\n15d:[[\"eval\",\"webpack-internal:///(rsc)/./src/app/[locale]/(agent)/agent/claims/page.tsx\",186,134,128,47,false],[\"Array.map\",\"\",0,0,0,0,false],[\"AgentClaimsPage\",\"webpack-internal:///(rsc)/./src/app/[locale]/(agent)/agent/claims/page.tsx\",128,43,19,1,false]]\n15b:{\"name\":\"TableCell\",\"key\":null,"])</script><script>self.__next_f.push([1,"\"env\":\"Server\",\"owner\":\"$43\",\"stack\":[[\"eval\",\"webpack-internal:///(rsc)/./src/app/[locale]/(agent)/agent/claims/page.tsx\",185,120,128,47,false],[\"Array.map\",\"\",0,0,0,0,false],[\"AgentClaimsPage\",\"webpack-internal:///(rsc)/./src/app/[locale]/(agent)/agent/claims/page.tsx\",128,43,19,1,false]],\"props\":{\"children\":[\"$\",\"$c2\",null,\"$15c\",\"$43\",\"$15d\",1]}}\n15e:[[\"TableCell\",\"webpack-internal:///(rsc)/../../packages/ui/src/components/table.tsx\",87,186,87,79,false]]\n160:{\"name\":\"ClaimStatusBadge\",\"key\":null,\"env\":\"Server\",\"owner\":\"$43\",\"stack\":[[\"eval\",\"webpack-internal:///(rsc)/./src/app/[locale]/(agent)/agent/claims/page.tsx\",186,134,128,47,false],[\"Array.map\",\"\",0,0,0,0,false],[\"AgentClaimsPage\",\"webpack-internal:///(rsc)/./src/app/[locale]/(agent)/agent/claims/page.tsx\",128,43,19,1,false]],\"props\":\"$15c\"}\n161:{\"name\":\"Badge\",\"key\":null,\"env\":\"Server\",\"owner\":\"$160\",\"stack\":[[\"ClaimStatusBadge\",\"webpack-internal:///(rsc)/./src/components/dashboard/claims/claim-status-badge.tsx\",42,100,32,1,false]],\"props\":{\"variant\":\"outline\",\"children\":\"evaluation\"}}\n162:[[\"Badge\",\"webpack-internal:///(rsc)/../../packages/ui/src/components/badge.tsx\",33,87,32,1,false]]\n164:{\"name\":\"TableCell\",\"key\":null,\"env\":\"Server\",\"owner\":\"$43\",\"stack\":[[\"eval\",\"webpack-internal:///(rsc)/./src/app/[locale]/(agent)/agent/claims/page.tsx\",198,120,128,47,false],[\"Array.map\",\"\",0,0,0,0,false],[\"AgentClaimsPage\",\"webpack-internal:///(rsc)/./src/app/[locale]/(agent)/agent/claims/page.tsx\",128,43,19,1,false]],\"props\":{\"children\":\"850.00 EUR\"}}\n165:[[\"TableCell\",\"webpack-internal:///(rsc)/../../packages/ui/src/components/table.tsx\",87,186,87,79,false]]\n167:{\"name\":\"TableCell\",\"key\":null,\"env\":\"Server\",\"owner\":\"$43\",\"stack\":[[\"eval\",\"webpack-internal:///(rsc)/./src/app/[locale]/(agent)/agent/claims/page.tsx\",205,120,128,47,false],[\"Array.map\",\"\",0,0,0,0,false],[\"AgentClaimsPage\",\"webpack-internal:///(rsc)/./src/app/[locale]/(agent)/agent/claims/page.tsx\",128,43,19,1,false]],\"props\":{\"children\":\"12/6/2025\"}}\n168:[[\"TableCell\",\"webpack-internal:///(rsc)/../../packages/ui/src/components/table.tsx\",87,186,87,79,false]]\n16c:{\"href\":\"/agent/claims/claim-3\",\"children\":\"Review\"}\n16d:[[\"eval\",\"webpack-internal:///(rsc)/./src/app/[locale]/(agent)/agent/claims/page.tsx\",218,138,128,47,false],[\"Array.map\",\"\",0,0,0,0,false],[\"AgentClaimsPage\",\"webpack-internal:///(rsc)/./src/app/[locale]/(agent)/agent/claims/page.tsx\",128,43,19,1,false]]\n16b:{\"asChild\":true,\"size\":\"sm\",\"variant\":\"outline\",\"children\":[\"$\",\"$d6\",null,\"$16c\",\"$43\",\"$16d\",1]}\n16e:[[\"eval\",\"webpack-internal:///(rsc)/./src/app/[locale]/(agent)/agent/claims/page.tsx\",214,134,128,47,false],[\"Array.map\",\"\",0,0,0,0,false],[\"AgentClaimsPage\",\"webpack-internal:///(rsc)/./src/app/[locale]/(agent)/agent/claims/page.tsx\",128,43,19,1,false]]\n16a:{\"name\":\"TableCell\",\"key\":null,\"env\":\"Server\",\"owner\":\"$43\",\"stack\":[[\"eval\",\"webpack-internal:///(rsc)/./src/app/[locale]/(agent)/agent/claims/page.tsx\",212,120,128,47,false],[\"Array.map\",\"\",0,0,0,0,false],[\"AgentClaimsPage\",\"webpack-internal:///(rsc)/./src/app/[locale]/(agent)/agent/claims/page.tsx\",128,43,19,1,false]],\"props\":{\"className\":\"text-right\",\"children\":[\"$\",\"$d2\",null,\"$16b\",\"$43\",\"$16e\",1]}}\n16f:[[\"TableCell\",\"webpack-internal:///(rsc)/../../packages/ui/src/components/table.tsx\",87,186,87,79,false]]\n171:{\"name\":\"Button\",\"key\":null,\"env\":\"Server\",\"owner\":\"$43\",\"stack\":[[\"eval\",\"webpack-internal:///(rsc)/./src/app/[locale]/(agent)/agent/claims/page.tsx\",214,134,128,47,false],[\"Array.map\",\"\",0,0,0,0,false],[\"AgentClaimsPage\",\"webpack-internal:///(rsc)/./src/app/[locale]/(agent)/agent/claims/page.tsx\",128,43,19,1,false]],\"props\":\"$16b\"}\n172:{\"name\":\"Slot.Slot\",\"key\":null,\"env\":\"Server\",\"owner\":\"$171\",\"stack\":[[\"Button\",\"webpack-internal:///(rsc)/../../packages/ui/src/components/button.tsx\",44,87,42,76,false]],\"props\":{\"className\":\"inline-flex items-center justify-center whitespace-nowrap text-sm font-medium ring-offset-background transition-all duration-200 focus-visible:outline-none focus-visible:ring-2 focus-visible:ring-ring focus-visible:ring-offset-2 disabled:pointer-e"])</script><script>self.__next_f.push([1,"vents-none disabled:opacity-50 interactive-press border border-[hsl(var(--border))] bg-transparent hover:bg-[hsl(var(--muted-100))] hover:text-[hsl(var(--foreground))] h-9 rounded-md px-3\",\"ref\":\"$undefined\",\"disabled\":\"$undefined\",\"children\":\"$16b:children\"}}\n173:{\"name\":\"Slot.SlotClone\",\"key\":null,\"env\":\"Server\",\"owner\":\"$172\",\"stack\":[],\"props\":{\"className\":\"inline-flex items-center justify-center whitespace-nowrap text-sm font-medium ring-offset-background transition-all duration-200 focus-visible:outline-none focus-visible:ring-2 focus-visible:ring-ring focus-visible:ring-offset-2 disabled:pointer-events-none disabled:opacity-50 interactive-press border border-[hsl(var(--border))] bg-transparent hover:bg-[hsl(var(--muted-100))] hover:text-[hsl(var(--foreground))] h-9 rounded-md px-3\",\"ref\":\"$undefined\",\"disabled\":\"$undefined\",\"children\":\"$16b:children\"}}\n174:{\"name\":\"Link\",\"key\":null,\"env\":\"Server\",\"owner\":\"$173\",\"stack\":[[\"eval\",\"webpack-internal:///(rsc)/./src/app/[locale]/(agent)/agent/claims/page.tsx\",218,138,128,47,false],[\"Array.map\",\"\",0,0,0,0,false],[\"AgentClaimsPage\",\"webpack-internal:///(rsc)/./src/app/[locale]/(agent)/agent/claims/page.tsx\",128,43,19,1,false]],\"props\":{\"href\":\"/agent/claims/claim-3\",\"children\":\"Review\",\"className\":\"inline-flex items-center justify-center whitespace-nowrap text-sm font-medium ring-offset-background transition-all duration-200 focus-visible:outline-none focus-visible:ring-2 focus-visible:ring-ring focus-visible:ring-offset-2 disabled:pointer-events-none disabled:opacity-50 interactive-press border border-[hsl(var(--border))] bg-transparent hover:bg-[hsl(var(--muted-100))] hover:text-[hsl(var(--foreground))] h-9 rounded-md px-3\",\"ref\":null,\"disabled\":\"$undefined\"}}\n179:{\"className\":\"font-medium\",\"children\":\"Test Member\"}\n17a:[[\"eval\",\"webpack-internal:///(rsc)/./src/app/[locale]/(agent)/agent/claims/page.tsx\",134,132,128,47,false],[\"Array.map\",\"\",0,0,0,0,false],[\"AgentClaimsPage\",\"webpack-internal:///(rsc)/./src/app/[locale]/(agent)/agent/claims/page.tsx\",128,43,19,1,false]]\n178:{\"className\":\"flex flex-col\",\"children\":[[\"$\",\"span\",null,\"$179\",\"$43\",\"$17a\",1],\"$Y\"]}\n17b:[[\"eval\",\"webpack-internal:///(rsc)/./src/app/[locale]/(agent)/agent/claims/page.tsx\",131,134,128,47,false],[\"Array.map\",\"\",0,0,0,0,false],[\"AgentClaimsPage\",\"webpack-internal:///(rsc)/./src/app/[locale]/(agent)/agent/claims/page.tsx\",128,43,19,1,false]]\n177:{\"children\":[\"$\",\"div\",null,\"$178\",\"$43\",\"$17b\",1]}\n17c:[[\"eval\",\"webpack-internal:///(rsc)/./src/app/[locale]/(agent)/agent/claims/page.tsx\",130,120,128,47,false],[\"Array.map\",\"\",0,0,0,0,false],[\"AgentClaimsPage\",\"webpack-internal:///(rsc)/./src/app/[locale]/(agent)/agent/claims/page.tsx\",128,43,19,1,false]]\n176:{\"name\":\"TableRow\",\"key\":\"claim-4\",\"env\":\"Server\",\"owner\":\"$43\",\"stack\":[[\"eval\",\"webpack-internal:///(rsc)/./src/app/[locale]/(agent)/agent/claims/page.tsx\",128,131,128,47,false],[\"Array.map\",\"\",0,0,0,0,false],[\"AgentClaimsPage\",\"webpack-internal:///(rsc)/./src/app/[locale]/(agent)/agent/claims/page.tsx\",128,43,19,1,false]],\"props\":{\"children\":[[\"$\",\"$a9\",null,\"$177\",\"$43\",\"$17c\",1],\"$Y\",\"$Y\",\"$Y\",\"$Y\",\"$Y\"]}}\n17d:[[\"TableRow\",\"webpack-internal:///(rsc)/../../packages/ui/src/components/table.tsx\",67,185,67,78,false]]\n17f:{\"name\":\"TableCell\",\"key\":null,\"env\":\"Server\",\"owner\":\"$43\",\"stack\":[[\"eval\",\"webpack-internal:///(rsc)/./src/app/[locale]/(agent)/agent/claims/page.tsx\",130,120,128,47,false],[\"Array.map\",\"\",0,0,0,0,false],[\"AgentClaimsPage\",\"webpack-internal:///(rsc)/./src/app/[locale]/(agent)/agent/claims/page.tsx\",128,43,19,1,false]],\"props\":\"$177\"}\n180:[[\"TableCell\",\"webpack-internal:///(rsc)/../../packages/ui/src/components/table.tsx\",87,186,87,79,false]]\n181:[[\"eval\",\"webpack-internal:///(rsc)/./src/app/[locale]/(agent)/agent/claims/page.tsx\",131,134,128,47,false],[\"Array.map\",\"\",0,0,0,0,false],[\"AgentClaimsPage\",\"webpack-internal:///(rsc)/./src/app/[locale]/(agent)/agent/claims/page.tsx\",128,43,19,1,false]]\n182:[[\"eval\",\"webpack-internal:///(rsc)/./src/app/[locale]/(agent)/agent/claims/page.tsx\",134,132,128,47,false],[\"Array.map\",\"\",0,0,0"])</script><script>self.__next_f.push([1,",0,false],[\"AgentClaimsPage\",\"webpack-internal:///(rsc)/./src/app/[locale]/(agent)/agent/claims/page.tsx\",128,43,19,1,false]]\n183:[[\"eval\",\"webpack-internal:///(rsc)/./src/app/[locale]/(agent)/agent/claims/page.tsx\",142,132,128,47,false],[\"Array.map\",\"\",0,0,0,0,false],[\"AgentClaimsPage\",\"webpack-internal:///(rsc)/./src/app/[locale]/(agent)/agent/claims/page.tsx\",128,43,19,1,false]]\n186:{\"className\":\"font-medium\",\"children\":\"Water Damage in Apartment\"}\n187:[[\"eval\",\"webpack-internal:///(rsc)/./src/app/[locale]/(agent)/agent/claims/page.tsx\",163,128,128,47,false],[\"Array.map\",\"\",0,0,0,0,false],[\"AgentClaimsPage\",\"webpack-internal:///(rsc)/./src/app/[locale]/(agent)/agent/claims/page.tsx\",128,43,19,1,false]]\n185:{\"name\":\"TableCell\",\"key\":null,\"env\":\"Server\",\"owner\":\"$43\",\"stack\":[[\"eval\",\"webpack-internal:///(rsc)/./src/app/[locale]/(agent)/agent/claims/page.tsx\",161,120,128,47,false],[\"Array.map\",\"\",0,0,0,0,false],[\"AgentClaimsPage\",\"webpack-internal:///(rsc)/./src/app/[locale]/(agent)/agent/claims/page.tsx\",128,43,19,1,false]],\"props\":{\"children\":[[\"$\",\"div\",null,\"$186\",\"$43\",\"$187\",1],\"$Y\"]}}\n188:[[\"TableCell\",\"webpack-internal:///(rsc)/../../packages/ui/src/components/table.tsx\",87,186,87,79,false]]\n189:[[\"eval\",\"webpack-internal:///(rsc)/./src/app/[locale]/(agent)/agent/claims/page.tsx\",163,128,128,47,false],[\"Array.map\",\"\",0,0,0,0,false],[\"AgentClaimsPage\",\"webpack-internal:///(rsc)/./src/app/[locale]/(agent)/agent/claims/page.tsx\",128,43,19,1,false]]\n18a:[[\"eval\",\"webpack-internal:///(rsc)/./src/app/[locale]/(agent)/agent/claims/page.tsx\",171,128,128,47,false],[\"Array.map\",\"\",0,0,0,0,false],[\"AgentClaimsPage\",\"webpack-internal:///(rsc)/./src/app/[locale]/(agent)/agent/claims/page.tsx\",128,43,19,1,false]]\n18d:{\"status\":\"negotiation\"}\n18e:[[\"eval\",\"webpack-internal:///(rsc)/./src/app/[locale]/(agent)/agent/claims/page.tsx\",186,134,128,47,false],[\"Array.map\",\"\",0,0,0,0,false],[\"AgentClaimsPage\",\"webpack-internal:///(rsc)/./src/app/[locale]/(agent)/agent/claims/page.tsx\",128,43,19,1,false]]\n18c:{\"name\":\"TableCell\",\"key\":null,\"env\":\"Server\",\"owner\":\"$43\",\"stack\":[[\"eval\",\"webpack-internal:///(rsc)/./src/app/[locale]/(agent)/agent/claims/page.tsx\",185,120,128,47,false],[\"Array.map\",\"\",0,0,0,0,false],[\"AgentClaimsPage\",\"webpack-internal:///(rsc)/./src/app/[locale]/(agent)/agent/claims/page.tsx\",128,43,19,1,false]],\"props\":{\"children\":[\"$\",\"$c2\",null,\"$18d\",\"$43\",\"$18e\",1]}}\n18f:[[\"TableCell\",\"webpack-internal:///(rsc)/../../packages/ui/src/components/table.tsx\",87,186,87,79,false]]\n191:{\"name\":\"ClaimStatusBadge\",\"key\":null,\"env\":\"Server\",\"owner\":\"$43\",\"stack\":[[\"eval\",\"webpack-internal:///(rsc)/./src/app/[locale]/(agent)/agent/claims/page.tsx\",186,134,128,47,false],[\"Array.map\",\"\",0,0,0,0,false],[\"AgentClaimsPage\",\"webpack-internal:///(rsc)/./src/app/[locale]/(agent)/agent/claims/page.tsx\",128,43,19,1,false]],\"props\":\"$18d\"}\n192:{\"name\":\"Badge\",\"key\":null,\"env\":\"Server\",\"owner\":\"$191\",\"stack\":[[\"ClaimStatusBadge\",\"webpack-internal:///(rsc)/./src/components/dashboard/claims/claim-status-badge.tsx\",42,100,32,1,false]],\"props\":{\"variant\":\"outline\",\"children\":\"negotiation\"}}\n193:[[\"Badge\",\"webpack-internal:///(rsc)/../../packages/ui/src/components/badge.tsx\",33,87,32,1,false]]\n195:{\"name\":\"TableCell\",\"key\":null,\"env\":\"Server\",\"owner\":\"$43\",\"stack\":[[\"eval\",\"webpack-internal:///(rsc)/./src/app/[locale]/(agent)/agent/claims/page.tsx\",198,120,128,47,false],[\"Array.map\",\"\",0,0,0,0,false],[\"AgentClaimsPage\",\"webpack-internal:///(rsc)/./src/app/[locale]/(agent)/agent/claims/page.tsx\",128,43,19,1,false]],\"props\":{\"children\":\"2500.00 EUR\"}}\n196:[[\"TableCell\",\"webpack-internal:///(rsc)/../../packages/ui/src/components/table.tsx\",87,186,87,79,false]]\n198:{\"name\":\"TableCell\",\"key\":null,\"env\":\"Server\",\"owner\":\"$43\",\"stack\":[[\"eval\",\"webpack-internal:///(rsc)/./src/app/[locale]/(agent)/agent/claims/page.tsx\",205,120,128,47,false],[\"Array.map\",\"\",0,0,0,0,false],[\"AgentClaimsPage\",\"webpack-internal:///(rsc)/./src/app/[locale]/(agent)/agent/claims/page.tsx\",128,43,19,1,false]],\"props\":{\"children\":\"11/26/2025\"}}\n199:[[\"TableCell\",\"webpack-inter"])</script><script>self.__next_f.push([1,"nal:///(rsc)/../../packages/ui/src/components/table.tsx\",87,186,87,79,false]]\n19d:{\"href\":\"/agent/claims/claim-4\",\"children\":\"Review\"}\n19e:[[\"eval\",\"webpack-internal:///(rsc)/./src/app/[locale]/(agent)/agent/claims/page.tsx\",218,138,128,47,false],[\"Array.map\",\"\",0,0,0,0,false],[\"AgentClaimsPage\",\"webpack-internal:///(rsc)/./src/app/[locale]/(agent)/agent/claims/page.tsx\",128,43,19,1,false]]\n19c:{\"asChild\":true,\"size\":\"sm\",\"variant\":\"outline\",\"children\":[\"$\",\"$d6\",null,\"$19d\",\"$43\",\"$19e\",1]}\n19f:[[\"eval\",\"webpack-internal:///(rsc)/./src/app/[locale]/(agent)/agent/claims/page.tsx\",214,134,128,47,false],[\"Array.map\",\"\",0,0,0,0,false],[\"AgentClaimsPage\",\"webpack-internal:///(rsc)/./src/app/[locale]/(agent)/agent/claims/page.tsx\",128,43,19,1,false]]\n19b:{\"name\":\"TableCell\",\"key\":null,\"env\":\"Server\",\"owner\":\"$43\",\"stack\":[[\"eval\",\"webpack-internal:///(rsc)/./src/app/[locale]/(agent)/agent/claims/page.tsx\",212,120,128,47,false],[\"Array.map\",\"\",0,0,0,0,false],[\"AgentClaimsPage\",\"webpack-internal:///(rsc)/./src/app/[locale]/(agent)/agent/claims/page.tsx\",128,43,19,1,false]],\"props\":{\"className\":\"text-right\",\"children\":[\"$\",\"$d2\",null,\"$19c\",\"$43\",\"$19f\",1]}}\n1a0:[[\"TableCell\",\"webpack-internal:///(rsc)/../../packages/ui/src/components/table.tsx\",87,186,87,79,false]]\n1a2:{\"name\":\"Button\",\"key\":null,\"env\":\"Server\",\"owner\":\"$43\",\"stack\":[[\"eval\",\"webpack-internal:///(rsc)/./src/app/[locale]/(agent)/agent/claims/page.tsx\",214,134,128,47,false],[\"Array.map\",\"\",0,0,0,0,false],[\"AgentClaimsPage\",\"webpack-internal:///(rsc)/./src/app/[locale]/(agent)/agent/claims/page.tsx\",128,43,19,1,false]],\"props\":\"$19c\"}\n1a3:{\"name\":\"Slot.Slot\",\"key\":null,\"env\":\"Server\",\"owner\":\"$1a2\",\"stack\":[[\"Button\",\"webpack-internal:///(rsc)/../../packages/ui/src/components/button.tsx\",44,87,42,76,false]],\"props\":{\"className\":\"inline-flex items-center justify-center whitespace-nowrap text-sm font-medium ring-offset-background transition-all duration-200 focus-visible:outline-none focus-visible:ring-2 focus-visible:ring-ring focus-visible:ring-offset-2 disabled:pointer-events-none disabled:opacity-50 interactive-press border border-[hsl(var(--border))] bg-transparent hover:bg-[hsl(var(--muted-100))] hover:text-[hsl(var(--foreground))] h-9 rounded-md px-3\",\"ref\":\"$undefined\",\"disabled\":\"$undefined\",\"children\":\"$19c:children\"}}\n1a4:{\"name\":\"Slot.SlotClone\",\"key\":null,\"env\":\"Server\",\"owner\":\"$1a3\",\"stack\":[],\"props\":{\"className\":\"inline-flex items-center justify-center whitespace-nowrap text-sm font-medium ring-offset-background transition-all duration-200 focus-visible:outline-none focus-visible:ring-2 focus-visible:ring-ring focus-visible:ring-offset-2 disabled:pointer-events-none disabled:opacity-50 interactive-press border border-[hsl(var(--border))] bg-transparent hover:bg-[hsl(var(--muted-100))] hover:text-[hsl(var(--foreground))] h-9 rounded-md px-3\",\"ref\":\"$undefined\",\"disabled\":\"$undefined\",\"children\":\"$19c:children\"}}\n1a5:{\"name\":\"Link\",\"key\":null,\"env\":\"Server\",\"owner\":\"$1a4\",\"stack\":[[\"eval\",\"webpack-internal:///(rsc)/./src/app/[locale]/(agent)/agent/claims/page.tsx\",218,138,128,47,false],[\"Array.map\",\"\",0,0,0,0,false],[\"AgentClaimsPage\",\"webpack-internal:///(rsc)/./src/app/[locale]/(agent)/agent/claims/page.tsx\",128,43,19,1,false]],\"props\":{\"href\":\"/agent/claims/claim-4\",\"children\":\"Review\",\"className\":\"inline-flex items-center justify-center whitespace-nowrap text-sm font-medium ring-offset-background transition-all duration-200 focus-visible:outline-none focus-visible:ring-2 focus-visible:ring-ring focus-visible:ring-offset-2 disabled:pointer-events-none disabled:opacity-50 interactive-press border border-[hsl(var(--border))] bg-transparent hover:bg-[hsl(var(--muted-100))] hover:text-[hsl(var(--foreground))] h-9 rounded-md px-3\",\"ref\":null,\"disabled\":\"$undefined\"}}\n1aa:{\"className\":\"font-medium\",\"children\":\"Test Member\"}\n1ab:[[\"eval\",\"webpack-internal:///(rsc)/./src/app/[locale]/(agent)/agent/claims/page.tsx\",134,132,128,47,false],[\"Array.map\",\"\",0,0,0,0,false],[\"AgentClaimsPage\",\"webpack-internal:///(rsc)/./src/app/[locale]/(agent)/agent/claims/page."])</script><script>self.__next_f.push([1,"tsx\",128,43,19,1,false]]\n1a9:{\"className\":\"flex flex-col\",\"children\":[[\"$\",\"span\",null,\"$1aa\",\"$43\",\"$1ab\",1],\"$Y\"]}\n1ac:[[\"eval\",\"webpack-internal:///(rsc)/./src/app/[locale]/(agent)/agent/claims/page.tsx\",131,134,128,47,false],[\"Array.map\",\"\",0,0,0,0,false],[\"AgentClaimsPage\",\"webpack-internal:///(rsc)/./src/app/[locale]/(agent)/agent/claims/page.tsx\",128,43,19,1,false]]\n1a8:{\"children\":[\"$\",\"div\",null,\"$1a9\",\"$43\",\"$1ac\",1]}\n1ad:[[\"eval\",\"webpack-internal:///(rsc)/./src/app/[locale]/(agent)/agent/claims/page.tsx\",130,120,128,47,false],[\"Array.map\",\"\",0,0,0,0,false],[\"AgentClaimsPage\",\"webpack-internal:///(rsc)/./src/app/[locale]/(agent)/agent/claims/page.tsx\",128,43,19,1,false]]\n1a7:{\"name\":\"TableRow\",\"key\":\"claim-5\",\"env\":\"Server\",\"owner\":\"$43\",\"stack\":[[\"eval\",\"webpack-internal:///(rsc)/./src/app/[locale]/(agent)/agent/claims/page.tsx\",128,131,128,47,false],[\"Array.map\",\"\",0,0,0,0,false],[\"AgentClaimsPage\",\"webpack-internal:///(rsc)/./src/app/[locale]/(agent)/agent/claims/page.tsx\",128,43,19,1,false]],\"props\":{\"children\":[[\"$\",\"$a9\",null,\"$1a8\",\"$43\",\"$1ad\",1],\"$Y\",\"$Y\",\"$Y\",\"$Y\",\"$Y\"]}}\n1ae:[[\"TableRow\",\"webpack-internal:///(rsc)/../../packages/ui/src/components/table.tsx\",67,185,67,78,false]]\n1b0:{\"name\":\"TableCell\",\"key\":null,\"env\":\"Server\",\"owner\":\"$43\",\"stack\":[[\"eval\",\"webpack-internal:///(rsc)/./src/app/[locale]/(agent)/agent/claims/page.tsx\",130,120,128,47,false],[\"Array.map\",\"\",0,0,0,0,false],[\"AgentClaimsPage\",\"webpack-internal:///(rsc)/./src/app/[locale]/(agent)/agent/claims/page.tsx\",128,43,19,1,false]],\"props\":\"$1a8\"}\n1b1:[[\"TableCell\",\"webpack-internal:///(rsc)/../../packages/ui/src/components/table.tsx\",87,186,87,79,false]]\n1b2:[[\"eval\",\"webpack-internal:///(rsc)/./src/app/[locale]/(agent)/agent/claims/page.tsx\",131,134,128,47,false],[\"Array.map\",\"\",0,0,0,0,false],[\"AgentClaimsPage\",\"webpack-internal:///(rsc)/./src/app/[locale]/(agent)/agent/claims/page.tsx\",128,43,19,1,false]]\n1b3:[[\"eval\",\"webpack-internal:///(rsc)/./src/app/[locale]/(agent)/agent/claims/page.tsx\",134,132,128,47,false],[\"Array.map\",\"\",0,0,0,0,false],[\"AgentClaimsPage\",\"webpack-internal:///(rsc)/./src/app/[locale]/(agent)/agent/claims/page.tsx\",128,43,19,1,false]]\n1b4:[[\"eval\",\"webpack-internal:///(rsc)/./src/app/[locale]/(agent)/agent/claims/page.tsx\",142,132,128,47,false],[\"Array.map\",\"\",0,0,0,0,false],[\"AgentClaimsPage\",\"webpack-internal:///(rsc)/./src/app/[locale]/(agent)/agent/claims/page.tsx\",128,43,19,1,false]]\n1b7:{\"className\":\"font-medium\",\"children\":\"Rejected Insurance Claim\"}\n1b8:[[\"eval\",\"webpack-internal:///(rsc)/./src/app/[locale]/(agent)/agent/claims/page.tsx\",163,128,128,47,false],[\"Array.map\",\"\",0,0,0,0,false],[\"AgentClaimsPage\",\"webpack-internal:///(rsc)/./src/app/[locale]/(agent)/agent/claims/page.tsx\",128,43,19,1,false]]\n1b6:{\"name\":\"TableCell\",\"key\":null,\"env\":\"Server\",\"owner\":\"$43\",\"stack\":[[\"eval\",\"webpack-internal:///(rsc)/./src/app/[locale]/(agent)/agent/claims/page.tsx\",161,120,128,47,false],[\"Array.map\",\"\",0,0,0,0,false],[\"AgentClaimsPage\",\"webpack-internal:///(rsc)/./src/app/[locale]/(agent)/agent/claims/page.tsx\",128,43,19,1,false]],\"props\":{\"children\":[[\"$\",\"div\",null,\"$1b7\",\"$43\",\"$1b8\",1],\"$Y\"]}}\n1b9:[[\"TableCell\",\"webpack-internal:///(rsc)/../../packages/ui/src/components/table.tsx\",87,186,87,79,false]]\n1ba:[[\"eval\",\"webpack-internal:///(rsc)/./src/app/[locale]/(agent)/agent/claims/page.tsx\",163,128,128,47,false],[\"Array.map\",\"\",0,0,0,0,false],[\"AgentClaimsPage\",\"webpack-internal:///(rsc)/./src/app/[locale]/(agent)/agent/claims/page.tsx\",128,43,19,1,false]]\n1bb:[[\"eval\",\"webpack-internal:///(rsc)/./src/app/[locale]/(agent)/agent/claims/page.tsx\",171,128,128,47,false],[\"Array.map\",\"\",0,0,0,0,false],[\"AgentClaimsPage\",\"webpack-internal:///(rsc)/./src/app/[locale]/(agent)/agent/claims/page.tsx\",128,43,19,1,false]]\n1be:{\"status\":\"rejected\"}\n1bf:[[\"eval\",\"webpack-internal:///(rsc)/./src/app/[locale]/(agent)/agent/claims/page.tsx\",186,134,128,47,false],[\"Array.map\",\"\",0,0,0,0,false],[\"AgentClaimsPage\",\"webpack-internal:///(rsc)/./src/app/[locale]/(agent)/agent/claims/page.tsx\",128,43,19,1,false]]\n1bd:{\"name"])</script><script>self.__next_f.push([1,"\":\"TableCell\",\"key\":null,\"env\":\"Server\",\"owner\":\"$43\",\"stack\":[[\"eval\",\"webpack-internal:///(rsc)/./src/app/[locale]/(agent)/agent/claims/page.tsx\",185,120,128,47,false],[\"Array.map\",\"\",0,0,0,0,false],[\"AgentClaimsPage\",\"webpack-internal:///(rsc)/./src/app/[locale]/(agent)/agent/claims/page.tsx\",128,43,19,1,false]],\"props\":{\"children\":[\"$\",\"$c2\",null,\"$1be\",\"$43\",\"$1bf\",1]}}\n1c0:[[\"TableCell\",\"webpack-internal:///(rsc)/../../packages/ui/src/components/table.tsx\",87,186,87,79,false]]\n1c2:{\"name\":\"ClaimStatusBadge\",\"key\":null,\"env\":\"Server\",\"owner\":\"$43\",\"stack\":[[\"eval\",\"webpack-internal:///(rsc)/./src/app/[locale]/(agent)/agent/claims/page.tsx\",186,134,128,47,false],[\"Array.map\",\"\",0,0,0,0,false],[\"AgentClaimsPage\",\"webpack-internal:///(rsc)/./src/app/[locale]/(agent)/agent/claims/page.tsx\",128,43,19,1,false]],\"props\":\"$1be\"}\n1c3:{\"name\":\"Badge\",\"key\":null,\"env\":\"Server\",\"owner\":\"$1c2\",\"stack\":[[\"ClaimStatusBadge\",\"webpack-internal:///(rsc)/./src/components/dashboard/claims/claim-status-badge.tsx\",50,87,32,1,false]],\"props\":{\"variant\":\"destructive\",\"className\":\"capitalize\",\"children\":\"Rejected\"}}\n1c4:[[\"Badge\",\"webpack-internal:///(rsc)/../../packages/ui/src/components/badge.tsx\",33,87,32,1,false]]\n1c6:{\"name\":\"TableCell\",\"key\":null,\"env\":\"Server\",\"owner\":\"$43\",\"stack\":[[\"eval\",\"webpack-internal:///(rsc)/./src/app/[locale]/(agent)/agent/claims/page.tsx\",198,120,128,47,false],[\"Array.map\",\"\",0,0,0,0,false],[\"AgentClaimsPage\",\"webpack-internal:///(rsc)/./src/app/[locale]/(agent)/agent/claims/page.tsx\",128,43,19,1,false]],\"props\":{\"children\":\"5000.00 EUR\"}}\n1c7:[[\"TableCell\",\"webpack-internal:///(rsc)/../../packages/ui/src/components/table.tsx\",87,186,87,79,false]]\n1c9:{\"name\":\"TableCell\",\"key\":null,\"env\":\"Server\",\"owner\":\"$43\",\"stack\":[[\"eval\",\"webpack-internal:///(rsc)/./src/app/[locale]/(agent)/agent/claims/page.tsx\",205,120,128,47,false],[\"Array.map\",\"\",0,0,0,0,false],[\"AgentClaimsPage\",\"webpack-internal:///(rsc)/./src/app/[locale]/(agent)/agent/claims/page.tsx\",128,43,19,1,false]],\"props\":{\"children\":\"11/16/2025\"}}\n1ca:[[\"TableCell\",\"webpack-internal:///(rsc)/../../packages/ui/src/components/table.tsx\",87,186,87,79,false]]\n1ce:{\"href\":\"/agent/claims/claim-5\",\"children\":\"Review\"}\n1cf:[[\"eval\",\"webpack-internal:///(rsc)/./src/app/[locale]/(agent)/agent/claims/page.tsx\",218,138,128,47,false],[\"Array.map\",\"\",0,0,0,0,false],[\"AgentClaimsPage\",\"webpack-internal:///(rsc)/./src/app/[locale]/(agent)/agent/claims/page.tsx\",128,43,19,1,false]]\n1cd:{\"asChild\":true,\"size\":\"sm\",\"variant\":\"outline\",\"children\":[\"$\",\"$d6\",null,\"$1ce\",\"$43\",\"$1cf\",1]}\n1d0:[[\"eval\",\"webpack-internal:///(rsc)/./src/app/[locale]/(agent)/agent/claims/page.tsx\",214,134,128,47,false],[\"Array.map\",\"\",0,0,0,0,false],[\"AgentClaimsPage\",\"webpack-internal:///(rsc)/./src/app/[locale]/(agent)/agent/claims/page.tsx\",128,43,19,1,false]]\n1cc:{\"name\":\"TableCell\",\"key\":null,\"env\":\"Server\",\"owner\":\"$43\",\"stack\":[[\"eval\",\"webpack-internal:///(rsc)/./src/app/[locale]/(agent)/agent/claims/page.tsx\",212,120,128,47,false],[\"Array.map\",\"\",0,0,0,0,false],[\"AgentClaimsPage\",\"webpack-internal:///(rsc)/./src/app/[locale]/(agent)/agent/claims/page.tsx\",128,43,19,1,false]],\"props\":{\"className\":\"text-right\",\"children\":[\"$\",\"$d2\",null,\"$1cd\",\"$43\",\"$1d0\",1]}}\n1d1:[[\"TableCell\",\"webpack-internal:///(rsc)/../../packages/ui/src/components/table.tsx\",87,186,87,79,false]]\n1d3:{\"name\":\"Button\",\"key\":null,\"env\":\"Server\",\"owner\":\"$43\",\"stack\":[[\"eval\",\"webpack-internal:///(rsc)/./src/app/[locale]/(agent)/agent/claims/page.tsx\",214,134,128,47,false],[\"Array.map\",\"\",0,0,0,0,false],[\"AgentClaimsPage\",\"webpack-internal:///(rsc)/./src/app/[locale]/(agent)/agent/claims/page.tsx\",128,43,19,1,false]],\"props\":\"$1cd\"}\n1d4:{\"name\":\"Slot.Slot\",\"key\":null,\"env\":\"Server\",\"owner\":\"$1d3\",\"stack\":[[\"Button\",\"webpack-internal:///(rsc)/../../packages/ui/src/components/button.tsx\",44,87,42,76,false]],\"props\":{\"className\":\"inline-flex items-center justify-center whitespace-nowrap text-sm font-medium ring-offset-background transition-all duration-200 focus-visible:outline-none focus-visible:ring-2 focus-visible:rin"])</script><script>self.__next_f.push([1,"g-ring focus-visible:ring-offset-2 disabled:pointer-events-none disabled:opacity-50 interactive-press border border-[hsl(var(--border))] bg-transparent hover:bg-[hsl(var(--muted-100))] hover:text-[hsl(var(--foreground))] h-9 rounded-md px-3\",\"ref\":\"$undefined\",\"disabled\":\"$undefined\",\"children\":\"$1cd:children\"}}\n1d5:{\"name\":\"Slot.SlotClone\",\"key\":null,\"env\":\"Server\",\"owner\":\"$1d4\",\"stack\":[],\"props\":{\"className\":\"inline-flex items-center justify-center whitespace-nowrap text-sm font-medium ring-offset-background transition-all duration-200 focus-visible:outline-none focus-visible:ring-2 focus-visible:ring-ring focus-visible:ring-offset-2 disabled:pointer-events-none disabled:opacity-50 interactive-press border border-[hsl(var(--border))] bg-transparent hover:bg-[hsl(var(--muted-100))] hover:text-[hsl(var(--foreground))] h-9 rounded-md px-3\",\"ref\":\"$undefined\",\"disabled\":\"$undefined\",\"children\":\"$1cd:children\"}}\n1d6:{\"name\":\"Link\",\"key\":null,\"env\":\"Server\",\"owner\":\"$1d5\",\"stack\":[[\"eval\",\"webpack-internal:///(rsc)/./src/app/[locale]/(agent)/agent/claims/page.tsx\",218,138,128,47,false],[\"Array.map\",\"\",0,0,0,0,false],[\"AgentClaimsPage\",\"webpack-internal:///(rsc)/./src/app/[locale]/(agent)/agent/claims/page.tsx\",128,43,19,1,false]],\"props\":{\"href\":\"/agent/claims/claim-5\",\"children\":\"Review\",\"className\":\"inline-flex items-center justify-center whitespace-nowrap text-sm font-medium ring-offset-background transition-all duration-200 focus-visible:outline-none focus-visible:ring-2 focus-visible:ring-ring focus-visible:ring-offset-2 disabled:pointer-events-none disabled:opacity-50 interactive-press border border-[hsl(var(--border))] bg-transparent hover:bg-[hsl(var(--muted-100))] hover:text-[hsl(var(--foreground))] h-9 rounded-md px-3\",\"ref\":null,\"disabled\":\"$undefined\"}}\n42:D{\"time\":5.375042000001486}\n42:D{\"awaited\":\"$77\",\"env\":\"Server\",\"owner\":\"$43\",\"stack\":\"$79\"}\n42:D{\"time\":506.74683300000106}\n42:D{\"time\":542.4320830000015}\n80:D{\"time\":542.6084580000006}\n80:D\"$81\"\n80:D{\"time\":542.6735830000016}\n8e:D{\"time\":542.7073330000003}\n8e:D\"$8f\"\n8e:D{\"time\":542.730125}\n91:D{\"time\":542.756875000001}\n91:D\"$92\"\n91:D{\"time\":542.778542}\n94:D{\"time\":542.7944580000003}\n94:D\"$95\"\n94:D{\"time\":542.8248750000002}\n94:[\"$\",\"th\",null,{\"ref\":\"$undefined\",\"className\":\"h-10 px-2 text-left align-middle font-medium text-muted-foreground [\u0026:has([role=checkbox])]:pr-0 [button]:bg-transparent\",\"children\":\"Claimant\"},\"$95\",\"$96\",1]\n97:D{\"time\":542.8418330000004}\n97:D\"$98\"\n97:D{\"time\":542.8602500000015}\n97:[\"$\",\"th\",null,{\"ref\":\"$undefined\",\"className\":\"h-10 px-2 text-left align-middle font-medium text-muted-foreground [\u0026:has([role=checkbox])]:pr-0 [button]:bg-transparent\",\"children\":\"Claim\"},\"$98\",\"$99\",1]\n9a:D{\"time\":542.8860830000012}\n9a:D\"$9b\"\n9a:D{\"time\":542.9071670000012}\n9a:[\"$\",\"th\",null,{\"ref\":\"$undefined\",\"className\":\"h-10 px-2 text-left align-middle font-medium text-muted-foreground [\u0026:has([role=checkbox])]:pr-0 [button]:bg-transparent\",\"children\":\"Status\"},\"$9b\",\"$9c\",1]\n9d:D{\"time\":542.926958}\n9d:D\"$9e\"\n9d:D{\"time\":542.9499170000017}\n9d:[\"$\",\"th\",null,{\"ref\":\"$undefined\",\"className\":\"h-10 px-2 text-left align-middle font-medium text-muted-foreground [\u0026:has([role=checkbox])]:pr-0 [button]:bg-transparent\",\"children\":\"Amount\"},\"$9e\",\"$9f\",1]\na0:D{\"time\":542.9647080000013}\na0:D\"$a1\"\na0:D{\"time\":542.9950000000008}\na0:[\"$\",\"th\",null,{\"ref\":\"$undefined\",\"className\":\"h-10 px-2 text-left align-middle font-medium text-muted-foreground [\u0026:has([role=checkbox])]:pr-0 [button]:bg-transparent\",\"children\":\"Date\"},\"$a1\",\"$a2\",1]\na3:D{\"time\":543.0157080000008}\na3:D\"$a4\"\na3:D{\"time\":543.0348750000012}\na3:[\"$\",\"th\",null,{\"ref\":\"$undefined\",\"className\":\"h-10 px-2 align-middle font-medium text-muted-foreground [\u0026:has([role=checkbox])]:pr-0 [button]:bg-transparent text-right\",\"children\":\"Actions\"},\"$a4\",\"$a5\",1]\n91:[\"$\",\"tr\",null,{\"ref\":\"$undefined\",\"className\":\"border-b transition-colors hover:bg-muted/50 data-[state=selected]:bg-muted\",\"children\":[\"$94\",\"$97\",\"$9a\",\"$9d\",\"$a0\",\"$a3\"]},\"$92\",\"$93\",1]\n8e:[\"$\",\"thead\",null,{\"ref\":\"$undefined\",\"className\":\"[\u0026_tr]:border-b"])</script><script>self.__next_f.push([1,"\",\"children\":\"$91\"},\"$8f\",\"$90\",1]\na6:D{\"time\":543.1096670000006}\na6:D\"$a7\"\na6:D{\"time\":543.1308750000007}\nb0:D{\"time\":543.1485420000008}\nb0:D\"$b1\"\nb0:D{\"time\":543.1697500000009}\nb3:D{\"time\":543.1917080000003}\nb3:D\"$b4\"\nb3:D{\"time\":543.2237920000007}\nb3:[\"$\",\"td\",null,{\"ref\":\"$undefined\",\"className\":\"p-2 align-middle [\u0026:has([role=checkbox])]:pr-0\",\"children\":[\"$\",\"div\",null,{\"className\":\"flex flex-col\",\"children\":[[\"$\",\"span\",null,{\"className\":\"font-medium\",\"children\":\"Arben Lila\"},\"$43\",\"$b7\",1],[\"$\",\"span\",null,{\"className\":\"text-xs text-muted-foreground\",\"children\":\"arben.lila@gmail.com\"},\"$43\",\"$b8\",1]]},\"$43\",\"$b6\",1]},\"$b4\",\"$b5\",1]\nb9:D{\"time\":543.3306250000005}\nb9:D\"$ba\"\nb9:D{\"time\":543.3507920000011}\nb9:[\"$\",\"td\",null,{\"ref\":\"$undefined\",\"className\":\"p-2 align-middle [\u0026:has([role=checkbox])]:pr-0\",\"children\":[[\"$\",\"div\",null,{\"className\":\"font-medium\",\"children\":\"Flight delay\"},\"$43\",\"$be\",1],[\"$\",\"div\",null,{\"className\":\"text-xs text-muted-foreground\",\"children\":\"Lufthansa\"},\"$43\",\"$bf\",1]]},\"$ba\",\"$bd\",1]\nc0:D{\"time\":543.4321670000008}\nc0:D\"$c1\"\nc0:D{\"time\":543.4573330000003}\nc6:D{\"time\":543.4721670000017}\nc6:D\"$c7\"\nc6:D{\"time\":543.5129580000012}\nc6:D\"$c8\"\nc6:D{\"time\":543.5505000000012}\nc6:[\"$\",\"div\",null,{\"className\":\"inline-flex items-center rounded-full border px-2.5 py-0.5 text-xs font-semibold transition-colors focus:outline-none focus:ring-2 focus:ring-ring focus:ring-offset-2 badge-glow border-transparent bg-[hsl(var(--secondary))] text-[hsl(var(--secondary-foreground))] capitalize\",\"children\":\"Submitted\"},\"$c8\",\"$c9\",1]\nc0:[\"$\",\"td\",null,{\"ref\":\"$undefined\",\"className\":\"p-2 align-middle [\u0026:has([role=checkbox])]:pr-0\",\"children\":\"$c6\"},\"$c1\",\"$c5\",1]\nca:D{\"time\":543.5852500000001}\nca:D\"$cb\"\nca:D{\"time\":543.6085830000011}\nca:[\"$\",\"td\",null,{\"ref\":\"$undefined\",\"className\":\"p-2 align-middle [\u0026:has([role=checkbox])]:pr-0\",\"children\":\"300.00 EUR\"},\"$cb\",\"$cc\",1]\ncd:D{\"time\":543.6327920000003}\ncd:D\"$ce\"\ncd:D{\"time\":543.657333000001}\ncd:[\"$\",\"td\",null,{\"ref\":\"$undefined\",\"className\":\"p-2 align-middle [\u0026:has([role=checkbox])]:pr-0\",\"children\":\"12/15/2025\"},\"$ce\",\"$cf\",1]\nd0:D{\"time\":543.7363750000004}\nd0:D\"$d1\"\nd0:D{\"time\":543.7563330000012}\ndd:D{\"time\":543.7691250000007}\ndd:D\"$de\"\ndd:D{\"time\":543.8128750000014}\ndd:D\"$df\"\ndd:D{\"time\":543.8475420000013}\ndd:D\"$e0\"\ndd:D{\"time\":543.8714170000003}\ndd:D\"$e1\"\nd0:[\"$\",\"td\",null,{\"ref\":\"$undefined\",\"className\":\"p-2 align-middle [\u0026:has([role=checkbox])]:pr-0 text-right\",\"children\":\"$Ldd\"},\"$d1\",\"$dc\",1]\nb0:[\"$\",\"tr\",\"eBRc7dIzwrjUh0KTUQsJ1\",{\"ref\":\"$undefined\",\"className\":\"border-b transition-colors hover:bg-muted/50 data-[state=selected]:bg-muted\",\"children\":[\"$b3\",\"$b9\",\"$c0\",\"$ca\",\"$cd\",\"$d0\"]},\"$b1\",\"$b2\",1]\ne2:D{\"time\":544.2083750000002}\ne2:D\"$e3\"\ne2:D{\"time\":544.2369170000002}\neb:D{\"time\":544.2542500000018}\neb:D\"$ec\"\neb:D{\"time\":544.2720830000017}\neb:[\"$\",\"td\",null,{\"ref\":\"$undefined\",\"className\":\"p-2 align-middle [\u0026:has([role=checkbox])]:pr-0\",\"children\":[\"$\",\"div\",null,{\"className\":\"flex flex-col\",\"children\":[[\"$\",\"span\",null,{\"className\":\"font-medium\",\"children\":\"Test Member\"},\"$43\",\"$ef\",1],[\"$\",\"span\",null,{\"className\":\"text-xs text-muted-foreground\",\"children\":\"test@interdomestik.com\"},\"$43\",\"$f0\",1]]},\"$43\",\"$ee\",1]},\"$ec\",\"$ed\",1]\nf1:D{\"time\":544.3602920000012}\nf1:D\"$f2\"\nf1:D{\"time\":544.3809580000016}\nf1:[\"$\",\"td\",null,{\"ref\":\"$undefined\",\"className\":\"p-2 align-middle [\u0026:has([role=checkbox])]:pr-0\",\"children\":[[\"$\",\"div\",null,{\"className\":\"font-medium\",\"children\":\"Car Accident - Rear Ended\"},\"$43\",\"$f6\",1],[\"$\",\"div\",null,{\"className\":\"text-xs text-muted-foreground\",\"children\":\"Sigal\"},\"$43\",\"$f7\",1]]},\"$f2\",\"$f5\",1]\nf8:D{\"time\":544.4774580000012}\nf8:D\"$f9\"\nf8:D{\"time\":544.5007920000007}\nfd:D{\"time\":544.5135000000009}\nfd:D\"$fe\"\nfd:D{\"time\":544.5562920000011}\nfd:D\"$ff\"\nfd:D{\"time\":544.5855420000007}\nfd:[\"$\",\"div\",null,{\"className\":\"inline-flex items-center rounded-full border px-2.5 py-0.5 text-xs font-semibold transition-colors focus:outline-none focus:ring-2 focus:ring-ring focus:ring-offset-2 badge-glow border-transparent bg-[hsl(var(--secondary))] text-[h"])</script><script>self.__next_f.push([1,"sl(var(--secondary-foreground))] capitalize\",\"children\":\"Submitted\"},\"$ff\",\"$100\",1]\nf8:[\"$\",\"td\",null,{\"ref\":\"$undefined\",\"className\":\"p-2 align-middle [\u0026:has([role=checkbox])]:pr-0\",\"children\":\"$fd\"},\"$f9\",\"$fc\",1]\n101:D{\"time\":544.6108330000006}\n101:D\"$102\"\n101:D{\"time\":544.627958000001}\n101:[\"$\",\"td\",null,{\"ref\":\"$undefined\",\"className\":\"p-2 align-middle [\u0026:has([role=checkbox])]:pr-0\",\"children\":\"1200.00 EUR\"},\"$102\",\"$103\",1]\n104:D{\"time\":544.6550830000015}\n104:D\"$105\"\n104:D{\"time\":544.6773330000015}\n104:[\"$\",\"td\",null,{\"ref\":\"$undefined\",\"className\":\"p-2 align-middle [\u0026:has([role=checkbox])]:pr-0\",\"children\":\"12/14/2025\"},\"$105\",\"$106\",1]\n107:D{\"time\":544.7352080000001}\n107:D\"$108\"\n107:D{\"time\":544.7657920000001}\n10e:D{\"time\":544.7819580000014}\n10e:D\"$10f\"\n10e:D{\"time\":544.8235830000012}\n10e:D\"$110\"\n10e:D{\"time\":544.8522500000017}\n10e:D\"$111\"\n10e:D{\"time\":544.8732080000009}\n10e:D\"$112\"\n107:[\"$\",\"td\",null,{\"ref\":\"$undefined\",\"className\":\"p-2 align-middle [\u0026:has([role=checkbox])]:pr-0 text-right\",\"children\":\"$L10e\"},\"$108\",\"$10d\",1]\ne2:[\"$\",\"tr\",\"claim-1\",{\"ref\":\"$undefined\",\"className\":\"border-b transition-colors hover:bg-muted/50 data-[state=selected]:bg-muted\",\"children\":[\"$eb\",\"$f1\",\"$f8\",\"$101\",\"$104\",\"$107\"]},\"$e3\",\"$ea\",1]\n113:D{\"time\":545.1682500000006}\n113:D\"$114\"\n113:D{\"time\":545.1926250000015}\n11c:D{\"time\":545.2085830000015}\n11c:D\"$11d\"\n11c:D{\"time\":545.226208}\n11c:[\"$\",\"td\",null,{\"ref\":\"$undefined\",\"className\":\"p-2 align-middle [\u0026:has([role=checkbox])]:pr-0\",\"children\":[\"$\",\"div\",null,{\"className\":\"flex flex-col\",\"children\":[[\"$\",\"span\",null,{\"className\":\"font-medium\",\"children\":\"Test Member\"},\"$43\",\"$120\",1],[\"$\",\"span\",null,{\"className\":\"text-xs text-muted-foreground\",\"children\":\"test@interdomestik.com\"},\"$43\",\"$121\",1]]},\"$43\",\"$11f\",1]},\"$11d\",\"$11e\",1]\n122:D{\"time\":545.3271250000016}\n122:D\"$123\"\n122:D{\"time\":545.3540830000002}\n122:[\"$\",\"td\",null,{\"ref\":\"$undefined\",\"className\":\"p-2 align-middle [\u0026:has([role=checkbox])]:pr-0\",\"children\":[[\"$\",\"div\",null,{\"className\":\"font-medium\",\"children\":\"Flight Delay to Munich\"},\"$43\",\"$127\",1],[\"$\",\"div\",null,{\"className\":\"text-xs text-muted-foreground\",\"children\":\"Austrian Airlines\"},\"$43\",\"$128\",1]]},\"$123\",\"$126\",1]\n129:D{\"time\":545.4240830000017}\n129:D\"$12a\"\n129:D{\"time\":545.4503750000003}\n12e:D{\"time\":545.4651250000006}\n12e:D\"$12f\"\n12e:D{\"time\":545.4876670000012}\n12e:D\"$130\"\n12e:D{\"time\":545.519792000001}\n12e:[\"$\",\"div\",null,{\"className\":\"inline-flex items-center rounded-full border px-2.5 py-0.5 text-xs font-semibold transition-colors focus:outline-none focus:ring-2 focus:ring-ring focus:ring-offset-2 badge-glow text-foreground\",\"children\":\"verification\"},\"$130\",\"$131\",1]\n129:[\"$\",\"td\",null,{\"ref\":\"$undefined\",\"className\":\"p-2 align-middle [\u0026:has([role=checkbox])]:pr-0\",\"children\":\"$12e\"},\"$12a\",\"$12d\",1]\n132:D{\"time\":545.547958000001}\n132:D\"$133\"\n132:D{\"time\":545.5844580000012}\n132:[\"$\",\"td\",null,{\"ref\":\"$undefined\",\"className\":\"p-2 align-middle [\u0026:has([role=checkbox])]:pr-0\",\"children\":\"600.00 EUR\"},\"$133\",\"$134\",1]\n135:D{\"time\":545.6161250000005}\n135:D\"$136\"\n135:D{\"time\":545.6401670000014}\n135:[\"$\",\"td\",null,{\"ref\":\"$undefined\",\"className\":\"p-2 align-middle [\u0026:has([role=checkbox])]:pr-0\",\"children\":\"12/11/2025\"},\"$136\",\"$137\",1]\n138:D{\"time\":545.7116670000014}\n138:D\"$139\"\n138:D{\"time\":545.7345830000013}\n13f:D{\"time\":545.7470830000002}\n13f:D\"$140\"\n13f:D{\"time\":545.7806670000009}\n13f:D\"$141\"\n13f:D{\"time\":545.8232080000016}\n13f:D\"$142\"\n13f:D{\"time\":545.8431250000012}\n13f:D\"$143\"\n138:[\"$\",\"td\",null,{\"ref\":\"$undefined\",\"className\":\"p-2 align-middle [\u0026:has([role=checkbox])]:pr-0 text-right\",\"children\":\"$L13f\"},\"$139\",\"$13e\",1]\n113:[\"$\",\"tr\",\"claim-2\",{\"ref\":\"$undefined\",\"className\":\"border-b transition-colors hover:bg-muted/50 data-[state=selected]:bg-muted\",\"children\":[\"$11c\",\"$122\",\"$129\",\"$132\",\"$135\",\"$138\"]},\"$114\",\"$11b\",1]\n144:D{\"time\":546.216042}\n144:D\"$145\"\n144:D{\"time\":546.2367920000015}\n14d:D{\"time\":546.3687920000011}\n14d:D\"$14e\"\n14d:D{\"time\":546.3932080000013}\n14d:[\"$\",\"td\",null,{\"ref\":\"$undefined\",\"className\":\"p-2 align-middle [\u0026:has([role=checkbo"])</script><script>self.__next_f.push([1,"x])]:pr-0\",\"children\":[\"$\",\"div\",null,{\"className\":\"flex flex-col\",\"children\":[[\"$\",\"span\",null,{\"className\":\"font-medium\",\"children\":\"Test Member\"},\"$43\",\"$151\",1],[\"$\",\"span\",null,{\"className\":\"text-xs text-muted-foreground\",\"children\":\"test@interdomestik.com\"},\"$43\",\"$152\",1]]},\"$43\",\"$150\",1]},\"$14e\",\"$14f\",1]\n153:D{\"time\":546.4789580000015}\n153:D\"$154\"\n153:D{\"time\":546.5025420000002}\n153:[\"$\",\"td\",null,{\"ref\":\"$undefined\",\"className\":\"p-2 align-middle [\u0026:has([role=checkbox])]:pr-0\",\"children\":[[\"$\",\"div\",null,{\"className\":\"font-medium\",\"children\":\"Defective Laptop\"},\"$43\",\"$158\",1],[\"$\",\"div\",null,{\"className\":\"text-xs text-muted-foreground\",\"children\":\"TechnoMarket\"},\"$43\",\"$159\",1]]},\"$154\",\"$157\",1]\n15a:D{\"time\":546.576500000001}\n15a:D\"$15b\"\n15a:D{\"time\":546.5971670000017}\n15f:D{\"time\":546.6097920000011}\n15f:D\"$160\"\n15f:D{\"time\":546.6401670000014}\n15f:D\"$161\"\n15f:D{\"time\":546.662875}\n15f:[\"$\",\"div\",null,{\"className\":\"inline-flex items-center rounded-full border px-2.5 py-0.5 text-xs font-semibold transition-colors focus:outline-none focus:ring-2 focus:ring-ring focus:ring-offset-2 badge-glow text-foreground\",\"children\":\"evaluation\"},\"$161\",\"$162\",1]\n15a:[\"$\",\"td\",null,{\"ref\":\"$undefined\",\"className\":\"p-2 align-middle [\u0026:has([role=checkbox])]:pr-0\",\"children\":\"$15f\"},\"$15b\",\"$15e\",1]\n163:D{\"time\":546.700417}\n163:D\"$164\"\n163:D{\"time\":546.7223330000015}\n163:[\"$\",\"td\",null,{\"ref\":\"$undefined\",\"className\":\"p-2 align-middle [\u0026:has([role=checkbox])]:pr-0\",\"children\":\"850.00 EUR\"},\"$164\",\"$165\",1]\n166:D{\"time\":546.7427920000009}\n166:D\"$167\"\n166:D{\"time\":546.7597500000011}\n166:[\"$\",\"td\",null,{\"ref\":\"$undefined\",\"className\":\"p-2 align-middle [\u0026:has([role=checkbox])]:pr-0\",\"children\":\"12/6/2025\"},\"$167\",\"$168\",1]\n169:D{\"time\":546.8268750000007}\n169:D\"$16a\"\n169:D{\"time\":546.8471670000017}\n170:D{\"time\":546.8594580000008}\n170:D\"$171\"\n170:D{\"time\":546.8957500000015}\n170:D\"$172\"\n170:D{\"time\":546.9240830000017}\n170:D\"$173\"\n170:D{\"time\":546.9429170000003}\n170:D\"$174\"\n169:[\"$\",\"td\",null,{\"ref\":\"$undefined\",\"className\":\"p-2 align-middle [\u0026:has([role=checkbox])]:pr-0 text-right\",\"children\":\"$L170\"},\"$16a\",\"$16f\",1]\n144:[\"$\",\"tr\",\"claim-3\",{\"ref\":\"$undefined\",\"className\":\"border-b transition-colors hover:bg-muted/50 data-[state=selected]:bg-muted\",\"children\":[\"$14d\",\"$153\",\"$15a\",\"$163\",\"$166\",\"$169\"]},\"$145\",\"$14c\",1]\n175:D{\"time\":547.2030000000013}\n175:D\"$176\"\n175:D{\"time\":547.2388750000009}\n17e:D{\"time\":547.2535830000015}\n17e:D\"$17f\"\n17e:D{\"time\":547.2751670000016}\n17e:[\"$\",\"td\",null,{\"ref\":\"$undefined\",\"className\":\"p-2 align-middle [\u0026:has([role=checkbox])]:pr-0\",\"children\":[\"$\",\"div\",null,{\"className\":\"flex flex-col\",\"children\":[[\"$\",\"span\",null,{\"className\":\"font-medium\",\"children\":\"Test Member\"},\"$43\",\"$182\",1],[\"$\",\"span\",null,{\"className\":\"text-xs text-muted-foreground\",\"children\":\"test@interdomestik.com\"},\"$43\",\"$183\",1]]},\"$43\",\"$181\",1]},\"$17f\",\"$180\",1]\n184:D{\"time\":547.3856250000008}\n184:D\"$185\"\n184:D{\"time\":547.4117080000015}\n184:[\"$\",\"td\",null,{\"ref\":\"$undefined\",\"className\":\"p-2 align-middle [\u0026:has([role=checkbox])]:pr-0\",\"children\":[[\"$\",\"div\",null,{\"className\":\"font-medium\",\"children\":\"Water Damage in Apartment\"},\"$43\",\"$189\",1],[\"$\",\"div\",null,{\"className\":\"text-xs text-muted-foreground\",\"children\":\"Building Mgmt\"},\"$43\",\"$18a\",1]]},\"$185\",\"$188\",1]\n18b:D{\"time\":547.5052920000016}\n18b:D\"$18c\"\n18b:D{\"time\":547.5275000000001}\n190:D{\"time\":547.5445000000018}\n190:D\"$191\"\n190:D{\"time\":547.5877920000003}\n190:D\"$192\"\n190:D{\"time\":547.6217920000017}\n190:[\"$\",\"div\",null,{\"className\":\"inline-flex items-center rounded-full border px-2.5 py-0.5 text-xs font-semibold transition-colors focus:outline-none focus:ring-2 focus:ring-ring focus:ring-offset-2 badge-glow text-foreground\",\"children\":\"negotiation\"},\"$192\",\"$193\",1]\n18b:[\"$\",\"td\",null,{\"ref\":\"$undefined\",\"className\":\"p-2 align-middle [\u0026:has([role=checkbox])]:pr-0\",\"children\":\"$190\"},\"$18c\",\"$18f\",1]\n194:D{\"time\":547.6442920000009}\n194:D\"$195\"\n194:D{\"time\":547.6614580000005}\n194:[\"$\",\"td\",null,{\"ref\":\"$undefined\",\"className\":\"p-2 align-middle [\u0026:has([role=checkbox])]:pr-0\",\""])</script><script>self.__next_f.push([1,"children\":\"2500.00 EUR\"},\"$195\",\"$196\",1]\n197:D{\"time\":547.6891670000005}\n197:D\"$198\"\n197:D{\"time\":547.7122500000005}\n197:[\"$\",\"td\",null,{\"ref\":\"$undefined\",\"className\":\"p-2 align-middle [\u0026:has([role=checkbox])]:pr-0\",\"children\":\"11/26/2025\"},\"$198\",\"$199\",1]\n19a:D{\"time\":547.7626670000009}\n19a:D\"$19b\"\n19a:D{\"time\":547.7910000000011}\n1a1:D{\"time\":547.807417}\n1a1:D\"$1a2\"\n1a1:D{\"time\":547.8363330000011}\n1a1:D\"$1a3\"\n1a1:D{\"time\":547.8633330000011}\n1a1:D\"$1a4\"\n1a1:D{\"time\":547.8795420000006}\n1a1:D\"$1a5\"\n19a:[\"$\",\"td\",null,{\"ref\":\"$undefined\",\"className\":\"p-2 align-middle [\u0026:has([role=checkbox])]:pr-0 text-right\",\"children\":\"$L1a1\"},\"$19b\",\"$1a0\",1]\n175:[\"$\",\"tr\",\"claim-4\",{\"ref\":\"$undefined\",\"className\":\"border-b transition-colors hover:bg-muted/50 data-[state=selected]:bg-muted\",\"children\":[\"$17e\",\"$184\",\"$18b\",\"$194\",\"$197\",\"$19a\"]},\"$176\",\"$17d\",1]\n1a6:D{\"time\":548.1492500000004}\n1a6:D\"$1a7\"\n1a6:D{\"time\":548.1707500000011}\n1af:D{\"time\":548.1886670000004}\n1af:D\"$1b0\"\n1af:D{\"time\":548.2076670000006}\n1af:[\"$\",\"td\",null,{\"ref\":\"$undefined\",\"className\":\"p-2 align-middle [\u0026:has([role=checkbox])]:pr-0\",\"children\":[\"$\",\"div\",null,{\"className\":\"flex flex-col\",\"children\":[[\"$\",\"span\",null,{\"className\":\"font-medium\",\"children\":\"Test Member\"},\"$43\",\"$1b3\",1],[\"$\",\"span\",null,{\"className\":\"text-xs text-muted-foreground\",\"children\":\"test@interdomestik.com\"},\"$43\",\"$1b4\",1]]},\"$43\",\"$1b2\",1]},\"$1b0\",\"$1b1\",1]\n1b5:D{\"time\":548.3517920000013}\n1b5:D\"$1b6\"\n1b5:D{\"time\":548.3977500000001}\n1b5:[\"$\",\"td\",null,{\"ref\":\"$undefined\",\"className\":\"p-2 align-middle [\u0026:has([role=checkbox])]:pr-0\",\"children\":[[\"$\",\"div\",null,{\"className\":\"font-medium\",\"children\":\"Rejected Insurance Claim\"},\"$43\",\"$1ba\",1],[\"$\",\"div\",null,{\"className\":\"text-xs text-muted-foreground\",\"children\":\"Illyria\"},\"$43\",\"$1bb\",1]]},\"$1b6\",\"$1b9\",1]\n1bc:D{\"time\":548.4771250000013}\n1bc:D\"$1bd\"\n1bc:D{\"time\":548.5008330000001}\n1c1:D{\"time\":548.517917000001}\n1c1:D\"$1c2\"\n1c1:D{\"time\":548.5473330000004}\n1c1:D\"$1c3\"\n1c1:D{\"time\":548.5709170000009}\n1c1:[\"$\",\"div\",null,{\"className\":\"inline-flex items-center rounded-full border px-2.5 py-0.5 text-xs font-semibold transition-colors focus:outline-none focus:ring-2 focus:ring-ring focus:ring-offset-2 badge-glow border-transparent bg-[hsl(var(--destructive))] text-[hsl(var(--destructive-foreground))] capitalize\",\"children\":\"Rejected\"},\"$1c3\",\"$1c4\",1]\n1bc:[\"$\",\"td\",null,{\"ref\":\"$undefined\",\"className\":\"p-2 align-middle [\u0026:has([role=checkbox])]:pr-0\",\"children\":\"$1c1\"},\"$1bd\",\"$1c0\",1]\n1c5:D{\"time\":548.5947500000002}\n1c5:D\"$1c6\"\n1c5:D{\"time\":548.6265830000011}\n1c5:[\"$\",\"td\",null,{\"ref\":\"$undefined\",\"className\":\"p-2 align-middle [\u0026:has([role=checkbox])]:pr-0\",\"children\":\"5000.00 EUR\"},\"$1c6\",\"$1c7\",1]\n1c8:D{\"time\":548.6479170000002}\n1c8:D\"$1c9\"\n1c8:D{\"time\":548.6727080000001}\n1c8:[\"$\",\"td\",null,{\"ref\":\"$undefined\",\"className\":\"p-2 align-middle [\u0026:has([role=checkbox])]:pr-0\",\"children\":\"11/16/2025\"},\"$1c9\",\"$1ca\",1]\n1cb:D{\"time\":548.7345830000013}\n1cb:D\"$1cc\"\n1cb:D{\"time\":548.7569580000018}\n1d2:D{\"time\":548.7707500000015}\n1d2:D\"$1d3\"\n1d2:D{\"time\":548.8062080000018}\n1d2:D\"$1d4\"\n1d2:D{\"time\":548.8298750000013}\n1d2:D\"$1d5\"\n1d2:D{\"time\":548.8626670000012}\n1d2:D\"$1d6\"\n1cb:[\"$\",\"td\",null,{\"ref\":\"$undefined\",\"className\":\"p-2 align-middle [\u0026:has([role=checkbox])]:pr-0 text-right\",\"children\":\"$L1d2\"},\"$1cc\",\"$1d1\",1]\n1a6:[\"$\",\"tr\",\"claim-5\",{\"ref\":\"$undefined\",\"className\":\"border-b transition-colors hover:bg-muted/50 data-[state=selected]:bg-muted\",\"children\":[\"$1af\",\"$1b5\",\"$1bc\",\"$1c5\",\"$1c8\",\"$1cb\"]},\"$1a7\",\"$1ae\",1]\na6:[\"$\",\"tbody\",null,{\"ref\":\"$undefined\",\"className\":\"[\u0026_tr:last-child]:border-0\",\"children\":[[\"$b0\",\"$e2\",\"$113\",\"$144\",\"$175\",\"$1a6\"],false]},\"$a7\",\"$af\",1]\n80:[\"$\",\"div\",null,{\"className\":\"relative w-full overflow-auto\",\"children\":[\"$\",\"table\",null,{\"ref\":\"$undefined\",\"className\":\"w-full caption-bottom text-sm\",\"children\":[\"$8e\",\"$a6\"]},\"$81\",\"$8d\",1]},\"$81\",\"$8c\",1]\n42:[\"$\",\"div\",null,{\"className\":\"space-y-6\",\"children\":[[\"$\",\"div\",null,{\"className\":\"flex items-center justify-between\",\"children\":[\"$\",\"div\",null,{\"children\":[[\"$\",\"h1\",nu"])</script><script>self.__next_f.push([1,"ll,{\"className\":\"text-3xl font-bold tracking-tight\",\"children\":\"Claims Queue\"},\"$43\",\"$7d\",1],[\"$\",\"p\",null,{\"className\":\"text-muted-foreground\",\"children\":\"Manage and triage all submitted claims.\"},\"$43\",\"$7e\",1]]},\"$43\",\"$7c\",1]},\"$43\",\"$7b\",1],[\"$\",\"div\",null,{\"className\":\"rounded-md border bg-background\",\"children\":\"$80\"},\"$43\",\"$7f\",1]]},\"$43\",\"$7a\",1]\n"])</script><script>self.__next_f.push([1,"1d8:I[\"(app-pages-browser)/../../node_modules/.pnpm/next-intl@4.6.0_next@16.0.10_@babel+core@7.28.5_@playwright+test@1.57.0_react-dom@19.2._c22e94f9b2b0bf63fba8eb90ab2d7698/node_modules/next-intl/dist/esm/development/navigation/shared/BaseLink.js\",[\"app/[locale]/(agent)/agent/claims/page\",\"static/chunks/app/%5Blocale%5D/(agent)/agent/claims/page.js\"],\"default\"]\n1d7:[]\n1d9:[]\n1da:[]\n1db:[]\n1dc:[]\n1dd:[]\ndd:D{\"time\":566.944875000001}\ndd:[\"$\",\"$L1d8\",null,{\"ref\":null,\"href\":\"/sq/agent/claims/eBRc7dIzwrjUh0KTUQsJ1\",\"locale\":\"$undefined\",\"localeCookie\":{\"name\":\"NEXT_LOCALE\",\"sameSite\":\"lax\"},\"children\":\"Review\",\"className\":\"inline-flex items-center justify-center whitespace-nowrap text-sm font-medium ring-offset-background transition-all duration-200 focus-visible:outline-none focus-visible:ring-2 focus-visible:ring-ring focus-visible:ring-offset-2 disabled:pointer-events-none disabled:opacity-50 interactive-press border border-[hsl(var(--border))] bg-transparent hover:bg-[hsl(var(--muted-100))] hover:text-[hsl(var(--foreground))] h-9 rounded-md px-3\",\"disabled\":\"$undefined\"},\"$e1\",\"$1d7\",1]\n10e:D{\"time\":567.0184170000011}\n10e:[\"$\",\"$L1d8\",null,{\"ref\":null,\"href\":\"/sq/agent/claims/claim-1\",\"locale\":\"$undefined\",\"localeCookie\":\"$dd:props:localeCookie\",\"children\":\"Review\",\"className\":\"inline-flex items-center justify-center whitespace-nowrap text-sm font-medium ring-offset-background transition-all duration-200 focus-visible:outline-none focus-visible:ring-2 focus-visible:ring-ring focus-visible:ring-offset-2 disabled:pointer-events-none disabled:opacity-50 interactive-press border border-[hsl(var(--border))] bg-transparent hover:bg-[hsl(var(--muted-100))] hover:text-[hsl(var(--foreground))] h-9 rounded-md px-3\",\"disabled\":\"$undefined\"},\"$112\",\"$1d9\",1]\n13f:D{\"time\":567.0856670000012}\n13f:[\"$\",\"$L1d8\",null,{\"ref\":null,\"href\":\"/sq/agent/claims/claim-2\",\"locale\":\"$undefined\",\"localeCookie\":\"$dd:props:localeCookie\",\"children\":\"Review\",\"className\":\"inline-flex items-center justify-center whitespace-nowrap text-sm font-medium ring-offset-background transition-all duration-200 focus-visible:outline-none focus-visible:ring-2 focus-visible:ring-ring focus-visible:ring-offset-2 disabled:pointer-events-none disabled:opacity-50 interactive-press border border-[hsl(var(--border))] bg-transparent hover:bg-[hsl(var(--muted-100))] hover:text-[hsl(var(--foreground))] h-9 rounded-md px-3\",\"disabled\":\"$undefined\"},\"$143\",\"$1da\",1]\n170:D{\"time\":567.1512920000005}\n170:[\"$\",\"$L1d8\",null,{\"ref\":null,\"href\":\"/sq/agent/claims/claim-3\",\"locale\":\"$undefined\",\"localeCookie\":\"$dd:props:localeCookie\",\"children\":\"Review\",\"className\":\"inline-flex items-center justify-center whitespace-nowrap text-sm font-medium ring-offset-background transition-all duration-200 focus-visible:outline-none focus-visible:ring-2 focus-visible:ring-ring focus-visible:ring-offset-2 disabled:pointer-events-none disabled:opacity-50 interactive-press border border-[hsl(var(--border))] bg-transparent hover:bg-[hsl(var(--muted-100))] hover:text-[hsl(var(--foreground))] h-9 rounded-md px-3\",\"disabled\":\"$undefined\"},\"$174\",\"$1db\",1]\n1a1:D{\"time\":567.2119580000017}\n1a1:[\"$\",\"$L1d8\",null,{\"ref\":null,\"href\":\"/sq/agent/claims/claim-4\",\"locale\":\"$undefined\",\"localeCookie\":\"$dd:props:localeCookie\",\"children\":\"Review\",\"className\":\"inline-flex items-center justify-center whitespace-nowrap text-sm font-medium ring-offset-background transition-all duration-200 focus-visible:outline-none focus-visible:ring-2 focus-visible:ring-ring focus-visible:ring-offset-2 disabled:pointer-events-none disabled:opacity-50 interactive-press border border-[hsl(var(--border))] bg-transparent hover:bg-[hsl(var(--muted-100))] hover:text-[hsl(var(--foreground))] h-9 rounded-md px-3\",\"disabled\":\"$undefined\"},\"$1a5\",\"$1dc\",1]\n1d2:D{\"time\":567.2694170000013}\n1d2:[\"$\",\"$L1d8\",null,{\"ref\":null,\"href\":\"/sq/agent/claims/claim-5\",\"locale\":\"$undefined\",\"localeCookie\":\"$dd:props:localeCookie\",\"children\":\"Review\",\"className\":\"inline-flex items-center justify-center whitespace-nowrap text-sm font-medium ring-offset-background tran"])</script><script>self.__next_f.push([1,"sition-all duration-200 focus-visible:outline-none focus-visible:ring-2 focus-visible:ring-ring focus-visible:ring-offset-2 disabled:pointer-events-none disabled:opacity-50 interactive-press border border-[hsl(var(--border))] bg-transparent hover:bg-[hsl(var(--muted-100))] hover:text-[hsl(var(--foreground))] h-9 rounded-md px-3\",\"disabled\":\"$undefined\"},\"$1d6\",\"$1dd\",1]\n"])</script><script>self.__next_f.push([1,"206:I[\"(app-pages-browser)/../../node_modules/.pnpm/next@16.0.10_@babel+core@7.28.5_@playwright+test@1.57.0_react-dom@19.2.3_react@19.2.3__react@19.2.3/node_modules/next/dist/client/app-dir/link.js\",[\"app/[locale]/(agent)/layout\",\"static/chunks/app/%5Blocale%5D/(agent)/layout.js\"],\"\"]\n1df:[[\"AgentLayout\",\"webpack-internal:///(rsc)/./src/app/[locale]/(agent)/layout.tsx\",20,77,17,1,false]]\n1de:J{\"name\":\"headers\",\"start\":7.208708000000115,\"end\":56.30158300000039,\"env\":\"Server\",\"stack\":\"$1df\",\"owner\":\"$33\",\"value\":\"$@1e0\"}\n1e1:[[\"AgentLayout\",\"webpack-internal:///(rsc)/./src/app/[locale]/(agent)/layout.tsx\",20,77,17,1,false]]\n1e3:[[\"AgentLayout\",\"webpack-internal:///(rsc)/./src/app/[locale]/(agent)/layout.tsx\",19,75,17,1,false]]\n1e2:J{\"name\":\"api.\u003ccomputed\u003e [as getSession]\",\"start\":56.64300000000003,\"end\":56.929958000000624,\"env\":\"Server\",\"stack\":\"$1e3\",\"owner\":\"$33\",\"value\":\"$@1e4\"}\n1e5:[[\"AgentLayout\",\"webpack-internal:///(rsc)/./src/app/[locale]/(agent)/layout.tsx\",19,75,17,1,false]]\n1e6:[\"host\",\"localhost:3000\"]\n1e7:[\"connection\",\"keep-alive\"]\n1e8:[\"upgrade-insecure-requests\",\"1\"]\n1e9:[\"user-agent\",\"Mozilla/5.0 (Windows NT 10.0; Win64; x64) AppleWebKit/537.36 (KHTML, like Gecko) Chrome/143.0.7499.4 Safari/537.36\"]\n1ea:[\"accept-language\",\"en-US\"]\n1eb:[\"accept\",\"text/html,application/xhtml+xml,application/xml;q=0.9,image/avif,image/webp,image/apng,*/*;q=0.8,application/signed-exchange;v=b3;q=0.7\"]\n1ec:[\"sec-fetch-site\",\"none\"]\n1ed:[\"sec-fetch-mode\",\"navigate\"]\n1ee:[\"sec-fetch-user\",\"?1\"]\n1ef:[\"sec-fetch-dest\",\"document\"]\n1f0:[\"sec-ch-ua\",\"\\\"HeadlessChrome\\\";v=\\\"143\\\", \\\"Chromium\\\";v=\\\"143\\\", \\\"Not A(Brand\\\";v=\\\"24\\\"\"]\n1f1:[\"sec-ch-ua-mobile\",\"?0\"]\n1f2:[\"sec-ch-ua-platform\",\"\\\"Windows\\\"\"]\n1f3:[\"accept-encoding\",\"gzip, deflate, br, zstd\"]\n1f4:[\"cookie\",\"better-auth.session_token=wDvr4uLGuxUKYx1Dsb4UwbslfLuIJFAh.MXOymfGvsSKiXFDSfOexjmJfOlEu0pw8%2F8GvxJg24HM%3D; NEXT_LOCALE=sq\"]\n1f5:[\"x-forwarded-host\",\"localhost:3000\"]\n1f6:[\"x-forwarded-port\",\"3000\"]\n1f7:[\"x-forwarded-proto\",\"http\"]\n1f8:[\"x-forwarded-for\",\"127.0.0.1\"]\n1f9:[\"x-next-intl-locale\",\"sq\"]\n1fa:[\"link\",\"\u003chttp://localhost:3000/sq/agent/claims\u003e; rel=\\\"alternate\\\"; hreflang=\\\"sq\\\", \u003chttp://localhost:3000/en/agent/claims\u003e; rel=\\\"alternate\\\"; hreflang=\\\"en\\\", \u003chttp://localhost:3000/sr/agent/claims\u003e; rel=\\\"alternate\\\"; hreflang=\\\"sr\\\", \u003chttp://localhost:3000/mk/agent/claims\u003e; rel=\\\"alternate\\\"; hreflang=\\\"mk\\\", \u003chttp://localhost:3000/agent/claims\u003e; rel=\\\"alternate\\\"; hreflang=\\\"x-default\\\"\"]\n1e0:[\"$1e6\",\"$1e7\",\"$1e8\",\"$1e9\",\"$1ea\",\"$1eb\",\"$1ec\",\"$1ed\",\"$1ee\",\"$1ef\",\"$1f0\",\"$1f1\",\"$1f2\",\"$1f3\",\"$1f4\",\"$1f5\",\"$1f6\",\"$1f7\",\"$1f8\",\"$1f9\",\"$1fa\"]\n1e4:{\"session\":{\"expiresAt\":\"$D2025-12-23T21:46:15.670Z\",\"token\":\"wDvr4uLGuxUKYx1Dsb4UwbslfLuIJFAh\",\"createdAt\":\"$D2025-12-16T21:46:15.670Z\",\"updatedAt\":\"$D2025-12-16T21:46:15.670Z\",\"ipAddress\":\"127.0.0.1\",\"userAgent\":\"Mozilla/5.0 (Windows NT 10.0; Win64; x64) AppleWebKit/537.36 (KHTML, like Gecko) Chrome/143.0.7499.4 Safari/537.36\",\"userId\":\"agent-user\",\"id\":\"Nxx6EvMYepHf8m9bLn2AIEGnYM6clLj8\"},\"user\":{\"name\":\"Support Agent\",\"email\":\"agent@interdomestik.com\",\"emailVerified\":true,\"image\":null,\"createdAt\":\"$D2025-12-16T21:46:12.233Z\",\"updatedAt\":\"$D2025-12-16T21:46:12.233Z\",\"role\":\"agent\",\"id\":\"agent-user\"}}\n1fb:[[\"AgentLayout\",\"webpack-internal:///(rsc)/./src/app/[locale]/(agent)/layout.tsx\",35,87,17,1,false]]\n1fc:[[\"AgentLayout\",\"webpack-internal:///(rsc)/./src/app/[locale]/(agent)/layout.tsx\",38,88,17,1,false]]\n1fd:[[\"AgentLayout\",\"webpack-internal:///(rsc)/./src/app/[locale]/(agent)/layout.tsx\",40,102,17,1,false]]\n1fe:[[\"AgentLayout\",\"webpack-internal:///(rsc)/./src/app/[locale]/(agent)/layout.tsx\",43,100,17,1,false]]\n202:{\"className\":\"text-primary\",\"children\":\"Agent\"}\n203:[[\"AgentLayout\",\"webpack-internal:///(rsc)/./src/app/[locale]/(agent)/layout.tsx\",53,120,17,1,false]]\n201:{\"className\":\"hidden font-bold sm:inline-block\",\"children\":[\"Interdomestik \",[\"$\",\"span\",null,\"$202\",\"$33\",\"$203\",1]]}\n204:[[\"AgentLayout\",\"webpack-internal:///(rsc)/./src/app/[locale]/(agent)/layout.tsx\",49,122,17,1,false]]\n200:{\"name\":\"LinkComponent\",\"key\":nu"])</script><script>self.__next_f.push([1,"ll,\"env\":\"Server\",\"owner\":\"$33\",\"stack\":[[\"AgentLayout\",\"webpack-internal:///(rsc)/./src/app/[locale]/(agent)/layout.tsx\",46,108,17,1,false]],\"props\":{\"href\":\"/\",\"className\":\"mr-6 flex items-center space-x-2\",\"children\":[\"$\",\"span\",null,\"$201\",\"$33\",\"$204\",1]}}\n205:[]\n207:[[\"AgentLayout\",\"webpack-internal:///(rsc)/./src/app/[locale]/(agent)/layout.tsx\",49,122,17,1,false]]\n208:[[\"AgentLayout\",\"webpack-internal:///(rsc)/./src/app/[locale]/(agent)/layout.tsx\",53,120,17,1,false]]\n209:[[\"AgentLayout\",\"webpack-internal:///(rsc)/./src/app/[locale]/(agent)/layout.tsx\",72,108,17,1,false]]\n20b:{\"name\":\"LinkComponent\",\"key\":null,\"env\":\"Server\",\"owner\":\"$33\",\"stack\":[[\"AgentLayout\",\"webpack-internal:///(rsc)/./src/app/[locale]/(agent)/layout.tsx\",75,116,17,1,false]],\"props\":{\"href\":\"/agent\",\"className\":\"transition-colors hover:text-foreground/80 text-foreground\",\"children\":\"Dashboard\"}}\n20c:[]\n20e:{\"name\":\"LinkComponent\",\"key\":null,\"env\":\"Server\",\"owner\":\"$33\",\"stack\":[[\"AgentLayout\",\"webpack-internal:///(rsc)/./src/app/[locale]/(agent)/layout.tsx\",84,116,17,1,false]],\"props\":{\"href\":\"/agent/claims\",\"className\":\"transition-colors hover:text-foreground/80 text-foreground/60\",\"children\":\"Claims\"}}\n20f:[]\n210:[[\"AgentLayout\",\"webpack-internal:///(rsc)/./src/app/[locale]/(agent)/layout.tsx\",105,100,17,1,false]]\n211:[[\"AgentLayout\",\"webpack-internal:///(rsc)/./src/app/[locale]/(agent)/layout.tsx\",108,108,17,1,false]]\n212:[[\"AgentLayout\",\"webpack-internal:///(rsc)/./src/app/[locale]/(agent)/layout.tsx\",115,108,17,1,false]]\n213:[[\"AgentLayout\",\"webpack-internal:///(rsc)/./src/app/[locale]/(agent)/layout.tsx\",145,88,17,1,false]]\n214:[[\"Promise.all\",\"\",0,0,0,0,true],[\"Promise.all\",\"\",0,0,0,0,true],[\"Promise.all\",\"\",0,0,0,0,true]]\n215:[[\"Promise.all\",\"\",0,0,0,0,true],[\"Promise.all\",\"\",0,0,0,0,true],[\"Promise.all\",\"\",0,0,0,0,true]]\n32:D{\"time\":7.269458000000668}\n32:D{\"awaited\":\"$1de\",\"env\":\"Server\",\"owner\":\"$33\",\"stack\":\"$1e1\"}\n32:D{\"time\":56.30225000000064}\n32:D{\"time\":56.810458000001745}\n32:D{\"awaited\":\"$1e2\",\"env\":\"Server\",\"owner\":\"$33\",\"stack\":\"$1e5\"}\n32:D{\"time\":571.7921250000018}\n32:D{\"time\":576.2123330000013}\n1ff:D{\"time\":576.3067500000016}\n1ff:D\"$200\"\n1ff:D{\"time\":576.390292}\n1ff:[\"$\",\"$L206\",null,{\"href\":\"/\",\"className\":\"mr-6 flex items-center space-x-2\",\"children\":[\"$\",\"span\",null,{\"className\":\"hidden font-bold sm:inline-block\",\"children\":[\"Interdomestik \",[\"$\",\"span\",null,{\"className\":\"text-primary\",\"children\":\"Agent\"},\"$33\",\"$208\",1]]},\"$33\",\"$207\",1]},\"$200\",\"$205\",1]\n20a:D{\"time\":576.4447500000006}\n20a:D\"$20b\"\n20a:D{\"time\":576.4622080000008}\n20a:[\"$\",\"$L206\",null,{\"href\":\"/agent\",\"className\":\"transition-colors hover:text-foreground/80 text-foreground\",\"children\":\"Dashboard\"},\"$20b\",\"$20c\",1]\n20d:D{\"time\":576.511625000001}\n20d:D\"$20e\"\n20d:D{\"time\":576.5263750000013}\n20d:[\"$\",\"$L206\",null,{\"href\":\"/agent/claims\",\"className\":\"transition-colors hover:text-foreground/80 text-foreground/60\",\"children\":\"Claims\"},\"$20e\",\"$20f\",1]\n"])</script><script>self.__next_f.push([1,"32:[\"$\",\"div\",null,{\"className\":\"flex min-h-screen flex-col bg-muted/10\",\"children\":[[\"$\",\"header\",null,{\"className\":\"sticky top-0 z-50 w-full border-b bg-background/95 backdrop-blur supports-[backdrop-filter]:bg-background/60\",\"children\":[\"$\",\"div\",null,{\"className\":\"container flex h-14 items-center\",\"children\":[[\"$\",\"div\",null,{\"className\":\"mr-4 hidden md:flex\",\"children\":[\"$1ff\",[\"$\",\"nav\",null,{\"className\":\"flex items-center space-x-6 text-sm font-medium\",\"children\":[\"$20a\",\"$20d\"]},\"$33\",\"$209\",1]]},\"$33\",\"$1fe\",1],[\"$\",\"div\",null,{\"className\":\"flex flex-1 items-center justify-between space-x-2 md:justify-end\",\"children\":[[\"$\",\"div\",null,{\"className\":\"w-full flex-1 md:w-auto md:flex-none\"},\"$33\",\"$211\",1],[\"$\",\"div\",null,{\"className\":\"text-xs text-muted-foreground mr-4\",\"children\":[\"agent@interdomestik.com\",\" (\",\"agent\",\")\"]},\"$33\",\"$212\",1]]},\"$33\",\"$210\",1]]},\"$33\",\"$1fd\",1]},\"$33\",\"$1fc\",1],[\"$\",\"main\",null,{\"className\":\"flex-1 container py-6\",\"children\":[\"$\",\"$L15\",null,{\"parallelRouterKey\":\"children\",\"error\":\"$undefined\",\"errorStyles\":\"$undefined\",\"errorScripts\":\"$undefined\",\"template\":[\"$\",\"$L17\",null,{},null,\"$215\",1],\"templateStyles\":\"$undefined\",\"templateScripts\":\"$undefined\",\"notFound\":\"$undefined\",\"forbidden\":\"$undefined\",\"unauthorized\":\"$undefined\",\"segmentViewBoundaries\":[\"$undefined\",\"$undefined\",\"$undefined\",\"$undefined\"]},null,\"$214\",1]},\"$33\",\"$213\",1]]},\"$33\",\"$1fb\",1]\n"])</script><script data-nextjs-dev-overlay="true" style="display: block; position: absolute;"><nextjs-portal style="--nextjs-dev-tools-scale: 1;"></nextjs-portal></script><next-route-announcer style="position: absolute;"></next-route-announcer></body></html>

[1A[2KDEBUG: Failed Content End ----------------

[1A[2K  1) [chromium] › e2e/agent-flow.spec.ts:13:7 › Agent Workspace › should list claims and allow triage 

    Error: [2mexpect([22m[31mlocator[39m[2m).[22mtoBeVisible[2m([22m[2m)[22m failed

    Locator: locator('h1').filter({ hasText: 'Claim Details' })
    Expected: visible
    Timeout: 5000ms
    Error: element(s) not found

    Call log:
    [2m  - Expect "toBeVisible" with timeout 5000ms[22m
    [2m  - waiting for locator('h1').filter({ hasText: 'Claim Details' })[22m


      25 |     // Verify Detail Page
      26 |     try {
    > 27 |       await expect(agentPage.locator('h1', { hasText: 'Claim Details' })).toBeVisible({
         |                                                                           ^
      28 |         timeout: 5000,
      29 |       });
      30 |     } catch (e) {
        at /Users/arbenlila/development/interdomestikv2/apps/web/e2e/agent-flow.spec.ts:27:75

    Error Context: test-results/agent-flow-Agent-Workspace-84d8f-ist-claims-and-allow-triage-chromium/error-context.md


[1A[2K[9/9] [webkit] › e2e/agent-flow.spec.ts:64:7 › Agent Workspace › should protect agent routes from regular users
[1A[2K[firefox] › e2e/agent-flow.spec.ts:13:7 › Agent Workspace › should list claims and allow triage
DEBUG: Failed URL: http://localhost:3000/sq/agent/claims

[1A[2KDEBUG: Failed Content Start ----------------

[1A[2K<!DOCTYPE html><html lang="sq"><head><meta charset="utf-8"><meta name="viewport" content="width=device-width, initial-scale=1"><link rel="stylesheet" href="/_next/static/css/app/%5Blocale%5D/layout.css?v=1765921577346" data-precedence="next_static/css/app/[locale]/layout.css"><link rel="preload" as="script" fetchpriority="low" href="/_next/static/chunks/webpack.js?v=1765921577346"><script src="/_next/static/chunks/main-app.js?v=1765921577346" async=""></script><script src="/_next/static/chunks/app-pages-internals.js" async=""></script><script src="/_next/static/chunks/app/%5Blocale%5D/layout.js" async=""></script><script src="/_next/static/chunks/app/%5Blocale%5D/page.js" async=""></script><script src="/_next/static/chunks/app/%5Blocale%5D/(agent)/agent/claims/page.js" async=""></script><script src="/_next/static/chunks/app/%5Blocale%5D/(agent)/layout.js" async=""></script><title>Interdomestik - Mbrojtja e Konsumatorit</title><meta name="description" content="Platforma #1 për mbrojtjen e konsumatorit dhe menaxhimin e ankesave në Ballkan"><meta name="author" content="Interdomestik"><meta name="keywords" content="consumer protection,claims,disputes,balkans,kosovo,albania"><meta property="og:title" content="Interdomestik - Mbrojtja e Konsumatorit"><meta property="og:description" content="Platforma #1 për mbrojtjen e konsumatorit dhe menaxhimin e ankesave në Ballkan"><meta property="og:site_name" content="Interdomestik"><meta property="og:locale" content="sq_AL"><meta property="og:type" content="website"><meta name="twitter:card" content="summary"><meta name="twitter:title" content="Interdomestik - Mbrojtja e Konsumatorit"><meta name="twitter:description" content="Platforma #1 për mbrojtjen e konsumatorit dhe menaxhimin e ankesave në Ballkan"><script src="/_next/static/chunks/polyfills.js" nomodule=""></script><style>@font-face{font-family:'__nextjs-Geist';font-style:normal;font-weight:400 600;font-display:swap;src:url(/__nextjs_font/geist-latin-ext.woff2) format('woff2');unicode-range:U+0100-02BA,U+02BD-02C5,U+02C7-02CC,U+02CE-02D7,U+02DD-02FF,U+0304,U+0308,U+0329,U+1D00-1DBF,U+1E00-1E9F,U+1EF2-1EFF,U+2020,U+20A0-20AB,U+20AD-20C0,U+2113,U+2C60-2C7F,U+A720-A7FF}@font-face{font-family:'__nextjs-Geist Mono';font-style:normal;font-weight:400 600;font-display:swap;src:url(/__nextjs_font/geist-mono-latin-ext.woff2) format('woff2');unicode-range:U+0100-02BA,U+02BD-02C5,U+02C7-02CC,U+02CE-02D7,U+02DD-02FF,U+0304,U+0308,U+0329,U+1D00-1DBF,U+1E00-1E9F,U+1EF2-1EFF,U+2020,U+20A0-20AB,U+20AD-20C0,U+2113,U+2C60-2C7F,U+A720-A7FF}@font-face{font-family:'__nextjs-Geist';font-style:normal;font-weight:400 600;font-display:swap;src:url(/__nextjs_font/geist-latin.woff2) format('woff2');unicode-range:U+0000-00FF,U+0131,U+0152-0153,U+02BB-02BC,U+02C6,U+02DA,U+02DC,U+0304,U+0308,U+0329,U+2000-206F,U+20AC,U+2122,U+2191,U+2193,U+2212,U+2215,U+FEFF,U+FFFD}@font-face{font-family:'__nextjs-Geist Mono';font-style:normal;font-weight:400 600;font-display:swap;src:url(/__nextjs_font/geist-mono-latin.woff2) format('woff2');unicode-range:U+0000-00FF,U+0131,U+0152-0153,U+02BB-02BC,U+02C6,U+02DA,U+02DC,U+0304,U+0308,U+0329,U+2000-206F,U+20AC,U+2122,U+2191,U+2193,U+2212,U+2215,U+FEFF,U+FFFD}</style></head><body class="antialiased"><div hidden=""><!--$--><!--/$--></div><div class="flex min-h-screen flex-col bg-muted/10"><header class="sticky top-0 z-50 w-full border-b bg-background/95 backdrop-blur supports-[backdrop-filter]:bg-background/60"><div class="container flex h-14 items-center"><div class="mr-4 hidden md:flex"><a class="mr-6 flex items-center space-x-2" href="/"><span class="hidden font-bold sm:inline-block">Interdomestik <span class="text-primary">Agent</span></span></a><nav class="flex items-center space-x-6 text-sm font-medium"><a class="transition-colors hover:text-foreground/80 text-foreground" href="/agent">Dashboard</a><a class="transition-colors hover:text-foreground/80 text-foreground/60" href="/agent/claims">Claims</a></nav></div><div class="flex flex-1 items-center justify-between space-x-2 md:justify-end"><div class="w-full flex-1 md:w-auto md:flex-none"></div><div class="text-xs text-muted-foreground mr-4">agent@interdomestik.com<!-- --> (<!-- -->agent<!-- -->)</div></div></div></header><main class="flex-1 container py-6"><div class="space-y-6"><div class="flex items-center justify-between"><div><h1 class="text-3xl font-bold tracking-tight">Claims Queue</h1><p class="text-muted-foreground">Manage and triage all submitted claims.</p></div></div><div class="rounded-md border bg-background"><div class="relative w-full overflow-auto"><table class="w-full caption-bottom text-sm"><thead class="[&amp;_tr]:border-b"><tr class="border-b transition-colors hover:bg-muted/50 data-[state=selected]:bg-muted"><th class="h-10 px-2 text-left align-middle font-medium text-muted-foreground [&amp;:has([role=checkbox])]:pr-0 [button]:bg-transparent">Claimant</th><th class="h-10 px-2 text-left align-middle font-medium text-muted-foreground [&amp;:has([role=checkbox])]:pr-0 [button]:bg-transparent">Claim</th><th class="h-10 px-2 text-left align-middle font-medium text-muted-foreground [&amp;:has([role=checkbox])]:pr-0 [button]:bg-transparent">Status</th><th class="h-10 px-2 text-left align-middle font-medium text-muted-foreground [&amp;:has([role=checkbox])]:pr-0 [button]:bg-transparent">Amount</th><th class="h-10 px-2 text-left align-middle font-medium text-muted-foreground [&amp;:has([role=checkbox])]:pr-0 [button]:bg-transparent">Date</th><th class="h-10 px-2 align-middle font-medium text-muted-foreground [&amp;:has([role=checkbox])]:pr-0 [button]:bg-transparent text-right">Actions</th></tr></thead><tbody class="[&amp;_tr:last-child]:border-0"><tr class="border-b transition-colors hover:bg-muted/50 data-[state=selected]:bg-muted"><td class="p-2 align-middle [&amp;:has([role=checkbox])]:pr-0"><div class="flex flex-col"><span class="font-medium">Arben Lila</span><span class="text-xs text-muted-foreground">arben.lila@gmail.com</span></div></td><td class="p-2 align-middle [&amp;:has([role=checkbox])]:pr-0"><div class="font-medium">Flight delay</div><div class="text-xs text-muted-foreground">Lufthansa</div></td><td class="p-2 align-middle [&amp;:has([role=checkbox])]:pr-0"><div class="inline-flex items-center rounded-full border px-2.5 py-0.5 text-xs font-semibold transition-colors focus:outline-none focus:ring-2 focus:ring-ring focus:ring-offset-2 badge-glow border-transparent bg-[hsl(var(--secondary))] text-[hsl(var(--secondary-foreground))] capitalize">Submitted</div></td><td class="p-2 align-middle [&amp;:has([role=checkbox])]:pr-0">300.00 EUR</td><td class="p-2 align-middle [&amp;:has([role=checkbox])]:pr-0">12/15/2025</td><td class="p-2 align-middle [&amp;:has([role=checkbox])]:pr-0 text-right"><a class="inline-flex items-center justify-center whitespace-nowrap text-sm font-medium ring-offset-background transition-all duration-200 focus-visible:outline-none focus-visible:ring-2 focus-visible:ring-ring focus-visible:ring-offset-2 disabled:pointer-events-none disabled:opacity-50 interactive-press border border-[hsl(var(--border))] bg-transparent hover:bg-[hsl(var(--muted-100))] hover:text-[hsl(var(--foreground))] h-9 rounded-md px-3" href="/sq/agent/claims/eBRc7dIzwrjUh0KTUQsJ1">Review</a></td></tr><tr class="border-b transition-colors hover:bg-muted/50 data-[state=selected]:bg-muted"><td class="p-2 align-middle [&amp;:has([role=checkbox])]:pr-0"><div class="flex flex-col"><span class="font-medium">Test Member</span><span class="text-xs text-muted-foreground">test@interdomestik.com</span></div></td><td class="p-2 align-middle [&amp;:has([role=checkbox])]:pr-0"><div class="font-medium">Car Accident - Rear Ended</div><div class="text-xs text-muted-foreground">Sigal</div></td><td class="p-2 align-middle [&amp;:has([role=checkbox])]:pr-0"><div class="inline-flex items-center rounded-full border px-2.5 py-0.5 text-xs font-semibold transition-colors focus:outline-none focus:ring-2 focus:ring-ring focus:ring-offset-2 badge-glow border-transparent bg-[hsl(var(--secondary))] text-[hsl(var(--secondary-foreground))] capitalize">Submitted</div></td><td class="p-2 align-middle [&amp;:has([role=checkbox])]:pr-0">1200.00 EUR</td><td class="p-2 align-middle [&amp;:has([role=checkbox])]:pr-0">12/14/2025</td><td class="p-2 align-middle [&amp;:has([role=checkbox])]:pr-0 text-right"><a class="inline-flex items-center justify-center whitespace-nowrap text-sm font-medium ring-offset-background transition-all duration-200 focus-visible:outline-none focus-visible:ring-2 focus-visible:ring-ring focus-visible:ring-offset-2 disabled:pointer-events-none disabled:opacity-50 interactive-press border border-[hsl(var(--border))] bg-transparent hover:bg-[hsl(var(--muted-100))] hover:text-[hsl(var(--foreground))] h-9 rounded-md px-3" href="/sq/agent/claims/claim-1">Review</a></td></tr><tr class="border-b transition-colors hover:bg-muted/50 data-[state=selected]:bg-muted"><td class="p-2 align-middle [&amp;:has([role=checkbox])]:pr-0"><div class="flex flex-col"><span class="font-medium">Test Member</span><span class="text-xs text-muted-foreground">test@interdomestik.com</span></div></td><td class="p-2 align-middle [&amp;:has([role=checkbox])]:pr-0"><div class="font-medium">Flight Delay to Munich</div><div class="text-xs text-muted-foreground">Austrian Airlines</div></td><td class="p-2 align-middle [&amp;:has([role=checkbox])]:pr-0"><div class="inline-flex items-center rounded-full border px-2.5 py-0.5 text-xs font-semibold transition-colors focus:outline-none focus:ring-2 focus:ring-ring focus:ring-offset-2 badge-glow text-foreground">verification</div></td><td class="p-2 align-middle [&amp;:has([role=checkbox])]:pr-0">600.00 EUR</td><td class="p-2 align-middle [&amp;:has([role=checkbox])]:pr-0">12/11/2025</td><td class="p-2 align-middle [&amp;:has([role=checkbox])]:pr-0 text-right"><a class="inline-flex items-center justify-center whitespace-nowrap text-sm font-medium ring-offset-background transition-all duration-200 focus-visible:outline-none focus-visible:ring-2 focus-visible:ring-ring focus-visible:ring-offset-2 disabled:pointer-events-none disabled:opacity-50 interactive-press border border-[hsl(var(--border))] bg-transparent hover:bg-[hsl(var(--muted-100))] hover:text-[hsl(var(--foreground))] h-9 rounded-md px-3" href="/sq/agent/claims/claim-2">Review</a></td></tr><tr class="border-b transition-colors hover:bg-muted/50 data-[state=selected]:bg-muted"><td class="p-2 align-middle [&amp;:has([role=checkbox])]:pr-0"><div class="flex flex-col"><span class="font-medium">Test Member</span><span class="text-xs text-muted-foreground">test@interdomestik.com</span></div></td><td class="p-2 align-middle [&amp;:has([role=checkbox])]:pr-0"><div class="font-medium">Defective Laptop</div><div class="text-xs text-muted-foreground">TechnoMarket</div></td><td class="p-2 align-middle [&amp;:has([role=checkbox])]:pr-0"><div class="inline-flex items-center rounded-full border px-2.5 py-0.5 text-xs font-semibold transition-colors focus:outline-none focus:ring-2 focus:ring-ring focus:ring-offset-2 badge-glow text-foreground">evaluation</div></td><td class="p-2 align-middle [&amp;:has([role=checkbox])]:pr-0">850.00 EUR</td><td class="p-2 align-middle [&amp;:has([role=checkbox])]:pr-0">12/6/2025</td><td class="p-2 align-middle [&amp;:has([role=checkbox])]:pr-0 text-right"><a class="inline-flex items-center justify-center whitespace-nowrap text-sm font-medium ring-offset-background transition-all duration-200 focus-visible:outline-none focus-visible:ring-2 focus-visible:ring-ring focus-visible:ring-offset-2 disabled:pointer-events-none disabled:opacity-50 interactive-press border border-[hsl(var(--border))] bg-transparent hover:bg-[hsl(var(--muted-100))] hover:text-[hsl(var(--foreground))] h-9 rounded-md px-3" href="/sq/agent/claims/claim-3">Review</a></td></tr><tr class="border-b transition-colors hover:bg-muted/50 data-[state=selected]:bg-muted"><td class="p-2 align-middle [&amp;:has([role=checkbox])]:pr-0"><div class="flex flex-col"><span class="font-medium">Test Member</span><span class="text-xs text-muted-foreground">test@interdomestik.com</span></div></td><td class="p-2 align-middle [&amp;:has([role=checkbox])]:pr-0"><div class="font-medium">Water Damage in Apartment</div><div class="text-xs text-muted-foreground">Building Mgmt</div></td><td class="p-2 align-middle [&amp;:has([role=checkbox])]:pr-0"><div class="inline-flex items-center rounded-full border px-2.5 py-0.5 text-xs font-semibold transition-colors focus:outline-none focus:ring-2 focus:ring-ring focus:ring-offset-2 badge-glow text-foreground">negotiation</div></td><td class="p-2 align-middle [&amp;:has([role=checkbox])]:pr-0">2500.00 EUR</td><td class="p-2 align-middle [&amp;:has([role=checkbox])]:pr-0">11/26/2025</td><td class="p-2 align-middle [&amp;:has([role=checkbox])]:pr-0 text-right"><a class="inline-flex items-center justify-center whitespace-nowrap text-sm font-medium ring-offset-background transition-all duration-200 focus-visible:outline-none focus-visible:ring-2 focus-visible:ring-ring focus-visible:ring-offset-2 disabled:pointer-events-none disabled:opacity-50 interactive-press border border-[hsl(var(--border))] bg-transparent hover:bg-[hsl(var(--muted-100))] hover:text-[hsl(var(--foreground))] h-9 rounded-md px-3" href="/sq/agent/claims/claim-4">Review</a></td></tr><tr class="border-b transition-colors hover:bg-muted/50 data-[state=selected]:bg-muted"><td class="p-2 align-middle [&amp;:has([role=checkbox])]:pr-0"><div class="flex flex-col"><span class="font-medium">Test Member</span><span class="text-xs text-muted-foreground">test@interdomestik.com</span></div></td><td class="p-2 align-middle [&amp;:has([role=checkbox])]:pr-0"><div class="font-medium">Rejected Insurance Claim</div><div class="text-xs text-muted-foreground">Illyria</div></td><td class="p-2 align-middle [&amp;:has([role=checkbox])]:pr-0"><div class="inline-flex items-center rounded-full border px-2.5 py-0.5 text-xs font-semibold transition-colors focus:outline-none focus:ring-2 focus:ring-ring focus:ring-offset-2 badge-glow border-transparent bg-[hsl(var(--destructive))] text-[hsl(var(--destructive-foreground))] capitalize">Rejected</div></td><td class="p-2 align-middle [&amp;:has([role=checkbox])]:pr-0">5000.00 EUR</td><td class="p-2 align-middle [&amp;:has([role=checkbox])]:pr-0">11/16/2025</td><td class="p-2 align-middle [&amp;:has([role=checkbox])]:pr-0 text-right"><a class="inline-flex items-center justify-center whitespace-nowrap text-sm font-medium ring-offset-background transition-all duration-200 focus-visible:outline-none focus-visible:ring-2 focus-visible:ring-ring focus-visible:ring-offset-2 disabled:pointer-events-none disabled:opacity-50 interactive-press border border-[hsl(var(--border))] bg-transparent hover:bg-[hsl(var(--muted-100))] hover:text-[hsl(var(--foreground))] h-9 rounded-md px-3" href="/sq/agent/claims/claim-5">Review</a></td></tr></tbody></table></div></div></div><!--$--><!--/$--></main></div><script id="_R_">self.__next_r="U8O3EgikTDH-MlhVsl4Op"</script><script src="/_next/static/chunks/webpack.js?v=1765921577346" async=""></script><script>(self.__next_f=self.__next_f||[]).push([0])</script><script>self.__next_f.push([1,"5:I[\"(app-pages-browser)/../../node_modules/.pnpm/next@16.0.10_@babel+core@7.28.5_@playwright+test@1.57.0_react-dom@19.2.3_react@19.2.3__react@19.2.3/node_modules/next/dist/next-devtools/userspace/app/segment-explorer-node.js\",[\"app-pages-internals\",\"static/chunks/app-pages-internals.js\"],\"SegmentViewNode\"]\n7:\"$Sreact.fragment\"\n15:I[\"(app-pages-browser)/../../node_modules/.pnpm/next@16.0.10_@babel+core@7.28.5_@playwright+test@1.57.0_react-dom@19.2.3_react@19.2.3__react@19.2.3/node_modules/next/dist/client/components/layout-router.js\",[\"app-pages-internals\",\"static/chunks/app-pages-internals.js\"],\"\"]\n17:I[\"(app-pages-browser)/../../node_modules/.pnpm/next@16.0.10_@babel+core@7.28.5_@playwright+test@1.57.0_react-dom@19.2.3_react@19.2.3__react@19.2.3/node_modules/next/dist/client/components/render-from-template-context.js\",[\"app-pages-internals\",\"static/chunks/app-pages-internals.js\"],\"\"]\n49:I[\"(app-pages-browser)/../../node_modules/.pnpm/next@16.0.10_@babel+core@7.28.5_@playwright+test@1.57.0_react-dom@19.2.3_react@19.2.3__react@19.2.3/node_modules/next/dist/lib/framework/boundary-components.js\",[\"app-pages-internals\",\"static/chunks/app-pages-internals.js\"],\"OutletBoundary\"]\n4b:\"$Sreact.suspense\"\n54:I[\"(app-pages-browser)/../../node_modules/.pnpm/next@16.0.10_@babel+core@7.28.5_@playwright+test@1.57.0_react-dom@19.2.3_react@19.2.3__react@19.2.3/node_modules/next/dist/lib/framework/boundary-components.js\",[\"app-pages-internals\",\"static/chunks/app-pages-internals.js\"],\"ViewportBoundary\"]\n5a:I[\"(app-pages-browser)/../../node_modules/.pnpm/next@16.0.10_@babel+core@7.28.5_@playwright+test@1.57.0_react-dom@19.2.3_react@19.2.3__react@19.2.3/node_modules/next/dist/lib/framework/boundary-components.js\",[\"app-pages-internals\",\"static/chunks/app-pages-internals.js\"],\"MetadataBoundary\"]\n5e:I[\"(app-pages-browser)/../../node_modules/.pnpm/next@16.0.10_@babel+core@7.28.5_@playwright+test@1.57.0_react-dom@19.2.3_react@19.2.3__react@19.2.3/node_modules/next/dist/client/components/builtin/global-error.js\",[\"app-pages-internals\",\"static/chunks/app-pages-internals.js\"],\"\"]\n61:I[\"(app-pages-browser)/./src/components/locale-html.tsx\",[\"app/[locale]/layout\",\"static/chunks/app/%5Blocale%5D/layout.js\"],\"LocaleHtmlUpdater\"]\n65:I[\"(app-pages-browser)/../../node_modules/.pnpm/next-intl@4.6.0_next@16.0.10_@babel+core@7.28.5_@playwright+test@1.57.0_react-dom@19.2._c22e94f9b2b0bf63fba8eb90ab2d7698/node_modules/next-intl/dist/esm/development/shared/NextIntlClientProvider.js\",[\"app/[locale]/page\",\"static/chunks/app/%5Blocale%5D/page.js\"],\"default\"]\n:HL[\"/_next/static/css/app/%5Blocale%5D/layout.css?v=1765921577346\",\"style\"]\n:N1765921577347.3845\n3:\"$EObject.defineProperty(()=\u003e{ctx.componentMod.preloadStyle(fullHref,ctx.renderOpts.crossOrigin,ctx.nonce)},\\\"name\\\",{value:\\\"\\\"})\"\n2:{\"name\":\"Preloads\",\"key\":null,\"env\":\"Server\",\"stack\":[],\"props\":{\"preloadCallbacks\":[\"$3\"]}}\n4:[]\n6:[]\na:I[\"(app-pages-browser)/../../node_modules/.pnpm/next@16.0.10_@babel+core@7.28.5_@playwright+test@1.57.0_react-dom@19.2.3_react@19.2.3__react@19.2.3/node_modules/next/dist/client/components/layout-router.js\",[\"app-pages-internals\",\"static/chunks/app-pages-internals.js\"],\"\"]\nd:I[\"(app-pages-browser)/../../node_modules/.pnpm/next@16.0.10_@babel+core@7.28.5_@playwright+test@1.57.0_react-dom@19.2.3_react@19.2.3__react@19.2.3/node_modules/next/dist/client/components/render-from-template-context.js\",[\"app-pages-internals\",\"static/chunks/app-pages-internals.js\"],\"\"]\ne:{}\nf:[[\"Promise.all\",\"\",0,0,0,0,true]]\nc:{\"children\":[\"$\",\"$Ld\",null,\"$e\",null,\"$f\",1]}\n10:[[\"Promise.all\",\"\",0,0,0,0,true]]\nb:{\"parallelRouterKey\":\"children\",\"error\":\"$undefined\",\"errorStyles\":\"$undefined\",\"errorScripts\":\"$undefined\",\"template\":[\"$\",\"$7\",null,\"$c\",null,\"$10\",0],\"templateStyles\":\"$undefined\",\"templateScripts\":\"$undefined\",\"notFound\":\"$Y\",\"forbidden\":\"$undefined\",\"unauthorized\":\"$undefined\",\"segmentViewBoundaries\":\"$Y\"}\n11:[[\"Promise.all\",\"\",0,0,0,0,true]]\n9:{\"name\":\"RootLayout\",\"key\":null,\"env\":\"Server\",\"stack\":[],\"props\":{\"children\":[\"$\",\"$La\",null,\"$b\",null,\"$11\",1],\"params\":\"$Y\"}}\n12:[[\"RootLayout\",\"web"])</script><script>self.__next_f.push([1,"pack-internal:///(rsc)/./src/app/layout.tsx\",12,87,11,1,false]]\n13:[[\"RootLayout\",\"webpack-internal:///(rsc)/./src/app/layout.tsx\",15,94,11,1,false]]\n14:[[\"Promise.all\",\"\",0,0,0,0,true]]\n16:[[\"Promise.all\",\"\",0,0,0,0,true]]\n18:[]\n1a:{\"name\":\"NotFound\",\"key\":null,\"env\":\"Server\",\"stack\":[],\"props\":{}}\n1b:{\"name\":\"HTTPAccessErrorFallback\",\"key\":null,\"env\":\"Server\",\"owner\":\"$1a\",\"stack\":[],\"props\":{\"status\":404,\"message\":\"This page could not be found.\"}}\n1c:[]\n1d:[]\n1e:[]\n1f:[]\n20:[]\n21:[]\n22:[]\n23:[[\"Promise.all\",\"\",0,0,0,0,true]]\n24:[[\"Promise.all\",\"\",0,0,0,0,true]]\n25:[[\"Promise.all\",\"\",0,0,0,0,true]]\n26:[[\"Promise.all\",\"\",0,0,0,0,true]]\n27:[[\"Array.map\",\"\",0,0,0,0,false],[\"Array.map\",\"\",0,0,0,0,false]]\n2c:{}\n2d:[[\"Promise.all\",\"\",0,0,0,0,true],[\"Promise.all\",\"\",0,0,0,0,true]]\n2b:{\"children\":[\"$\",\"$L17\",null,\"$2c\",null,\"$2d\",1]}\n2e:[[\"Promise.all\",\"\",0,0,0,0,true],[\"Promise.all\",\"\",0,0,0,0,true]]\n2a:{\"parallelRouterKey\":\"children\",\"error\":\"$undefined\",\"errorStyles\":\"$undefined\",\"errorScripts\":\"$undefined\",\"template\":[\"$\",\"$7\",null,\"$2b\",null,\"$2e\",0],\"templateStyles\":\"$undefined\",\"templateScripts\":\"$undefined\",\"notFound\":\"$undefined\",\"forbidden\":\"$undefined\",\"unauthorized\":\"$undefined\",\"segmentViewBoundaries\":\"$Y\"}\n2f:[[\"Promise.all\",\"\",0,0,0,0,true],[\"Promise.all\",\"\",0,0,0,0,true]]\n29:{\"name\":\"RootLayout\",\"key\":null,\"env\":\"Server\",\"stack\":[[\"Promise.all\",\"\",0,0,0,0,true]],\"props\":{\"children\":[\"$\",\"$L15\",null,\"$2a\",null,\"$2f\",1],\"params\":\"$Y\"}}\n30:[[\"Promise.all\",\"\",0,0,0,0,true],[\"Promise.all\",\"\",0,0,0,0,true]]\n31:[[\"Promise.all\",\"\",0,0,0,0,true],[\"Promise.all\",\"\",0,0,0,0,true]]\n36:{}\n37:[[\"Promise.all\",\"\",0,0,0,0,true],[\"Promise.all\",\"\",0,0,0,0,true],[\"Promise.all\",\"\",0,0,0,0,true]]\n35:{\"children\":[\"$\",\"$L17\",null,\"$36\",null,\"$37\",1]}\n38:[[\"Promise.all\",\"\",0,0,0,0,true],[\"Promise.all\",\"\",0,0,0,0,true],[\"Promise.all\",\"\",0,0,0,0,true]]\n34:{\"parallelRouterKey\":\"children\",\"error\":\"$undefined\",\"errorStyles\":\"$undefined\",\"errorScripts\":\"$undefined\",\"template\":[\"$\",\"$7\",null,\"$35\",null,\"$38\",0],\"templateStyles\":\"$undefined\",\"templateScripts\":\"$undefined\",\"notFound\":\"$undefined\",\"forbidden\":\"$undefined\",\"unauthorized\":\"$undefined\",\"segmentViewBoundaries\":\"$Y\"}\n39:[[\"Promise.all\",\"\",0,0,0,0,true],[\"Promise.all\",\"\",0,0,0,0,true],[\"Promise.all\",\"\",0,0,0,0,true]]\n33:{\"name\":\"AgentLayout\",\"key\":null,\"env\":\"Server\",\"stack\":[[\"Promise.all\",\"\",0,0,0,0,true],[\"Promise.all\",\"\",0,0,0,0,true]],\"props\":{\"children\":[\"$\",\"$L15\",null,\"$34\",null,\"$39\",1],\"params\":\"$Y\"}}\n3a:[[\"Promise.all\",\"\",0,0,0,0,true],[\"Promise.all\",\"\",0,0,0,0,true],[\"Promise.all\",\"\",0,0,0,0,true]]\n3b:[[\"Promise.all\",\"\",0,0,0,0,true],[\"Promise.all\",\"\",0,0,0,0,true],[\"Promise.all\",\"\",0,0,0,0,true]]\n3c:[[\"Promise.all\",\"\",0,0,0,0,true],[\"Promise.all\",\"\",0,0,0,0,true],[\"Promise.all\",\"\",0,0,0,0,true]]\n3d:[[\"Promise.all\",\"\",0,0,0,0,true],[\"Promise.all\",\"\",0,0,0,0,true],[\"Promise.all\",\"\",0,0,0,0,true]]\n3e:[[\"Promise.all\",\"\",0,0,0,0,true],[\"Promise.all\",\"\",0,0,0,0,true],[\"Promise.all\",\"\",0,0,0,0,true]]\n3f:[[\"Promise.all\",\"\",0,0,0,0,true],[\"Promise.all\",\"\",0,0,0,0,true],[\"Promise.all\",\"\",0,0,0,0,true]]\n40:[[\"Promise.all\",\"\",0,0,0,0,true],[\"Promise.all\",\"\",0,0,0,0,true],[\"Promise.all\",\"\",0,0,0,0,true]]\n41:[[\"Promise.all\",\"\",0,0,0,0,true],[\"Promise.all\",\"\",0,0,0,0,true],[\"Promise.all\",\"\",0,0,0,0,true]]\n43:{\"name\":\"AgentClaimsPage\",\"key\":null,\"env\":\"Server\",\"stack\":[[\"Promise.all\",\"\",0,0,0,0,true],[\"Promise.all\",\"\",0,0,0,0,true],[\"Promise.all\",\"\",0,0,0,0,true]],\"props\":{\"params\":\"$@44\",\"searchParams\":\"$@45\"}}\n47:{\"name\":\"Next.MetadataOutlet\",\"key\":null,\"env\":\"Server\",\"stack\":[[\"Promise.all\",\"\",0,0,0,0,true],[\"Promise.all\",\"\",0,0,0,0,true],[\"Promise.all\",\"\",0,0,0,0,true]],\"props\":{}}\n48:[]\n4a:[]\n4d:[]\n"])</script><script>self.__next_f.push([1,"50:\"$EObject.defineProperty(function(type,config,children){for(var propName,i=2;i\u003carguments.length;i++)validateChildKeys(arguments[i]);i={};var key=null;if(null!=config)for(propName in didWarnAboutOldJSXRuntime||!(\\\"__self\\\"in config)||\\\"key\\\"in config||(didWarnAboutOldJSXRuntime=!0,console.warn(\\\"Your app (or one of its dependencies) is using an outdated JSX transform. Update to the modern JSX transform for faster performance: https://react.dev/link/new-jsx-transform\\\")),hasValidKey(config)\u0026\u0026(checkKeyStringCoercion(config.key),key=\\\"\\\"+config.key),config)hasOwnProperty.call(config,propName)\u0026\u0026\\\"key\\\"!==propName\u0026\u0026\\\"__self\\\"!==propName\u0026\u0026\\\"__source\\\"!==propName\u0026\u0026(i[propName]=config[propName]);var childrenLength=arguments.length-2;if(1===childrenLength)i.children=children;else if(1\u003cchildrenLength){for(var childArray=Array(childrenLength),_i=0;_i\u003cchildrenLength;_i++)childArray[_i]=arguments[_i+2];Object.freeze\u0026\u0026Object.freeze(childArray),i.children=childArray}if(type\u0026\u0026type.defaultProps)for(propName in childrenLength=type.defaultProps)void 0===i[propName]\u0026\u0026(i[propName]=childrenLength[propName]);return key\u0026\u0026function(props,displayName){function warnAboutAccessingKey(){specialPropKeyWarningShown||(specialPropKeyWarningShown=!0,console.error(\\\"%s: `key` is not a prop. Trying to access it will result in `undefined` being returned. If you need to access the same value within the child component, you should pass it as a different prop. (https://react.dev/link/special-props)\\\",displayName))}warnAboutAccessingKey.isReactWarning=!0,Object.defineProperty(props,\\\"key\\\",{get:warnAboutAccessingKey,configurable:!0})}(i,\\\"function\\\"==typeof type?type.displayName||type.name||\\\"Unknown\\\":type),(propName=1e4\u003eReactSharedInternals.recentlyCreatedOwnerStacks++)?(childArray=Error.stackTraceLimit,Error.stackTraceLimit=10,childrenLength=Error(\\\"react-stack-top-frame\\\"),Error.stackTraceLimit=childArray):childrenLength=unknownOwnerDebugStack,ReactElement(type,key,i,getOwner(),childrenLength,propName?createTask(getTaskName(type)):unknownOwnerDebugTask)},\\\"name\\\",{value:\\\"\\\"})\"\n"])</script><script>self.__next_f.push([1,"4f:{\"name\":\"NonIndex\",\"key\":null,\"env\":\"Server\",\"stack\":[],\"props\":{\"createElement\":\"$50\",\"pagePath\":\"/[locale]/agent/claims\",\"statusCode\":200,\"isPossibleServerAction\":false}}\n52:{\"name\":\"Next.Viewport\",\"key\":null,\"env\":\"Server\",\"stack\":[],\"props\":{}}\n53:[]\n57:{\"name\":\"Next.Metadata\",\"key\":null,\"env\":\"Server\",\"stack\":[],\"props\":{}}\n58:[]\n59:[]\n5b:[]\n5f:[]\n44:{\"locale\":\"sq\"}\n45:\n60:[[\"RootLayout\",\"webpack-internal:///(rsc)/./src/app/[locale]/layout.tsx\",69,88,57,1,false]]\n"])</script><script>self.__next_f.push([1,"63:{\"name\":\"NextIntlClientProviderServer\",\"key\":null,\"env\":\"Server\",\"owner\":\"$29\",\"stack\":[[\"RootLayout\",\"webpack-internal:///(rsc)/./src/app/[locale]/layout.tsx\",76,88,57,1,false]],\"props\":{\"messages\":{\"metadata\":{\"title\":\"Interdomestik - Mbrojtja e Konsumatorit\",\"description\":\"Platforma #1 për mbrojtjen e konsumatorit dhe menaxhimin e ankesave në Ballkan\"},\"common\":{\"appName\":\"Interdomestik\",\"loading\":\"Duke u ngarkuar...\",\"save\":\"Ruaj\",\"cancel\":\"Anulo\",\"submit\":\"Dërgo\",\"delete\":\"Fshij\",\"edit\":\"Redakto\",\"view\":\"Shiko\",\"back\":\"Kthehu\",\"next\":\"Vazhdo\",\"previous\":\"Prapa\",\"search\":\"Kërko\",\"filter\":\"Filtro\",\"all\":\"Të gjitha\",\"none\":\"Asnjë\",\"yes\":\"Po\",\"no\":\"Jo\",\"or\":\"ose\",\"and\":\"dhe\"},\"nav\":{\"home\":\"Ballina\",\"dashboard\":\"Paneli\",\"claims\":\"Ankesat\",\"newClaim\":\"Ankesë e Re\",\"documents\":\"Dokumentet\",\"messages\":\"Mesazhet\",\"settings\":\"Cilësimet\",\"profile\":\"Profili\",\"logout\":\"Dil\",\"login\":\"Hyr\",\"register\":\"Regjistrohu\",\"pricing\":\"Çmimet\",\"about\":\"Rreth Nesh\",\"contact\":\"Kontakti\",\"help\":\"Ndihmë\"},\"hero\":{\"badge\":\"Asistenti Juaj i Besuar\",\"title\":\"Filloni Ankesën Tuaj në Minuta\",\"subtitle\":\"Ne jemi ndërmjetës dëmesh (jo shërbim emergjent). Trajtojmë ankesat me profesionalizëm — nga kontakti i parë deri në pagesën finale. Aksidente automjetesh, dëme prone, lëndime personale, dhe më shumë.\",\"cta\":\"Filloni Ankesën\",\"callNow\":\"Na Telefononi Tani\",\"whatsappCta\":\"Chat në WhatsApp\",\"secondaryCta\":\"Shikoni Çmimet\",\"trustedBy\":\"Besuar nga qytetarë në të gjithë Ballkanin\",\"responseTime\":\"Përgjigje brenda \u003c24h\",\"noWinNoFee\":\"Pa Fitim, Pa Pagesë\",\"rating\":\"4.9★ Vlerësim\",\"claimAdjuster\":\"Ndërmjetës dëmesh (jo shërbim emergjent)\",\"ctaTitle\":\"Gati për të Marrë Kompensimin Tuaj?\",\"ctaSubtitle\":\"Bashkohuni me mijëra klientë të kënaqur që na besuan me ankesat e tyre. Filloni sot dhe na lini të luftojmë për të drejtat tuaja.\"},\"features\":{\"title\":\"Gjithçka që ju nevojitet për të mbrojtur të drejtat tuaja\",\"claimManagement\":{\"title\":\"Menaxhimi i Ankesave\",\"description\":\"Krijoni dhe ndiqni ankesat tuaja nga fillimi deri në përfundim me statusin në kohë reale.\"},\"professionalSupport\":\"$Y\",\"documentManagement\":\"$Y\",\"messaging\":\"$Y\"},\"pricing\":\"$Y\",\"auth\":\"$Y\",\"claims\":\"$Y\",\"dashboard\":\"$Y\",\"footer\":\"$Y\",\"services\":\"$Y\",\"servicesPage\":\"$Y\",\"evidence\":\"$Y\",\"settings\":\"$Y\",\"trust\":\"$Y\",\"timeline\":\"$Y\",\"claimCategories\":\"$Y\",\"howItWorks\":\"$Y\"},\"locale\":\"sq\",\"children\":\"$29:props:children\"}}\n"])</script><script>self.__next_f.push([1,"64:[]\n67:[[\"Promise.all\",\"\",0,0,0,0,true],[\"Promise.all\",\"\",0,0,0,0,true]]\n68:[[\"Promise.all\",\"\",0,0,0,0,true],[\"Promise.all\",\"\",0,0,0,0,true]]\n69:[]\n6a:[]\n6b:[]\n6c:[]\n6d:[[\"Array.map\",\"\",0,0,0,0,false]]\n6e:[]\n6f:[]\n70:[]\n71:[]\n72:[]\n73:[]\n74:[]\n75:[]\n76:[]\n1:D{\"time\":0.05962499999986903}\n1:D\"$2\"\n1:D{\"time\":0.07262500000069849}\n1:null\n8:D{\"time\":0.1994589999994787}\n8:D\"$9\"\n8:D{\"time\":0.23775000000023283}\n19:D{\"time\":0.2995840000003227}\n19:D\"$1a\"\n19:D{\"time\":0.31945900000027905}\n19:D\"$1b\"\n19:D{\"time\":0.3882919999996375}\n19:[[\"$\",\"title\",null,{\"children\":\"404: This page could not be found.\"},\"$1b\",\"$1c\",1],[\"$\",\"div\",null,{\"style\":{\"fontFamily\":\"system-ui,\\\"Segoe UI\\\",Roboto,Helvetica,Arial,sans-serif,\\\"Apple Color Emoji\\\",\\\"Segoe UI Emoji\\\"\",\"height\":\"100vh\",\"textAlign\":\"center\",\"display\":\"flex\",\"flexDirection\":\"column\",\"alignItems\":\"center\",\"justifyContent\":\"center\"},\"children\":[\"$\",\"div\",null,{\"children\":[[\"$\",\"style\",null,{\"dangerouslySetInnerHTML\":{\"__html\":\"body{color:#000;background:#fff;margin:0}.next-error-h1{border-right:1px solid rgba(0,0,0,.3)}@media (prefers-color-scheme:dark){body{color:#fff;background:#000}.next-error-h1{border-right:1px solid rgba(255,255,255,.3)}}\"}},\"$1b\",\"$1f\",1],[\"$\",\"h1\",null,{\"className\":\"next-error-h1\",\"style\":{\"display\":\"inline-block\",\"margin\":\"0 20px 0 0\",\"padding\":\"0 23px 0 0\",\"fontSize\":24,\"fontWeight\":500,\"verticalAlign\":\"top\",\"lineHeight\":\"49px\"},\"children\":404},\"$1b\",\"$20\",1],[\"$\",\"div\",null,{\"style\":{\"display\":\"inline-block\"},\"children\":[\"$\",\"h2\",null,{\"style\":{\"fontSize\":14,\"fontWeight\":400,\"lineHeight\":\"49px\",\"margin\":0},\"children\":\"This page could not be found.\"},\"$1b\",\"$22\",1]},\"$1b\",\"$21\",1]]},\"$1b\",\"$1e\",1]},\"$1b\",\"$1d\",1]]\n8:[\"$\",\"html\",null,{\"lang\":\"sq\",\"suppressHydrationWarning\":true,\"children\":[\"$\",\"body\",null,{\"className\":\"antialiased\",\"suppressHydrationWarning\":true,\"children\":[\"$\",\"$L15\",null,{\"parallelRouterKey\":\"children\",\"error\":\"$undefined\",\"errorStyles\":\"$undefined\",\"errorScripts\":\"$undefined\",\"template\":[\"$\",\"$L17\",null,{},null,\"$16\",1],\"templateStyles\":\"$undefined\",\"templateScripts\":\"$undefined\",\"notFound\":[\"$\",\"$L5\",\"c-not-found\",{\"type\":\"not-found\",\"pagePath\":\"__next_builtin__not-found.js\",\"children\":[\"$19\",[]]},null,\"$18\",0],\"forbidden\":\"$undefined\",\"unauthorized\":\"$undefined\",\"segmentViewBoundaries\":[[\"$\",\"$L5\",null,{\"type\":\"boundary:not-found\",\"pagePath\":\"__next_builtin__not-found.js@boundary\"},null,\"$23\",1],\"$undefined\",\"$undefined\",[\"$\",\"$L5\",null,{\"type\":\"boundary:global-error\",\"pagePath\":\"__next_builtin__global-error.js\"},null,\"$24\",1]]},null,\"$14\",1]},\"$9\",\"$13\",1]},\"$9\",\"$12\",1]\n28:D{\"time\":0.6305840000004537}\n28:D\"$29\"\n32:D{\"time\":0.8398749999996653}\n32:D\"$33\"\n42:D{\"time\":1.1917090000006283}\n42:D\"$43\"\n46:D{\"time\":1.3632500000003347}\n46:D\"$47\"\n46:D{\"time\":1.9484169999996084}\n46:[\"$\",\"$L49\",null,{\"children\":[\"$\",\"$4b\",null,{\"name\":\"Next.MetadataOutlet\",\"children\":\"$@4c\"},\"$47\",\"$4a\",1]},\"$47\",\"$48\",1]\n4e:D{\"time\":2.0675000000010186}\n4e:D\"$4f\"\n4e:D{\"time\":2.069999999999709}\n4e:null\n51:D{\"time\":2.089916999999332}\n51:D\"$52\"\n51:D{\"time\":2.133625000000393}\n51:[\"$\",\"$L54\",null,{\"children\":\"$@55\"},\"$52\",\"$53\",1]\n56:D{\"time\":2.218124999999418}\n56:D\"$57\"\n56:D{\"time\":2.2616670000006707}\n56:[\"$\",\"div\",null,{\"hidden\":true,\"children\":[\"$\",\"$L5a\",null,{\"children\":[\"$\",\"$4b\",null,{\"name\":\"Next.Metadata\",\"children\":\"$@5c\"},\"$57\",\"$5b\",1]},\"$57\",\"$59\",1]},\"$57\",\"$58\",1]\n5d:[]\n"])</script><script>self.__next_f.push([1,"0:{\"P\":\"$1\",\"b\":\"development\",\"c\":[\"\",\"sq\",\"agent\",\"claims\"],\"q\":\"\",\"i\":false,\"f\":[[[\"\",{\"children\":[[\"locale\",\"sq\",\"d\"],{\"children\":[\"(agent)\",{\"children\":[\"agent\",{\"children\":[\"claims\",{\"children\":[\"__PAGE__\",{}]}]}]}]}]},\"$undefined\",\"$undefined\",true],[[\"$\",\"$L5\",\"layout\",{\"type\":\"layout\",\"pagePath\":\"layout.tsx\",\"children\":[\"$\",\"$7\",\"c\",{\"children\":[null,\"$8\"]},null,\"$6\",1]},null,\"$4\",0],{\"children\":[[\"$\",\"$L5\",\"layout\",{\"type\":\"layout\",\"pagePath\":\"[locale]/layout.tsx\",\"children\":[\"$\",\"$7\",\"c\",{\"children\":[[[\"$\",\"link\",\"0\",{\"rel\":\"stylesheet\",\"href\":\"/_next/static/css/app/%5Blocale%5D/layout.css?v=1765921577346\",\"precedence\":\"next_static/css/app/[locale]/layout.css\",\"crossOrigin\":\"$undefined\",\"nonce\":\"$undefined\"},null,\"$27\",0]],\"$L28\"]},null,\"$26\",1]},null,\"$25\",0],{\"children\":[[\"$\",\"$L5\",\"layout\",{\"type\":\"layout\",\"pagePath\":\"[locale]/(agent)/layout.tsx\",\"children\":[\"$\",\"$7\",\"c\",{\"children\":[null,\"$L32\"]},null,\"$31\",1]},null,\"$30\",0],{\"children\":[[\"$\",\"$7\",\"c\",{\"children\":[null,[\"$\",\"$L15\",null,{\"parallelRouterKey\":\"children\",\"error\":\"$undefined\",\"errorStyles\":\"$undefined\",\"errorScripts\":\"$undefined\",\"template\":[\"$\",\"$L17\",null,{},null,\"$3c\",1],\"templateStyles\":\"$undefined\",\"templateScripts\":\"$undefined\",\"notFound\":\"$undefined\",\"forbidden\":\"$undefined\",\"unauthorized\":\"$undefined\",\"segmentViewBoundaries\":[\"$undefined\",\"$undefined\",\"$undefined\",\"$undefined\"]},null,\"$3b\",1]]},null,\"$3a\",0],{\"children\":[[\"$\",\"$7\",\"c\",{\"children\":[null,[\"$\",\"$L15\",null,{\"parallelRouterKey\":\"children\",\"error\":\"$undefined\",\"errorStyles\":\"$undefined\",\"errorScripts\":\"$undefined\",\"template\":[\"$\",\"$L17\",null,{},null,\"$3f\",1],\"templateStyles\":\"$undefined\",\"templateScripts\":\"$undefined\",\"notFound\":\"$undefined\",\"forbidden\":\"$undefined\",\"unauthorized\":\"$undefined\",\"segmentViewBoundaries\":[\"$undefined\",\"$undefined\",\"$undefined\",\"$undefined\"]},null,\"$3e\",1]]},null,\"$3d\",0],{\"children\":[[\"$\",\"$7\",\"c\",{\"children\":[[\"$\",\"$L5\",\"c-page\",{\"type\":\"page\",\"pagePath\":\"[locale]/(agent)/agent/claims/page.tsx\",\"children\":\"$L42\"},null,\"$41\",1],null,\"$46\"]},null,\"$40\",0],{},null,false,false]},null,false,false]},null,false,false]},null,false,false]},null,false,false]},null,false,false],[\"$\",\"$7\",\"h\",{\"children\":[\"$4e\",\"$51\",\"$56\",null]},null,\"$4d\",0],false]],\"m\":\"$W5d\",\"G\":[\"$5e\",[\"$\",\"$L5\",\"ge-svn\",{\"type\":\"global-error\",\"pagePath\":\"__next_builtin__global-error.js\",\"children\":[]},null,\"$5f\",0]],\"S\":false}\n"])</script><script>self.__next_f.push([1,"28:D{\"time\":3.4222499999996217}\n62:D{\"time\":3.463584000000992}\n62:D\"$63\"\n28:[[\"$\",\"$L61\",null,{\"locale\":\"sq\"},\"$29\",\"$60\",1],\"$L62\"]\n62:D{\"time\":4.109958999999435}\n"])</script><script>self.__next_f.push([1,"62:[\"$\",\"$L65\",null,{\"formats\":\"$undefined\",\"locale\":\"sq\",\"messages\":{\"metadata\":{\"title\":\"Interdomestik - Mbrojtja e Konsumatorit\",\"description\":\"Platforma #1 për mbrojtjen e konsumatorit dhe menaxhimin e ankesave në Ballkan\"},\"common\":{\"appName\":\"Interdomestik\",\"loading\":\"Duke u ngarkuar...\",\"save\":\"Ruaj\",\"cancel\":\"Anulo\",\"submit\":\"Dërgo\",\"delete\":\"Fshij\",\"edit\":\"Redakto\",\"view\":\"Shiko\",\"back\":\"Kthehu\",\"next\":\"Vazhdo\",\"previous\":\"Prapa\",\"search\":\"Kërko\",\"filter\":\"Filtro\",\"all\":\"Të gjitha\",\"none\":\"Asnjë\",\"yes\":\"Po\",\"no\":\"Jo\",\"or\":\"ose\",\"and\":\"dhe\"},\"nav\":{\"home\":\"Ballina\",\"dashboard\":\"Paneli\",\"claims\":\"Ankesat\",\"newClaim\":\"Ankesë e Re\",\"documents\":\"Dokumentet\",\"messages\":\"Mesazhet\",\"settings\":\"Cilësimet\",\"profile\":\"Profili\",\"logout\":\"Dil\",\"login\":\"Hyr\",\"register\":\"Regjistrohu\",\"pricing\":\"Çmimet\",\"about\":\"Rreth Nesh\",\"contact\":\"Kontakti\",\"help\":\"Ndihmë\"},\"hero\":{\"badge\":\"Asistenti Juaj i Besuar\",\"title\":\"Filloni Ankesën Tuaj në Minuta\",\"subtitle\":\"Ne jemi ndërmjetës dëmesh (jo shërbim emergjent). Trajtojmë ankesat me profesionalizëm — nga kontakti i parë deri në pagesën finale. Aksidente automjetesh, dëme prone, lëndime personale, dhe më shumë.\",\"cta\":\"Filloni Ankesën\",\"callNow\":\"Na Telefononi Tani\",\"whatsappCta\":\"Chat në WhatsApp\",\"secondaryCta\":\"Shikoni Çmimet\",\"trustedBy\":\"Besuar nga qytetarë në të gjithë Ballkanin\",\"responseTime\":\"Përgjigje brenda \u003c24h\",\"noWinNoFee\":\"Pa Fitim, Pa Pagesë\",\"rating\":\"4.9★ Vlerësim\",\"claimAdjuster\":\"Ndërmjetës dëmesh (jo shërbim emergjent)\",\"ctaTitle\":\"Gati për të Marrë Kompensimin Tuaj?\",\"ctaSubtitle\":\"Bashkohuni me mijëra klientë të kënaqur që na besuan me ankesat e tyre. Filloni sot dhe na lini të luftojmë për të drejtat tuaja.\"},\"features\":{\"title\":\"Gjithçka që ju nevojitet për të mbrojtur të drejtat tuaja\",\"claimManagement\":{\"title\":\"Menaxhimi i Ankesave\",\"description\":\"Krijoni dhe ndiqni ankesat tuaja nga fillimi deri në përfundim me statusin në kohë reale.\"},\"professionalSupport\":{\"title\":\"Mbështetje Profesionale\",\"description\":\"Agjentët tanë ekspertë do t'ju ndihmojnë në çdo hap të procesit.\"},\"documentManagement\":{\"title\":\"Menaxhimi i Dokumenteve\",\"description\":\"Ngarkoni dhe organizoni të gjitha dokumentet tuaja në një vend të sigurt.\"},\"messaging\":{\"title\":\"Komunikim i Sigurt\",\"description\":\"Komunikoni me agjentët dhe ndiqni të gjitha bisedat në një vend.\"}},\"pricing\":{\"title\":\"Çmime të Përballueshme\",\"subtitle\":\"Zgjidhni planin që i përshtatet nevojave tuaja\",\"monthly\":\"Mujore\",\"yearly\":\"Vjetore\",\"basic\":{\"name\":\"Bazik\",\"price\":\"€5\",\"period\":\"/muaj\",\"description\":\"Për përdorim personal të rastësishëm\",\"features\":[\"3 ankesa në vit\",\"Mbështetje me email\",\"Ngarkim dokumentesh\",\"Ndjekje e statusit\"]},\"standard\":{\"name\":\"Standard\",\"price\":\"€10\",\"period\":\"/muaj\",\"description\":\"Për përdorim të rregullt\",\"features\":[\"10 ankesa në vit\",\"Mbështetje prioritare\",\"Chat i drejtpërdrejtë\",\"Ndjekje e avancuar\"],\"popular\":\"Më Popullorja\"},\"premium\":{\"name\":\"Premium\",\"price\":\"€15\",\"period\":\"/muaj\",\"description\":\"Për mbrojtje të plotë\",\"features\":[\"Ankesa të pakufizuara\",\"Mbështetje VIP\",\"Thirrje telefonike\",\"Nënshkrim elektronik\",\"Përfaqësim ligjor\"]},\"cta\":\"Zgjidh Planin\"},\"auth\":{\"login\":{\"title\":\"Mirësevini Përsëri\",\"subtitle\":\"Hyni në llogarinë tuaj për të vazhduar\",\"email\":\"Adresa e Email-it\",\"password\":\"Fjalëkalimi\",\"rememberMe\":\"Më mbaj në mend\",\"forgotPassword\":\"Keni harruar fjalëkalimin?\",\"submit\":\"Hyr\",\"noAccount\":\"Nuk keni llogari?\",\"registerLink\":\"Regjistrohuni tani\"},\"register\":{\"title\":\"Krijoni Llogari\",\"subtitle\":\"Filloni të mbroni të drejtat tuaja sot\",\"fullName\":\"Emri i Plotë\",\"email\":\"Adresa e Email-it\",\"password\":\"Fjalëkalimi\",\"confirmPassword\":\"Konfirmoni Fjalëkalimin\",\"terms\":\"Pranoj Kushtet e Shërbimit dhe Politikën e Privatësisë\",\"submit\":\"Regjistrohu\",\"hasAccount\":\"Keni tashmë llogari?\",\"loginLink\":\"Hyni këtu\"}},\"claims\":{\"title\":\"Ankesat e Mia\",\"new\":\"Ankesë e Re\",\"empty\":{\"title\":\"Nuk keni ankesa ende\",\"description\":\"Filloni duke krijuar ankesën tuaj të parë\"},\"status\":{\"draft\":\"Draft\",\"submitted\":\"Dorëzuar\",\"assigned\":\"Caktuar\",\"investigating\":\"Në Hetim\",\"contacting\":\"Duke Kontaktuar\",\"negotiating\":\"Në Negociata\",\"mediation\":\"Ndërmjetësim\",\"resolved\":\"Zgjidhur\",\"closed\":\"Mbyllur\"},\"category\":{\"consumer\":\"Konsumator\",\"housing\":\"Strehim\",\"insurance\":\"Sigurim\",\"employment\":\"Punësim\",\"contracts\":\"Kontrata\",\"utilities\":\"Shërbime Komunale\"},\"priority\":{\"low\":\"I Ulët\",\"normal\":\"Normal\",\"high\":\"I Lartë\",\"urgent\":\"Urgjent\"},\"wizard\":{\"step1\":\"Kategoria\",\"step2\":\"Detajet\",\"step3\":\"Dokumentet\",\"step4\":\"Përfundimi\"}},\"dashboard\":{\"welcome\":\"Mirësevini, {name}!\",\"overview\":\"Përmbledhje\",\"activeClaims\":\"Ankesa Aktive\",\"resolvedClaims\":\"Ankesa të Zgjidhura\",\"pendingActions\":\"Veprime në Pritje\",\"recentActivity\":\"Aktiviteti i Fundit\",\"quickActions\":\"Veprime të Shpejta\"},\"footer\":{\"description\":\"Platforma #1 për mbrojtjen e konsumatorit në Ballkan. Ndihmojmë qytetarët të zgjidhin mosmarrëveshjet me kompani dhe institucione.\",\"company\":\"Kompania\",\"about\":\"Rreth Nesh\",\"careers\":\"Karriera\",\"press\":\"Shtypi\",\"legal\":\"Ligjore\",\"privacy\":\"Privatësia\",\"terms\":\"Kushtet\",\"cookies\":\"Cookies\",\"support\":\"Mbështetje\",\"help\":\"Qendra e Ndihmës\",\"contact\":\"Na Kontaktoni\",\"faq\":\"FAQ\",\"social\":\"Na Ndiqni\",\"hours\":\"Orari: {hours}\",\"copyright\":\"© {year} Interdomestik. Të gjitha të drejtat e rezervuara.\",\"disclaimer\":\"Shërbim i asistencës për ankesa. Nuk jemi zyrë avokatie. Nuk jemi shërbime emergjente.\"},\"services\":{\"speed\":{\"title\":\"Garancia e Shpejtësisë\",\"desc\":\"Ne shqyrtojmë të gjitha ankesat e reja brenda \u003cbold\u003e24 orëve të punës\u003c/bold\u003e. Nuk do të mbeteni duke pritur.\"},\"safety\":{\"title\":\"Pa fitim, pa pagesë\",\"desc\":\"Nuk paguani asgjë paraprakisht. Tarifa jonë e shërbimit zbritet vetëm nga kompensimi përfundimtar.\"}},\"servicesPage\":{\"badge\":\"Eksperienca Prime e Ankesave\",\"title\":\"Shihni çfarë zgjidhim dhe si punojmë\",\"subtitle\":\"Aksidente automjetesh, dëme prone, probleme shërbimesh, mosmarrëveshje punësimi/konsumatori — ekspertë lokalë në shqip/anglisht, përgjigje e shpejtë dhe ruajtje e sigurt e provave.\",\"startClaim\":\"Fillo ankesën\",\"whatsapp\":\"Chat në WhatsApp\",\"whatWeSolve\":\"Çfarë zgjidhim\",\"casesTitle\":\"Rastet kryesore që trajtojmë\",\"casesSubtitle\":\"Zgjidh kategorinë; ne të udhëzojmë me provat e sakta dhe hapat në vijim.\",\"cases\":[{\"title\":\"Automjete \u0026 Trafik\",\"description\":\"Përplasje, dëme nga palë të treta, goditje-dhe-ikje, mosmarrëveshje me qira.\"},{\"title\":\"Prona \u0026 Banesa\",\"description\":\"Zjarri/përmbytje/vjedhje, mosmarrëveshje me qiradhënësit, garancia e depozitës.\"},{\"title\":\"Shërbime \u0026 Komunale\",\"description\":\"Fatura ISP/telekom, ndërprerje, cilësia e shërbimit apo kontraktorëve.\"},{\"title\":\"Punësim \u0026 Konsumator\",\"description\":\"Pagat e papaguara, çështje kontrate, mallra me defekt, rimbursime/kthime.\"}],\"flightDelay\":{\"title\":\"Vonesa Fluturimi (EU261)\",\"description\":\"E drejtë deri në €600 kompensim për vonesa/anulime.\",\"cta\":\"Fillo ankesën e fluturimit\"},\"howItWorks\":\"Si funksionon\",\"stepsTitle\":\"Shpejtësi \u0026 siguri në katër hapa\",\"steps\":[{\"title\":\"Tregona bazat\",\"description\":\"Zgjidh kategorinë dhe shto detajet e shpejta.\"},{\"title\":\"Shto prova\",\"description\":\"Ngarko foto/fatura; ne kontrollojmë mime/masë dhe i etikojmë si PII.\"},{\"title\":\"Rishikim nën 24h\",\"description\":\"Sheh statusin + badge SLA në timeline.\"},{\"title\":\"Ne negociojmë për ty\",\"description\":\"Merr përditësime dhe rezultate në aplikacion.\"}],\"benefits\":\"Pse të na besoni\",\"benefitsTitle\":\"Shpejtësi, siguri, mbështetje\",\"benefit\":{\"speed\":{\"title\":\"Përgjigje e shpejtë\",\"description\":\"Rishikim nën 24h për ankesat e reja; SLA e dukshme në timeline.\"},\"safety\":{\"title\":\"Ngarkime të sigurta\",\"description\":\"URL të nënshkruara, kontroll mime/masash, ruajtje me shenjë PII, njoftim privatësie në rishikim.\"},\"people\":{\"title\":\"Ekspertë vendorë\",\"description\":\"Ndërmjetës dëmesh nga Ballkani me mbështetje shqip/anglisht dhe opsione kontakti të qarta.\"}},\"faqTitle\":\"Pyetje të shpeshta\",\"faq\":[{\"question\":\"A duhet patjetër provë për të nisur?\",\"answer\":\"Mund të dërgoni pa prova, por rezultati është më i shpejtë me fatura/foto. Shtoji tani ose më vonë.\"},{\"question\":\"Sa shpejt përgjigjeni?\",\"answer\":\"Synojmë nën 24h për ankesat e reja. SLA shfaqet në timeline.\"},{\"question\":\"A janë të sigurta të dhënat e mia?\",\"answer\":\"Po. URL të nënshkruara, kontrolle mime/masash, ruajtje me shenjë PII dhe njoftim privatësie në rishikim.\"},{\"question\":\"A ofroni pa fitim, pa pagesë?\",\"answer\":\"Kur është e zbatueshme dhe në përputhje. Shih hero/footer dhe çmimet për ofertat aktuale.\"}],\"contactTitle\":\"Preferoni të flisni?\",\"contactSubtitle\":\"Telefononi ose shkruani në WhatsApp, ose nisni ankesën online dhe ne ju kontaktojmë.\"},\"evidence\":{\"tooltip\":\"Dëshmia e qartë rrit mundësinë tuaj për sukses me 40%. Përfshini çdo raport policie ose faturë mjekësore.\",\"promptTitle\":\"Shto këto për përgjigje më të shpejtë\",\"promptDescription\":\"Zgjidh disa nga këto dokumente për ta nisur shpejt.\",\"prompts\":{\"flight_delay\":[\"Bileta ose boarding pass\",\"Njoftimi i vonesës/anulimit nga linja\",\"Fatura për ushqim/hotel/transport\"],\"damaged_goods\":[\"Foto të dëmit\",\"Faturë ose kupon blerjeje\",\"Vlerësim ose preventiv riparimi\"],\"service_issue\":[\"Kontratë ose faturë\",\"Screenshote bisedash/email\",\"Fatura ose njoftim anulimi\"],\"travel\":[\"Itinerari dhe biletat\",\"Foto/video të incidentit\",\"Fatura për shpenzime\"],\"default\":[\"Foto ose screenshote\",\"Fatura/kupona\",\"Çdo korrespondencë zyrtare\"]},\"validation\":{\"mime\":\"Lejohen vetëm PDF, JPG ose PNG.\",\"size\":\"Skedarët duhet të jenë 10MB ose më pak.\",\"prepare\":\"Dështoi përgatitja e ngarkimit. Provo sërish.\",\"upload\":\"Ngarkimi dështoi. Provo sërish.\"},\"emptyWarning\":{\"title\":\"Mund të dërgoni pa dëshmi\",\"body\":\"Por ankesa lëviz më shpejt me fatura apo foto. Shtoji tani ose më vonë.\"},\"privacyBadgeTitle\":\"Të dhënat tuaja mbeten private\",\"privacyBadge\":\"Skedarë me shenjë PII, URL të nënshkruara, të enkriptuara në transit.\",\"slaTitle\":\"SLA e përgjigjes\",\"slaCopy\":\"Përgjigjemi brenda 24h për kërkesat e reja.\",\"consent\":\"Duke dërguar, pranoni Kushtet e Shërbimit dhe Politikën e Privatësisë.\"},\"settings\":{\"title\":\"Cilësimet\",\"description\":\"Menaxhoni cilësimet e llogarisë dhe preferencat tuaja.\",\"profile\":{\"sectionTitle\":\"Informacioni i Profilit\",\"title\":\"Profili\",\"description\":\"Përditësoni informacionin tuaj personal.\"},\"security\":{\"sectionTitle\":\"Siguria\",\"title\":\"Ndrysho Fjalëkalimin\",\"description\":\"Siguroni llogarinë tuaj.\"},\"language\":{\"sectionTitle\":\"Gjuha \u0026 Rajoni\",\"title\":\"Gjuha\",\"description\":\"Zgjidhni gjuhën tuaj të preferuar për ndërfaqen.\",\"selectLabel\":\"Zgjidh Gjuhën\",\"selectPlaceholder\":\"Zgjidhni një gjuhë\",\"hint\":\"Kjo do të ndryshojë gjuhën në të gjithë aplikacionin.\"},\"notifications\":{\"sectionTitle\":\"Njoftimet\",\"title\":\"Preferencat e Njoftimeve\",\"description\":\"Zgjidhni si dëshironi të merrni përditësime.\",\"save\":\"Ruaj Preferencat\",\"saving\":\"Duke ruajtur...\",\"saved\":\"Preferencat u ruajtën\",\"savedDescription\":\"Preferencat tuaja të njoftimeve u përditësuan.\",\"email\":{\"title\":\"Njoftimet me Email\",\"claimUpdates\":\"Përditësimet e ankesave\",\"claimUpdatesHint\":\"Merrni njoftime me email kur ndryshon statusi i ankesës.\",\"newsletter\":\"Buletini\",\"newsletterHint\":\"Merrni këshilla dhe përditësime rreth të drejtave të konsumatorit.\",\"marketing\":\"Email promovuese\",\"marketingHint\":\"Merrni oferta speciale dhe promocione.\"},\"push\":{\"title\":\"Njoftimet Push\",\"claimUpdates\":\"Përditësimet e ankesave\",\"claimUpdatesHint\":\"Merrni njoftime të menjëhershme për përditësime të rëndësishme.\",\"messages\":\"Mesazhe të reja\",\"messagesHint\":\"Njoftohuni kur një agjent ju dërgon mesazh.\"},\"inApp\":{\"title\":\"Njoftimet në Aplikacion\",\"all\":\"Të gjitha njoftimet\",\"allHint\":\"Shfaq të gjitha njoftimet në qendrën e njoftimeve.\"}}},\"trust\":{\"claimsProcessed\":\"Ankesa të Përpunuara\",\"compensationWon\":\"Kompensim i Fituar\",\"successRate\":\"Shkalla e Suksesit\",\"responseTime\":\"Përgjigja e Parë\"},\"timeline\":{\"nextSla\":\"SLA tjetër: {target}\",\"atRisk\":\"Kërkon vëmendje\",\"updatedAt\":\"Përditësuar: {date}\"},\"claimCategories\":{\"title\":\"Me Çfarë Mund t'Ju Ndihmojmë?\",\"subtitle\":\"Zgjidhni llojin e ankesës tuaj për të filluar. Ekspertët tanë specializohen në çdo kategori.\",\"startClaim\":\"Filloni Ankesën\",\"vehicle\":{\"title\":\"Dëme Automjetesh\",\"description\":\"Aksidente makinash, dëme nga përplasjet, vjedhje dhe vandalizëm.\",\"examples\":\"p.sh., Aksidente trafiku, goditje-dhe-ikje, dëme parkimi\"},\"property\":{\"title\":\"Dëme Pronash\",\"description\":\"Ankesa për dëme në shtëpi, apartament dhe ndërtesa.\",\"examples\":\"p.sh., Dëme nga uji, zjarri, stuhia, vjedhja\"},\"injury\":{\"title\":\"Lëndime Personale\",\"description\":\"Shpenzime mjekësore, rehabilitim dhe kompensim për lëndimet.\",\"examples\":\"p.sh., Lëndime në punë, aksidente, keqpërdorim mjekësor\"},\"travel\":{\"title\":\"Udhëtime \u0026 Fluturime\",\"description\":\"Vonesa fluturimesh, anulime dhe bagazhe të humbura.\",\"examples\":\"p.sh., Kompensim EU261 deri në €600\"}},\"howItWorks\":{\"title\":\"Si Funksionon\",\"subtitle\":\"Proces i thjeshtë me 4 hapa për të marrë kompensimin tuaj\",\"step1\":{\"title\":\"Dorëzoni Ankesën\",\"description\":\"Plotësoni formularin tonë të thjeshtë me detajet e incidentit dhe ngarkoni dëshmitë.\"},\"step2\":{\"title\":\"Vlerësim Falas\",\"description\":\"Ekspertët tanë shqyrtojnë rastin tuaj brenda 24 orëve dhe vlerësojnë shanset tuaja.\"},\"step3\":{\"title\":\"Ne Meremi me Gjithçka\",\"description\":\"Negociojmë me siguruesit dhe palët e kundërta në emrin tuaj.\"},\"step4\":{\"title\":\"Merrni Kompensimin\",\"description\":\"Merrni pagesën tuaj. Ne ngarkojmë vetëm nëse fitoni — Pa Fitim, Pa Pagesë.\"}}},\"now\":\"$undefined\",\"timeZone\":\"Europe/Berlin\",\"children\":\"$L66\"},\"$63\",\"$64\",1]\n"])</script><script>self.__next_f.push([1,"66:D{\"time\":4.277208999999857}\n66:[\"$\",\"$L15\",null,{\"parallelRouterKey\":\"children\",\"error\":\"$undefined\",\"errorStyles\":\"$undefined\",\"errorScripts\":\"$undefined\",\"template\":[\"$\",\"$L17\",null,{},null,\"$68\",1],\"templateStyles\":\"$undefined\",\"templateScripts\":\"$undefined\",\"notFound\":\"$undefined\",\"forbidden\":\"$undefined\",\"unauthorized\":\"$undefined\",\"segmentViewBoundaries\":[\"$undefined\",\"$undefined\",\"$undefined\",\"$undefined\"]},null,\"$67\",1]\n55:D{\"time\":4.6336670000000595}\n55:[[\"$\",\"meta\",\"0\",{\"charSet\":\"utf-8\"},\"$47\",\"$69\",0],[\"$\",\"meta\",\"1\",{\"name\":\"viewport\",\"content\":\"width=device-width, initial-scale=1\"},\"$47\",\"$6a\",0]]\n5c:D{\"time\":5.098625000000538}\n5c:[[\"$\",\"title\",\"0\",{\"children\":\"Interdomestik - Mbrojtja e Konsumatorit\"},\"$47\",\"$6b\",0],[\"$\",\"meta\",\"1\",{\"name\":\"description\",\"content\":\"Platforma #1 për mbrojtjen e konsumatorit dhe menaxhimin e ankesave në Ballkan\"},\"$47\",\"$6c\",0],[\"$\",\"meta\",\"2\",{\"name\":\"author\",\"content\":\"Interdomestik\"},\"$47\",\"$6d\",0],[\"$\",\"meta\",\"3\",{\"name\":\"keywords\",\"content\":\"consumer protection,claims,disputes,balkans,kosovo,albania\"},\"$47\",\"$6e\",0],[\"$\",\"meta\",\"4\",{\"property\":\"og:title\",\"content\":\"Interdomestik - Mbrojtja e Konsumatorit\"},\"$47\",\"$6f\",0],[\"$\",\"meta\",\"5\",{\"property\":\"og:description\",\"content\":\"Platforma #1 për mbrojtjen e konsumatorit dhe menaxhimin e ankesave në Ballkan\"},\"$47\",\"$70\",0],[\"$\",\"meta\",\"6\",{\"property\":\"og:site_name\",\"content\":\"Interdomestik\"},\"$47\",\"$71\",0],[\"$\",\"meta\",\"7\",{\"property\":\"og:locale\",\"content\":\"sq_AL\"},\"$47\",\"$72\",0],[\"$\",\"meta\",\"8\",{\"property\":\"og:type\",\"content\":\"website\"},\"$47\",\"$73\",0],[\"$\",\"meta\",\"9\",{\"name\":\"twitter:card\",\"content\":\"summary\"},\"$47\",\"$74\",0],[\"$\",\"meta\",\"10\",{\"name\":\"twitter:title\",\"content\":\"Interdomestik - Mbrojtja e Konsumatorit\"},\"$47\",\"$75\",0],[\"$\",\"meta\",\"11\",{\"name\":\"twitter:description\",\"content\":\"Platforma #1 për mbrojtjen e konsumatorit dhe menaxhimin e ankesave në Ballkan\"},\"$47\",\"$76\",0]]\n4c:D{\"time\":5.2409999999999854}\n4c:null\n"])</script><script>self.__next_f.push([1,"83:\"$Sreact.forward_ref\"\n87:\"$Sreact.forward_ref\"\naa:\"$Sreact.forward_ref\"\nd3:\"$Sreact.forward_ref\"\nd7:\"$Sreact.forward_ref\"\n77:J{\"name\":\"\",\"start\":45.37304200000108,\"end\":485.4041670000006,\"env\":\"Server\",\"owner\":\"$43\",\"value\":\"$@78\"}\n79:[[\"AgentClaimsPage\",\"webpack-internal:///(rsc)/./src/app/[locale]/(agent)/agent/claims/page.tsx\",30,321,19,1,false]]\n78:\"$undefined\"\n7a:[[\"AgentClaimsPage\",\"webpack-internal:///(rsc)/./src/app/[locale]/(agent)/agent/claims/page.tsx\",31,87,19,1,false]]\n7b:[[\"AgentClaimsPage\",\"webpack-internal:///(rsc)/./src/app/[locale]/(agent)/agent/claims/page.tsx\",34,88,19,1,false]]\n7c:[[\"AgentClaimsPage\",\"webpack-internal:///(rsc)/./src/app/[locale]/(agent)/agent/claims/page.tsx\",36,102,19,1,false]]\n7d:[[\"AgentClaimsPage\",\"webpack-internal:///(rsc)/./src/app/[locale]/(agent)/agent/claims/page.tsx\",38,100,19,1,false]]\n7e:[[\"AgentClaimsPage\",\"webpack-internal:///(rsc)/./src/app/[locale]/(agent)/agent/claims/page.tsx\",46,100,19,1,false]]\n7f:[[\"AgentClaimsPage\",\"webpack-internal:///(rsc)/./src/app/[locale]/(agent)/agent/claims/page.tsx\",65,88,19,1,false]]\n84:\"$EObject.defineProperty(({ className, ...props }, ref)=\u003e/*#__PURE__*/ (0,react_jsx_dev_runtime__WEBPACK_IMPORTED_MODULE_0__.jsxDEV)(\\\"thead\\\", {\\n        ref: ref,\\n        className: (0,_lib_utils__WEBPACK_IMPORTED_MODULE_2__.cn)('[\u0026_tr]:border-b', className),\\n        ...props\\n    }, void 0, false, {\\n        fileName: \\\"/Users/arbenlila/development/interdomestikv2/packages/ui/src/components/table.tsx\\\",\\n        lineNumber: 18,\\n        columnNumber: 3\\n    }, undefined),\\\"name\\\",{value:\\\"TableHeader\\\"})\"\n82:{\"$$typeof\":\"$83\",\"render\":\"$84\"}\n88:\"$EObject.defineProperty(({ className, ...props }, ref)=\u003e/*#__PURE__*/ (0,react_jsx_dev_runtime__WEBPACK_IMPORTED_MODULE_0__.jsxDEV)(\\\"tr\\\", {\\n        ref: ref,\\n        className: (0,_lib_utils__WEBPACK_IMPORTED_MODULE_2__.cn)('border-b transition-colors hover:bg-muted/50 data-[state=selected]:bg-muted', className),\\n        ...props\\n    }, void 0, false, {\\n        fileName: \\\"/Users/arbenlila/development/interdomestikv2/packages/ui/src/components/table.tsx\\\",\\n        lineNumber: 44,\\n        columnNumber: 5\\n    }, undefined),\\\"name\\\",{value:\\\"TableRow\\\"})\"\n86:{\"$$typeof\":\"$87\",\"render\":\"$88\"}\n89:{\"children\":\"$Y\"}\n8a:[[\"AgentClaimsPage\",\"webpack-internal:///(rsc)/./src/app/[locale]/(agent)/agent/claims/page.tsx\",70,114,19,1,false]]\n85:{\"children\":[\"$\",\"$86\",null,\"$89\",\"$43\",\"$8a\",1]}\n8b:[[\"AgentClaimsPage\",\"webpack-internal:///(rsc)/./src/app/[locale]/(agent)/agent/claims/page.tsx\",69,100,19,1,false]]\n81:{\"name\":\"Table\",\"key\":null,\"env\":\"Server\",\"owner\":\"$43\",\"stack\":[[\"AgentClaimsPage\",\"webpack-internal:///(rsc)/./src/app/[locale]/(agent)/agent/claims/page.tsx\",67,102,19,1,false]],\"props\":{\"children\":[[\"$\",\"$82\",null,\"$85\",\"$43\",\"$8b\",1],\"$Y\"]}}\n8c:[[\"Table\",\"webpack-internal:///(rsc)/../../packages/ui/src/components/table.tsx\",20,182,20,75,false]]\n8d:[[\"Table\",\"webpack-internal:///(rsc)/../../packages/ui/src/components/table.tsx\",22,94,20,75,false]]\n8f:{\"name\":\"TableHeader\",\"key\":null,\"env\":\"Server\",\"owner\":\"$43\",\"stack\":[[\"AgentClaimsPage\",\"webpack-internal:///(rsc)/./src/app/[locale]/(agent)/agent/claims/page.tsx\",69,100,19,1,false]],\"props\":\"$85\"}\n90:[[\"TableHeader\",\"webpack-internal:///(rsc)/../../packages/ui/src/components/table.tsx\",37,188,37,81,false]]\n92:{\"name\":\"TableRow\",\"key\":null,\"env\":\"Server\",\"owner\":\"$43\",\"stack\":[[\"AgentClaimsPage\",\"webpack-internal:///(rsc)/./src/app/[locale]/(agent)/agent/claims/page.tsx\",70,114,19,1,false]],\"props\":\"$89\"}\n93:[[\"TableRow\",\"webpack-internal:///(rsc)/../../packages/ui/src/components/table.tsx\",67,185,67,78,false]]\n95:{\"name\":\"TableHead\",\"key\":null,\"env\":\"Server\",\"owner\":\"$43\",\"stack\":[[\"AgentClaimsPage\",\"webpack-internal:///(rsc)/./src/app/[locale]/(agent)/agent/claims/page.tsx\",72,112,19,1,false]],\"props\":{\"children\":\"Claimant\"}}\n96:[[\"TableHead\",\"webpack-internal:///(rsc)/../../packages/ui/src/components/table.tsx\",77,186,77,79,false]]\n98:{\"name\":\"TableHead\",\"key\":null,\"env\":\"Server\",\"owner\":\"$43\",\"stack\":[[\"AgentClaimsPage\",\"webpack-internal:///("])</script><script>self.__next_f.push([1,"rsc)/./src/app/[locale]/(agent)/agent/claims/page.tsx\",79,112,19,1,false]],\"props\":{\"children\":\"Claim\"}}\n99:[[\"TableHead\",\"webpack-internal:///(rsc)/../../packages/ui/src/components/table.tsx\",77,186,77,79,false]]\n9b:{\"name\":\"TableHead\",\"key\":null,\"env\":\"Server\",\"owner\":\"$43\",\"stack\":[[\"AgentClaimsPage\",\"webpack-internal:///(rsc)/./src/app/[locale]/(agent)/agent/claims/page.tsx\",86,112,19,1,false]],\"props\":{\"children\":\"Status\"}}\n9c:[[\"TableHead\",\"webpack-internal:///(rsc)/../../packages/ui/src/components/table.tsx\",77,186,77,79,false]]\n9e:{\"name\":\"TableHead\",\"key\":null,\"env\":\"Server\",\"owner\":\"$43\",\"stack\":[[\"AgentClaimsPage\",\"webpack-internal:///(rsc)/./src/app/[locale]/(agent)/agent/claims/page.tsx\",93,112,19,1,false]],\"props\":{\"children\":\"Amount\"}}\n9f:[[\"TableHead\",\"webpack-internal:///(rsc)/../../packages/ui/src/components/table.tsx\",77,186,77,79,false]]\na1:{\"name\":\"TableHead\",\"key\":null,\"env\":\"Server\",\"owner\":\"$43\",\"stack\":[[\"AgentClaimsPage\",\"webpack-internal:///(rsc)/./src/app/[locale]/(agent)/agent/claims/page.tsx\",100,112,19,1,false]],\"props\":{\"children\":\"Date\"}}\na2:[[\"TableHead\",\"webpack-internal:///(rsc)/../../packages/ui/src/components/table.tsx\",77,186,77,79,false]]\na4:{\"name\":\"TableHead\",\"key\":null,\"env\":\"Server\",\"owner\":\"$43\",\"stack\":[[\"AgentClaimsPage\",\"webpack-internal:///(rsc)/./src/app/[locale]/(agent)/agent/claims/page.tsx\",107,112,19,1,false]],\"props\":{\"className\":\"text-right\",\"children\":\"Actions\"}}\na5:[[\"TableHead\",\"webpack-internal:///(rsc)/../../packages/ui/src/components/table.tsx\",77,186,77,79,false]]\nab:\"$EObject.defineProperty(({ className, ...props }, ref)=\u003e/*#__PURE__*/ (0,react_jsx_dev_runtime__WEBPACK_IMPORTED_MODULE_0__.jsxDEV)(\\\"td\\\", {\\n        ref: ref,\\n        className: (0,_lib_utils__WEBPACK_IMPORTED_MODULE_2__.cn)('p-2 align-middle [\u0026:has([role=checkbox])]:pr-0', className),\\n        ...props\\n    }, void 0, false, {\\n        fileName: \\\"/Users/arbenlila/development/interdomestikv2/packages/ui/src/components/table.tsx\\\",\\n        lineNumber: 75,\\n        columnNumber: 3\\n    }, undefined),\\\"name\\\",{value:\\\"TableCell\\\"})\"\na9:{\"$$typeof\":\"$aa\",\"render\":\"$ab\"}\nac:{\"children\":\"$Y\"}\nad:[[\"eval\",\"webpack-internal:///(rsc)/./src/app/[locale]/(agent)/agent/claims/page.tsx\",130,120,128,47,false],[\"Array.map\",\"\",0,0,0,0,false],[\"AgentClaimsPage\",\"webpack-internal:///(rsc)/./src/app/[locale]/(agent)/agent/claims/page.tsx\",128,43,19,1,false]]\na8:{\"children\":[[\"$\",\"$a9\",null,\"$ac\",\"$43\",\"$ad\",1],\"$Y\",\"$Y\",\"$Y\",\"$Y\",\"$Y\"]}\nae:[[\"eval\",\"webpack-internal:///(rsc)/./src/app/[locale]/(agent)/agent/claims/page.tsx\",128,131,128,47,false],[\"Array.map\",\"\",0,0,0,0,false],[\"AgentClaimsPage\",\"webpack-internal:///(rsc)/./src/app/[locale]/(agent)/agent/claims/page.tsx\",128,43,19,1,false]]\na7:{\"name\":\"TableBody\",\"key\":null,\"env\":\"Server\",\"owner\":\"$43\",\"stack\":[[\"AgentClaimsPage\",\"webpack-internal:///(rsc)/./src/app/[locale]/(agent)/agent/claims/page.tsx\",126,100,19,1,false]],\"props\":{\"children\":[[[\"$\",\"$86\",\"eBRc7dIzwrjUh0KTUQsJ1\",\"$a8\",\"$43\",\"$ae\",0],\"$Y\",\"$Y\",\"$Y\",\"$Y\",\"$Y\"],false]}}\naf:[[\"TableBody\",\"webpack-internal:///(rsc)/../../packages/ui/src/components/table.tsx\",47,186,47,79,false]]\nb1:{\"name\":\"TableRow\",\"key\":\"eBRc7dIzwrjUh0KTUQsJ1\",\"env\":\"Server\",\"owner\":\"$43\",\"stack\":[[\"eval\",\"webpack-internal:///(rsc)/./src/app/[locale]/(agent)/agent/claims/page.tsx\",128,131,128,47,false],[\"Array.map\",\"\",0,0,0,0,false],[\"AgentClaimsPage\",\"webpack-internal:///(rsc)/./src/app/[locale]/(agent)/agent/claims/page.tsx\",128,43,19,1,false]],\"props\":\"$a8\"}\nb2:[[\"TableRow\",\"webpack-internal:///(rsc)/../../packages/ui/src/components/table.tsx\",67,185,67,78,false]]\nb4:{\"name\":\"TableCell\",\"key\":null,\"env\":\"Server\",\"owner\":\"$43\",\"stack\":[[\"eval\",\"webpack-internal:///(rsc)/./src/app/[locale]/(agent)/agent/claims/page.tsx\",130,120,128,47,false],[\"Array.map\",\"\",0,0,0,0,false],[\"AgentClaimsPage\",\"webpack-internal:///(rsc)/./src/app/[locale]/(agent)/agent/claims/page.tsx\",128,43,19,1,false]],\"props\":\"$ac\"}\nb5:[[\"TableCell\",\"webpack-internal:///(rsc)/../../packages/ui/src/components/table.tsx\",87,186,87,79,false]]\nb6:[[\"eval\",\"webp"])</script><script>self.__next_f.push([1,"ack-internal:///(rsc)/./src/app/[locale]/(agent)/agent/claims/page.tsx\",131,134,128,47,false],[\"Array.map\",\"\",0,0,0,0,false],[\"AgentClaimsPage\",\"webpack-internal:///(rsc)/./src/app/[locale]/(agent)/agent/claims/page.tsx\",128,43,19,1,false]]\nb7:[[\"eval\",\"webpack-internal:///(rsc)/./src/app/[locale]/(agent)/agent/claims/page.tsx\",134,132,128,47,false],[\"Array.map\",\"\",0,0,0,0,false],[\"AgentClaimsPage\",\"webpack-internal:///(rsc)/./src/app/[locale]/(agent)/agent/claims/page.tsx\",128,43,19,1,false]]\nb8:[[\"eval\",\"webpack-internal:///(rsc)/./src/app/[locale]/(agent)/agent/claims/page.tsx\",142,132,128,47,false],[\"Array.map\",\"\",0,0,0,0,false],[\"AgentClaimsPage\",\"webpack-internal:///(rsc)/./src/app/[locale]/(agent)/agent/claims/page.tsx\",128,43,19,1,false]]\nbb:{\"className\":\"font-medium\",\"children\":\"Flight delay\"}\nbc:[[\"eval\",\"webpack-internal:///(rsc)/./src/app/[locale]/(agent)/agent/claims/page.tsx\",163,128,128,47,false],[\"Array.map\",\"\",0,0,0,0,false],[\"AgentClaimsPage\",\"webpack-internal:///(rsc)/./src/app/[locale]/(agent)/agent/claims/page.tsx\",128,43,19,1,false]]\nba:{\"name\":\"TableCell\",\"key\":null,\"env\":\"Server\",\"owner\":\"$43\",\"stack\":[[\"eval\",\"webpack-internal:///(rsc)/./src/app/[locale]/(agent)/agent/claims/page.tsx\",161,120,128,47,false],[\"Array.map\",\"\",0,0,0,0,false],[\"AgentClaimsPage\",\"webpack-internal:///(rsc)/./src/app/[locale]/(agent)/agent/claims/page.tsx\",128,43,19,1,false]],\"props\":{\"children\":[[\"$\",\"div\",null,\"$bb\",\"$43\",\"$bc\",1],\"$Y\"]}}\nbd:[[\"TableCell\",\"webpack-internal:///(rsc)/../../packages/ui/src/components/table.tsx\",87,186,87,79,false]]\nbe:[[\"eval\",\"webpack-internal:///(rsc)/./src/app/[locale]/(agent)/agent/claims/page.tsx\",163,128,128,47,false],[\"Array.map\",\"\",0,0,0,0,false],[\"AgentClaimsPage\",\"webpack-internal:///(rsc)/./src/app/[locale]/(agent)/agent/claims/page.tsx\",128,43,19,1,false]]\nbf:[[\"eval\",\"webpack-internal:///(rsc)/./src/app/[locale]/(agent)/agent/claims/page.tsx\",171,128,128,47,false],[\"Array.map\",\"\",0,0,0,0,false],[\"AgentClaimsPage\",\"webpack-internal:///(rsc)/./src/app/[locale]/(agent)/agent/claims/page.tsx\",128,43,19,1,false]]\n"])</script><script>self.__next_f.push([1,"c2:\"$EObject.defineProperty(function ClaimStatusBadge({ status }) {\\n    if (!status) return /*#__PURE__*/ (0,react_jsx_dev_runtime__WEBPACK_IMPORTED_MODULE_0__.jsxDEV)(_interdomestik_ui__WEBPACK_IMPORTED_MODULE_1__.Badge, {\\n        variant: \\\"outline\\\",\\n        children: \\\"Unknown\\\"\\n    }, void 0, false, {\\n        fileName: \\\"/Users/arbenlila/development/interdomestikv2/apps/web/src/components/dashboard/claims/claim-status-badge.tsx\\\",\\n        lineNumber: 17,\\n        columnNumber: 23\\n    }, this);\\n    const config = statusConfig[status];\\n    if (!config) return /*#__PURE__*/ (0,react_jsx_dev_runtime__WEBPACK_IMPORTED_MODULE_0__.jsxDEV)(_interdomestik_ui__WEBPACK_IMPORTED_MODULE_1__.Badge, {\\n        variant: \\\"outline\\\",\\n        children: status\\n    }, void 0, false, {\\n        fileName: \\\"/Users/arbenlila/development/interdomestikv2/apps/web/src/components/dashboard/claims/claim-status-badge.tsx\\\",\\n        lineNumber: 20,\\n        columnNumber: 23\\n    }, this);\\n    return /*#__PURE__*/ (0,react_jsx_dev_runtime__WEBPACK_IMPORTED_MODULE_0__.jsxDEV)(_interdomestik_ui__WEBPACK_IMPORTED_MODULE_1__.Badge, {\\n        variant: config.variant,\\n        className: \\\"capitalize\\\",\\n        children: config.label\\n    }, void 0, false, {\\n        fileName: \\\"/Users/arbenlila/development/interdomestikv2/apps/web/src/components/dashboard/claims/claim-status-badge.tsx\\\",\\n        lineNumber: 23,\\n        columnNumber: 5\\n    }, this);\\n},\\\"name\\\",{value:\\\"ClaimStatusBadge\\\"})\"\n"])</script><script>self.__next_f.push([1,"c3:{\"status\":\"submitted\"}\nc4:[[\"eval\",\"webpack-internal:///(rsc)/./src/app/[locale]/(agent)/agent/claims/page.tsx\",186,134,128,47,false],[\"Array.map\",\"\",0,0,0,0,false],[\"AgentClaimsPage\",\"webpack-internal:///(rsc)/./src/app/[locale]/(agent)/agent/claims/page.tsx\",128,43,19,1,false]]\nc1:{\"name\":\"TableCell\",\"key\":null,\"env\":\"Server\",\"owner\":\"$43\",\"stack\":[[\"eval\",\"webpack-internal:///(rsc)/./src/app/[locale]/(agent)/agent/claims/page.tsx\",185,120,128,47,false],[\"Array.map\",\"\",0,0,0,0,false],[\"AgentClaimsPage\",\"webpack-internal:///(rsc)/./src/app/[locale]/(agent)/agent/claims/page.tsx\",128,43,19,1,false]],\"props\":{\"children\":[\"$\",\"$c2\",null,\"$c3\",\"$43\",\"$c4\",1]}}\nc5:[[\"TableCell\",\"webpack-internal:///(rsc)/../../packages/ui/src/components/table.tsx\",87,186,87,79,false]]\nc7:{\"name\":\"ClaimStatusBadge\",\"key\":null,\"env\":\"Server\",\"owner\":\"$43\",\"stack\":[[\"eval\",\"webpack-internal:///(rsc)/./src/app/[locale]/(agent)/agent/claims/page.tsx\",186,134,128,47,false],[\"Array.map\",\"\",0,0,0,0,false],[\"AgentClaimsPage\",\"webpack-internal:///(rsc)/./src/app/[locale]/(agent)/agent/claims/page.tsx\",128,43,19,1,false]],\"props\":\"$c3\"}\nc8:{\"name\":\"Badge\",\"key\":null,\"env\":\"Server\",\"owner\":\"$c7\",\"stack\":[[\"ClaimStatusBadge\",\"webpack-internal:///(rsc)/./src/components/dashboard/claims/claim-status-badge.tsx\",50,87,32,1,false]],\"props\":{\"variant\":\"secondary\",\"className\":\"capitalize\",\"children\":\"Submitted\"}}\nc9:[[\"Badge\",\"webpack-internal:///(rsc)/../../packages/ui/src/components/badge.tsx\",33,87,32,1,false]]\ncb:{\"name\":\"TableCell\",\"key\":null,\"env\":\"Server\",\"owner\":\"$43\",\"stack\":[[\"eval\",\"webpack-internal:///(rsc)/./src/app/[locale]/(agent)/agent/claims/page.tsx\",198,120,128,47,false],[\"Array.map\",\"\",0,0,0,0,false],[\"AgentClaimsPage\",\"webpack-internal:///(rsc)/./src/app/[locale]/(agent)/agent/claims/page.tsx\",128,43,19,1,false]],\"props\":{\"children\":\"300.00 EUR\"}}\ncc:[[\"TableCell\",\"webpack-internal:///(rsc)/../../packages/ui/src/components/table.tsx\",87,186,87,79,false]]\nce:{\"name\":\"TableCell\",\"key\":null,\"env\":\"Server\",\"owner\":\"$43\",\"stack\":[[\"eval\",\"webpack-internal:///(rsc)/./src/app/[locale]/(agent)/agent/claims/page.tsx\",205,120,128,47,false],[\"Array.map\",\"\",0,0,0,0,false],[\"AgentClaimsPage\",\"webpack-internal:///(rsc)/./src/app/[locale]/(agent)/agent/claims/page.tsx\",128,43,19,1,false]],\"props\":{\"children\":\"12/15/2025\"}}\ncf:[[\"TableCell\",\"webpack-internal:///(rsc)/../../packages/ui/src/components/table.tsx\",87,186,87,79,false]]\n"])</script><script>self.__next_f.push([1,"d4:\"$EObject.defineProperty(({ className, variant, size, asChild = false, loading, children, disabled, ...props }, ref)=\u003e{\\n    const Comp = asChild ? _radix_ui_react_slot__WEBPACK_IMPORTED_MODULE_4__.Slot : 'button';\\n    return /*#__PURE__*/ (0,react_jsx_dev_runtime__WEBPACK_IMPORTED_MODULE_0__.jsxDEV)(Comp, {\\n        className: (0,_lib_utils__WEBPACK_IMPORTED_MODULE_3__.cn)(buttonVariants({\\n            variant,\\n            size,\\n            className\\n        })),\\n        ref: ref,\\n        disabled: disabled || loading,\\n        ...props,\\n        children: loading ? /*#__PURE__*/ (0,react_jsx_dev_runtime__WEBPACK_IMPORTED_MODULE_0__.jsxDEV)(react_jsx_dev_runtime__WEBPACK_IMPORTED_MODULE_0__.Fragment, {\\n            children: [\\n                /*#__PURE__*/ (0,react_jsx_dev_runtime__WEBPACK_IMPORTED_MODULE_0__.jsxDEV)(\\\"svg\\\", {\\n                    className: \\\"mr-2 h-4 w-4 animate-spin\\\",\\n                    xmlns: \\\"http://www.w3.org/2000/svg\\\",\\n                    fill: \\\"none\\\",\\n                    viewBox: \\\"0 0 24 24\\\",\\n                    children: [\\n                        /*#__PURE__*/ (0,react_jsx_dev_runtime__WEBPACK_IMPORTED_MODULE_0__.jsxDEV)(\\\"circle\\\", {\\n                            className: \\\"opacity-25\\\",\\n                            cx: \\\"12\\\",\\n                            cy: \\\"12\\\",\\n                            r: \\\"10\\\",\\n                            stroke: \\\"currentColor\\\",\\n                            strokeWidth: \\\"4\\\"\\n                        }, void 0, false, {\\n                            fileName: \\\"/Users/arbenlila/development/interdomestikv2/packages/ui/src/components/button.tsx\\\",\\n                            lineNumber: 64,\\n                            columnNumber: 29\\n                        }, undefined),\\n                        /*#__PURE__*/ (0,react_jsx_dev_runtime__WEBPACK_IMPORTED_MODULE_0__.jsxDEV)(\\\"path\\\", {\\n                            className: \\\"opacity-75\\\",\\n                            fill: \\\"currentColor\\\",\\n                            d: \\\"M4 12a8 8 0 018-8V0C5.373 0 0 5.373 0 12h4zm2 5.291A7.962 7.962 0 014 12H0c0 3.042 1.135 5.824 3 7.938l3-2.647z\\\"\\n                        }, void 0, false, {\\n                            fileName: \\\"/Users/arbenlila/development/interdomestikv2/packages/ui/src/components/button.tsx\\\",\\n                            lineNumber: 72,\\n                            columnNumber: 29\\n                        }, undefined)\\n                    ]\\n                }, void 0, true, {\\n                    fileName: \\\"/Users/arbenlila/development/interdomestikv2/packages/ui/src/components/button.tsx\\\",\\n                    lineNumber: 58,\\n                    columnNumber: 25\\n                }, undefined),\\n                \\\"Loading...\\\"\\n            ]\\n        }, void 0, true) : children\\n    }, void 0, false, {\\n        fileName: \\\"/Users/arbenlila/development/interdomestikv2/packages/ui/src/components/button.tsx\\\",\\n        lineNumber: 50,\\n        columnNumber: 13\\n    }, undefined);\\n},\\\"name\\\",{value:\\\"Button\\\"})\"\n"])</script><script>self.__next_f.push([1,"d2:{\"$$typeof\":\"$d3\",\"render\":\"$d4\"}\n"])</script><script>self.__next_f.push([1,"d8:\"$EObject.defineProperty(function Link({\\n    href,\\n    locale,\\n    ...rest\\n  }, ref) {\\n    let pathname, params;\\n    if (typeof href === 'object') {\\n      pathname = href.pathname;\\n      // @ts-expect-error -- This is ok\\n      params = href.params;\\n    } else {\\n      pathname = href;\\n    }\\n\\n    // @ts-expect-error -- This is ok\\n    const isLocalizable = (0,_shared_utils_js__WEBPACK_IMPORTED_MODULE_5__.isLocalizableHref)(href);\\n    const localePromiseOrValue = getLocale();\\n    const curLocale = (0,_shared_utils_js__WEBPACK_IMPORTED_MODULE_5__.isPromise)(localePromiseOrValue) ? (0,_shared_use_js__WEBPACK_IMPORTED_MODULE_6__[\\\"default\\\"])(localePromiseOrValue) : localePromiseOrValue;\\n    const finalPathname = isLocalizable ? getPathname({\\n      locale: locale || curLocale,\\n      // @ts-expect-error -- This is ok\\n      href: pathnames == null ? pathname : {\\n        pathname,\\n        params\\n      },\\n      // Always include a prefix when changing locales\\n      forcePrefix: locale != null || undefined\\n    }) : pathname;\\n    return /*#__PURE__*/(0,react_jsx_runtime__WEBPACK_IMPORTED_MODULE_2__.jsx)(_BaseLink_js__WEBPACK_IMPORTED_MODULE_7__[\\\"default\\\"], {\\n      ref: ref\\n      // @ts-expect-error -- This is ok\\n      ,\\n      href: typeof href === 'object' ? {\\n        ...href,\\n        pathname: finalPathname\\n      } : finalPathname,\\n      locale: locale,\\n      localeCookie: config.localeCookie,\\n      ...rest\\n    });\\n  },\\\"name\\\",{value:\\\"Link\\\"})\"\n"])</script><script>self.__next_f.push([1,"d6:{\"$$typeof\":\"$d7\",\"render\":\"$d8\"}\nd9:{\"href\":\"/agent/claims/eBRc7dIzwrjUh0KTUQsJ1\",\"children\":\"Review\"}\nda:[[\"eval\",\"webpack-internal:///(rsc)/./src/app/[locale]/(agent)/agent/claims/page.tsx\",218,138,128,47,false],[\"Array.map\",\"\",0,0,0,0,false],[\"AgentClaimsPage\",\"webpack-internal:///(rsc)/./src/app/[locale]/(agent)/agent/claims/page.tsx\",128,43,19,1,false]]\nd5:{\"asChild\":true,\"size\":\"sm\",\"variant\":\"outline\",\"children\":[\"$\",\"$d6\",null,\"$d9\",\"$43\",\"$da\",1]}\ndb:[[\"eval\",\"webpack-internal:///(rsc)/./src/app/[locale]/(agent)/agent/claims/page.tsx\",214,134,128,47,false],[\"Array.map\",\"\",0,0,0,0,false],[\"AgentClaimsPage\",\"webpack-internal:///(rsc)/./src/app/[locale]/(agent)/agent/claims/page.tsx\",128,43,19,1,false]]\nd1:{\"name\":\"TableCell\",\"key\":null,\"env\":\"Server\",\"owner\":\"$43\",\"stack\":[[\"eval\",\"webpack-internal:///(rsc)/./src/app/[locale]/(agent)/agent/claims/page.tsx\",212,120,128,47,false],[\"Array.map\",\"\",0,0,0,0,false],[\"AgentClaimsPage\",\"webpack-internal:///(rsc)/./src/app/[locale]/(agent)/agent/claims/page.tsx\",128,43,19,1,false]],\"props\":{\"className\":\"text-right\",\"children\":[\"$\",\"$d2\",null,\"$d5\",\"$43\",\"$db\",1]}}\ndc:[[\"TableCell\",\"webpack-internal:///(rsc)/../../packages/ui/src/components/table.tsx\",87,186,87,79,false]]\nde:{\"name\":\"Button\",\"key\":null,\"env\":\"Server\",\"owner\":\"$43\",\"stack\":[[\"eval\",\"webpack-internal:///(rsc)/./src/app/[locale]/(agent)/agent/claims/page.tsx\",214,134,128,47,false],[\"Array.map\",\"\",0,0,0,0,false],[\"AgentClaimsPage\",\"webpack-internal:///(rsc)/./src/app/[locale]/(agent)/agent/claims/page.tsx\",128,43,19,1,false]],\"props\":\"$d5\"}\ndf:{\"name\":\"Slot.Slot\",\"key\":null,\"env\":\"Server\",\"owner\":\"$de\",\"stack\":[[\"Button\",\"webpack-internal:///(rsc)/../../packages/ui/src/components/button.tsx\",44,87,42,76,false]],\"props\":{\"className\":\"inline-flex items-center justify-center whitespace-nowrap text-sm font-medium ring-offset-background transition-all duration-200 focus-visible:outline-none focus-visible:ring-2 focus-visible:ring-ring focus-visible:ring-offset-2 disabled:pointer-events-none disabled:opacity-50 interactive-press border border-[hsl(var(--border))] bg-transparent hover:bg-[hsl(var(--muted-100))] hover:text-[hsl(var(--foreground))] h-9 rounded-md px-3\",\"ref\":\"$undefined\",\"disabled\":\"$undefined\",\"children\":\"$d5:children\"}}\ne0:{\"name\":\"Slot.SlotClone\",\"key\":null,\"env\":\"Server\",\"owner\":\"$df\",\"stack\":[],\"props\":{\"className\":\"inline-flex items-center justify-center whitespace-nowrap text-sm font-medium ring-offset-background transition-all duration-200 focus-visible:outline-none focus-visible:ring-2 focus-visible:ring-ring focus-visible:ring-offset-2 disabled:pointer-events-none disabled:opacity-50 interactive-press border border-[hsl(var(--border))] bg-transparent hover:bg-[hsl(var(--muted-100))] hover:text-[hsl(var(--foreground))] h-9 rounded-md px-3\",\"ref\":\"$undefined\",\"disabled\":\"$undefined\",\"children\":\"$d5:children\"}}\ne1:{\"name\":\"Link\",\"key\":null,\"env\":\"Server\",\"owner\":\"$e0\",\"stack\":[[\"eval\",\"webpack-internal:///(rsc)/./src/app/[locale]/(agent)/agent/claims/page.tsx\",218,138,128,47,false],[\"Array.map\",\"\",0,0,0,0,false],[\"AgentClaimsPage\",\"webpack-internal:///(rsc)/./src/app/[locale]/(agent)/agent/claims/page.tsx\",128,43,19,1,false]],\"props\":{\"href\":\"/agent/claims/eBRc7dIzwrjUh0KTUQsJ1\",\"children\":\"Review\",\"className\":\"inline-flex items-center justify-center whitespace-nowrap text-sm font-medium ring-offset-background transition-all duration-200 focus-visible:outline-none focus-visible:ring-2 focus-visible:ring-ring focus-visible:ring-offset-2 disabled:pointer-events-none disabled:opacity-50 interactive-press border border-[hsl(var(--border))] bg-transparent hover:bg-[hsl(var(--muted-100))] hover:text-[hsl(var(--foreground))] h-9 rounded-md px-3\",\"ref\":null,\"disabled\":\"$undefined\"}}\ne6:{\"className\":\"font-medium\",\"children\":\"Test Member\"}\ne7:[[\"eval\",\"webpack-internal:///(rsc)/./src/app/[locale]/(agent)/agent/claims/page.tsx\",134,132,128,47,false],[\"Array.map\",\"\",0,0,0,0,false],[\"AgentClaimsPage\",\"webpack-internal:///(rsc)/./src/app/[locale]/(agent)/agent/claims/page.tsx\",128,43,19,1,false]]\ne5:{\"class"])</script><script>self.__next_f.push([1,"Name\":\"flex flex-col\",\"children\":[[\"$\",\"span\",null,\"$e6\",\"$43\",\"$e7\",1],\"$Y\"]}\ne8:[[\"eval\",\"webpack-internal:///(rsc)/./src/app/[locale]/(agent)/agent/claims/page.tsx\",131,134,128,47,false],[\"Array.map\",\"\",0,0,0,0,false],[\"AgentClaimsPage\",\"webpack-internal:///(rsc)/./src/app/[locale]/(agent)/agent/claims/page.tsx\",128,43,19,1,false]]\ne4:{\"children\":[\"$\",\"div\",null,\"$e5\",\"$43\",\"$e8\",1]}\ne9:[[\"eval\",\"webpack-internal:///(rsc)/./src/app/[locale]/(agent)/agent/claims/page.tsx\",130,120,128,47,false],[\"Array.map\",\"\",0,0,0,0,false],[\"AgentClaimsPage\",\"webpack-internal:///(rsc)/./src/app/[locale]/(agent)/agent/claims/page.tsx\",128,43,19,1,false]]\ne3:{\"name\":\"TableRow\",\"key\":\"claim-1\",\"env\":\"Server\",\"owner\":\"$43\",\"stack\":[[\"eval\",\"webpack-internal:///(rsc)/./src/app/[locale]/(agent)/agent/claims/page.tsx\",128,131,128,47,false],[\"Array.map\",\"\",0,0,0,0,false],[\"AgentClaimsPage\",\"webpack-internal:///(rsc)/./src/app/[locale]/(agent)/agent/claims/page.tsx\",128,43,19,1,false]],\"props\":{\"children\":[[\"$\",\"$a9\",null,\"$e4\",\"$43\",\"$e9\",1],\"$Y\",\"$Y\",\"$Y\",\"$Y\",\"$Y\"]}}\nea:[[\"TableRow\",\"webpack-internal:///(rsc)/../../packages/ui/src/components/table.tsx\",67,185,67,78,false]]\nec:{\"name\":\"TableCell\",\"key\":null,\"env\":\"Server\",\"owner\":\"$43\",\"stack\":[[\"eval\",\"webpack-internal:///(rsc)/./src/app/[locale]/(agent)/agent/claims/page.tsx\",130,120,128,47,false],[\"Array.map\",\"\",0,0,0,0,false],[\"AgentClaimsPage\",\"webpack-internal:///(rsc)/./src/app/[locale]/(agent)/agent/claims/page.tsx\",128,43,19,1,false]],\"props\":\"$e4\"}\ned:[[\"TableCell\",\"webpack-internal:///(rsc)/../../packages/ui/src/components/table.tsx\",87,186,87,79,false]]\nee:[[\"eval\",\"webpack-internal:///(rsc)/./src/app/[locale]/(agent)/agent/claims/page.tsx\",131,134,128,47,false],[\"Array.map\",\"\",0,0,0,0,false],[\"AgentClaimsPage\",\"webpack-internal:///(rsc)/./src/app/[locale]/(agent)/agent/claims/page.tsx\",128,43,19,1,false]]\nef:[[\"eval\",\"webpack-internal:///(rsc)/./src/app/[locale]/(agent)/agent/claims/page.tsx\",134,132,128,47,false],[\"Array.map\",\"\",0,0,0,0,false],[\"AgentClaimsPage\",\"webpack-internal:///(rsc)/./src/app/[locale]/(agent)/agent/claims/page.tsx\",128,43,19,1,false]]\nf0:[[\"eval\",\"webpack-internal:///(rsc)/./src/app/[locale]/(agent)/agent/claims/page.tsx\",142,132,128,47,false],[\"Array.map\",\"\",0,0,0,0,false],[\"AgentClaimsPage\",\"webpack-internal:///(rsc)/./src/app/[locale]/(agent)/agent/claims/page.tsx\",128,43,19,1,false]]\nf3:{\"className\":\"font-medium\",\"children\":\"Car Accident - Rear Ended\"}\nf4:[[\"eval\",\"webpack-internal:///(rsc)/./src/app/[locale]/(agent)/agent/claims/page.tsx\",163,128,128,47,false],[\"Array.map\",\"\",0,0,0,0,false],[\"AgentClaimsPage\",\"webpack-internal:///(rsc)/./src/app/[locale]/(agent)/agent/claims/page.tsx\",128,43,19,1,false]]\nf2:{\"name\":\"TableCell\",\"key\":null,\"env\":\"Server\",\"owner\":\"$43\",\"stack\":[[\"eval\",\"webpack-internal:///(rsc)/./src/app/[locale]/(agent)/agent/claims/page.tsx\",161,120,128,47,false],[\"Array.map\",\"\",0,0,0,0,false],[\"AgentClaimsPage\",\"webpack-internal:///(rsc)/./src/app/[locale]/(agent)/agent/claims/page.tsx\",128,43,19,1,false]],\"props\":{\"children\":[[\"$\",\"div\",null,\"$f3\",\"$43\",\"$f4\",1],\"$Y\"]}}\nf5:[[\"TableCell\",\"webpack-internal:///(rsc)/../../packages/ui/src/components/table.tsx\",87,186,87,79,false]]\nf6:[[\"eval\",\"webpack-internal:///(rsc)/./src/app/[locale]/(agent)/agent/claims/page.tsx\",163,128,128,47,false],[\"Array.map\",\"\",0,0,0,0,false],[\"AgentClaimsPage\",\"webpack-internal:///(rsc)/./src/app/[locale]/(agent)/agent/claims/page.tsx\",128,43,19,1,false]]\nf7:[[\"eval\",\"webpack-internal:///(rsc)/./src/app/[locale]/(agent)/agent/claims/page.tsx\",171,128,128,47,false],[\"Array.map\",\"\",0,0,0,0,false],[\"AgentClaimsPage\",\"webpack-internal:///(rsc)/./src/app/[locale]/(agent)/agent/claims/page.tsx\",128,43,19,1,false]]\nfa:{\"status\":\"submitted\"}\nfb:[[\"eval\",\"webpack-internal:///(rsc)/./src/app/[locale]/(agent)/agent/claims/page.tsx\",186,134,128,47,false],[\"Array.map\",\"\",0,0,0,0,false],[\"AgentClaimsPage\",\"webpack-internal:///(rsc)/./src/app/[locale]/(agent)/agent/claims/page.tsx\",128,43,19,1,false]]\nf9:{\"name\":\"TableCell\",\"key\":null,\"env\":\"Server\",\"owner\":\"$43\",\"stack\":"])</script><script>self.__next_f.push([1,"[[\"eval\",\"webpack-internal:///(rsc)/./src/app/[locale]/(agent)/agent/claims/page.tsx\",185,120,128,47,false],[\"Array.map\",\"\",0,0,0,0,false],[\"AgentClaimsPage\",\"webpack-internal:///(rsc)/./src/app/[locale]/(agent)/agent/claims/page.tsx\",128,43,19,1,false]],\"props\":{\"children\":[\"$\",\"$c2\",null,\"$fa\",\"$43\",\"$fb\",1]}}\nfc:[[\"TableCell\",\"webpack-internal:///(rsc)/../../packages/ui/src/components/table.tsx\",87,186,87,79,false]]\nfe:{\"name\":\"ClaimStatusBadge\",\"key\":null,\"env\":\"Server\",\"owner\":\"$43\",\"stack\":[[\"eval\",\"webpack-internal:///(rsc)/./src/app/[locale]/(agent)/agent/claims/page.tsx\",186,134,128,47,false],[\"Array.map\",\"\",0,0,0,0,false],[\"AgentClaimsPage\",\"webpack-internal:///(rsc)/./src/app/[locale]/(agent)/agent/claims/page.tsx\",128,43,19,1,false]],\"props\":\"$fa\"}\nff:{\"name\":\"Badge\",\"key\":null,\"env\":\"Server\",\"owner\":\"$fe\",\"stack\":[[\"ClaimStatusBadge\",\"webpack-internal:///(rsc)/./src/components/dashboard/claims/claim-status-badge.tsx\",50,87,32,1,false]],\"props\":{\"variant\":\"secondary\",\"className\":\"capitalize\",\"children\":\"Submitted\"}}\n100:[[\"Badge\",\"webpack-internal:///(rsc)/../../packages/ui/src/components/badge.tsx\",33,87,32,1,false]]\n102:{\"name\":\"TableCell\",\"key\":null,\"env\":\"Server\",\"owner\":\"$43\",\"stack\":[[\"eval\",\"webpack-internal:///(rsc)/./src/app/[locale]/(agent)/agent/claims/page.tsx\",198,120,128,47,false],[\"Array.map\",\"\",0,0,0,0,false],[\"AgentClaimsPage\",\"webpack-internal:///(rsc)/./src/app/[locale]/(agent)/agent/claims/page.tsx\",128,43,19,1,false]],\"props\":{\"children\":\"1200.00 EUR\"}}\n103:[[\"TableCell\",\"webpack-internal:///(rsc)/../../packages/ui/src/components/table.tsx\",87,186,87,79,false]]\n105:{\"name\":\"TableCell\",\"key\":null,\"env\":\"Server\",\"owner\":\"$43\",\"stack\":[[\"eval\",\"webpack-internal:///(rsc)/./src/app/[locale]/(agent)/agent/claims/page.tsx\",205,120,128,47,false],[\"Array.map\",\"\",0,0,0,0,false],[\"AgentClaimsPage\",\"webpack-internal:///(rsc)/./src/app/[locale]/(agent)/agent/claims/page.tsx\",128,43,19,1,false]],\"props\":{\"children\":\"12/14/2025\"}}\n106:[[\"TableCell\",\"webpack-internal:///(rsc)/../../packages/ui/src/components/table.tsx\",87,186,87,79,false]]\n10a:{\"href\":\"/agent/claims/claim-1\",\"children\":\"Review\"}\n10b:[[\"eval\",\"webpack-internal:///(rsc)/./src/app/[locale]/(agent)/agent/claims/page.tsx\",218,138,128,47,false],[\"Array.map\",\"\",0,0,0,0,false],[\"AgentClaimsPage\",\"webpack-internal:///(rsc)/./src/app/[locale]/(agent)/agent/claims/page.tsx\",128,43,19,1,false]]\n109:{\"asChild\":true,\"size\":\"sm\",\"variant\":\"outline\",\"children\":[\"$\",\"$d6\",null,\"$10a\",\"$43\",\"$10b\",1]}\n10c:[[\"eval\",\"webpack-internal:///(rsc)/./src/app/[locale]/(agent)/agent/claims/page.tsx\",214,134,128,47,false],[\"Array.map\",\"\",0,0,0,0,false],[\"AgentClaimsPage\",\"webpack-internal:///(rsc)/./src/app/[locale]/(agent)/agent/claims/page.tsx\",128,43,19,1,false]]\n108:{\"name\":\"TableCell\",\"key\":null,\"env\":\"Server\",\"owner\":\"$43\",\"stack\":[[\"eval\",\"webpack-internal:///(rsc)/./src/app/[locale]/(agent)/agent/claims/page.tsx\",212,120,128,47,false],[\"Array.map\",\"\",0,0,0,0,false],[\"AgentClaimsPage\",\"webpack-internal:///(rsc)/./src/app/[locale]/(agent)/agent/claims/page.tsx\",128,43,19,1,false]],\"props\":{\"className\":\"text-right\",\"children\":[\"$\",\"$d2\",null,\"$109\",\"$43\",\"$10c\",1]}}\n10d:[[\"TableCell\",\"webpack-internal:///(rsc)/../../packages/ui/src/components/table.tsx\",87,186,87,79,false]]\n10f:{\"name\":\"Button\",\"key\":null,\"env\":\"Server\",\"owner\":\"$43\",\"stack\":[[\"eval\",\"webpack-internal:///(rsc)/./src/app/[locale]/(agent)/agent/claims/page.tsx\",214,134,128,47,false],[\"Array.map\",\"\",0,0,0,0,false],[\"AgentClaimsPage\",\"webpack-internal:///(rsc)/./src/app/[locale]/(agent)/agent/claims/page.tsx\",128,43,19,1,false]],\"props\":\"$109\"}\n110:{\"name\":\"Slot.Slot\",\"key\":null,\"env\":\"Server\",\"owner\":\"$10f\",\"stack\":[[\"Button\",\"webpack-internal:///(rsc)/../../packages/ui/src/components/button.tsx\",44,87,42,76,false]],\"props\":{\"className\":\"inline-flex items-center justify-center whitespace-nowrap text-sm font-medium ring-offset-background transition-all duration-200 focus-visible:outline-none focus-visible:ring-2 focus-visible:ring-ring focus-visible:ring-offset-2 disabled:pointer-events-none disabl"])</script><script>self.__next_f.push([1,"ed:opacity-50 interactive-press border border-[hsl(var(--border))] bg-transparent hover:bg-[hsl(var(--muted-100))] hover:text-[hsl(var(--foreground))] h-9 rounded-md px-3\",\"ref\":\"$undefined\",\"disabled\":\"$undefined\",\"children\":\"$109:children\"}}\n111:{\"name\":\"Slot.SlotClone\",\"key\":null,\"env\":\"Server\",\"owner\":\"$110\",\"stack\":[],\"props\":{\"className\":\"inline-flex items-center justify-center whitespace-nowrap text-sm font-medium ring-offset-background transition-all duration-200 focus-visible:outline-none focus-visible:ring-2 focus-visible:ring-ring focus-visible:ring-offset-2 disabled:pointer-events-none disabled:opacity-50 interactive-press border border-[hsl(var(--border))] bg-transparent hover:bg-[hsl(var(--muted-100))] hover:text-[hsl(var(--foreground))] h-9 rounded-md px-3\",\"ref\":\"$undefined\",\"disabled\":\"$undefined\",\"children\":\"$109:children\"}}\n112:{\"name\":\"Link\",\"key\":null,\"env\":\"Server\",\"owner\":\"$111\",\"stack\":[[\"eval\",\"webpack-internal:///(rsc)/./src/app/[locale]/(agent)/agent/claims/page.tsx\",218,138,128,47,false],[\"Array.map\",\"\",0,0,0,0,false],[\"AgentClaimsPage\",\"webpack-internal:///(rsc)/./src/app/[locale]/(agent)/agent/claims/page.tsx\",128,43,19,1,false]],\"props\":{\"href\":\"/agent/claims/claim-1\",\"children\":\"Review\",\"className\":\"inline-flex items-center justify-center whitespace-nowrap text-sm font-medium ring-offset-background transition-all duration-200 focus-visible:outline-none focus-visible:ring-2 focus-visible:ring-ring focus-visible:ring-offset-2 disabled:pointer-events-none disabled:opacity-50 interactive-press border border-[hsl(var(--border))] bg-transparent hover:bg-[hsl(var(--muted-100))] hover:text-[hsl(var(--foreground))] h-9 rounded-md px-3\",\"ref\":null,\"disabled\":\"$undefined\"}}\n117:{\"className\":\"font-medium\",\"children\":\"Test Member\"}\n118:[[\"eval\",\"webpack-internal:///(rsc)/./src/app/[locale]/(agent)/agent/claims/page.tsx\",134,132,128,47,false],[\"Array.map\",\"\",0,0,0,0,false],[\"AgentClaimsPage\",\"webpack-internal:///(rsc)/./src/app/[locale]/(agent)/agent/claims/page.tsx\",128,43,19,1,false]]\n116:{\"className\":\"flex flex-col\",\"children\":[[\"$\",\"span\",null,\"$117\",\"$43\",\"$118\",1],\"$Y\"]}\n119:[[\"eval\",\"webpack-internal:///(rsc)/./src/app/[locale]/(agent)/agent/claims/page.tsx\",131,134,128,47,false],[\"Array.map\",\"\",0,0,0,0,false],[\"AgentClaimsPage\",\"webpack-internal:///(rsc)/./src/app/[locale]/(agent)/agent/claims/page.tsx\",128,43,19,1,false]]\n115:{\"children\":[\"$\",\"div\",null,\"$116\",\"$43\",\"$119\",1]}\n11a:[[\"eval\",\"webpack-internal:///(rsc)/./src/app/[locale]/(agent)/agent/claims/page.tsx\",130,120,128,47,false],[\"Array.map\",\"\",0,0,0,0,false],[\"AgentClaimsPage\",\"webpack-internal:///(rsc)/./src/app/[locale]/(agent)/agent/claims/page.tsx\",128,43,19,1,false]]\n114:{\"name\":\"TableRow\",\"key\":\"claim-2\",\"env\":\"Server\",\"owner\":\"$43\",\"stack\":[[\"eval\",\"webpack-internal:///(rsc)/./src/app/[locale]/(agent)/agent/claims/page.tsx\",128,131,128,47,false],[\"Array.map\",\"\",0,0,0,0,false],[\"AgentClaimsPage\",\"webpack-internal:///(rsc)/./src/app/[locale]/(agent)/agent/claims/page.tsx\",128,43,19,1,false]],\"props\":{\"children\":[[\"$\",\"$a9\",null,\"$115\",\"$43\",\"$11a\",1],\"$Y\",\"$Y\",\"$Y\",\"$Y\",\"$Y\"]}}\n11b:[[\"TableRow\",\"webpack-internal:///(rsc)/../../packages/ui/src/components/table.tsx\",67,185,67,78,false]]\n11d:{\"name\":\"TableCell\",\"key\":null,\"env\":\"Server\",\"owner\":\"$43\",\"stack\":[[\"eval\",\"webpack-internal:///(rsc)/./src/app/[locale]/(agent)/agent/claims/page.tsx\",130,120,128,47,false],[\"Array.map\",\"\",0,0,0,0,false],[\"AgentClaimsPage\",\"webpack-internal:///(rsc)/./src/app/[locale]/(agent)/agent/claims/page.tsx\",128,43,19,1,false]],\"props\":\"$115\"}\n11e:[[\"TableCell\",\"webpack-internal:///(rsc)/../../packages/ui/src/components/table.tsx\",87,186,87,79,false]]\n11f:[[\"eval\",\"webpack-internal:///(rsc)/./src/app/[locale]/(agent)/agent/claims/page.tsx\",131,134,128,47,false],[\"Array.map\",\"\",0,0,0,0,false],[\"AgentClaimsPage\",\"webpack-internal:///(rsc)/./src/app/[locale]/(agent)/agent/claims/page.tsx\",128,43,19,1,false]]\n120:[[\"eval\",\"webpack-internal:///(rsc)/./src/app/[locale]/(agent)/agent/claims/page.tsx\",134,132,128,47,false],[\"Array.map\",\"\",0,0,0,0,false],[\"Agent"])</script><script>self.__next_f.push([1,"ClaimsPage\",\"webpack-internal:///(rsc)/./src/app/[locale]/(agent)/agent/claims/page.tsx\",128,43,19,1,false]]\n121:[[\"eval\",\"webpack-internal:///(rsc)/./src/app/[locale]/(agent)/agent/claims/page.tsx\",142,132,128,47,false],[\"Array.map\",\"\",0,0,0,0,false],[\"AgentClaimsPage\",\"webpack-internal:///(rsc)/./src/app/[locale]/(agent)/agent/claims/page.tsx\",128,43,19,1,false]]\n124:{\"className\":\"font-medium\",\"children\":\"Flight Delay to Munich\"}\n125:[[\"eval\",\"webpack-internal:///(rsc)/./src/app/[locale]/(agent)/agent/claims/page.tsx\",163,128,128,47,false],[\"Array.map\",\"\",0,0,0,0,false],[\"AgentClaimsPage\",\"webpack-internal:///(rsc)/./src/app/[locale]/(agent)/agent/claims/page.tsx\",128,43,19,1,false]]\n123:{\"name\":\"TableCell\",\"key\":null,\"env\":\"Server\",\"owner\":\"$43\",\"stack\":[[\"eval\",\"webpack-internal:///(rsc)/./src/app/[locale]/(agent)/agent/claims/page.tsx\",161,120,128,47,false],[\"Array.map\",\"\",0,0,0,0,false],[\"AgentClaimsPage\",\"webpack-internal:///(rsc)/./src/app/[locale]/(agent)/agent/claims/page.tsx\",128,43,19,1,false]],\"props\":{\"children\":[[\"$\",\"div\",null,\"$124\",\"$43\",\"$125\",1],\"$Y\"]}}\n126:[[\"TableCell\",\"webpack-internal:///(rsc)/../../packages/ui/src/components/table.tsx\",87,186,87,79,false]]\n127:[[\"eval\",\"webpack-internal:///(rsc)/./src/app/[locale]/(agent)/agent/claims/page.tsx\",163,128,128,47,false],[\"Array.map\",\"\",0,0,0,0,false],[\"AgentClaimsPage\",\"webpack-internal:///(rsc)/./src/app/[locale]/(agent)/agent/claims/page.tsx\",128,43,19,1,false]]\n128:[[\"eval\",\"webpack-internal:///(rsc)/./src/app/[locale]/(agent)/agent/claims/page.tsx\",171,128,128,47,false],[\"Array.map\",\"\",0,0,0,0,false],[\"AgentClaimsPage\",\"webpack-internal:///(rsc)/./src/app/[locale]/(agent)/agent/claims/page.tsx\",128,43,19,1,false]]\n12b:{\"status\":\"verification\"}\n12c:[[\"eval\",\"webpack-internal:///(rsc)/./src/app/[locale]/(agent)/agent/claims/page.tsx\",186,134,128,47,false],[\"Array.map\",\"\",0,0,0,0,false],[\"AgentClaimsPage\",\"webpack-internal:///(rsc)/./src/app/[locale]/(agent)/agent/claims/page.tsx\",128,43,19,1,false]]\n12a:{\"name\":\"TableCell\",\"key\":null,\"env\":\"Server\",\"owner\":\"$43\",\"stack\":[[\"eval\",\"webpack-internal:///(rsc)/./src/app/[locale]/(agent)/agent/claims/page.tsx\",185,120,128,47,false],[\"Array.map\",\"\",0,0,0,0,false],[\"AgentClaimsPage\",\"webpack-internal:///(rsc)/./src/app/[locale]/(agent)/agent/claims/page.tsx\",128,43,19,1,false]],\"props\":{\"children\":[\"$\",\"$c2\",null,\"$12b\",\"$43\",\"$12c\",1]}}\n12d:[[\"TableCell\",\"webpack-internal:///(rsc)/../../packages/ui/src/components/table.tsx\",87,186,87,79,false]]\n12f:{\"name\":\"ClaimStatusBadge\",\"key\":null,\"env\":\"Server\",\"owner\":\"$43\",\"stack\":[[\"eval\",\"webpack-internal:///(rsc)/./src/app/[locale]/(agent)/agent/claims/page.tsx\",186,134,128,47,false],[\"Array.map\",\"\",0,0,0,0,false],[\"AgentClaimsPage\",\"webpack-internal:///(rsc)/./src/app/[locale]/(agent)/agent/claims/page.tsx\",128,43,19,1,false]],\"props\":\"$12b\"}\n130:{\"name\":\"Badge\",\"key\":null,\"env\":\"Server\",\"owner\":\"$12f\",\"stack\":[[\"ClaimStatusBadge\",\"webpack-internal:///(rsc)/./src/components/dashboard/claims/claim-status-badge.tsx\",42,100,32,1,false]],\"props\":{\"variant\":\"outline\",\"children\":\"verification\"}}\n131:[[\"Badge\",\"webpack-internal:///(rsc)/../../packages/ui/src/components/badge.tsx\",33,87,32,1,false]]\n133:{\"name\":\"TableCell\",\"key\":null,\"env\":\"Server\",\"owner\":\"$43\",\"stack\":[[\"eval\",\"webpack-internal:///(rsc)/./src/app/[locale]/(agent)/agent/claims/page.tsx\",198,120,128,47,false],[\"Array.map\",\"\",0,0,0,0,false],[\"AgentClaimsPage\",\"webpack-internal:///(rsc)/./src/app/[locale]/(agent)/agent/claims/page.tsx\",128,43,19,1,false]],\"props\":{\"children\":\"600.00 EUR\"}}\n134:[[\"TableCell\",\"webpack-internal:///(rsc)/../../packages/ui/src/components/table.tsx\",87,186,87,79,false]]\n136:{\"name\":\"TableCell\",\"key\":null,\"env\":\"Server\",\"owner\":\"$43\",\"stack\":[[\"eval\",\"webpack-internal:///(rsc)/./src/app/[locale]/(agent)/agent/claims/page.tsx\",205,120,128,47,false],[\"Array.map\",\"\",0,0,0,0,false],[\"AgentClaimsPage\",\"webpack-internal:///(rsc)/./src/app/[locale]/(agent)/agent/claims/page.tsx\",128,43,19,1,false]],\"props\":{\"children\":\"12/11/2025\"}}\n137:[[\"TableCell\",\"webpack-internal:///(rsc)/../../"])</script><script>self.__next_f.push([1,"packages/ui/src/components/table.tsx\",87,186,87,79,false]]\n13b:{\"href\":\"/agent/claims/claim-2\",\"children\":\"Review\"}\n13c:[[\"eval\",\"webpack-internal:///(rsc)/./src/app/[locale]/(agent)/agent/claims/page.tsx\",218,138,128,47,false],[\"Array.map\",\"\",0,0,0,0,false],[\"AgentClaimsPage\",\"webpack-internal:///(rsc)/./src/app/[locale]/(agent)/agent/claims/page.tsx\",128,43,19,1,false]]\n13a:{\"asChild\":true,\"size\":\"sm\",\"variant\":\"outline\",\"children\":[\"$\",\"$d6\",null,\"$13b\",\"$43\",\"$13c\",1]}\n13d:[[\"eval\",\"webpack-internal:///(rsc)/./src/app/[locale]/(agent)/agent/claims/page.tsx\",214,134,128,47,false],[\"Array.map\",\"\",0,0,0,0,false],[\"AgentClaimsPage\",\"webpack-internal:///(rsc)/./src/app/[locale]/(agent)/agent/claims/page.tsx\",128,43,19,1,false]]\n139:{\"name\":\"TableCell\",\"key\":null,\"env\":\"Server\",\"owner\":\"$43\",\"stack\":[[\"eval\",\"webpack-internal:///(rsc)/./src/app/[locale]/(agent)/agent/claims/page.tsx\",212,120,128,47,false],[\"Array.map\",\"\",0,0,0,0,false],[\"AgentClaimsPage\",\"webpack-internal:///(rsc)/./src/app/[locale]/(agent)/agent/claims/page.tsx\",128,43,19,1,false]],\"props\":{\"className\":\"text-right\",\"children\":[\"$\",\"$d2\",null,\"$13a\",\"$43\",\"$13d\",1]}}\n13e:[[\"TableCell\",\"webpack-internal:///(rsc)/../../packages/ui/src/components/table.tsx\",87,186,87,79,false]]\n140:{\"name\":\"Button\",\"key\":null,\"env\":\"Server\",\"owner\":\"$43\",\"stack\":[[\"eval\",\"webpack-internal:///(rsc)/./src/app/[locale]/(agent)/agent/claims/page.tsx\",214,134,128,47,false],[\"Array.map\",\"\",0,0,0,0,false],[\"AgentClaimsPage\",\"webpack-internal:///(rsc)/./src/app/[locale]/(agent)/agent/claims/page.tsx\",128,43,19,1,false]],\"props\":\"$13a\"}\n141:{\"name\":\"Slot.Slot\",\"key\":null,\"env\":\"Server\",\"owner\":\"$140\",\"stack\":[[\"Button\",\"webpack-internal:///(rsc)/../../packages/ui/src/components/button.tsx\",44,87,42,76,false]],\"props\":{\"className\":\"inline-flex items-center justify-center whitespace-nowrap text-sm font-medium ring-offset-background transition-all duration-200 focus-visible:outline-none focus-visible:ring-2 focus-visible:ring-ring focus-visible:ring-offset-2 disabled:pointer-events-none disabled:opacity-50 interactive-press border border-[hsl(var(--border))] bg-transparent hover:bg-[hsl(var(--muted-100))] hover:text-[hsl(var(--foreground))] h-9 rounded-md px-3\",\"ref\":\"$undefined\",\"disabled\":\"$undefined\",\"children\":\"$13a:children\"}}\n142:{\"name\":\"Slot.SlotClone\",\"key\":null,\"env\":\"Server\",\"owner\":\"$141\",\"stack\":[],\"props\":{\"className\":\"inline-flex items-center justify-center whitespace-nowrap text-sm font-medium ring-offset-background transition-all duration-200 focus-visible:outline-none focus-visible:ring-2 focus-visible:ring-ring focus-visible:ring-offset-2 disabled:pointer-events-none disabled:opacity-50 interactive-press border border-[hsl(var(--border))] bg-transparent hover:bg-[hsl(var(--muted-100))] hover:text-[hsl(var(--foreground))] h-9 rounded-md px-3\",\"ref\":\"$undefined\",\"disabled\":\"$undefined\",\"children\":\"$13a:children\"}}\n143:{\"name\":\"Link\",\"key\":null,\"env\":\"Server\",\"owner\":\"$142\",\"stack\":[[\"eval\",\"webpack-internal:///(rsc)/./src/app/[locale]/(agent)/agent/claims/page.tsx\",218,138,128,47,false],[\"Array.map\",\"\",0,0,0,0,false],[\"AgentClaimsPage\",\"webpack-internal:///(rsc)/./src/app/[locale]/(agent)/agent/claims/page.tsx\",128,43,19,1,false]],\"props\":{\"href\":\"/agent/claims/claim-2\",\"children\":\"Review\",\"className\":\"inline-flex items-center justify-center whitespace-nowrap text-sm font-medium ring-offset-background transition-all duration-200 focus-visible:outline-none focus-visible:ring-2 focus-visible:ring-ring focus-visible:ring-offset-2 disabled:pointer-events-none disabled:opacity-50 interactive-press border border-[hsl(var(--border))] bg-transparent hover:bg-[hsl(var(--muted-100))] hover:text-[hsl(var(--foreground))] h-9 rounded-md px-3\",\"ref\":null,\"disabled\":\"$undefined\"}}\n148:{\"className\":\"font-medium\",\"children\":\"Test Member\"}\n149:[[\"eval\",\"webpack-internal:///(rsc)/./src/app/[locale]/(agent)/agent/claims/page.tsx\",134,132,128,47,false],[\"Array.map\",\"\",0,0,0,0,false],[\"AgentClaimsPage\",\"webpack-internal:///(rsc)/./src/app/[locale]/(agent)/agent/claims/page.tsx\",128,43,19,1,fa"])</script><script>self.__next_f.push([1,"lse]]\n147:{\"className\":\"flex flex-col\",\"children\":[[\"$\",\"span\",null,\"$148\",\"$43\",\"$149\",1],\"$Y\"]}\n14a:[[\"eval\",\"webpack-internal:///(rsc)/./src/app/[locale]/(agent)/agent/claims/page.tsx\",131,134,128,47,false],[\"Array.map\",\"\",0,0,0,0,false],[\"AgentClaimsPage\",\"webpack-internal:///(rsc)/./src/app/[locale]/(agent)/agent/claims/page.tsx\",128,43,19,1,false]]\n146:{\"children\":[\"$\",\"div\",null,\"$147\",\"$43\",\"$14a\",1]}\n14b:[[\"eval\",\"webpack-internal:///(rsc)/./src/app/[locale]/(agent)/agent/claims/page.tsx\",130,120,128,47,false],[\"Array.map\",\"\",0,0,0,0,false],[\"AgentClaimsPage\",\"webpack-internal:///(rsc)/./src/app/[locale]/(agent)/agent/claims/page.tsx\",128,43,19,1,false]]\n145:{\"name\":\"TableRow\",\"key\":\"claim-3\",\"env\":\"Server\",\"owner\":\"$43\",\"stack\":[[\"eval\",\"webpack-internal:///(rsc)/./src/app/[locale]/(agent)/agent/claims/page.tsx\",128,131,128,47,false],[\"Array.map\",\"\",0,0,0,0,false],[\"AgentClaimsPage\",\"webpack-internal:///(rsc)/./src/app/[locale]/(agent)/agent/claims/page.tsx\",128,43,19,1,false]],\"props\":{\"children\":[[\"$\",\"$a9\",null,\"$146\",\"$43\",\"$14b\",1],\"$Y\",\"$Y\",\"$Y\",\"$Y\",\"$Y\"]}}\n14c:[[\"TableRow\",\"webpack-internal:///(rsc)/../../packages/ui/src/components/table.tsx\",67,185,67,78,false]]\n14e:{\"name\":\"TableCell\",\"key\":null,\"env\":\"Server\",\"owner\":\"$43\",\"stack\":[[\"eval\",\"webpack-internal:///(rsc)/./src/app/[locale]/(agent)/agent/claims/page.tsx\",130,120,128,47,false],[\"Array.map\",\"\",0,0,0,0,false],[\"AgentClaimsPage\",\"webpack-internal:///(rsc)/./src/app/[locale]/(agent)/agent/claims/page.tsx\",128,43,19,1,false]],\"props\":\"$146\"}\n14f:[[\"TableCell\",\"webpack-internal:///(rsc)/../../packages/ui/src/components/table.tsx\",87,186,87,79,false]]\n150:[[\"eval\",\"webpack-internal:///(rsc)/./src/app/[locale]/(agent)/agent/claims/page.tsx\",131,134,128,47,false],[\"Array.map\",\"\",0,0,0,0,false],[\"AgentClaimsPage\",\"webpack-internal:///(rsc)/./src/app/[locale]/(agent)/agent/claims/page.tsx\",128,43,19,1,false]]\n151:[[\"eval\",\"webpack-internal:///(rsc)/./src/app/[locale]/(agent)/agent/claims/page.tsx\",134,132,128,47,false],[\"Array.map\",\"\",0,0,0,0,false],[\"AgentClaimsPage\",\"webpack-internal:///(rsc)/./src/app/[locale]/(agent)/agent/claims/page.tsx\",128,43,19,1,false]]\n152:[[\"eval\",\"webpack-internal:///(rsc)/./src/app/[locale]/(agent)/agent/claims/page.tsx\",142,132,128,47,false],[\"Array.map\",\"\",0,0,0,0,false],[\"AgentClaimsPage\",\"webpack-internal:///(rsc)/./src/app/[locale]/(agent)/agent/claims/page.tsx\",128,43,19,1,false]]\n155:{\"className\":\"font-medium\",\"children\":\"Defective Laptop\"}\n156:[[\"eval\",\"webpack-internal:///(rsc)/./src/app/[locale]/(agent)/agent/claims/page.tsx\",163,128,128,47,false],[\"Array.map\",\"\",0,0,0,0,false],[\"AgentClaimsPage\",\"webpack-internal:///(rsc)/./src/app/[locale]/(agent)/agent/claims/page.tsx\",128,43,19,1,false]]\n154:{\"name\":\"TableCell\",\"key\":null,\"env\":\"Server\",\"owner\":\"$43\",\"stack\":[[\"eval\",\"webpack-internal:///(rsc)/./src/app/[locale]/(agent)/agent/claims/page.tsx\",161,120,128,47,false],[\"Array.map\",\"\",0,0,0,0,false],[\"AgentClaimsPage\",\"webpack-internal:///(rsc)/./src/app/[locale]/(agent)/agent/claims/page.tsx\",128,43,19,1,false]],\"props\":{\"children\":[[\"$\",\"div\",null,\"$155\",\"$43\",\"$156\",1],\"$Y\"]}}\n157:[[\"TableCell\",\"webpack-internal:///(rsc)/../../packages/ui/src/components/table.tsx\",87,186,87,79,false]]\n158:[[\"eval\",\"webpack-internal:///(rsc)/./src/app/[locale]/(agent)/agent/claims/page.tsx\",163,128,128,47,false],[\"Array.map\",\"\",0,0,0,0,false],[\"AgentClaimsPage\",\"webpack-internal:///(rsc)/./src/app/[locale]/(agent)/agent/claims/page.tsx\",128,43,19,1,false]]\n159:[[\"eval\",\"webpack-internal:///(rsc)/./src/app/[locale]/(agent)/agent/claims/page.tsx\",171,128,128,47,false],[\"Array.map\",\"\",0,0,0,0,false],[\"AgentClaimsPage\",\"webpack-internal:///(rsc)/./src/app/[locale]/(agent)/agent/claims/page.tsx\",128,43,19,1,false]]\n15c:{\"status\":\"evaluation\"}\n15d:[[\"eval\",\"webpack-internal:///(rsc)/./src/app/[locale]/(agent)/agent/claims/page.tsx\",186,134,128,47,false],[\"Array.map\",\"\",0,0,0,0,false],[\"AgentClaimsPage\",\"webpack-internal:///(rsc)/./src/app/[locale]/(agent)/agent/claims/page.tsx\",128,43,19,1,false]]\n15b:{\"name\":\"TableCell\",\"key\":null,"])</script><script>self.__next_f.push([1,"\"env\":\"Server\",\"owner\":\"$43\",\"stack\":[[\"eval\",\"webpack-internal:///(rsc)/./src/app/[locale]/(agent)/agent/claims/page.tsx\",185,120,128,47,false],[\"Array.map\",\"\",0,0,0,0,false],[\"AgentClaimsPage\",\"webpack-internal:///(rsc)/./src/app/[locale]/(agent)/agent/claims/page.tsx\",128,43,19,1,false]],\"props\":{\"children\":[\"$\",\"$c2\",null,\"$15c\",\"$43\",\"$15d\",1]}}\n15e:[[\"TableCell\",\"webpack-internal:///(rsc)/../../packages/ui/src/components/table.tsx\",87,186,87,79,false]]\n160:{\"name\":\"ClaimStatusBadge\",\"key\":null,\"env\":\"Server\",\"owner\":\"$43\",\"stack\":[[\"eval\",\"webpack-internal:///(rsc)/./src/app/[locale]/(agent)/agent/claims/page.tsx\",186,134,128,47,false],[\"Array.map\",\"\",0,0,0,0,false],[\"AgentClaimsPage\",\"webpack-internal:///(rsc)/./src/app/[locale]/(agent)/agent/claims/page.tsx\",128,43,19,1,false]],\"props\":\"$15c\"}\n161:{\"name\":\"Badge\",\"key\":null,\"env\":\"Server\",\"owner\":\"$160\",\"stack\":[[\"ClaimStatusBadge\",\"webpack-internal:///(rsc)/./src/components/dashboard/claims/claim-status-badge.tsx\",42,100,32,1,false]],\"props\":{\"variant\":\"outline\",\"children\":\"evaluation\"}}\n162:[[\"Badge\",\"webpack-internal:///(rsc)/../../packages/ui/src/components/badge.tsx\",33,87,32,1,false]]\n164:{\"name\":\"TableCell\",\"key\":null,\"env\":\"Server\",\"owner\":\"$43\",\"stack\":[[\"eval\",\"webpack-internal:///(rsc)/./src/app/[locale]/(agent)/agent/claims/page.tsx\",198,120,128,47,false],[\"Array.map\",\"\",0,0,0,0,false],[\"AgentClaimsPage\",\"webpack-internal:///(rsc)/./src/app/[locale]/(agent)/agent/claims/page.tsx\",128,43,19,1,false]],\"props\":{\"children\":\"850.00 EUR\"}}\n165:[[\"TableCell\",\"webpack-internal:///(rsc)/../../packages/ui/src/components/table.tsx\",87,186,87,79,false]]\n167:{\"name\":\"TableCell\",\"key\":null,\"env\":\"Server\",\"owner\":\"$43\",\"stack\":[[\"eval\",\"webpack-internal:///(rsc)/./src/app/[locale]/(agent)/agent/claims/page.tsx\",205,120,128,47,false],[\"Array.map\",\"\",0,0,0,0,false],[\"AgentClaimsPage\",\"webpack-internal:///(rsc)/./src/app/[locale]/(agent)/agent/claims/page.tsx\",128,43,19,1,false]],\"props\":{\"children\":\"12/6/2025\"}}\n168:[[\"TableCell\",\"webpack-internal:///(rsc)/../../packages/ui/src/components/table.tsx\",87,186,87,79,false]]\n16c:{\"href\":\"/agent/claims/claim-3\",\"children\":\"Review\"}\n16d:[[\"eval\",\"webpack-internal:///(rsc)/./src/app/[locale]/(agent)/agent/claims/page.tsx\",218,138,128,47,false],[\"Array.map\",\"\",0,0,0,0,false],[\"AgentClaimsPage\",\"webpack-internal:///(rsc)/./src/app/[locale]/(agent)/agent/claims/page.tsx\",128,43,19,1,false]]\n16b:{\"asChild\":true,\"size\":\"sm\",\"variant\":\"outline\",\"children\":[\"$\",\"$d6\",null,\"$16c\",\"$43\",\"$16d\",1]}\n16e:[[\"eval\",\"webpack-internal:///(rsc)/./src/app/[locale]/(agent)/agent/claims/page.tsx\",214,134,128,47,false],[\"Array.map\",\"\",0,0,0,0,false],[\"AgentClaimsPage\",\"webpack-internal:///(rsc)/./src/app/[locale]/(agent)/agent/claims/page.tsx\",128,43,19,1,false]]\n16a:{\"name\":\"TableCell\",\"key\":null,\"env\":\"Server\",\"owner\":\"$43\",\"stack\":[[\"eval\",\"webpack-internal:///(rsc)/./src/app/[locale]/(agent)/agent/claims/page.tsx\",212,120,128,47,false],[\"Array.map\",\"\",0,0,0,0,false],[\"AgentClaimsPage\",\"webpack-internal:///(rsc)/./src/app/[locale]/(agent)/agent/claims/page.tsx\",128,43,19,1,false]],\"props\":{\"className\":\"text-right\",\"children\":[\"$\",\"$d2\",null,\"$16b\",\"$43\",\"$16e\",1]}}\n16f:[[\"TableCell\",\"webpack-internal:///(rsc)/../../packages/ui/src/components/table.tsx\",87,186,87,79,false]]\n171:{\"name\":\"Button\",\"key\":null,\"env\":\"Server\",\"owner\":\"$43\",\"stack\":[[\"eval\",\"webpack-internal:///(rsc)/./src/app/[locale]/(agent)/agent/claims/page.tsx\",214,134,128,47,false],[\"Array.map\",\"\",0,0,0,0,false],[\"AgentClaimsPage\",\"webpack-internal:///(rsc)/./src/app/[locale]/(agent)/agent/claims/page.tsx\",128,43,19,1,false]],\"props\":\"$16b\"}\n172:{\"name\":\"Slot.Slot\",\"key\":null,\"env\":\"Server\",\"owner\":\"$171\",\"stack\":[[\"Button\",\"webpack-internal:///(rsc)/../../packages/ui/src/components/button.tsx\",44,87,42,76,false]],\"props\":{\"className\":\"inline-flex items-center justify-center whitespace-nowrap text-sm font-medium ring-offset-background transition-all duration-200 focus-visible:outline-none focus-visible:ring-2 focus-visible:ring-ring focus-visible:ring-offset-2 disabled:pointer-e"])</script><script>self.__next_f.push([1,"vents-none disabled:opacity-50 interactive-press border border-[hsl(var(--border))] bg-transparent hover:bg-[hsl(var(--muted-100))] hover:text-[hsl(var(--foreground))] h-9 rounded-md px-3\",\"ref\":\"$undefined\",\"disabled\":\"$undefined\",\"children\":\"$16b:children\"}}\n173:{\"name\":\"Slot.SlotClone\",\"key\":null,\"env\":\"Server\",\"owner\":\"$172\",\"stack\":[],\"props\":{\"className\":\"inline-flex items-center justify-center whitespace-nowrap text-sm font-medium ring-offset-background transition-all duration-200 focus-visible:outline-none focus-visible:ring-2 focus-visible:ring-ring focus-visible:ring-offset-2 disabled:pointer-events-none disabled:opacity-50 interactive-press border border-[hsl(var(--border))] bg-transparent hover:bg-[hsl(var(--muted-100))] hover:text-[hsl(var(--foreground))] h-9 rounded-md px-3\",\"ref\":\"$undefined\",\"disabled\":\"$undefined\",\"children\":\"$16b:children\"}}\n174:{\"name\":\"Link\",\"key\":null,\"env\":\"Server\",\"owner\":\"$173\",\"stack\":[[\"eval\",\"webpack-internal:///(rsc)/./src/app/[locale]/(agent)/agent/claims/page.tsx\",218,138,128,47,false],[\"Array.map\",\"\",0,0,0,0,false],[\"AgentClaimsPage\",\"webpack-internal:///(rsc)/./src/app/[locale]/(agent)/agent/claims/page.tsx\",128,43,19,1,false]],\"props\":{\"href\":\"/agent/claims/claim-3\",\"children\":\"Review\",\"className\":\"inline-flex items-center justify-center whitespace-nowrap text-sm font-medium ring-offset-background transition-all duration-200 focus-visible:outline-none focus-visible:ring-2 focus-visible:ring-ring focus-visible:ring-offset-2 disabled:pointer-events-none disabled:opacity-50 interactive-press border border-[hsl(var(--border))] bg-transparent hover:bg-[hsl(var(--muted-100))] hover:text-[hsl(var(--foreground))] h-9 rounded-md px-3\",\"ref\":null,\"disabled\":\"$undefined\"}}\n179:{\"className\":\"font-medium\",\"children\":\"Test Member\"}\n17a:[[\"eval\",\"webpack-internal:///(rsc)/./src/app/[locale]/(agent)/agent/claims/page.tsx\",134,132,128,47,false],[\"Array.map\",\"\",0,0,0,0,false],[\"AgentClaimsPage\",\"webpack-internal:///(rsc)/./src/app/[locale]/(agent)/agent/claims/page.tsx\",128,43,19,1,false]]\n178:{\"className\":\"flex flex-col\",\"children\":[[\"$\",\"span\",null,\"$179\",\"$43\",\"$17a\",1],\"$Y\"]}\n17b:[[\"eval\",\"webpack-internal:///(rsc)/./src/app/[locale]/(agent)/agent/claims/page.tsx\",131,134,128,47,false],[\"Array.map\",\"\",0,0,0,0,false],[\"AgentClaimsPage\",\"webpack-internal:///(rsc)/./src/app/[locale]/(agent)/agent/claims/page.tsx\",128,43,19,1,false]]\n177:{\"children\":[\"$\",\"div\",null,\"$178\",\"$43\",\"$17b\",1]}\n17c:[[\"eval\",\"webpack-internal:///(rsc)/./src/app/[locale]/(agent)/agent/claims/page.tsx\",130,120,128,47,false],[\"Array.map\",\"\",0,0,0,0,false],[\"AgentClaimsPage\",\"webpack-internal:///(rsc)/./src/app/[locale]/(agent)/agent/claims/page.tsx\",128,43,19,1,false]]\n176:{\"name\":\"TableRow\",\"key\":\"claim-4\",\"env\":\"Server\",\"owner\":\"$43\",\"stack\":[[\"eval\",\"webpack-internal:///(rsc)/./src/app/[locale]/(agent)/agent/claims/page.tsx\",128,131,128,47,false],[\"Array.map\",\"\",0,0,0,0,false],[\"AgentClaimsPage\",\"webpack-internal:///(rsc)/./src/app/[locale]/(agent)/agent/claims/page.tsx\",128,43,19,1,false]],\"props\":{\"children\":[[\"$\",\"$a9\",null,\"$177\",\"$43\",\"$17c\",1],\"$Y\",\"$Y\",\"$Y\",\"$Y\",\"$Y\"]}}\n17d:[[\"TableRow\",\"webpack-internal:///(rsc)/../../packages/ui/src/components/table.tsx\",67,185,67,78,false]]\n17f:{\"name\":\"TableCell\",\"key\":null,\"env\":\"Server\",\"owner\":\"$43\",\"stack\":[[\"eval\",\"webpack-internal:///(rsc)/./src/app/[locale]/(agent)/agent/claims/page.tsx\",130,120,128,47,false],[\"Array.map\",\"\",0,0,0,0,false],[\"AgentClaimsPage\",\"webpack-internal:///(rsc)/./src/app/[locale]/(agent)/agent/claims/page.tsx\",128,43,19,1,false]],\"props\":\"$177\"}\n180:[[\"TableCell\",\"webpack-internal:///(rsc)/../../packages/ui/src/components/table.tsx\",87,186,87,79,false]]\n181:[[\"eval\",\"webpack-internal:///(rsc)/./src/app/[locale]/(agent)/agent/claims/page.tsx\",131,134,128,47,false],[\"Array.map\",\"\",0,0,0,0,false],[\"AgentClaimsPage\",\"webpack-internal:///(rsc)/./src/app/[locale]/(agent)/agent/claims/page.tsx\",128,43,19,1,false]]\n182:[[\"eval\",\"webpack-internal:///(rsc)/./src/app/[locale]/(agent)/agent/claims/page.tsx\",134,132,128,47,false],[\"Array.map\",\"\",0,0,0"])</script><script>self.__next_f.push([1,",0,false],[\"AgentClaimsPage\",\"webpack-internal:///(rsc)/./src/app/[locale]/(agent)/agent/claims/page.tsx\",128,43,19,1,false]]\n183:[[\"eval\",\"webpack-internal:///(rsc)/./src/app/[locale]/(agent)/agent/claims/page.tsx\",142,132,128,47,false],[\"Array.map\",\"\",0,0,0,0,false],[\"AgentClaimsPage\",\"webpack-internal:///(rsc)/./src/app/[locale]/(agent)/agent/claims/page.tsx\",128,43,19,1,false]]\n186:{\"className\":\"font-medium\",\"children\":\"Water Damage in Apartment\"}\n187:[[\"eval\",\"webpack-internal:///(rsc)/./src/app/[locale]/(agent)/agent/claims/page.tsx\",163,128,128,47,false],[\"Array.map\",\"\",0,0,0,0,false],[\"AgentClaimsPage\",\"webpack-internal:///(rsc)/./src/app/[locale]/(agent)/agent/claims/page.tsx\",128,43,19,1,false]]\n185:{\"name\":\"TableCell\",\"key\":null,\"env\":\"Server\",\"owner\":\"$43\",\"stack\":[[\"eval\",\"webpack-internal:///(rsc)/./src/app/[locale]/(agent)/agent/claims/page.tsx\",161,120,128,47,false],[\"Array.map\",\"\",0,0,0,0,false],[\"AgentClaimsPage\",\"webpack-internal:///(rsc)/./src/app/[locale]/(agent)/agent/claims/page.tsx\",128,43,19,1,false]],\"props\":{\"children\":[[\"$\",\"div\",null,\"$186\",\"$43\",\"$187\",1],\"$Y\"]}}\n188:[[\"TableCell\",\"webpack-internal:///(rsc)/../../packages/ui/src/components/table.tsx\",87,186,87,79,false]]\n189:[[\"eval\",\"webpack-internal:///(rsc)/./src/app/[locale]/(agent)/agent/claims/page.tsx\",163,128,128,47,false],[\"Array.map\",\"\",0,0,0,0,false],[\"AgentClaimsPage\",\"webpack-internal:///(rsc)/./src/app/[locale]/(agent)/agent/claims/page.tsx\",128,43,19,1,false]]\n18a:[[\"eval\",\"webpack-internal:///(rsc)/./src/app/[locale]/(agent)/agent/claims/page.tsx\",171,128,128,47,false],[\"Array.map\",\"\",0,0,0,0,false],[\"AgentClaimsPage\",\"webpack-internal:///(rsc)/./src/app/[locale]/(agent)/agent/claims/page.tsx\",128,43,19,1,false]]\n18d:{\"status\":\"negotiation\"}\n18e:[[\"eval\",\"webpack-internal:///(rsc)/./src/app/[locale]/(agent)/agent/claims/page.tsx\",186,134,128,47,false],[\"Array.map\",\"\",0,0,0,0,false],[\"AgentClaimsPage\",\"webpack-internal:///(rsc)/./src/app/[locale]/(agent)/agent/claims/page.tsx\",128,43,19,1,false]]\n18c:{\"name\":\"TableCell\",\"key\":null,\"env\":\"Server\",\"owner\":\"$43\",\"stack\":[[\"eval\",\"webpack-internal:///(rsc)/./src/app/[locale]/(agent)/agent/claims/page.tsx\",185,120,128,47,false],[\"Array.map\",\"\",0,0,0,0,false],[\"AgentClaimsPage\",\"webpack-internal:///(rsc)/./src/app/[locale]/(agent)/agent/claims/page.tsx\",128,43,19,1,false]],\"props\":{\"children\":[\"$\",\"$c2\",null,\"$18d\",\"$43\",\"$18e\",1]}}\n18f:[[\"TableCell\",\"webpack-internal:///(rsc)/../../packages/ui/src/components/table.tsx\",87,186,87,79,false]]\n191:{\"name\":\"ClaimStatusBadge\",\"key\":null,\"env\":\"Server\",\"owner\":\"$43\",\"stack\":[[\"eval\",\"webpack-internal:///(rsc)/./src/app/[locale]/(agent)/agent/claims/page.tsx\",186,134,128,47,false],[\"Array.map\",\"\",0,0,0,0,false],[\"AgentClaimsPage\",\"webpack-internal:///(rsc)/./src/app/[locale]/(agent)/agent/claims/page.tsx\",128,43,19,1,false]],\"props\":\"$18d\"}\n192:{\"name\":\"Badge\",\"key\":null,\"env\":\"Server\",\"owner\":\"$191\",\"stack\":[[\"ClaimStatusBadge\",\"webpack-internal:///(rsc)/./src/components/dashboard/claims/claim-status-badge.tsx\",42,100,32,1,false]],\"props\":{\"variant\":\"outline\",\"children\":\"negotiation\"}}\n193:[[\"Badge\",\"webpack-internal:///(rsc)/../../packages/ui/src/components/badge.tsx\",33,87,32,1,false]]\n195:{\"name\":\"TableCell\",\"key\":null,\"env\":\"Server\",\"owner\":\"$43\",\"stack\":[[\"eval\",\"webpack-internal:///(rsc)/./src/app/[locale]/(agent)/agent/claims/page.tsx\",198,120,128,47,false],[\"Array.map\",\"\",0,0,0,0,false],[\"AgentClaimsPage\",\"webpack-internal:///(rsc)/./src/app/[locale]/(agent)/agent/claims/page.tsx\",128,43,19,1,false]],\"props\":{\"children\":\"2500.00 EUR\"}}\n196:[[\"TableCell\",\"webpack-internal:///(rsc)/../../packages/ui/src/components/table.tsx\",87,186,87,79,false]]\n198:{\"name\":\"TableCell\",\"key\":null,\"env\":\"Server\",\"owner\":\"$43\",\"stack\":[[\"eval\",\"webpack-internal:///(rsc)/./src/app/[locale]/(agent)/agent/claims/page.tsx\",205,120,128,47,false],[\"Array.map\",\"\",0,0,0,0,false],[\"AgentClaimsPage\",\"webpack-internal:///(rsc)/./src/app/[locale]/(agent)/agent/claims/page.tsx\",128,43,19,1,false]],\"props\":{\"children\":\"11/26/2025\"}}\n199:[[\"TableCell\",\"webpack-inter"])</script><script>self.__next_f.push([1,"nal:///(rsc)/../../packages/ui/src/components/table.tsx\",87,186,87,79,false]]\n19d:{\"href\":\"/agent/claims/claim-4\",\"children\":\"Review\"}\n19e:[[\"eval\",\"webpack-internal:///(rsc)/./src/app/[locale]/(agent)/agent/claims/page.tsx\",218,138,128,47,false],[\"Array.map\",\"\",0,0,0,0,false],[\"AgentClaimsPage\",\"webpack-internal:///(rsc)/./src/app/[locale]/(agent)/agent/claims/page.tsx\",128,43,19,1,false]]\n19c:{\"asChild\":true,\"size\":\"sm\",\"variant\":\"outline\",\"children\":[\"$\",\"$d6\",null,\"$19d\",\"$43\",\"$19e\",1]}\n19f:[[\"eval\",\"webpack-internal:///(rsc)/./src/app/[locale]/(agent)/agent/claims/page.tsx\",214,134,128,47,false],[\"Array.map\",\"\",0,0,0,0,false],[\"AgentClaimsPage\",\"webpack-internal:///(rsc)/./src/app/[locale]/(agent)/agent/claims/page.tsx\",128,43,19,1,false]]\n19b:{\"name\":\"TableCell\",\"key\":null,\"env\":\"Server\",\"owner\":\"$43\",\"stack\":[[\"eval\",\"webpack-internal:///(rsc)/./src/app/[locale]/(agent)/agent/claims/page.tsx\",212,120,128,47,false],[\"Array.map\",\"\",0,0,0,0,false],[\"AgentClaimsPage\",\"webpack-internal:///(rsc)/./src/app/[locale]/(agent)/agent/claims/page.tsx\",128,43,19,1,false]],\"props\":{\"className\":\"text-right\",\"children\":[\"$\",\"$d2\",null,\"$19c\",\"$43\",\"$19f\",1]}}\n1a0:[[\"TableCell\",\"webpack-internal:///(rsc)/../../packages/ui/src/components/table.tsx\",87,186,87,79,false]]\n1a2:{\"name\":\"Button\",\"key\":null,\"env\":\"Server\",\"owner\":\"$43\",\"stack\":[[\"eval\",\"webpack-internal:///(rsc)/./src/app/[locale]/(agent)/agent/claims/page.tsx\",214,134,128,47,false],[\"Array.map\",\"\",0,0,0,0,false],[\"AgentClaimsPage\",\"webpack-internal:///(rsc)/./src/app/[locale]/(agent)/agent/claims/page.tsx\",128,43,19,1,false]],\"props\":\"$19c\"}\n1a3:{\"name\":\"Slot.Slot\",\"key\":null,\"env\":\"Server\",\"owner\":\"$1a2\",\"stack\":[[\"Button\",\"webpack-internal:///(rsc)/../../packages/ui/src/components/button.tsx\",44,87,42,76,false]],\"props\":{\"className\":\"inline-flex items-center justify-center whitespace-nowrap text-sm font-medium ring-offset-background transition-all duration-200 focus-visible:outline-none focus-visible:ring-2 focus-visible:ring-ring focus-visible:ring-offset-2 disabled:pointer-events-none disabled:opacity-50 interactive-press border border-[hsl(var(--border))] bg-transparent hover:bg-[hsl(var(--muted-100))] hover:text-[hsl(var(--foreground))] h-9 rounded-md px-3\",\"ref\":\"$undefined\",\"disabled\":\"$undefined\",\"children\":\"$19c:children\"}}\n1a4:{\"name\":\"Slot.SlotClone\",\"key\":null,\"env\":\"Server\",\"owner\":\"$1a3\",\"stack\":[],\"props\":{\"className\":\"inline-flex items-center justify-center whitespace-nowrap text-sm font-medium ring-offset-background transition-all duration-200 focus-visible:outline-none focus-visible:ring-2 focus-visible:ring-ring focus-visible:ring-offset-2 disabled:pointer-events-none disabled:opacity-50 interactive-press border border-[hsl(var(--border))] bg-transparent hover:bg-[hsl(var(--muted-100))] hover:text-[hsl(var(--foreground))] h-9 rounded-md px-3\",\"ref\":\"$undefined\",\"disabled\":\"$undefined\",\"children\":\"$19c:children\"}}\n1a5:{\"name\":\"Link\",\"key\":null,\"env\":\"Server\",\"owner\":\"$1a4\",\"stack\":[[\"eval\",\"webpack-internal:///(rsc)/./src/app/[locale]/(agent)/agent/claims/page.tsx\",218,138,128,47,false],[\"Array.map\",\"\",0,0,0,0,false],[\"AgentClaimsPage\",\"webpack-internal:///(rsc)/./src/app/[locale]/(agent)/agent/claims/page.tsx\",128,43,19,1,false]],\"props\":{\"href\":\"/agent/claims/claim-4\",\"children\":\"Review\",\"className\":\"inline-flex items-center justify-center whitespace-nowrap text-sm font-medium ring-offset-background transition-all duration-200 focus-visible:outline-none focus-visible:ring-2 focus-visible:ring-ring focus-visible:ring-offset-2 disabled:pointer-events-none disabled:opacity-50 interactive-press border border-[hsl(var(--border))] bg-transparent hover:bg-[hsl(var(--muted-100))] hover:text-[hsl(var(--foreground))] h-9 rounded-md px-3\",\"ref\":null,\"disabled\":\"$undefined\"}}\n1aa:{\"className\":\"font-medium\",\"children\":\"Test Member\"}\n1ab:[[\"eval\",\"webpack-internal:///(rsc)/./src/app/[locale]/(agent)/agent/claims/page.tsx\",134,132,128,47,false],[\"Array.map\",\"\",0,0,0,0,false],[\"AgentClaimsPage\",\"webpack-internal:///(rsc)/./src/app/[locale]/(agent)/agent/claims/page."])</script><script>self.__next_f.push([1,"tsx\",128,43,19,1,false]]\n1a9:{\"className\":\"flex flex-col\",\"children\":[[\"$\",\"span\",null,\"$1aa\",\"$43\",\"$1ab\",1],\"$Y\"]}\n1ac:[[\"eval\",\"webpack-internal:///(rsc)/./src/app/[locale]/(agent)/agent/claims/page.tsx\",131,134,128,47,false],[\"Array.map\",\"\",0,0,0,0,false],[\"AgentClaimsPage\",\"webpack-internal:///(rsc)/./src/app/[locale]/(agent)/agent/claims/page.tsx\",128,43,19,1,false]]\n1a8:{\"children\":[\"$\",\"div\",null,\"$1a9\",\"$43\",\"$1ac\",1]}\n1ad:[[\"eval\",\"webpack-internal:///(rsc)/./src/app/[locale]/(agent)/agent/claims/page.tsx\",130,120,128,47,false],[\"Array.map\",\"\",0,0,0,0,false],[\"AgentClaimsPage\",\"webpack-internal:///(rsc)/./src/app/[locale]/(agent)/agent/claims/page.tsx\",128,43,19,1,false]]\n1a7:{\"name\":\"TableRow\",\"key\":\"claim-5\",\"env\":\"Server\",\"owner\":\"$43\",\"stack\":[[\"eval\",\"webpack-internal:///(rsc)/./src/app/[locale]/(agent)/agent/claims/page.tsx\",128,131,128,47,false],[\"Array.map\",\"\",0,0,0,0,false],[\"AgentClaimsPage\",\"webpack-internal:///(rsc)/./src/app/[locale]/(agent)/agent/claims/page.tsx\",128,43,19,1,false]],\"props\":{\"children\":[[\"$\",\"$a9\",null,\"$1a8\",\"$43\",\"$1ad\",1],\"$Y\",\"$Y\",\"$Y\",\"$Y\",\"$Y\"]}}\n1ae:[[\"TableRow\",\"webpack-internal:///(rsc)/../../packages/ui/src/components/table.tsx\",67,185,67,78,false]]\n1b0:{\"name\":\"TableCell\",\"key\":null,\"env\":\"Server\",\"owner\":\"$43\",\"stack\":[[\"eval\",\"webpack-internal:///(rsc)/./src/app/[locale]/(agent)/agent/claims/page.tsx\",130,120,128,47,false],[\"Array.map\",\"\",0,0,0,0,false],[\"AgentClaimsPage\",\"webpack-internal:///(rsc)/./src/app/[locale]/(agent)/agent/claims/page.tsx\",128,43,19,1,false]],\"props\":\"$1a8\"}\n1b1:[[\"TableCell\",\"webpack-internal:///(rsc)/../../packages/ui/src/components/table.tsx\",87,186,87,79,false]]\n1b2:[[\"eval\",\"webpack-internal:///(rsc)/./src/app/[locale]/(agent)/agent/claims/page.tsx\",131,134,128,47,false],[\"Array.map\",\"\",0,0,0,0,false],[\"AgentClaimsPage\",\"webpack-internal:///(rsc)/./src/app/[locale]/(agent)/agent/claims/page.tsx\",128,43,19,1,false]]\n1b3:[[\"eval\",\"webpack-internal:///(rsc)/./src/app/[locale]/(agent)/agent/claims/page.tsx\",134,132,128,47,false],[\"Array.map\",\"\",0,0,0,0,false],[\"AgentClaimsPage\",\"webpack-internal:///(rsc)/./src/app/[locale]/(agent)/agent/claims/page.tsx\",128,43,19,1,false]]\n1b4:[[\"eval\",\"webpack-internal:///(rsc)/./src/app/[locale]/(agent)/agent/claims/page.tsx\",142,132,128,47,false],[\"Array.map\",\"\",0,0,0,0,false],[\"AgentClaimsPage\",\"webpack-internal:///(rsc)/./src/app/[locale]/(agent)/agent/claims/page.tsx\",128,43,19,1,false]]\n1b7:{\"className\":\"font-medium\",\"children\":\"Rejected Insurance Claim\"}\n1b8:[[\"eval\",\"webpack-internal:///(rsc)/./src/app/[locale]/(agent)/agent/claims/page.tsx\",163,128,128,47,false],[\"Array.map\",\"\",0,0,0,0,false],[\"AgentClaimsPage\",\"webpack-internal:///(rsc)/./src/app/[locale]/(agent)/agent/claims/page.tsx\",128,43,19,1,false]]\n1b6:{\"name\":\"TableCell\",\"key\":null,\"env\":\"Server\",\"owner\":\"$43\",\"stack\":[[\"eval\",\"webpack-internal:///(rsc)/./src/app/[locale]/(agent)/agent/claims/page.tsx\",161,120,128,47,false],[\"Array.map\",\"\",0,0,0,0,false],[\"AgentClaimsPage\",\"webpack-internal:///(rsc)/./src/app/[locale]/(agent)/agent/claims/page.tsx\",128,43,19,1,false]],\"props\":{\"children\":[[\"$\",\"div\",null,\"$1b7\",\"$43\",\"$1b8\",1],\"$Y\"]}}\n1b9:[[\"TableCell\",\"webpack-internal:///(rsc)/../../packages/ui/src/components/table.tsx\",87,186,87,79,false]]\n1ba:[[\"eval\",\"webpack-internal:///(rsc)/./src/app/[locale]/(agent)/agent/claims/page.tsx\",163,128,128,47,false],[\"Array.map\",\"\",0,0,0,0,false],[\"AgentClaimsPage\",\"webpack-internal:///(rsc)/./src/app/[locale]/(agent)/agent/claims/page.tsx\",128,43,19,1,false]]\n1bb:[[\"eval\",\"webpack-internal:///(rsc)/./src/app/[locale]/(agent)/agent/claims/page.tsx\",171,128,128,47,false],[\"Array.map\",\"\",0,0,0,0,false],[\"AgentClaimsPage\",\"webpack-internal:///(rsc)/./src/app/[locale]/(agent)/agent/claims/page.tsx\",128,43,19,1,false]]\n1be:{\"status\":\"rejected\"}\n1bf:[[\"eval\",\"webpack-internal:///(rsc)/./src/app/[locale]/(agent)/agent/claims/page.tsx\",186,134,128,47,false],[\"Array.map\",\"\",0,0,0,0,false],[\"AgentClaimsPage\",\"webpack-internal:///(rsc)/./src/app/[locale]/(agent)/agent/claims/page.tsx\",128,43,19,1,false]]\n1bd:{\"name"])</script><script>self.__next_f.push([1,"\":\"TableCell\",\"key\":null,\"env\":\"Server\",\"owner\":\"$43\",\"stack\":[[\"eval\",\"webpack-internal:///(rsc)/./src/app/[locale]/(agent)/agent/claims/page.tsx\",185,120,128,47,false],[\"Array.map\",\"\",0,0,0,0,false],[\"AgentClaimsPage\",\"webpack-internal:///(rsc)/./src/app/[locale]/(agent)/agent/claims/page.tsx\",128,43,19,1,false]],\"props\":{\"children\":[\"$\",\"$c2\",null,\"$1be\",\"$43\",\"$1bf\",1]}}\n1c0:[[\"TableCell\",\"webpack-internal:///(rsc)/../../packages/ui/src/components/table.tsx\",87,186,87,79,false]]\n1c2:{\"name\":\"ClaimStatusBadge\",\"key\":null,\"env\":\"Server\",\"owner\":\"$43\",\"stack\":[[\"eval\",\"webpack-internal:///(rsc)/./src/app/[locale]/(agent)/agent/claims/page.tsx\",186,134,128,47,false],[\"Array.map\",\"\",0,0,0,0,false],[\"AgentClaimsPage\",\"webpack-internal:///(rsc)/./src/app/[locale]/(agent)/agent/claims/page.tsx\",128,43,19,1,false]],\"props\":\"$1be\"}\n1c3:{\"name\":\"Badge\",\"key\":null,\"env\":\"Server\",\"owner\":\"$1c2\",\"stack\":[[\"ClaimStatusBadge\",\"webpack-internal:///(rsc)/./src/components/dashboard/claims/claim-status-badge.tsx\",50,87,32,1,false]],\"props\":{\"variant\":\"destructive\",\"className\":\"capitalize\",\"children\":\"Rejected\"}}\n1c4:[[\"Badge\",\"webpack-internal:///(rsc)/../../packages/ui/src/components/badge.tsx\",33,87,32,1,false]]\n1c6:{\"name\":\"TableCell\",\"key\":null,\"env\":\"Server\",\"owner\":\"$43\",\"stack\":[[\"eval\",\"webpack-internal:///(rsc)/./src/app/[locale]/(agent)/agent/claims/page.tsx\",198,120,128,47,false],[\"Array.map\",\"\",0,0,0,0,false],[\"AgentClaimsPage\",\"webpack-internal:///(rsc)/./src/app/[locale]/(agent)/agent/claims/page.tsx\",128,43,19,1,false]],\"props\":{\"children\":\"5000.00 EUR\"}}\n1c7:[[\"TableCell\",\"webpack-internal:///(rsc)/../../packages/ui/src/components/table.tsx\",87,186,87,79,false]]\n1c9:{\"name\":\"TableCell\",\"key\":null,\"env\":\"Server\",\"owner\":\"$43\",\"stack\":[[\"eval\",\"webpack-internal:///(rsc)/./src/app/[locale]/(agent)/agent/claims/page.tsx\",205,120,128,47,false],[\"Array.map\",\"\",0,0,0,0,false],[\"AgentClaimsPage\",\"webpack-internal:///(rsc)/./src/app/[locale]/(agent)/agent/claims/page.tsx\",128,43,19,1,false]],\"props\":{\"children\":\"11/16/2025\"}}\n1ca:[[\"TableCell\",\"webpack-internal:///(rsc)/../../packages/ui/src/components/table.tsx\",87,186,87,79,false]]\n1ce:{\"href\":\"/agent/claims/claim-5\",\"children\":\"Review\"}\n1cf:[[\"eval\",\"webpack-internal:///(rsc)/./src/app/[locale]/(agent)/agent/claims/page.tsx\",218,138,128,47,false],[\"Array.map\",\"\",0,0,0,0,false],[\"AgentClaimsPage\",\"webpack-internal:///(rsc)/./src/app/[locale]/(agent)/agent/claims/page.tsx\",128,43,19,1,false]]\n1cd:{\"asChild\":true,\"size\":\"sm\",\"variant\":\"outline\",\"children\":[\"$\",\"$d6\",null,\"$1ce\",\"$43\",\"$1cf\",1]}\n1d0:[[\"eval\",\"webpack-internal:///(rsc)/./src/app/[locale]/(agent)/agent/claims/page.tsx\",214,134,128,47,false],[\"Array.map\",\"\",0,0,0,0,false],[\"AgentClaimsPage\",\"webpack-internal:///(rsc)/./src/app/[locale]/(agent)/agent/claims/page.tsx\",128,43,19,1,false]]\n1cc:{\"name\":\"TableCell\",\"key\":null,\"env\":\"Server\",\"owner\":\"$43\",\"stack\":[[\"eval\",\"webpack-internal:///(rsc)/./src/app/[locale]/(agent)/agent/claims/page.tsx\",212,120,128,47,false],[\"Array.map\",\"\",0,0,0,0,false],[\"AgentClaimsPage\",\"webpack-internal:///(rsc)/./src/app/[locale]/(agent)/agent/claims/page.tsx\",128,43,19,1,false]],\"props\":{\"className\":\"text-right\",\"children\":[\"$\",\"$d2\",null,\"$1cd\",\"$43\",\"$1d0\",1]}}\n1d1:[[\"TableCell\",\"webpack-internal:///(rsc)/../../packages/ui/src/components/table.tsx\",87,186,87,79,false]]\n1d3:{\"name\":\"Button\",\"key\":null,\"env\":\"Server\",\"owner\":\"$43\",\"stack\":[[\"eval\",\"webpack-internal:///(rsc)/./src/app/[locale]/(agent)/agent/claims/page.tsx\",214,134,128,47,false],[\"Array.map\",\"\",0,0,0,0,false],[\"AgentClaimsPage\",\"webpack-internal:///(rsc)/./src/app/[locale]/(agent)/agent/claims/page.tsx\",128,43,19,1,false]],\"props\":\"$1cd\"}\n1d4:{\"name\":\"Slot.Slot\",\"key\":null,\"env\":\"Server\",\"owner\":\"$1d3\",\"stack\":[[\"Button\",\"webpack-internal:///(rsc)/../../packages/ui/src/components/button.tsx\",44,87,42,76,false]],\"props\":{\"className\":\"inline-flex items-center justify-center whitespace-nowrap text-sm font-medium ring-offset-background transition-all duration-200 focus-visible:outline-none focus-visible:ring-2 focus-visible:rin"])</script><script>self.__next_f.push([1,"g-ring focus-visible:ring-offset-2 disabled:pointer-events-none disabled:opacity-50 interactive-press border border-[hsl(var(--border))] bg-transparent hover:bg-[hsl(var(--muted-100))] hover:text-[hsl(var(--foreground))] h-9 rounded-md px-3\",\"ref\":\"$undefined\",\"disabled\":\"$undefined\",\"children\":\"$1cd:children\"}}\n1d5:{\"name\":\"Slot.SlotClone\",\"key\":null,\"env\":\"Server\",\"owner\":\"$1d4\",\"stack\":[],\"props\":{\"className\":\"inline-flex items-center justify-center whitespace-nowrap text-sm font-medium ring-offset-background transition-all duration-200 focus-visible:outline-none focus-visible:ring-2 focus-visible:ring-ring focus-visible:ring-offset-2 disabled:pointer-events-none disabled:opacity-50 interactive-press border border-[hsl(var(--border))] bg-transparent hover:bg-[hsl(var(--muted-100))] hover:text-[hsl(var(--foreground))] h-9 rounded-md px-3\",\"ref\":\"$undefined\",\"disabled\":\"$undefined\",\"children\":\"$1cd:children\"}}\n1d6:{\"name\":\"Link\",\"key\":null,\"env\":\"Server\",\"owner\":\"$1d5\",\"stack\":[[\"eval\",\"webpack-internal:///(rsc)/./src/app/[locale]/(agent)/agent/claims/page.tsx\",218,138,128,47,false],[\"Array.map\",\"\",0,0,0,0,false],[\"AgentClaimsPage\",\"webpack-internal:///(rsc)/./src/app/[locale]/(agent)/agent/claims/page.tsx\",128,43,19,1,false]],\"props\":{\"href\":\"/agent/claims/claim-5\",\"children\":\"Review\",\"className\":\"inline-flex items-center justify-center whitespace-nowrap text-sm font-medium ring-offset-background transition-all duration-200 focus-visible:outline-none focus-visible:ring-2 focus-visible:ring-ring focus-visible:ring-offset-2 disabled:pointer-events-none disabled:opacity-50 interactive-press border border-[hsl(var(--border))] bg-transparent hover:bg-[hsl(var(--muted-100))] hover:text-[hsl(var(--foreground))] h-9 rounded-md px-3\",\"ref\":null,\"disabled\":\"$undefined\"}}\n42:D{\"time\":2.3955000000005384}\n42:D{\"awaited\":\"$77\",\"env\":\"Server\",\"owner\":\"$43\",\"stack\":\"$79\"}\n42:D{\"time\":485.6902090000003}\n42:D{\"time\":495.54295900000034}\n80:D{\"time\":496.71800000000076}\n80:D\"$81\"\n80:D{\"time\":500.85241700000006}\n8e:D{\"time\":500.9195839999993}\n8e:D\"$8f\"\n8e:D{\"time\":500.9863750000004}\n91:D{\"time\":501.00287500000013}\n91:D\"$92\"\n91:D{\"time\":501.2009589999998}\n94:D{\"time\":501.23095900000044}\n94:D\"$95\"\n94:D{\"time\":501.3695000000007}\n94:[\"$\",\"th\",null,{\"ref\":\"$undefined\",\"className\":\"h-10 px-2 text-left align-middle font-medium text-muted-foreground [\u0026:has([role=checkbox])]:pr-0 [button]:bg-transparent\",\"children\":\"Claimant\"},\"$95\",\"$96\",1]\n97:D{\"time\":501.3923340000001}\n97:D\"$98\"\n97:D{\"time\":501.41883400000006}\n97:[\"$\",\"th\",null,{\"ref\":\"$undefined\",\"className\":\"h-10 px-2 text-left align-middle font-medium text-muted-foreground [\u0026:has([role=checkbox])]:pr-0 [button]:bg-transparent\",\"children\":\"Claim\"},\"$98\",\"$99\",1]\n9a:D{\"time\":501.4384169999994}\n9a:D\"$9b\"\n9a:D{\"time\":501.46229200000016}\n9a:[\"$\",\"th\",null,{\"ref\":\"$undefined\",\"className\":\"h-10 px-2 text-left align-middle font-medium text-muted-foreground [\u0026:has([role=checkbox])]:pr-0 [button]:bg-transparent\",\"children\":\"Status\"},\"$9b\",\"$9c\",1]\n9d:D{\"time\":501.48045900000034}\n9d:D\"$9e\"\n9d:D{\"time\":501.503917}\n9d:[\"$\",\"th\",null,{\"ref\":\"$undefined\",\"className\":\"h-10 px-2 text-left align-middle font-medium text-muted-foreground [\u0026:has([role=checkbox])]:pr-0 [button]:bg-transparent\",\"children\":\"Amount\"},\"$9e\",\"$9f\",1]\na0:D{\"time\":501.5214589999996}\na0:D\"$a1\"\na0:D{\"time\":501.54312500000015}\na0:[\"$\",\"th\",null,{\"ref\":\"$undefined\",\"className\":\"h-10 px-2 text-left align-middle font-medium text-muted-foreground [\u0026:has([role=checkbox])]:pr-0 [button]:bg-transparent\",\"children\":\"Date\"},\"$a1\",\"$a2\",1]\na3:D{\"time\":501.5633749999997}\na3:D\"$a4\"\na3:D{\"time\":501.62237500000083}\na3:[\"$\",\"th\",null,{\"ref\":\"$undefined\",\"className\":\"h-10 px-2 align-middle font-medium text-muted-foreground [\u0026:has([role=checkbox])]:pr-0 [button]:bg-transparent text-right\",\"children\":\"Actions\"},\"$a4\",\"$a5\",1]\n91:[\"$\",\"tr\",null,{\"ref\":\"$undefined\",\"className\":\"border-b transition-colors hover:bg-muted/50 data-[state=selected]:bg-muted\",\"children\":[\"$94\",\"$97\",\"$9a\",\"$9d\",\"$a0\",\"$a3\"]},\"$92\",\"$93\",1]\n8e:[\"$\",\"thead\",null,{\"ref\":\"$undefined\",\"cl"])</script><script>self.__next_f.push([1,"assName\":\"[\u0026_tr]:border-b\",\"children\":\"$91\"},\"$8f\",\"$90\",1]\na6:D{\"time\":501.7029999999995}\na6:D\"$a7\"\na6:D{\"time\":501.74404200000026}\nb0:D{\"time\":501.7649590000001}\nb0:D\"$b1\"\nb0:D{\"time\":501.7880839999998}\nb3:D{\"time\":501.8063340000008}\nb3:D\"$b4\"\nb3:D{\"time\":501.84554200000093}\nb3:[\"$\",\"td\",null,{\"ref\":\"$undefined\",\"className\":\"p-2 align-middle [\u0026:has([role=checkbox])]:pr-0\",\"children\":[\"$\",\"div\",null,{\"className\":\"flex flex-col\",\"children\":[[\"$\",\"span\",null,{\"className\":\"font-medium\",\"children\":\"Arben Lila\"},\"$43\",\"$b7\",1],[\"$\",\"span\",null,{\"className\":\"text-xs text-muted-foreground\",\"children\":\"arben.lila@gmail.com\"},\"$43\",\"$b8\",1]]},\"$43\",\"$b6\",1]},\"$b4\",\"$b5\",1]\nb9:D{\"time\":501.94720899999993}\nb9:D\"$ba\"\nb9:D{\"time\":501.9696249999997}\nb9:[\"$\",\"td\",null,{\"ref\":\"$undefined\",\"className\":\"p-2 align-middle [\u0026:has([role=checkbox])]:pr-0\",\"children\":[[\"$\",\"div\",null,{\"className\":\"font-medium\",\"children\":\"Flight delay\"},\"$43\",\"$be\",1],[\"$\",\"div\",null,{\"className\":\"text-xs text-muted-foreground\",\"children\":\"Lufthansa\"},\"$43\",\"$bf\",1]]},\"$ba\",\"$bd\",1]\nc0:D{\"time\":502.05554200000006}\nc0:D\"$c1\"\nc0:D{\"time\":502.0777500000004}\nc6:D{\"time\":502.09599999999955}\nc6:D\"$c7\"\nc6:D{\"time\":502.20158400000037}\nc6:D\"$c8\"\nc6:D{\"time\":502.5250419999993}\nc6:[\"$\",\"div\",null,{\"className\":\"inline-flex items-center rounded-full border px-2.5 py-0.5 text-xs font-semibold transition-colors focus:outline-none focus:ring-2 focus:ring-ring focus:ring-offset-2 badge-glow border-transparent bg-[hsl(var(--secondary))] text-[hsl(var(--secondary-foreground))] capitalize\",\"children\":\"Submitted\"},\"$c8\",\"$c9\",1]\nc0:[\"$\",\"td\",null,{\"ref\":\"$undefined\",\"className\":\"p-2 align-middle [\u0026:has([role=checkbox])]:pr-0\",\"children\":\"$c6\"},\"$c1\",\"$c5\",1]\nca:D{\"time\":502.5543340000004}\nca:D\"$cb\"\nca:D{\"time\":502.5792500000007}\nca:[\"$\",\"td\",null,{\"ref\":\"$undefined\",\"className\":\"p-2 align-middle [\u0026:has([role=checkbox])]:pr-0\",\"children\":\"300.00 EUR\"},\"$cb\",\"$cc\",1]\ncd:D{\"time\":502.602667000001}\ncd:D\"$ce\"\ncd:D{\"time\":502.623834}\ncd:[\"$\",\"td\",null,{\"ref\":\"$undefined\",\"className\":\"p-2 align-middle [\u0026:has([role=checkbox])]:pr-0\",\"children\":\"12/15/2025\"},\"$ce\",\"$cf\",1]\nd0:D{\"time\":502.7208750000009}\nd0:D\"$d1\"\nd0:D{\"time\":502.75408400000015}\ndd:D{\"time\":502.7710420000003}\ndd:D\"$de\"\ndd:D{\"time\":503.0782500000005}\ndd:D\"$df\"\ndd:D{\"time\":503.29754200000025}\ndd:D\"$e0\"\ndd:D{\"time\":503.40841700000055}\ndd:D\"$e1\"\nd0:[\"$\",\"td\",null,{\"ref\":\"$undefined\",\"className\":\"p-2 align-middle [\u0026:has([role=checkbox])]:pr-0 text-right\",\"children\":\"$Ldd\"},\"$d1\",\"$dc\",1]\nb0:[\"$\",\"tr\",\"eBRc7dIzwrjUh0KTUQsJ1\",{\"ref\":\"$undefined\",\"className\":\"border-b transition-colors hover:bg-muted/50 data-[state=selected]:bg-muted\",\"children\":[\"$b3\",\"$b9\",\"$c0\",\"$ca\",\"$cd\",\"$d0\"]},\"$b1\",\"$b2\",1]\ne2:D{\"time\":503.85633400000006}\ne2:D\"$e3\"\ne2:D{\"time\":503.88558399999965}\neb:D{\"time\":503.9082920000001}\neb:D\"$ec\"\neb:D{\"time\":503.93445900000006}\neb:[\"$\",\"td\",null,{\"ref\":\"$undefined\",\"className\":\"p-2 align-middle [\u0026:has([role=checkbox])]:pr-0\",\"children\":[\"$\",\"div\",null,{\"className\":\"flex flex-col\",\"children\":[[\"$\",\"span\",null,{\"className\":\"font-medium\",\"children\":\"Test Member\"},\"$43\",\"$ef\",1],[\"$\",\"span\",null,{\"className\":\"text-xs text-muted-foreground\",\"children\":\"test@interdomestik.com\"},\"$43\",\"$f0\",1]]},\"$43\",\"$ee\",1]},\"$ec\",\"$ed\",1]\nf1:D{\"time\":504.03570899999977}\nf1:D\"$f2\"\nf1:D{\"time\":504.0629169999993}\nf1:[\"$\",\"td\",null,{\"ref\":\"$undefined\",\"className\":\"p-2 align-middle [\u0026:has([role=checkbox])]:pr-0\",\"children\":[[\"$\",\"div\",null,{\"className\":\"font-medium\",\"children\":\"Car Accident - Rear Ended\"},\"$43\",\"$f6\",1],[\"$\",\"div\",null,{\"className\":\"text-xs text-muted-foreground\",\"children\":\"Sigal\"},\"$43\",\"$f7\",1]]},\"$f2\",\"$f5\",1]\nf8:D{\"time\":504.1439590000009}\nf8:D\"$f9\"\nf8:D{\"time\":504.16883400000006}\nfd:D{\"time\":504.19787499999984}\nfd:D\"$fe\"\nfd:D{\"time\":504.22891700000037}\nfd:D\"$ff\"\nfd:D{\"time\":504.2613340000007}\nfd:[\"$\",\"div\",null,{\"className\":\"inline-flex items-center rounded-full border px-2.5 py-0.5 text-xs font-semibold transition-colors focus:outline-none focus:ring-2 focus:ring-ring focus:ring-offset-2 badge-glow border-transparent "])</script><script>self.__next_f.push([1,"bg-[hsl(var(--secondary))] text-[hsl(var(--secondary-foreground))] capitalize\",\"children\":\"Submitted\"},\"$ff\",\"$100\",1]\nf8:[\"$\",\"td\",null,{\"ref\":\"$undefined\",\"className\":\"p-2 align-middle [\u0026:has([role=checkbox])]:pr-0\",\"children\":\"$fd\"},\"$f9\",\"$fc\",1]\n101:D{\"time\":504.287875}\n101:D\"$102\"\n101:D{\"time\":504.31479200000103}\n101:[\"$\",\"td\",null,{\"ref\":\"$undefined\",\"className\":\"p-2 align-middle [\u0026:has([role=checkbox])]:pr-0\",\"children\":\"1200.00 EUR\"},\"$102\",\"$103\",1]\n104:D{\"time\":504.3417499999996}\n104:D\"$105\"\n104:D{\"time\":504.3642089999994}\n104:[\"$\",\"td\",null,{\"ref\":\"$undefined\",\"className\":\"p-2 align-middle [\u0026:has([role=checkbox])]:pr-0\",\"children\":\"12/14/2025\"},\"$105\",\"$106\",1]\n107:D{\"time\":504.4261669999996}\n107:D\"$108\"\n107:D{\"time\":504.4479169999995}\n10e:D{\"time\":504.46349999999984}\n10e:D\"$10f\"\n10e:D{\"time\":504.5063339999997}\n10e:D\"$110\"\n10e:D{\"time\":504.5395840000001}\n10e:D\"$111\"\n10e:D{\"time\":504.56308399999944}\n10e:D\"$112\"\n107:[\"$\",\"td\",null,{\"ref\":\"$undefined\",\"className\":\"p-2 align-middle [\u0026:has([role=checkbox])]:pr-0 text-right\",\"children\":\"$L10e\"},\"$108\",\"$10d\",1]\ne2:[\"$\",\"tr\",\"claim-1\",{\"ref\":\"$undefined\",\"className\":\"border-b transition-colors hover:bg-muted/50 data-[state=selected]:bg-muted\",\"children\":[\"$eb\",\"$f1\",\"$f8\",\"$101\",\"$104\",\"$107\"]},\"$e3\",\"$ea\",1]\n113:D{\"time\":504.85754199999974}\n113:D\"$114\"\n113:D{\"time\":504.8831250000003}\n11c:D{\"time\":504.90133400000013}\n11c:D\"$11d\"\n11c:D{\"time\":504.9222919999993}\n11c:[\"$\",\"td\",null,{\"ref\":\"$undefined\",\"className\":\"p-2 align-middle [\u0026:has([role=checkbox])]:pr-0\",\"children\":[\"$\",\"div\",null,{\"className\":\"flex flex-col\",\"children\":[[\"$\",\"span\",null,{\"className\":\"font-medium\",\"children\":\"Test Member\"},\"$43\",\"$120\",1],[\"$\",\"span\",null,{\"className\":\"text-xs text-muted-foreground\",\"children\":\"test@interdomestik.com\"},\"$43\",\"$121\",1]]},\"$43\",\"$11f\",1]},\"$11d\",\"$11e\",1]\n122:D{\"time\":505.0055420000008}\n122:D\"$123\"\n122:D{\"time\":505.02979199999936}\n122:[\"$\",\"td\",null,{\"ref\":\"$undefined\",\"className\":\"p-2 align-middle [\u0026:has([role=checkbox])]:pr-0\",\"children\":[[\"$\",\"div\",null,{\"className\":\"font-medium\",\"children\":\"Flight Delay to Munich\"},\"$43\",\"$127\",1],[\"$\",\"div\",null,{\"className\":\"text-xs text-muted-foreground\",\"children\":\"Austrian Airlines\"},\"$43\",\"$128\",1]]},\"$123\",\"$126\",1]\n129:D{\"time\":505.1011670000007}\n129:D\"$12a\"\n129:D{\"time\":505.2801249999993}\n12e:D{\"time\":505.35083400000076}\n12e:D\"$12f\"\n12e:D{\"time\":505.46299999999974}\n12e:D\"$130\"\n12e:D{\"time\":505.678417000001}\n12e:[\"$\",\"div\",null,{\"className\":\"inline-flex items-center rounded-full border px-2.5 py-0.5 text-xs font-semibold transition-colors focus:outline-none focus:ring-2 focus:ring-ring focus:ring-offset-2 badge-glow text-foreground\",\"children\":\"verification\"},\"$130\",\"$131\",1]\n129:[\"$\",\"td\",null,{\"ref\":\"$undefined\",\"className\":\"p-2 align-middle [\u0026:has([role=checkbox])]:pr-0\",\"children\":\"$12e\"},\"$12a\",\"$12d\",1]\n132:D{\"time\":505.7720420000005}\n132:D\"$133\"\n132:D{\"time\":505.8405419999999}\n132:[\"$\",\"td\",null,{\"ref\":\"$undefined\",\"className\":\"p-2 align-middle [\u0026:has([role=checkbox])]:pr-0\",\"children\":\"600.00 EUR\"},\"$133\",\"$134\",1]\n135:D{\"time\":505.925792}\n135:D\"$136\"\n135:D{\"time\":505.9830000000002}\n135:[\"$\",\"td\",null,{\"ref\":\"$undefined\",\"className\":\"p-2 align-middle [\u0026:has([role=checkbox])]:pr-0\",\"children\":\"12/11/2025\"},\"$136\",\"$137\",1]\n138:D{\"time\":506.14329200000066}\n138:D\"$139\"\n138:D{\"time\":506.22112500000003}\n13f:D{\"time\":506.25229200000103}\n13f:D\"$140\"\n13f:D{\"time\":506.3161249999994}\n13f:D\"$141\"\n13f:D{\"time\":506.35745900000074}\n13f:D\"$142\"\n13f:D{\"time\":506.3894999999993}\n13f:D\"$143\"\n138:[\"$\",\"td\",null,{\"ref\":\"$undefined\",\"className\":\"p-2 align-middle [\u0026:has([role=checkbox])]:pr-0 text-right\",\"children\":\"$L13f\"},\"$139\",\"$13e\",1]\n113:[\"$\",\"tr\",\"claim-2\",{\"ref\":\"$undefined\",\"className\":\"border-b transition-colors hover:bg-muted/50 data-[state=selected]:bg-muted\",\"children\":[\"$11c\",\"$122\",\"$129\",\"$132\",\"$135\",\"$138\"]},\"$114\",\"$11b\",1]\n144:D{\"time\":506.69870900000024}\n144:D\"$145\"\n144:D{\"time\":506.7302089999994}\n14d:D{\"time\":506.8665839999994}\n14d:D\"$14e\"\n14d:D{\"time\":506.89079200000015}\n14d:[\"$\",\"td\",null,{\"ref\":\"$undefined\","])</script><script>self.__next_f.push([1,"\"className\":\"p-2 align-middle [\u0026:has([role=checkbox])]:pr-0\",\"children\":[\"$\",\"div\",null,{\"className\":\"flex flex-col\",\"children\":[[\"$\",\"span\",null,{\"className\":\"font-medium\",\"children\":\"Test Member\"},\"$43\",\"$151\",1],[\"$\",\"span\",null,{\"className\":\"text-xs text-muted-foreground\",\"children\":\"test@interdomestik.com\"},\"$43\",\"$152\",1]]},\"$43\",\"$150\",1]},\"$14e\",\"$14f\",1]\n153:D{\"time\":506.9808749999993}\n153:D\"$154\"\n153:D{\"time\":507.0035420000004}\n153:[\"$\",\"td\",null,{\"ref\":\"$undefined\",\"className\":\"p-2 align-middle [\u0026:has([role=checkbox])]:pr-0\",\"children\":[[\"$\",\"div\",null,{\"className\":\"font-medium\",\"children\":\"Defective Laptop\"},\"$43\",\"$158\",1],[\"$\",\"div\",null,{\"className\":\"text-xs text-muted-foreground\",\"children\":\"TechnoMarket\"},\"$43\",\"$159\",1]]},\"$154\",\"$157\",1]\n15a:D{\"time\":507.07620900000074}\n15a:D\"$15b\"\n15a:D{\"time\":507.0985419999997}\n15f:D{\"time\":507.11508400000093}\n15f:D\"$160\"\n15f:D{\"time\":507.1428340000002}\n15f:D\"$161\"\n15f:D{\"time\":507.17412499999955}\n15f:[\"$\",\"div\",null,{\"className\":\"inline-flex items-center rounded-full border px-2.5 py-0.5 text-xs font-semibold transition-colors focus:outline-none focus:ring-2 focus:ring-ring focus:ring-offset-2 badge-glow text-foreground\",\"children\":\"evaluation\"},\"$161\",\"$162\",1]\n15a:[\"$\",\"td\",null,{\"ref\":\"$undefined\",\"className\":\"p-2 align-middle [\u0026:has([role=checkbox])]:pr-0\",\"children\":\"$15f\"},\"$15b\",\"$15e\",1]\n163:D{\"time\":507.22220899999957}\n163:D\"$164\"\n163:D{\"time\":507.2438750000001}\n163:[\"$\",\"td\",null,{\"ref\":\"$undefined\",\"className\":\"p-2 align-middle [\u0026:has([role=checkbox])]:pr-0\",\"children\":\"850.00 EUR\"},\"$164\",\"$165\",1]\n166:D{\"time\":507.2678340000002}\n166:D\"$167\"\n166:D{\"time\":507.2881670000006}\n166:[\"$\",\"td\",null,{\"ref\":\"$undefined\",\"className\":\"p-2 align-middle [\u0026:has([role=checkbox])]:pr-0\",\"children\":\"12/6/2025\"},\"$167\",\"$168\",1]\n169:D{\"time\":507.349209}\n169:D\"$16a\"\n169:D{\"time\":507.3703750000004}\n170:D{\"time\":507.3861250000009}\n170:D\"$171\"\n170:D{\"time\":507.4218340000007}\n170:D\"$172\"\n170:D{\"time\":507.4529590000002}\n170:D\"$173\"\n170:D{\"time\":507.47933399999965}\n170:D\"$174\"\n169:[\"$\",\"td\",null,{\"ref\":\"$undefined\",\"className\":\"p-2 align-middle [\u0026:has([role=checkbox])]:pr-0 text-right\",\"children\":\"$L170\"},\"$16a\",\"$16f\",1]\n144:[\"$\",\"tr\",\"claim-3\",{\"ref\":\"$undefined\",\"className\":\"border-b transition-colors hover:bg-muted/50 data-[state=selected]:bg-muted\",\"children\":[\"$14d\",\"$153\",\"$15a\",\"$163\",\"$166\",\"$169\"]},\"$145\",\"$14c\",1]\n175:D{\"time\":507.7601250000007}\n175:D\"$176\"\n175:D{\"time\":507.78462500000023}\n17e:D{\"time\":507.80212500000016}\n17e:D\"$17f\"\n17e:D{\"time\":507.8251670000009}\n17e:[\"$\",\"td\",null,{\"ref\":\"$undefined\",\"className\":\"p-2 align-middle [\u0026:has([role=checkbox])]:pr-0\",\"children\":[\"$\",\"div\",null,{\"className\":\"flex flex-col\",\"children\":[[\"$\",\"span\",null,{\"className\":\"font-medium\",\"children\":\"Test Member\"},\"$43\",\"$182\",1],[\"$\",\"span\",null,{\"className\":\"text-xs text-muted-foreground\",\"children\":\"test@interdomestik.com\"},\"$43\",\"$183\",1]]},\"$43\",\"$181\",1]},\"$17f\",\"$180\",1]\n184:D{\"time\":507.92104199999994}\n184:D\"$185\"\n184:D{\"time\":507.9419170000001}\n184:[\"$\",\"td\",null,{\"ref\":\"$undefined\",\"className\":\"p-2 align-middle [\u0026:has([role=checkbox])]:pr-0\",\"children\":[[\"$\",\"div\",null,{\"className\":\"font-medium\",\"children\":\"Water Damage in Apartment\"},\"$43\",\"$189\",1],[\"$\",\"div\",null,{\"className\":\"text-xs text-muted-foreground\",\"children\":\"Building Mgmt\"},\"$43\",\"$18a\",1]]},\"$185\",\"$188\",1]\n18b:D{\"time\":508.0205420000002}\n18b:D\"$18c\"\n18b:D{\"time\":508.04133399999955}\n190:D{\"time\":508.05624999999964}\n190:D\"$191\"\n190:D{\"time\":508.08037499999955}\n190:D\"$192\"\n190:D{\"time\":508.1100000000006}\n190:[\"$\",\"div\",null,{\"className\":\"inline-flex items-center rounded-full border px-2.5 py-0.5 text-xs font-semibold transition-colors focus:outline-none focus:ring-2 focus:ring-ring focus:ring-offset-2 badge-glow text-foreground\",\"children\":\"negotiation\"},\"$192\",\"$193\",1]\n18b:[\"$\",\"td\",null,{\"ref\":\"$undefined\",\"className\":\"p-2 align-middle [\u0026:has([role=checkbox])]:pr-0\",\"children\":\"$190\"},\"$18c\",\"$18f\",1]\n194:D{\"time\":508.13437499999964}\n194:D\"$195\"\n194:D{\"time\":508.15470900000037}\n194:[\"$\",\"td\",null,{\"ref\":\"$un"])</script><script>self.__next_f.push([1,"defined\",\"className\":\"p-2 align-middle [\u0026:has([role=checkbox])]:pr-0\",\"children\":\"2500.00 EUR\"},\"$195\",\"$196\",1]\n197:D{\"time\":508.1767089999994}\n197:D\"$198\"\n197:D{\"time\":508.1962500000009}\n197:[\"$\",\"td\",null,{\"ref\":\"$undefined\",\"className\":\"p-2 align-middle [\u0026:has([role=checkbox])]:pr-0\",\"children\":\"11/26/2025\"},\"$198\",\"$199\",1]\n19a:D{\"time\":508.2579590000005}\n19a:D\"$19b\"\n19a:D{\"time\":508.2782920000009}\n1a1:D{\"time\":508.2932920000003}\n1a1:D\"$1a2\"\n1a1:D{\"time\":508.32820899999933}\n1a1:D\"$1a3\"\n1a1:D{\"time\":508.3557920000003}\n1a1:D\"$1a4\"\n1a1:D{\"time\":508.37708399999974}\n1a1:D\"$1a5\"\n19a:[\"$\",\"td\",null,{\"ref\":\"$undefined\",\"className\":\"p-2 align-middle [\u0026:has([role=checkbox])]:pr-0 text-right\",\"children\":\"$L1a1\"},\"$19b\",\"$1a0\",1]\n175:[\"$\",\"tr\",\"claim-4\",{\"ref\":\"$undefined\",\"className\":\"border-b transition-colors hover:bg-muted/50 data-[state=selected]:bg-muted\",\"children\":[\"$17e\",\"$184\",\"$18b\",\"$194\",\"$197\",\"$19a\"]},\"$176\",\"$17d\",1]\n1a6:D{\"time\":508.6520839999994}\n1a6:D\"$1a7\"\n1a6:D{\"time\":508.6763750000009}\n1af:D{\"time\":508.69237500000054}\n1af:D\"$1b0\"\n1af:D{\"time\":508.71220899999935}\n1af:[\"$\",\"td\",null,{\"ref\":\"$undefined\",\"className\":\"p-2 align-middle [\u0026:has([role=checkbox])]:pr-0\",\"children\":[\"$\",\"div\",null,{\"className\":\"flex flex-col\",\"children\":[[\"$\",\"span\",null,{\"className\":\"font-medium\",\"children\":\"Test Member\"},\"$43\",\"$1b3\",1],[\"$\",\"span\",null,{\"className\":\"text-xs text-muted-foreground\",\"children\":\"test@interdomestik.com\"},\"$43\",\"$1b4\",1]]},\"$43\",\"$1b2\",1]},\"$1b0\",\"$1b1\",1]\n1b5:D{\"time\":508.8834170000009}\n1b5:D\"$1b6\"\n1b5:D{\"time\":508.90337499999987}\n1b5:[\"$\",\"td\",null,{\"ref\":\"$undefined\",\"className\":\"p-2 align-middle [\u0026:has([role=checkbox])]:pr-0\",\"children\":[[\"$\",\"div\",null,{\"className\":\"font-medium\",\"children\":\"Rejected Insurance Claim\"},\"$43\",\"$1ba\",1],[\"$\",\"div\",null,{\"className\":\"text-xs text-muted-foreground\",\"children\":\"Illyria\"},\"$43\",\"$1bb\",1]]},\"$1b6\",\"$1b9\",1]\n1bc:D{\"time\":508.97320899999977}\n1bc:D\"$1bd\"\n1bc:D{\"time\":508.9937090000003}\n1c1:D{\"time\":509.0085419999996}\n1c1:D\"$1c2\"\n1c1:D{\"time\":509.0342500000006}\n1c1:D\"$1c3\"\n1c1:D{\"time\":509.15450000000055}\n1c1:[\"$\",\"div\",null,{\"className\":\"inline-flex items-center rounded-full border px-2.5 py-0.5 text-xs font-semibold transition-colors focus:outline-none focus:ring-2 focus:ring-ring focus:ring-offset-2 badge-glow border-transparent bg-[hsl(var(--destructive))] text-[hsl(var(--destructive-foreground))] capitalize\",\"children\":\"Rejected\"},\"$1c3\",\"$1c4\",1]\n1bc:[\"$\",\"td\",null,{\"ref\":\"$undefined\",\"className\":\"p-2 align-middle [\u0026:has([role=checkbox])]:pr-0\",\"children\":\"$1c1\"},\"$1bd\",\"$1c0\",1]\n1c5:D{\"time\":509.1805839999997}\n1c5:D\"$1c6\"\n1c5:D{\"time\":509.2016249999997}\n1c5:[\"$\",\"td\",null,{\"ref\":\"$undefined\",\"className\":\"p-2 align-middle [\u0026:has([role=checkbox])]:pr-0\",\"children\":\"5000.00 EUR\"},\"$1c6\",\"$1c7\",1]\n1c8:D{\"time\":509.2266670000008}\n1c8:D\"$1c9\"\n1c8:D{\"time\":509.24645899999996}\n1c8:[\"$\",\"td\",null,{\"ref\":\"$undefined\",\"className\":\"p-2 align-middle [\u0026:has([role=checkbox])]:pr-0\",\"children\":\"11/16/2025\"},\"$1c9\",\"$1ca\",1]\n1cb:D{\"time\":509.31037500000093}\n1cb:D\"$1cc\"\n1cb:D{\"time\":509.33129200000076}\n1d2:D{\"time\":509.34649999999965}\n1d2:D\"$1d3\"\n1d2:D{\"time\":509.37629200000083}\n1d2:D\"$1d4\"\n1d2:D{\"time\":509.40337499999987}\n1d2:D\"$1d5\"\n1d2:D{\"time\":509.4247090000008}\n1d2:D\"$1d6\"\n1cb:[\"$\",\"td\",null,{\"ref\":\"$undefined\",\"className\":\"p-2 align-middle [\u0026:has([role=checkbox])]:pr-0 text-right\",\"children\":\"$L1d2\"},\"$1cc\",\"$1d1\",1]\n1a6:[\"$\",\"tr\",\"claim-5\",{\"ref\":\"$undefined\",\"className\":\"border-b transition-colors hover:bg-muted/50 data-[state=selected]:bg-muted\",\"children\":[\"$1af\",\"$1b5\",\"$1bc\",\"$1c5\",\"$1c8\",\"$1cb\"]},\"$1a7\",\"$1ae\",1]\na6:[\"$\",\"tbody\",null,{\"ref\":\"$undefined\",\"className\":\"[\u0026_tr:last-child]:border-0\",\"children\":[[\"$b0\",\"$e2\",\"$113\",\"$144\",\"$175\",\"$1a6\"],false]},\"$a7\",\"$af\",1]\n80:[\"$\",\"div\",null,{\"className\":\"relative w-full overflow-auto\",\"children\":[\"$\",\"table\",null,{\"ref\":\"$undefined\",\"className\":\"w-full caption-bottom text-sm\",\"children\":[\"$8e\",\"$a6\"]},\"$81\",\"$8d\",1]},\"$81\",\"$8c\",1]\n42:[\"$\",\"div\",null,{\"className\":\"space-y-6\",\"children\":[[\"$\",\"div\",null,{\"classNa"])</script><script>self.__next_f.push([1,"me\":\"flex items-center justify-between\",\"children\":[\"$\",\"div\",null,{\"children\":[[\"$\",\"h1\",null,{\"className\":\"text-3xl font-bold tracking-tight\",\"children\":\"Claims Queue\"},\"$43\",\"$7d\",1],[\"$\",\"p\",null,{\"className\":\"text-muted-foreground\",\"children\":\"Manage and triage all submitted claims.\"},\"$43\",\"$7e\",1]]},\"$43\",\"$7c\",1]},\"$43\",\"$7b\",1],[\"$\",\"div\",null,{\"className\":\"rounded-md border bg-background\",\"children\":\"$80\"},\"$43\",\"$7f\",1]]},\"$43\",\"$7a\",1]\n"])</script><script>self.__next_f.push([1,"1d8:I[\"(app-pages-browser)/../../node_modules/.pnpm/next-intl@4.6.0_next@16.0.10_@babel+core@7.28.5_@playwright+test@1.57.0_react-dom@19.2._c22e94f9b2b0bf63fba8eb90ab2d7698/node_modules/next-intl/dist/esm/development/navigation/shared/BaseLink.js\",[\"app/[locale]/(agent)/agent/claims/page\",\"static/chunks/app/%5Blocale%5D/(agent)/agent/claims/page.js\"],\"default\"]\n1d7:[]\n1d9:[]\n1da:[]\n1db:[]\n1dc:[]\n1dd:[]\ndd:D{\"time\":551.2898750000004}\ndd:[\"$\",\"$L1d8\",null,{\"ref\":null,\"href\":\"/sq/agent/claims/eBRc7dIzwrjUh0KTUQsJ1\",\"locale\":\"$undefined\",\"localeCookie\":{\"name\":\"NEXT_LOCALE\",\"sameSite\":\"lax\"},\"children\":\"Review\",\"className\":\"inline-flex items-center justify-center whitespace-nowrap text-sm font-medium ring-offset-background transition-all duration-200 focus-visible:outline-none focus-visible:ring-2 focus-visible:ring-ring focus-visible:ring-offset-2 disabled:pointer-events-none disabled:opacity-50 interactive-press border border-[hsl(var(--border))] bg-transparent hover:bg-[hsl(var(--muted-100))] hover:text-[hsl(var(--foreground))] h-9 rounded-md px-3\",\"disabled\":\"$undefined\"},\"$e1\",\"$1d7\",1]\n10e:D{\"time\":551.4446669999998}\n10e:[\"$\",\"$L1d8\",null,{\"ref\":null,\"href\":\"/sq/agent/claims/claim-1\",\"locale\":\"$undefined\",\"localeCookie\":\"$dd:props:localeCookie\",\"children\":\"Review\",\"className\":\"inline-flex items-center justify-center whitespace-nowrap text-sm font-medium ring-offset-background transition-all duration-200 focus-visible:outline-none focus-visible:ring-2 focus-visible:ring-ring focus-visible:ring-offset-2 disabled:pointer-events-none disabled:opacity-50 interactive-press border border-[hsl(var(--border))] bg-transparent hover:bg-[hsl(var(--muted-100))] hover:text-[hsl(var(--foreground))] h-9 rounded-md px-3\",\"disabled\":\"$undefined\"},\"$112\",\"$1d9\",1]\n13f:D{\"time\":551.5325420000008}\n13f:[\"$\",\"$L1d8\",null,{\"ref\":null,\"href\":\"/sq/agent/claims/claim-2\",\"locale\":\"$undefined\",\"localeCookie\":\"$dd:props:localeCookie\",\"children\":\"Review\",\"className\":\"inline-flex items-center justify-center whitespace-nowrap text-sm font-medium ring-offset-background transition-all duration-200 focus-visible:outline-none focus-visible:ring-2 focus-visible:ring-ring focus-visible:ring-offset-2 disabled:pointer-events-none disabled:opacity-50 interactive-press border border-[hsl(var(--border))] bg-transparent hover:bg-[hsl(var(--muted-100))] hover:text-[hsl(var(--foreground))] h-9 rounded-md px-3\",\"disabled\":\"$undefined\"},\"$143\",\"$1da\",1]\n170:D{\"time\":551.5944170000002}\n170:[\"$\",\"$L1d8\",null,{\"ref\":null,\"href\":\"/sq/agent/claims/claim-3\",\"locale\":\"$undefined\",\"localeCookie\":\"$dd:props:localeCookie\",\"children\":\"Review\",\"className\":\"inline-flex items-center justify-center whitespace-nowrap text-sm font-medium ring-offset-background transition-all duration-200 focus-visible:outline-none focus-visible:ring-2 focus-visible:ring-ring focus-visible:ring-offset-2 disabled:pointer-events-none disabled:opacity-50 interactive-press border border-[hsl(var(--border))] bg-transparent hover:bg-[hsl(var(--muted-100))] hover:text-[hsl(var(--foreground))] h-9 rounded-md px-3\",\"disabled\":\"$undefined\"},\"$174\",\"$1db\",1]\n1a1:D{\"time\":551.6537499999995}\n1a1:[\"$\",\"$L1d8\",null,{\"ref\":null,\"href\":\"/sq/agent/claims/claim-4\",\"locale\":\"$undefined\",\"localeCookie\":\"$dd:props:localeCookie\",\"children\":\"Review\",\"className\":\"inline-flex items-center justify-center whitespace-nowrap text-sm font-medium ring-offset-background transition-all duration-200 focus-visible:outline-none focus-visible:ring-2 focus-visible:ring-ring focus-visible:ring-offset-2 disabled:pointer-events-none disabled:opacity-50 interactive-press border border-[hsl(var(--border))] bg-transparent hover:bg-[hsl(var(--muted-100))] hover:text-[hsl(var(--foreground))] h-9 rounded-md px-3\",\"disabled\":\"$undefined\"},\"$1a5\",\"$1dc\",1]\n1d2:D{\"time\":551.7113750000008}\n1d2:[\"$\",\"$L1d8\",null,{\"ref\":null,\"href\":\"/sq/agent/claims/claim-5\",\"locale\":\"$undefined\",\"localeCookie\":\"$dd:props:localeCookie\",\"children\":\"Review\",\"className\":\"inline-flex items-center justify-center whitespace-nowrap text-sm font-medium ring-offset-background tra"])</script><script>self.__next_f.push([1,"nsition-all duration-200 focus-visible:outline-none focus-visible:ring-2 focus-visible:ring-ring focus-visible:ring-offset-2 disabled:pointer-events-none disabled:opacity-50 interactive-press border border-[hsl(var(--border))] bg-transparent hover:bg-[hsl(var(--muted-100))] hover:text-[hsl(var(--foreground))] h-9 rounded-md px-3\",\"disabled\":\"$undefined\"},\"$1d6\",\"$1dd\",1]\n"])</script><script>self.__next_f.push([1,"204:I[\"(app-pages-browser)/../../node_modules/.pnpm/next@16.0.10_@babel+core@7.28.5_@playwright+test@1.57.0_react-dom@19.2.3_react@19.2.3__react@19.2.3/node_modules/next/dist/client/app-dir/link.js\",[\"app/[locale]/(agent)/layout\",\"static/chunks/app/%5Blocale%5D/(agent)/layout.js\"],\"\"]\n1df:[[\"AgentLayout\",\"webpack-internal:///(rsc)/./src/app/[locale]/(agent)/layout.tsx\",20,77,17,1,false]]\n1de:J{\"name\":\"headers\",\"start\":2.826375000000553,\"end\":44.39979200000016,\"env\":\"Server\",\"stack\":\"$1df\",\"owner\":\"$33\",\"value\":\"$@1e0\"}\n1e1:[[\"AgentLayout\",\"webpack-internal:///(rsc)/./src/app/[locale]/(agent)/layout.tsx\",20,77,17,1,false]]\n1e3:[[\"AgentLayout\",\"webpack-internal:///(rsc)/./src/app/[locale]/(agent)/layout.tsx\",19,75,17,1,false]]\n1e2:J{\"name\":\"api.\u003ccomputed\u003e [as getSession]\",\"start\":44.413000000000466,\"end\":44.52541700000074,\"env\":\"Server\",\"stack\":\"$1e3\",\"owner\":\"$33\",\"value\":\"$@1e4\"}\n1e5:[[\"AgentLayout\",\"webpack-internal:///(rsc)/./src/app/[locale]/(agent)/layout.tsx\",19,75,17,1,false]]\n1e6:[\"host\",\"localhost:3000\"]\n1e7:[\"user-agent\",\"Mozilla/5.0 (Windows NT 10.0; Win64; x64; rv:144.0.2) Gecko/20100101 Firefox/144.0.2\"]\n1e8:[\"accept\",\"text/html,application/xhtml+xml,application/xml;q=0.9,*/*;q=0.8\"]\n1e9:[\"accept-language\",\"en-US\"]\n1ea:[\"accept-encoding\",\"gzip, deflate, br, zstd\"]\n1eb:[\"connection\",\"keep-alive\"]\n1ec:[\"cookie\",\"better-auth.session_token=rqdvK0LBYUdAKjz0Xrr1Inyf9ZR1Dtva.aMxt2Pwli8FoAEkzP7ybNvtdalHqcfRk%2B6g5jLGEtZE%3D; NEXT_LOCALE=sq\"]\n1ed:[\"upgrade-insecure-requests\",\"1\"]\n1ee:[\"sec-fetch-dest\",\"document\"]\n1ef:[\"sec-fetch-mode\",\"navigate\"]\n1f0:[\"sec-fetch-site\",\"none\"]\n1f1:[\"sec-fetch-user\",\"?1\"]\n1f2:[\"priority\",\"u=0, i\"]\n1f3:[\"x-forwarded-host\",\"localhost:3000\"]\n1f4:[\"x-forwarded-port\",\"3000\"]\n1f5:[\"x-forwarded-proto\",\"http\"]\n1f6:[\"x-forwarded-for\",\"127.0.0.1\"]\n1f7:[\"x-next-intl-locale\",\"sq\"]\n1f8:[\"link\",\"\u003chttp://localhost:3000/sq/agent/claims\u003e; rel=\\\"alternate\\\"; hreflang=\\\"sq\\\", \u003chttp://localhost:3000/en/agent/claims\u003e; rel=\\\"alternate\\\"; hreflang=\\\"en\\\", \u003chttp://localhost:3000/sr/agent/claims\u003e; rel=\\\"alternate\\\"; hreflang=\\\"sr\\\", \u003chttp://localhost:3000/mk/agent/claims\u003e; rel=\\\"alternate\\\"; hreflang=\\\"mk\\\", \u003chttp://localhost:3000/agent/claims\u003e; rel=\\\"alternate\\\"; hreflang=\\\"x-default\\\"\"]\n1e0:[\"$1e6\",\"$1e7\",\"$1e8\",\"$1e9\",\"$1ea\",\"$1eb\",\"$1ec\",\"$1ed\",\"$1ee\",\"$1ef\",\"$1f0\",\"$1f1\",\"$1f2\",\"$1f3\",\"$1f4\",\"$1f5\",\"$1f6\",\"$1f7\",\"$1f8\"]\n1e4:{\"session\":{\"expiresAt\":\"$D2025-12-23T21:46:15.724Z\",\"token\":\"rqdvK0LBYUdAKjz0Xrr1Inyf9ZR1Dtva\",\"createdAt\":\"$D2025-12-16T21:46:15.724Z\",\"updatedAt\":\"$D2025-12-16T21:46:15.724Z\",\"ipAddress\":\"127.0.0.1\",\"userAgent\":\"Mozilla/5.0 (Windows NT 10.0; Win64; x64; rv:144.0.2) Gecko/20100101 Firefox/144.0.2\",\"userId\":\"agent-user\",\"id\":\"kZDCwhwI6Fjt1xsWBj6UJKKf4XHWXTkq\"},\"user\":{\"name\":\"Support Agent\",\"email\":\"agent@interdomestik.com\",\"emailVerified\":true,\"image\":null,\"createdAt\":\"$D2025-12-16T21:46:12.233Z\",\"updatedAt\":\"$D2025-12-16T21:46:12.233Z\",\"role\":\"agent\",\"id\":\"agent-user\"}}\n1f9:[[\"AgentLayout\",\"webpack-internal:///(rsc)/./src/app/[locale]/(agent)/layout.tsx\",35,87,17,1,false]]\n1fa:[[\"AgentLayout\",\"webpack-internal:///(rsc)/./src/app/[locale]/(agent)/layout.tsx\",38,88,17,1,false]]\n1fb:[[\"AgentLayout\",\"webpack-internal:///(rsc)/./src/app/[locale]/(agent)/layout.tsx\",40,102,17,1,false]]\n1fc:[[\"AgentLayout\",\"webpack-internal:///(rsc)/./src/app/[locale]/(agent)/layout.tsx\",43,100,17,1,false]]\n200:{\"className\":\"text-primary\",\"children\":\"Agent\"}\n201:[[\"AgentLayout\",\"webpack-internal:///(rsc)/./src/app/[locale]/(agent)/layout.tsx\",53,120,17,1,false]]\n1ff:{\"className\":\"hidden font-bold sm:inline-block\",\"children\":[\"Interdomestik \",[\"$\",\"span\",null,\"$200\",\"$33\",\"$201\",1]]}\n202:[[\"AgentLayout\",\"webpack-internal:///(rsc)/./src/app/[locale]/(agent)/layout.tsx\",49,122,17,1,false]]\n1fe:{\"name\":\"LinkComponent\",\"key\":null,\"env\":\"Server\",\"owner\":\"$33\",\"stack\":[[\"AgentLayout\",\"webpack-internal:///(rsc)/./src/app/[locale]/(agent)/layout.tsx\",46,108,17,1,false]],\"props\":{\"href\":\"/\",\"className\":\"mr-6 flex items-center space-x-2\",\"children\":[\"$\",\"span\",null,\"$1ff\",\"$33\",\"$202\",1]}}\n203:[]\n205:[[\"AgentLayout\",\""])</script><script>self.__next_f.push([1,"webpack-internal:///(rsc)/./src/app/[locale]/(agent)/layout.tsx\",49,122,17,1,false]]\n206:[[\"AgentLayout\",\"webpack-internal:///(rsc)/./src/app/[locale]/(agent)/layout.tsx\",53,120,17,1,false]]\n207:[[\"AgentLayout\",\"webpack-internal:///(rsc)/./src/app/[locale]/(agent)/layout.tsx\",72,108,17,1,false]]\n209:{\"name\":\"LinkComponent\",\"key\":null,\"env\":\"Server\",\"owner\":\"$33\",\"stack\":[[\"AgentLayout\",\"webpack-internal:///(rsc)/./src/app/[locale]/(agent)/layout.tsx\",75,116,17,1,false]],\"props\":{\"href\":\"/agent\",\"className\":\"transition-colors hover:text-foreground/80 text-foreground\",\"children\":\"Dashboard\"}}\n20a:[]\n20c:{\"name\":\"LinkComponent\",\"key\":null,\"env\":\"Server\",\"owner\":\"$33\",\"stack\":[[\"AgentLayout\",\"webpack-internal:///(rsc)/./src/app/[locale]/(agent)/layout.tsx\",84,116,17,1,false]],\"props\":{\"href\":\"/agent/claims\",\"className\":\"transition-colors hover:text-foreground/80 text-foreground/60\",\"children\":\"Claims\"}}\n20d:[]\n20e:[[\"AgentLayout\",\"webpack-internal:///(rsc)/./src/app/[locale]/(agent)/layout.tsx\",105,100,17,1,false]]\n20f:[[\"AgentLayout\",\"webpack-internal:///(rsc)/./src/app/[locale]/(agent)/layout.tsx\",108,108,17,1,false]]\n210:[[\"AgentLayout\",\"webpack-internal:///(rsc)/./src/app/[locale]/(agent)/layout.tsx\",115,108,17,1,false]]\n211:[[\"AgentLayout\",\"webpack-internal:///(rsc)/./src/app/[locale]/(agent)/layout.tsx\",145,88,17,1,false]]\n212:[[\"Promise.all\",\"\",0,0,0,0,true],[\"Promise.all\",\"\",0,0,0,0,true],[\"Promise.all\",\"\",0,0,0,0,true]]\n213:[[\"Promise.all\",\"\",0,0,0,0,true],[\"Promise.all\",\"\",0,0,0,0,true],[\"Promise.all\",\"\",0,0,0,0,true]]\n32:D{\"time\":2.8437919999996666}\n32:D{\"awaited\":\"$1de\",\"env\":\"Server\",\"owner\":\"$33\",\"stack\":\"$1e1\"}\n32:D{\"time\":44.40008400000079}\n32:D{\"time\":44.47320899999977}\n32:D{\"awaited\":\"$1e2\",\"env\":\"Server\",\"owner\":\"$33\",\"stack\":\"$1e5\"}\n32:D{\"time\":591.2864590000008}\n32:D{\"time\":596.3512499999997}\n1fd:D{\"time\":596.4806669999998}\n1fd:D\"$1fe\"\n1fd:D{\"time\":596.5111250000009}\n1fd:[\"$\",\"$L204\",null,{\"href\":\"/\",\"className\":\"mr-6 flex items-center space-x-2\",\"children\":[\"$\",\"span\",null,{\"className\":\"hidden font-bold sm:inline-block\",\"children\":[\"Interdomestik \",[\"$\",\"span\",null,{\"className\":\"text-primary\",\"children\":\"Agent\"},\"$33\",\"$206\",1]]},\"$33\",\"$205\",1]},\"$1fe\",\"$203\",1]\n208:D{\"time\":596.5667919999996}\n208:D\"$209\"\n208:D{\"time\":596.5850420000006}\n208:[\"$\",\"$L204\",null,{\"href\":\"/agent\",\"className\":\"transition-colors hover:text-foreground/80 text-foreground\",\"children\":\"Dashboard\"},\"$209\",\"$20a\",1]\n20b:D{\"time\":596.6040840000005}\n20b:D\"$20c\"\n20b:D{\"time\":596.6227089999993}\n20b:[\"$\",\"$L204\",null,{\"href\":\"/agent/claims\",\"className\":\"transition-colors hover:text-foreground/80 text-foreground/60\",\"children\":\"Claims\"},\"$20c\",\"$20d\",1]\n"])</script><script>self.__next_f.push([1,"32:[\"$\",\"div\",null,{\"className\":\"flex min-h-screen flex-col bg-muted/10\",\"children\":[[\"$\",\"header\",null,{\"className\":\"sticky top-0 z-50 w-full border-b bg-background/95 backdrop-blur supports-[backdrop-filter]:bg-background/60\",\"children\":[\"$\",\"div\",null,{\"className\":\"container flex h-14 items-center\",\"children\":[[\"$\",\"div\",null,{\"className\":\"mr-4 hidden md:flex\",\"children\":[\"$1fd\",[\"$\",\"nav\",null,{\"className\":\"flex items-center space-x-6 text-sm font-medium\",\"children\":[\"$208\",\"$20b\"]},\"$33\",\"$207\",1]]},\"$33\",\"$1fc\",1],[\"$\",\"div\",null,{\"className\":\"flex flex-1 items-center justify-between space-x-2 md:justify-end\",\"children\":[[\"$\",\"div\",null,{\"className\":\"w-full flex-1 md:w-auto md:flex-none\"},\"$33\",\"$20f\",1],[\"$\",\"div\",null,{\"className\":\"text-xs text-muted-foreground mr-4\",\"children\":[\"agent@interdomestik.com\",\" (\",\"agent\",\")\"]},\"$33\",\"$210\",1]]},\"$33\",\"$20e\",1]]},\"$33\",\"$1fb\",1]},\"$33\",\"$1fa\",1],[\"$\",\"main\",null,{\"className\":\"flex-1 container py-6\",\"children\":[\"$\",\"$L15\",null,{\"parallelRouterKey\":\"children\",\"error\":\"$undefined\",\"errorStyles\":\"$undefined\",\"errorScripts\":\"$undefined\",\"template\":[\"$\",\"$L17\",null,{},null,\"$213\",1],\"templateStyles\":\"$undefined\",\"templateScripts\":\"$undefined\",\"notFound\":\"$undefined\",\"forbidden\":\"$undefined\",\"unauthorized\":\"$undefined\",\"segmentViewBoundaries\":[\"$undefined\",\"$undefined\",\"$undefined\",\"$undefined\"]},null,\"$212\",1]},\"$33\",\"$211\",1]]},\"$33\",\"$1f9\",1]\n"])</script><script style="display: block; position: absolute;" data-nextjs-dev-overlay="true"><nextjs-portal style="--nextjs-dev-tools-scale: 1;"></nextjs-portal></script><next-route-announcer style="position: absolute;"></next-route-announcer></body></html>

[1A[2KDEBUG: Failed Content End ----------------

[1A[2K  2) [firefox] › e2e/agent-flow.spec.ts:13:7 › Agent Workspace › should list claims and allow triage 

    Error: [2mexpect([22m[31mlocator[39m[2m).[22mtoBeVisible[2m([22m[2m)[22m failed

    Locator: locator('h1').filter({ hasText: 'Claim Details' })
    Expected: visible
    Timeout: 5000ms
    Error: element(s) not found

    Call log:
    [2m  - Expect "toBeVisible" with timeout 5000ms[22m
    [2m  - waiting for locator('h1').filter({ hasText: 'Claim Details' })[22m


      25 |     // Verify Detail Page
      26 |     try {
    > 27 |       await expect(agentPage.locator('h1', { hasText: 'Claim Details' })).toBeVisible({
         |                                                                           ^
      28 |         timeout: 5000,
      29 |       });
      30 |     } catch (e) {
        at /Users/arbenlila/development/interdomestikv2/apps/web/e2e/agent-flow.spec.ts:27:75

    Error Context: test-results/agent-flow-Agent-Workspace-84d8f-ist-claims-and-allow-triage-firefox/error-context.md


[1A[2K[webkit] › e2e/agent-flow.spec.ts:13:7 › Agent Workspace › should list claims and allow triage
DEBUG: Failed URL: http://localhost:3000/sq/agent/claims/claim-1

[1A[2KDEBUG: Failed Content Start ----------------

[1A[2K<!DOCTYPE html><html lang="sq"><head><link rel="stylesheet" href="/_next/static/css/app/%5Blocale%5D/layout.css?v=1765921587065" data-precedence="next_static/css/app/[locale]/layout.css"><link rel="preload" as="script" fetchpriority="low" href="/_next/static/chunks/webpack.js?v=1765921587065"><script src="/_next/static/chunks/main-app.js?v=1765921587065" async=""></script><script src="/_next/static/chunks/app-pages-internals.js" async=""></script><script src="/_next/static/chunks/app/%5Blocale%5D/layout.js" async=""></script><script src="/_next/static/chunks/app/%5Blocale%5D/page.js" async=""></script><script src="/_next/static/chunks/app/%5Blocale%5D/(agent)/agent/claims/page.js" async=""></script><script src="/_next/static/chunks/app/%5Blocale%5D/(agent)/layout.js" async=""></script><script src="/_next/static/chunks/polyfills.js" nomodule=""></script><style>@font-face{font-family:'__nextjs-Geist';font-style:normal;font-weight:400 600;font-display:swap;src:url(/__nextjs_font/geist-latin-ext.woff2) format('woff2');unicode-range:U+0100-02BA,U+02BD-02C5,U+02C7-02CC,U+02CE-02D7,U+02DD-02FF,U+0304,U+0308,U+0329,U+1D00-1DBF,U+1E00-1E9F,U+1EF2-1EFF,U+2020,U+20A0-20AB,U+20AD-20C0,U+2113,U+2C60-2C7F,U+A720-A7FF}@font-face{font-family:'__nextjs-Geist Mono';font-style:normal;font-weight:400 600;font-display:swap;src:url(/__nextjs_font/geist-mono-latin-ext.woff2) format('woff2');unicode-range:U+0100-02BA,U+02BD-02C5,U+02C7-02CC,U+02CE-02D7,U+02DD-02FF,U+0304,U+0308,U+0329,U+1D00-1DBF,U+1E00-1E9F,U+1EF2-1EFF,U+2020,U+20A0-20AB,U+20AD-20C0,U+2113,U+2C60-2C7F,U+A720-A7FF}@font-face{font-family:'__nextjs-Geist';font-style:normal;font-weight:400 600;font-display:swap;src:url(/__nextjs_font/geist-latin.woff2) format('woff2');unicode-range:U+0000-00FF,U+0131,U+0152-0153,U+02BB-02BC,U+02C6,U+02DA,U+02DC,U+0304,U+0308,U+0329,U+2000-206F,U+20AC,U+2122,U+2191,U+2193,U+2212,U+2215,U+FEFF,U+FFFD}@font-face{font-family:'__nextjs-Geist Mono';font-style:normal;font-weight:400 600;font-display:swap;src:url(/__nextjs_font/geist-mono-latin.woff2) format('woff2');unicode-range:U+0000-00FF,U+0131,U+0152-0153,U+02BB-02BC,U+02C6,U+02DA,U+02DC,U+0304,U+0308,U+0329,U+2000-206F,U+20AC,U+2122,U+2191,U+2193,U+2212,U+2215,U+FEFF,U+FFFD}</style><meta charset="utf-8"><meta name="viewport" content="width=device-width, initial-scale=1"><title>Interdomestik - Mbrojtja e Konsumatorit</title><meta name="description" content="Platforma #1 për mbrojtjen e konsumatorit dhe menaxhimin e ankesave në Ballkan"><meta name="author" content="Interdomestik"><meta name="keywords" content="consumer protection,claims,disputes,balkans,kosovo,albania"><meta property="og:title" content="Interdomestik - Mbrojtja e Konsumatorit"><meta property="og:description" content="Platforma #1 për mbrojtjen e konsumatorit dhe menaxhimin e ankesave në Ballkan"><meta property="og:site_name" content="Interdomestik"><meta property="og:locale" content="sq_AL"><meta property="og:type" content="website"><meta name="twitter:card" content="summary"><meta name="twitter:title" content="Interdomestik - Mbrojtja e Konsumatorit"><meta name="twitter:description" content="Platforma #1 për mbrojtjen e konsumatorit dhe menaxhimin e ankesave në Ballkan"></head><body class="antialiased"><div hidden=""></div><div class="flex min-h-screen flex-col bg-muted/10"><header class="sticky top-0 z-50 w-full border-b bg-background/95 backdrop-blur supports-[backdrop-filter]:bg-background/60"><div class="container flex h-14 items-center"><div class="mr-4 hidden md:flex"><a class="mr-6 flex items-center space-x-2" href="/"><span class="hidden font-bold sm:inline-block">Interdomestik <span class="text-primary">Agent</span></span></a><nav class="flex items-center space-x-6 text-sm font-medium"><a class="transition-colors hover:text-foreground/80 text-foreground" href="/agent">Dashboard</a><a class="transition-colors hover:text-foreground/80 text-foreground/60" href="/agent/claims">Claims</a></nav></div><div class="flex flex-1 items-center justify-between space-x-2 md:justify-end"><div class="w-full flex-1 md:w-auto md:flex-none"></div><div class="text-xs text-muted-foreground mr-4">agent@interdomestik.com<!-- --> (<!-- -->agent<!-- -->)</div></div></div></header><main class="flex-1 container py-6"><!--$--><!--/$--><div class="grid gap-6 lg:grid-cols-3"><div class="space-y-6 lg:col-span-2"><div class="rounded-xl border border-[hsl(var(--border))] bg-[hsl(var(--card))] text-[hsl(var(--card-foreground))] shadow-sm transition-all duration-200 card-lift"><div class="flex flex-col space-y-1.5 p-6"><h3 class="text-2xl font-semibold leading-none tracking-tight">Claimant Information</h3></div><div class="p-6 pt-0 grid gap-4 sm:grid-cols-2"><div><div class="text-sm text-muted-foreground">Name</div><div class="font-medium">Test Member</div></div><div><div class="text-sm text-muted-foreground">Email</div><div class="font-medium">test@interdomestik.com</div></div></div></div><div class="rounded-xl border border-[hsl(var(--border))] bg-[hsl(var(--card))] text-[hsl(var(--card-foreground))] shadow-sm transition-all duration-200 card-lift"><div class="flex flex-col space-y-1.5 p-6"><div class="flex items-center justify-between"><h3 class="text-2xl font-semibold leading-none tracking-tight">Claim Details</h3><div class="inline-flex items-center rounded-full border px-2.5 py-0.5 text-xs font-semibold transition-colors focus:outline-none focus:ring-2 focus:ring-ring focus:ring-offset-2 badge-glow border-transparent bg-[hsl(var(--secondary))] text-[hsl(var(--secondary-foreground))] capitalize">Submitted</div></div></div><div class="p-6 pt-0 space-y-4"><div><div class="text-sm text-muted-foreground">Title</div><div class="text-lg font-medium">Car Accident - Rear Ended</div></div><div><div class="text-sm text-muted-foreground">Description</div><div class="whitespace-pre-wrap">I was rear-ended at a red light on George Bush Blvd. The other driver admitted fault.</div></div><div class="grid grid-cols-2 gap-4"><div><div class="text-sm text-muted-foreground">Category</div><div class="inline-flex items-center rounded-full border px-2.5 py-0.5 text-xs font-semibold transition-colors focus:outline-none focus:ring-2 focus:ring-ring focus:ring-offset-2 badge-glow text-foreground capitalize">auto</div></div><div><div class="text-sm text-muted-foreground">Status</div><div class="capitalize">submitted</div></div></div><div class="grid grid-cols-2 gap-4"><div><div class="text-sm text-muted-foreground">Amount</div><div class="text-lg font-bold">1200.00 EUR</div></div><div><div class="text-sm text-muted-foreground">Subject / Company</div><div>Sigal</div></div></div></div></div><div class="rounded-xl border border-[hsl(var(--border))] bg-[hsl(var(--card))] text-[hsl(var(--card-foreground))] shadow-sm transition-all duration-200 card-lift"><div class="flex flex-col space-y-1.5 p-6"><h3 class="text-2xl font-semibold leading-none tracking-tight">Evidence Files</h3></div><div class="p-6 pt-0"><p class="text-sm text-muted-foreground">No documents uploaded.</p></div></div></div><div class="space-y-6"><div class="p-4 border rounded bg-yellow-50 text-yellow-800 text-sm">Triage Panel Pending</div><div class="rounded-xl border border-[hsl(var(--border))] bg-[hsl(var(--card))] text-[hsl(var(--card-foreground))] shadow-sm transition-all duration-200 card-lift"><div class="flex flex-col space-y-1.5 p-6"><h3 class="text-2xl font-semibold leading-none tracking-tight">Internal Notes</h3></div><div class="p-6 pt-0"><p class="text-xs text-muted-foreground">Private agent notes feature coming soon.</p></div></div></div></div></main></div><script id="_R_">self.__next_r="y6wnWho0s_0wNt9y6Is2j"</script><script src="/_next/static/chunks/webpack.js?v=1765921587065" async=""></script><script>(self.__next_f=self.__next_f||[]).push([0])</script><script>self.__next_f.push([1,"5:I[\"(app-pages-browser)/../../node_modules/.pnpm/next@16.0.10_@babel+core@7.28.5_@playwright+test@1.57.0_react-dom@19.2.3_react@19.2.3__react@19.2.3/node_modules/next/dist/next-devtools/userspace/app/segment-explorer-node.js\",[\"app-pages-internals\",\"static/chunks/app-pages-internals.js\"],\"SegmentViewNode\"]\n7:\"$Sreact.fragment\"\n15:I[\"(app-pages-browser)/../../node_modules/.pnpm/next@16.0.10_@babel+core@7.28.5_@playwright+test@1.57.0_react-dom@19.2.3_react@19.2.3__react@19.2.3/node_modules/next/dist/client/components/layout-router.js\",[\"app-pages-internals\",\"static/chunks/app-pages-internals.js\"],\"\"]\n17:I[\"(app-pages-browser)/../../node_modules/.pnpm/next@16.0.10_@babel+core@7.28.5_@playwright+test@1.57.0_react-dom@19.2.3_react@19.2.3__react@19.2.3/node_modules/next/dist/client/components/render-from-template-context.js\",[\"app-pages-internals\",\"static/chunks/app-pages-internals.js\"],\"\"]\n49:I[\"(app-pages-browser)/../../node_modules/.pnpm/next@16.0.10_@babel+core@7.28.5_@playwright+test@1.57.0_react-dom@19.2.3_react@19.2.3__react@19.2.3/node_modules/next/dist/lib/framework/boundary-components.js\",[\"app-pages-internals\",\"static/chunks/app-pages-internals.js\"],\"OutletBoundary\"]\n4b:\"$Sreact.suspense\"\n54:I[\"(app-pages-browser)/../../node_modules/.pnpm/next@16.0.10_@babel+core@7.28.5_@playwright+test@1.57.0_react-dom@19.2.3_react@19.2.3__react@19.2.3/node_modules/next/dist/lib/framework/boundary-components.js\",[\"app-pages-internals\",\"static/chunks/app-pages-internals.js\"],\"ViewportBoundary\"]\n5a:I[\"(app-pages-browser)/../../node_modules/.pnpm/next@16.0.10_@babel+core@7.28.5_@playwright+test@1.57.0_react-dom@19.2.3_react@19.2.3__react@19.2.3/node_modules/next/dist/lib/framework/boundary-components.js\",[\"app-pages-internals\",\"static/chunks/app-pages-internals.js\"],\"MetadataBoundary\"]\n5e:I[\"(app-pages-browser)/../../node_modules/.pnpm/next@16.0.10_@babel+core@7.28.5_@playwright+test@1.57.0_react-dom@19.2.3_react@19.2.3__react@19.2.3/node_modules/next/dist/client/components/builtin/global-error.js\",[\"app-pages-internals\",\"static/chunks/app-pages-internals.js\"],\"\"]\n61:I[\"(app-pages-browser)/./src/components/locale-html.tsx\",[\"app/[locale]/layout\",\"static/chunks/app/%5Blocale%5D/layout.js\"],\"LocaleHtmlUpdater\"]\n65:I[\"(app-pages-browser)/../../node_modules/.pnpm/next-intl@4.6.0_next@16.0.10_@babel+core@7.28.5_@playwright+test@1.57.0_react-dom@19.2._c22e94f9b2b0bf63fba8eb90ab2d7698/node_modules/next-intl/dist/esm/development/shared/NextIntlClientProvider.js\",[\"app/[locale]/page\",\"static/chunks/app/%5Blocale%5D/page.js\"],\"default\"]\n:HL[\"/_next/static/css/app/%5Blocale%5D/layout.css?v=1765921587065\",\"style\"]\n:N1765921587068.107\n3:\"$EObject.defineProperty(()=\u003e{ctx.componentMod.preloadStyle(fullHref,ctx.renderOpts.crossOrigin,ctx.nonce)},\\\"name\\\",{value:\\\"\\\"})\"\n2:{\"name\":\"Preloads\",\"key\":null,\"env\":\"Server\",\"stack\":[],\"props\":{\"preloadCallbacks\":[\"$3\"]}}\n4:[]\n6:[]\na:I[\"(app-pages-browser)/../../node_modules/.pnpm/next@16.0.10_@babel+core@7.28.5_@playwright+test@1.57.0_react-dom@19.2.3_react@19.2.3__react@19.2.3/node_modules/next/dist/client/components/layout-router.js\",[\"app-pages-internals\",\"static/chunks/app-pages-internals.js\"],\"\"]\nd:I[\"(app-pages-browser)/../../node_modules/.pnpm/next@16.0.10_@babel+core@7.28.5_@playwright+test@1.57.0_react-dom@19.2.3_react@19.2.3__react@19.2.3/node_modules/next/dist/client/components/render-from-template-context.js\",[\"app-pages-internals\",\"static/chunks/app-pages-internals.js\"],\"\"]\ne:{}\nf:[[\"Promise.all\",\"\",0,0,0,0,true]]\nc:{\"children\":[\"$\",\"$Ld\",null,\"$e\",null,\"$f\",1]}\n10:[[\"Promise.all\",\"\",0,0,0,0,true]]\nb:{\"parallelRouterKey\":\"children\",\"error\":\"$undefined\",\"errorStyles\":\"$undefined\",\"errorScripts\":\"$undefined\",\"template\":[\"$\",\"$7\",null,\"$c\",null,\"$10\",0],\"templateStyles\":\"$undefined\",\"templateScripts\":\"$undefined\",\"notFound\":\"$Y\",\"forbidden\":\"$undefined\",\"unauthorized\":\"$undefined\",\"segmentViewBoundaries\":\"$Y\"}\n11:[[\"Promise.all\",\"\",0,0,0,0,true]]\n9:{\"name\":\"RootLayout\",\"key\":null,\"env\":\"Server\",\"stack\":[],\"props\":{\"children\":[\"$\",\"$La\",null,\"$b\",null,\"$11\",1],\"params\":\"$Y\"}}\n12:[[\"RootLayout\",\"webp"])</script><script>self.__next_f.push([1,"ack-internal:///(rsc)/./src/app/layout.tsx\",12,87,11,1,false]]\n13:[[\"RootLayout\",\"webpack-internal:///(rsc)/./src/app/layout.tsx\",15,94,11,1,false]]\n14:[[\"Promise.all\",\"\",0,0,0,0,true]]\n16:[[\"Promise.all\",\"\",0,0,0,0,true]]\n18:[]\n1a:{\"name\":\"NotFound\",\"key\":null,\"env\":\"Server\",\"stack\":[],\"props\":{}}\n1b:{\"name\":\"HTTPAccessErrorFallback\",\"key\":null,\"env\":\"Server\",\"owner\":\"$1a\",\"stack\":[],\"props\":{\"status\":404,\"message\":\"This page could not be found.\"}}\n1c:[]\n1d:[]\n1e:[]\n1f:[]\n20:[]\n21:[]\n22:[]\n23:[[\"Promise.all\",\"\",0,0,0,0,true]]\n24:[[\"Promise.all\",\"\",0,0,0,0,true]]\n25:[[\"Promise.all\",\"\",0,0,0,0,true]]\n26:[[\"Promise.all\",\"\",0,0,0,0,true]]\n27:[[\"Array.map\",\"\",0,0,0,0,false],[\"Array.map\",\"\",0,0,0,0,false]]\n2c:{}\n2d:[[\"Promise.all\",\"\",0,0,0,0,true],[\"Promise.all\",\"\",0,0,0,0,true]]\n2b:{\"children\":[\"$\",\"$L17\",null,\"$2c\",null,\"$2d\",1]}\n2e:[[\"Promise.all\",\"\",0,0,0,0,true],[\"Promise.all\",\"\",0,0,0,0,true]]\n2a:{\"parallelRouterKey\":\"children\",\"error\":\"$undefined\",\"errorStyles\":\"$undefined\",\"errorScripts\":\"$undefined\",\"template\":[\"$\",\"$7\",null,\"$2b\",null,\"$2e\",0],\"templateStyles\":\"$undefined\",\"templateScripts\":\"$undefined\",\"notFound\":\"$undefined\",\"forbidden\":\"$undefined\",\"unauthorized\":\"$undefined\",\"segmentViewBoundaries\":\"$Y\"}\n2f:[[\"Promise.all\",\"\",0,0,0,0,true],[\"Promise.all\",\"\",0,0,0,0,true]]\n29:{\"name\":\"RootLayout\",\"key\":null,\"env\":\"Server\",\"stack\":[[\"Promise.all\",\"\",0,0,0,0,true]],\"props\":{\"children\":[\"$\",\"$L15\",null,\"$2a\",null,\"$2f\",1],\"params\":\"$Y\"}}\n30:[[\"Promise.all\",\"\",0,0,0,0,true],[\"Promise.all\",\"\",0,0,0,0,true]]\n31:[[\"Promise.all\",\"\",0,0,0,0,true],[\"Promise.all\",\"\",0,0,0,0,true]]\n36:{}\n37:[[\"Promise.all\",\"\",0,0,0,0,true],[\"Promise.all\",\"\",0,0,0,0,true],[\"Promise.all\",\"\",0,0,0,0,true]]\n35:{\"children\":[\"$\",\"$L17\",null,\"$36\",null,\"$37\",1]}\n38:[[\"Promise.all\",\"\",0,0,0,0,true],[\"Promise.all\",\"\",0,0,0,0,true],[\"Promise.all\",\"\",0,0,0,0,true]]\n34:{\"parallelRouterKey\":\"children\",\"error\":\"$undefined\",\"errorStyles\":\"$undefined\",\"errorScripts\":\"$undefined\",\"template\":[\"$\",\"$7\",null,\"$35\",null,\"$38\",0],\"templateStyles\":\"$undefined\",\"templateScripts\":\"$undefined\",\"notFound\":\"$undefined\",\"forbidden\":\"$undefined\",\"unauthorized\":\"$undefined\",\"segmentViewBoundaries\":\"$Y\"}\n39:[[\"Promise.all\",\"\",0,0,0,0,true],[\"Promise.all\",\"\",0,0,0,0,true],[\"Promise.all\",\"\",0,0,0,0,true]]\n33:{\"name\":\"AgentLayout\",\"key\":null,\"env\":\"Server\",\"stack\":[[\"Promise.all\",\"\",0,0,0,0,true],[\"Promise.all\",\"\",0,0,0,0,true]],\"props\":{\"children\":[\"$\",\"$L15\",null,\"$34\",null,\"$39\",1],\"params\":\"$Y\"}}\n3a:[[\"Promise.all\",\"\",0,0,0,0,true],[\"Promise.all\",\"\",0,0,0,0,true],[\"Promise.all\",\"\",0,0,0,0,true]]\n3b:[[\"Promise.all\",\"\",0,0,0,0,true],[\"Promise.all\",\"\",0,0,0,0,true],[\"Promise.all\",\"\",0,0,0,0,true]]\n3c:[[\"Promise.all\",\"\",0,0,0,0,true],[\"Promise.all\",\"\",0,0,0,0,true],[\"Promise.all\",\"\",0,0,0,0,true]]\n3d:[[\"Promise.all\",\"\",0,0,0,0,true],[\"Promise.all\",\"\",0,0,0,0,true],[\"Promise.all\",\"\",0,0,0,0,true]]\n3e:[[\"Promise.all\",\"\",0,0,0,0,true],[\"Promise.all\",\"\",0,0,0,0,true],[\"Promise.all\",\"\",0,0,0,0,true]]\n3f:[[\"Promise.all\",\"\",0,0,0,0,true],[\"Promise.all\",\"\",0,0,0,0,true],[\"Promise.all\",\"\",0,0,0,0,true]]\n40:[[\"Promise.all\",\"\",0,0,0,0,true],[\"Promise.all\",\"\",0,0,0,0,true],[\"Promise.all\",\"\",0,0,0,0,true]]\n41:[[\"Promise.all\",\"\",0,0,0,0,true],[\"Promise.all\",\"\",0,0,0,0,true],[\"Promise.all\",\"\",0,0,0,0,true]]\n43:{\"name\":\"AgentClaimsPage\",\"key\":null,\"env\":\"Server\",\"stack\":[[\"Promise.all\",\"\",0,0,0,0,true],[\"Promise.all\",\"\",0,0,0,0,true],[\"Promise.all\",\"\",0,0,0,0,true]],\"props\":{\"params\":\"$@44\",\"searchParams\":\"$@45\"}}\n47:{\"name\":\"Next.MetadataOutlet\",\"key\":null,\"env\":\"Server\",\"stack\":[[\"Promise.all\",\"\",0,0,0,0,true],[\"Promise.all\",\"\",0,0,0,0,true],[\"Promise.all\",\"\",0,0,0,0,true]],\"props\":{}}\n48:[]\n4a:[]\n4d:[]\n"])</script><script>self.__next_f.push([1,"50:\"$EObject.defineProperty(function(type,config,children){for(var propName,i=2;i\u003carguments.length;i++)validateChildKeys(arguments[i]);i={};var key=null;if(null!=config)for(propName in didWarnAboutOldJSXRuntime||!(\\\"__self\\\"in config)||\\\"key\\\"in config||(didWarnAboutOldJSXRuntime=!0,console.warn(\\\"Your app (or one of its dependencies) is using an outdated JSX transform. Update to the modern JSX transform for faster performance: https://react.dev/link/new-jsx-transform\\\")),hasValidKey(config)\u0026\u0026(checkKeyStringCoercion(config.key),key=\\\"\\\"+config.key),config)hasOwnProperty.call(config,propName)\u0026\u0026\\\"key\\\"!==propName\u0026\u0026\\\"__self\\\"!==propName\u0026\u0026\\\"__source\\\"!==propName\u0026\u0026(i[propName]=config[propName]);var childrenLength=arguments.length-2;if(1===childrenLength)i.children=children;else if(1\u003cchildrenLength){for(var childArray=Array(childrenLength),_i=0;_i\u003cchildrenLength;_i++)childArray[_i]=arguments[_i+2];Object.freeze\u0026\u0026Object.freeze(childArray),i.children=childArray}if(type\u0026\u0026type.defaultProps)for(propName in childrenLength=type.defaultProps)void 0===i[propName]\u0026\u0026(i[propName]=childrenLength[propName]);return key\u0026\u0026function(props,displayName){function warnAboutAccessingKey(){specialPropKeyWarningShown||(specialPropKeyWarningShown=!0,console.error(\\\"%s: `key` is not a prop. Trying to access it will result in `undefined` being returned. If you need to access the same value within the child component, you should pass it as a different prop. (https://react.dev/link/special-props)\\\",displayName))}warnAboutAccessingKey.isReactWarning=!0,Object.defineProperty(props,\\\"key\\\",{get:warnAboutAccessingKey,configurable:!0})}(i,\\\"function\\\"==typeof type?type.displayName||type.name||\\\"Unknown\\\":type),(propName=1e4\u003eReactSharedInternals.recentlyCreatedOwnerStacks++)?(childArray=Error.stackTraceLimit,Error.stackTraceLimit=10,childrenLength=Error(\\\"react-stack-top-frame\\\"),Error.stackTraceLimit=childArray):childrenLength=unknownOwnerDebugStack,ReactElement(type,key,i,getOwner(),childrenLength,propName?createTask(getTaskName(type)):unknownOwnerDebugTask)},\\\"name\\\",{value:\\\"\\\"})\"\n"])</script><script>self.__next_f.push([1,"4f:{\"name\":\"NonIndex\",\"key\":null,\"env\":\"Server\",\"stack\":[],\"props\":{\"createElement\":\"$50\",\"pagePath\":\"/[locale]/agent/claims\",\"statusCode\":200,\"isPossibleServerAction\":false}}\n52:{\"name\":\"Next.Viewport\",\"key\":null,\"env\":\"Server\",\"stack\":[],\"props\":{}}\n53:[]\n57:{\"name\":\"Next.Metadata\",\"key\":null,\"env\":\"Server\",\"stack\":[],\"props\":{}}\n58:[]\n59:[]\n5b:[]\n5f:[]\n44:{\"locale\":\"sq\"}\n45:\n60:[[\"RootLayout\",\"webpack-internal:///(rsc)/./src/app/[locale]/layout.tsx\",69,88,57,1,false]]\n"])</script><script>self.__next_f.push([1,"63:{\"name\":\"NextIntlClientProviderServer\",\"key\":null,\"env\":\"Server\",\"owner\":\"$29\",\"stack\":[[\"RootLayout\",\"webpack-internal:///(rsc)/./src/app/[locale]/layout.tsx\",76,88,57,1,false]],\"props\":{\"messages\":{\"metadata\":{\"title\":\"Interdomestik - Mbrojtja e Konsumatorit\",\"description\":\"Platforma #1 për mbrojtjen e konsumatorit dhe menaxhimin e ankesave në Ballkan\"},\"common\":{\"appName\":\"Interdomestik\",\"loading\":\"Duke u ngarkuar...\",\"save\":\"Ruaj\",\"cancel\":\"Anulo\",\"submit\":\"Dërgo\",\"delete\":\"Fshij\",\"edit\":\"Redakto\",\"view\":\"Shiko\",\"back\":\"Kthehu\",\"next\":\"Vazhdo\",\"previous\":\"Prapa\",\"search\":\"Kërko\",\"filter\":\"Filtro\",\"all\":\"Të gjitha\",\"none\":\"Asnjë\",\"yes\":\"Po\",\"no\":\"Jo\",\"or\":\"ose\",\"and\":\"dhe\"},\"nav\":{\"home\":\"Ballina\",\"dashboard\":\"Paneli\",\"claims\":\"Ankesat\",\"newClaim\":\"Ankesë e Re\",\"documents\":\"Dokumentet\",\"messages\":\"Mesazhet\",\"settings\":\"Cilësimet\",\"profile\":\"Profili\",\"logout\":\"Dil\",\"login\":\"Hyr\",\"register\":\"Regjistrohu\",\"pricing\":\"Çmimet\",\"about\":\"Rreth Nesh\",\"contact\":\"Kontakti\",\"help\":\"Ndihmë\"},\"hero\":{\"badge\":\"Asistenti Juaj i Besuar\",\"title\":\"Filloni Ankesën Tuaj në Minuta\",\"subtitle\":\"Ne jemi ndërmjetës dëmesh (jo shërbim emergjent). Trajtojmë ankesat me profesionalizëm — nga kontakti i parë deri në pagesën finale. Aksidente automjetesh, dëme prone, lëndime personale, dhe më shumë.\",\"cta\":\"Filloni Ankesën\",\"callNow\":\"Na Telefononi Tani\",\"whatsappCta\":\"Chat në WhatsApp\",\"secondaryCta\":\"Shikoni Çmimet\",\"trustedBy\":\"Besuar nga qytetarë në të gjithë Ballkanin\",\"responseTime\":\"Përgjigje brenda \u003c24h\",\"noWinNoFee\":\"Pa Fitim, Pa Pagesë\",\"rating\":\"4.9★ Vlerësim\",\"claimAdjuster\":\"Ndërmjetës dëmesh (jo shërbim emergjent)\",\"ctaTitle\":\"Gati për të Marrë Kompensimin Tuaj?\",\"ctaSubtitle\":\"Bashkohuni me mijëra klientë të kënaqur që na besuan me ankesat e tyre. Filloni sot dhe na lini të luftojmë për të drejtat tuaja.\"},\"features\":{\"title\":\"Gjithçka që ju nevojitet për të mbrojtur të drejtat tuaja\",\"claimManagement\":{\"title\":\"Menaxhimi i Ankesave\",\"description\":\"Krijoni dhe ndiqni ankesat tuaja nga fillimi deri në përfundim me statusin në kohë reale.\"},\"professionalSupport\":\"$Y\",\"documentManagement\":\"$Y\",\"messaging\":\"$Y\"},\"pricing\":\"$Y\",\"auth\":\"$Y\",\"claims\":\"$Y\",\"dashboard\":\"$Y\",\"footer\":\"$Y\",\"services\":\"$Y\",\"servicesPage\":\"$Y\",\"evidence\":\"$Y\",\"settings\":\"$Y\",\"trust\":\"$Y\",\"timeline\":\"$Y\",\"claimCategories\":\"$Y\",\"howItWorks\":\"$Y\"},\"locale\":\"sq\",\"children\":\"$29:props:children\"}}\n"])</script><script>self.__next_f.push([1,"64:[]\n67:[[\"Promise.all\",\"\",0,0,0,0,true],[\"Promise.all\",\"\",0,0,0,0,true]]\n68:[[\"Promise.all\",\"\",0,0,0,0,true],[\"Promise.all\",\"\",0,0,0,0,true]]\n69:[]\n6a:[]\n6b:[]\n6c:[]\n6d:[[\"Array.map\",\"\",0,0,0,0,false]]\n6e:[]\n6f:[]\n70:[]\n71:[]\n72:[]\n73:[]\n74:[]\n75:[]\n76:[]\n1:D{\"time\":0.15987499999755528}\n1:D\"$2\"\n1:D{\"time\":0.2574580000000424}\n1:null\n8:D{\"time\":0.4326660000006086}\n8:D\"$9\"\n8:D{\"time\":0.5274160000008123}\n19:D{\"time\":0.6074159999989206}\n19:D\"$1a\"\n19:D{\"time\":0.6539579999989655}\n19:D\"$1b\"\n19:D{\"time\":0.7504999999982829}\n19:[[\"$\",\"title\",null,{\"children\":\"404: This page could not be found.\"},\"$1b\",\"$1c\",1],[\"$\",\"div\",null,{\"style\":{\"fontFamily\":\"system-ui,\\\"Segoe UI\\\",Roboto,Helvetica,Arial,sans-serif,\\\"Apple Color Emoji\\\",\\\"Segoe UI Emoji\\\"\",\"height\":\"100vh\",\"textAlign\":\"center\",\"display\":\"flex\",\"flexDirection\":\"column\",\"alignItems\":\"center\",\"justifyContent\":\"center\"},\"children\":[\"$\",\"div\",null,{\"children\":[[\"$\",\"style\",null,{\"dangerouslySetInnerHTML\":{\"__html\":\"body{color:#000;background:#fff;margin:0}.next-error-h1{border-right:1px solid rgba(0,0,0,.3)}@media (prefers-color-scheme:dark){body{color:#fff;background:#000}.next-error-h1{border-right:1px solid rgba(255,255,255,.3)}}\"}},\"$1b\",\"$1f\",1],[\"$\",\"h1\",null,{\"className\":\"next-error-h1\",\"style\":{\"display\":\"inline-block\",\"margin\":\"0 20px 0 0\",\"padding\":\"0 23px 0 0\",\"fontSize\":24,\"fontWeight\":500,\"verticalAlign\":\"top\",\"lineHeight\":\"49px\"},\"children\":404},\"$1b\",\"$20\",1],[\"$\",\"div\",null,{\"style\":{\"display\":\"inline-block\"},\"children\":[\"$\",\"h2\",null,{\"style\":{\"fontSize\":14,\"fontWeight\":400,\"lineHeight\":\"49px\",\"margin\":0},\"children\":\"This page could not be found.\"},\"$1b\",\"$22\",1]},\"$1b\",\"$21\",1]]},\"$1b\",\"$1e\",1]},\"$1b\",\"$1d\",1]]\n8:[\"$\",\"html\",null,{\"lang\":\"sq\",\"suppressHydrationWarning\":true,\"children\":[\"$\",\"body\",null,{\"className\":\"antialiased\",\"suppressHydrationWarning\":true,\"children\":[\"$\",\"$L15\",null,{\"parallelRouterKey\":\"children\",\"error\":\"$undefined\",\"errorStyles\":\"$undefined\",\"errorScripts\":\"$undefined\",\"template\":[\"$\",\"$L17\",null,{},null,\"$16\",1],\"templateStyles\":\"$undefined\",\"templateScripts\":\"$undefined\",\"notFound\":[\"$\",\"$L5\",\"c-not-found\",{\"type\":\"not-found\",\"pagePath\":\"__next_builtin__not-found.js\",\"children\":[\"$19\",[]]},null,\"$18\",0],\"forbidden\":\"$undefined\",\"unauthorized\":\"$undefined\",\"segmentViewBoundaries\":[[\"$\",\"$L5\",null,{\"type\":\"boundary:not-found\",\"pagePath\":\"__next_builtin__not-found.js@boundary\"},null,\"$23\",1],\"$undefined\",\"$undefined\",[\"$\",\"$L5\",null,{\"type\":\"boundary:global-error\",\"pagePath\":\"__next_builtin__global-error.js\"},null,\"$24\",1]]},null,\"$14\",1]},\"$9\",\"$13\",1]},\"$9\",\"$12\",1]\n28:D{\"time\":1.0363330000000133}\n28:D\"$29\"\n32:D{\"time\":1.2922079999989364}\n32:D\"$33\"\n42:D{\"time\":1.833875000000262}\n42:D\"$43\"\n46:D{\"time\":2.2572499999987485}\n46:D\"$47\"\n46:D{\"time\":2.8943749999998545}\n46:[\"$\",\"$L49\",null,{\"children\":[\"$\",\"$4b\",null,{\"name\":\"Next.MetadataOutlet\",\"children\":\"$@4c\"},\"$47\",\"$4a\",1]},\"$47\",\"$48\",1]\n4e:D{\"time\":3.0342909999999392}\n4e:D\"$4f\"\n4e:D{\"time\":3.0412499999983993}\n4e:null\n51:D{\"time\":3.0604160000002594}\n51:D\"$52\"\n51:D{\"time\":3.097874999999476}\n51:[\"$\",\"$L54\",null,{\"children\":\"$@55\"},\"$52\",\"$53\",1]\n56:D{\"time\":3.182749999999942}\n56:D\"$57\"\n56:D{\"time\":3.2294159999983094}\n56:[\"$\",\"div\",null,{\"hidden\":true,\"children\":[\"$\",\"$L5a\",null,{\"children\":[\"$\",\"$4b\",null,{\"name\":\"Next.Metadata\",\"children\":\"$@5c\"},\"$57\",\"$5b\",1]},\"$57\",\"$59\",1]},\"$57\",\"$58\",1]\n5d:[]\n"])</script><script>self.__next_f.push([1,"0:{\"P\":\"$1\",\"b\":\"development\",\"c\":[\"\",\"sq\",\"agent\",\"claims\"],\"q\":\"\",\"i\":false,\"f\":[[[\"\",{\"children\":[[\"locale\",\"sq\",\"d\"],{\"children\":[\"(agent)\",{\"children\":[\"agent\",{\"children\":[\"claims\",{\"children\":[\"__PAGE__\",{}]}]}]}]}]},\"$undefined\",\"$undefined\",true],[[\"$\",\"$L5\",\"layout\",{\"type\":\"layout\",\"pagePath\":\"layout.tsx\",\"children\":[\"$\",\"$7\",\"c\",{\"children\":[null,\"$8\"]},null,\"$6\",1]},null,\"$4\",0],{\"children\":[[\"$\",\"$L5\",\"layout\",{\"type\":\"layout\",\"pagePath\":\"[locale]/layout.tsx\",\"children\":[\"$\",\"$7\",\"c\",{\"children\":[[[\"$\",\"link\",\"0\",{\"rel\":\"stylesheet\",\"href\":\"/_next/static/css/app/%5Blocale%5D/layout.css?v=1765921587065\",\"precedence\":\"next_static/css/app/[locale]/layout.css\",\"crossOrigin\":\"$undefined\",\"nonce\":\"$undefined\"},null,\"$27\",0]],\"$L28\"]},null,\"$26\",1]},null,\"$25\",0],{\"children\":[[\"$\",\"$L5\",\"layout\",{\"type\":\"layout\",\"pagePath\":\"[locale]/(agent)/layout.tsx\",\"children\":[\"$\",\"$7\",\"c\",{\"children\":[null,\"$L32\"]},null,\"$31\",1]},null,\"$30\",0],{\"children\":[[\"$\",\"$7\",\"c\",{\"children\":[null,[\"$\",\"$L15\",null,{\"parallelRouterKey\":\"children\",\"error\":\"$undefined\",\"errorStyles\":\"$undefined\",\"errorScripts\":\"$undefined\",\"template\":[\"$\",\"$L17\",null,{},null,\"$3c\",1],\"templateStyles\":\"$undefined\",\"templateScripts\":\"$undefined\",\"notFound\":\"$undefined\",\"forbidden\":\"$undefined\",\"unauthorized\":\"$undefined\",\"segmentViewBoundaries\":[\"$undefined\",\"$undefined\",\"$undefined\",\"$undefined\"]},null,\"$3b\",1]]},null,\"$3a\",0],{\"children\":[[\"$\",\"$7\",\"c\",{\"children\":[null,[\"$\",\"$L15\",null,{\"parallelRouterKey\":\"children\",\"error\":\"$undefined\",\"errorStyles\":\"$undefined\",\"errorScripts\":\"$undefined\",\"template\":[\"$\",\"$L17\",null,{},null,\"$3f\",1],\"templateStyles\":\"$undefined\",\"templateScripts\":\"$undefined\",\"notFound\":\"$undefined\",\"forbidden\":\"$undefined\",\"unauthorized\":\"$undefined\",\"segmentViewBoundaries\":[\"$undefined\",\"$undefined\",\"$undefined\",\"$undefined\"]},null,\"$3e\",1]]},null,\"$3d\",0],{\"children\":[[\"$\",\"$7\",\"c\",{\"children\":[[\"$\",\"$L5\",\"c-page\",{\"type\":\"page\",\"pagePath\":\"[locale]/(agent)/agent/claims/page.tsx\",\"children\":\"$L42\"},null,\"$41\",1],null,\"$46\"]},null,\"$40\",0],{},null,false,false]},null,false,false]},null,false,false]},null,false,false]},null,false,false]},null,false,false],[\"$\",\"$7\",\"h\",{\"children\":[\"$4e\",\"$51\",\"$56\",null]},null,\"$4d\",0],false]],\"m\":\"$W5d\",\"G\":[\"$5e\",[\"$\",\"$L5\",\"ge-svn\",{\"type\":\"global-error\",\"pagePath\":\"__next_builtin__global-error.js\",\"children\":[]},null,\"$5f\",0]],\"S\":false}\n"])</script><script>self.__next_f.push([1,"28:D{\"time\":5.177583000000595}\n62:D{\"time\":5.248332999999548}\n62:D\"$63\"\n28:[[\"$\",\"$L61\",null,{\"locale\":\"sq\"},\"$29\",\"$60\",1],\"$L62\"]\n62:D{\"time\":6.099582999999257}\n"])</script><script>self.__next_f.push([1,"62:[\"$\",\"$L65\",null,{\"formats\":\"$undefined\",\"locale\":\"sq\",\"messages\":{\"metadata\":{\"title\":\"Interdomestik - Mbrojtja e Konsumatorit\",\"description\":\"Platforma #1 për mbrojtjen e konsumatorit dhe menaxhimin e ankesave në Ballkan\"},\"common\":{\"appName\":\"Interdomestik\",\"loading\":\"Duke u ngarkuar...\",\"save\":\"Ruaj\",\"cancel\":\"Anulo\",\"submit\":\"Dërgo\",\"delete\":\"Fshij\",\"edit\":\"Redakto\",\"view\":\"Shiko\",\"back\":\"Kthehu\",\"next\":\"Vazhdo\",\"previous\":\"Prapa\",\"search\":\"Kërko\",\"filter\":\"Filtro\",\"all\":\"Të gjitha\",\"none\":\"Asnjë\",\"yes\":\"Po\",\"no\":\"Jo\",\"or\":\"ose\",\"and\":\"dhe\"},\"nav\":{\"home\":\"Ballina\",\"dashboard\":\"Paneli\",\"claims\":\"Ankesat\",\"newClaim\":\"Ankesë e Re\",\"documents\":\"Dokumentet\",\"messages\":\"Mesazhet\",\"settings\":\"Cilësimet\",\"profile\":\"Profili\",\"logout\":\"Dil\",\"login\":\"Hyr\",\"register\":\"Regjistrohu\",\"pricing\":\"Çmimet\",\"about\":\"Rreth Nesh\",\"contact\":\"Kontakti\",\"help\":\"Ndihmë\"},\"hero\":{\"badge\":\"Asistenti Juaj i Besuar\",\"title\":\"Filloni Ankesën Tuaj në Minuta\",\"subtitle\":\"Ne jemi ndërmjetës dëmesh (jo shërbim emergjent). Trajtojmë ankesat me profesionalizëm — nga kontakti i parë deri në pagesën finale. Aksidente automjetesh, dëme prone, lëndime personale, dhe më shumë.\",\"cta\":\"Filloni Ankesën\",\"callNow\":\"Na Telefononi Tani\",\"whatsappCta\":\"Chat në WhatsApp\",\"secondaryCta\":\"Shikoni Çmimet\",\"trustedBy\":\"Besuar nga qytetarë në të gjithë Ballkanin\",\"responseTime\":\"Përgjigje brenda \u003c24h\",\"noWinNoFee\":\"Pa Fitim, Pa Pagesë\",\"rating\":\"4.9★ Vlerësim\",\"claimAdjuster\":\"Ndërmjetës dëmesh (jo shërbim emergjent)\",\"ctaTitle\":\"Gati për të Marrë Kompensimin Tuaj?\",\"ctaSubtitle\":\"Bashkohuni me mijëra klientë të kënaqur që na besuan me ankesat e tyre. Filloni sot dhe na lini të luftojmë për të drejtat tuaja.\"},\"features\":{\"title\":\"Gjithçka që ju nevojitet për të mbrojtur të drejtat tuaja\",\"claimManagement\":{\"title\":\"Menaxhimi i Ankesave\",\"description\":\"Krijoni dhe ndiqni ankesat tuaja nga fillimi deri në përfundim me statusin në kohë reale.\"},\"professionalSupport\":{\"title\":\"Mbështetje Profesionale\",\"description\":\"Agjentët tanë ekspertë do t'ju ndihmojnë në çdo hap të procesit.\"},\"documentManagement\":{\"title\":\"Menaxhimi i Dokumenteve\",\"description\":\"Ngarkoni dhe organizoni të gjitha dokumentet tuaja në një vend të sigurt.\"},\"messaging\":{\"title\":\"Komunikim i Sigurt\",\"description\":\"Komunikoni me agjentët dhe ndiqni të gjitha bisedat në një vend.\"}},\"pricing\":{\"title\":\"Çmime të Përballueshme\",\"subtitle\":\"Zgjidhni planin që i përshtatet nevojave tuaja\",\"monthly\":\"Mujore\",\"yearly\":\"Vjetore\",\"basic\":{\"name\":\"Bazik\",\"price\":\"€5\",\"period\":\"/muaj\",\"description\":\"Për përdorim personal të rastësishëm\",\"features\":[\"3 ankesa në vit\",\"Mbështetje me email\",\"Ngarkim dokumentesh\",\"Ndjekje e statusit\"]},\"standard\":{\"name\":\"Standard\",\"price\":\"€10\",\"period\":\"/muaj\",\"description\":\"Për përdorim të rregullt\",\"features\":[\"10 ankesa në vit\",\"Mbështetje prioritare\",\"Chat i drejtpërdrejtë\",\"Ndjekje e avancuar\"],\"popular\":\"Më Popullorja\"},\"premium\":{\"name\":\"Premium\",\"price\":\"€15\",\"period\":\"/muaj\",\"description\":\"Për mbrojtje të plotë\",\"features\":[\"Ankesa të pakufizuara\",\"Mbështetje VIP\",\"Thirrje telefonike\",\"Nënshkrim elektronik\",\"Përfaqësim ligjor\"]},\"cta\":\"Zgjidh Planin\"},\"auth\":{\"login\":{\"title\":\"Mirësevini Përsëri\",\"subtitle\":\"Hyni në llogarinë tuaj për të vazhduar\",\"email\":\"Adresa e Email-it\",\"password\":\"Fjalëkalimi\",\"rememberMe\":\"Më mbaj në mend\",\"forgotPassword\":\"Keni harruar fjalëkalimin?\",\"submit\":\"Hyr\",\"noAccount\":\"Nuk keni llogari?\",\"registerLink\":\"Regjistrohuni tani\"},\"register\":{\"title\":\"Krijoni Llogari\",\"subtitle\":\"Filloni të mbroni të drejtat tuaja sot\",\"fullName\":\"Emri i Plotë\",\"email\":\"Adresa e Email-it\",\"password\":\"Fjalëkalimi\",\"confirmPassword\":\"Konfirmoni Fjalëkalimin\",\"terms\":\"Pranoj Kushtet e Shërbimit dhe Politikën e Privatësisë\",\"submit\":\"Regjistrohu\",\"hasAccount\":\"Keni tashmë llogari?\",\"loginLink\":\"Hyni këtu\"}},\"claims\":{\"title\":\"Ankesat e Mia\",\"new\":\"Ankesë e Re\",\"empty\":{\"title\":\"Nuk keni ankesa ende\",\"description\":\"Filloni duke krijuar ankesën tuaj të parë\"},\"status\":{\"draft\":\"Draft\",\"submitted\":\"Dorëzuar\",\"assigned\":\"Caktuar\",\"investigating\":\"Në Hetim\",\"contacting\":\"Duke Kontaktuar\",\"negotiating\":\"Në Negociata\",\"mediation\":\"Ndërmjetësim\",\"resolved\":\"Zgjidhur\",\"closed\":\"Mbyllur\"},\"category\":{\"consumer\":\"Konsumator\",\"housing\":\"Strehim\",\"insurance\":\"Sigurim\",\"employment\":\"Punësim\",\"contracts\":\"Kontrata\",\"utilities\":\"Shërbime Komunale\"},\"priority\":{\"low\":\"I Ulët\",\"normal\":\"Normal\",\"high\":\"I Lartë\",\"urgent\":\"Urgjent\"},\"wizard\":{\"step1\":\"Kategoria\",\"step2\":\"Detajet\",\"step3\":\"Dokumentet\",\"step4\":\"Përfundimi\"}},\"dashboard\":{\"welcome\":\"Mirësevini, {name}!\",\"overview\":\"Përmbledhje\",\"activeClaims\":\"Ankesa Aktive\",\"resolvedClaims\":\"Ankesa të Zgjidhura\",\"pendingActions\":\"Veprime në Pritje\",\"recentActivity\":\"Aktiviteti i Fundit\",\"quickActions\":\"Veprime të Shpejta\"},\"footer\":{\"description\":\"Platforma #1 për mbrojtjen e konsumatorit në Ballkan. Ndihmojmë qytetarët të zgjidhin mosmarrëveshjet me kompani dhe institucione.\",\"company\":\"Kompania\",\"about\":\"Rreth Nesh\",\"careers\":\"Karriera\",\"press\":\"Shtypi\",\"legal\":\"Ligjore\",\"privacy\":\"Privatësia\",\"terms\":\"Kushtet\",\"cookies\":\"Cookies\",\"support\":\"Mbështetje\",\"help\":\"Qendra e Ndihmës\",\"contact\":\"Na Kontaktoni\",\"faq\":\"FAQ\",\"social\":\"Na Ndiqni\",\"hours\":\"Orari: {hours}\",\"copyright\":\"© {year} Interdomestik. Të gjitha të drejtat e rezervuara.\",\"disclaimer\":\"Shërbim i asistencës për ankesa. Nuk jemi zyrë avokatie. Nuk jemi shërbime emergjente.\"},\"services\":{\"speed\":{\"title\":\"Garancia e Shpejtësisë\",\"desc\":\"Ne shqyrtojmë të gjitha ankesat e reja brenda \u003cbold\u003e24 orëve të punës\u003c/bold\u003e. Nuk do të mbeteni duke pritur.\"},\"safety\":{\"title\":\"Pa fitim, pa pagesë\",\"desc\":\"Nuk paguani asgjë paraprakisht. Tarifa jonë e shërbimit zbritet vetëm nga kompensimi përfundimtar.\"}},\"servicesPage\":{\"badge\":\"Eksperienca Prime e Ankesave\",\"title\":\"Shihni çfarë zgjidhim dhe si punojmë\",\"subtitle\":\"Aksidente automjetesh, dëme prone, probleme shërbimesh, mosmarrëveshje punësimi/konsumatori — ekspertë lokalë në shqip/anglisht, përgjigje e shpejtë dhe ruajtje e sigurt e provave.\",\"startClaim\":\"Fillo ankesën\",\"whatsapp\":\"Chat në WhatsApp\",\"whatWeSolve\":\"Çfarë zgjidhim\",\"casesTitle\":\"Rastet kryesore që trajtojmë\",\"casesSubtitle\":\"Zgjidh kategorinë; ne të udhëzojmë me provat e sakta dhe hapat në vijim.\",\"cases\":[{\"title\":\"Automjete \u0026 Trafik\",\"description\":\"Përplasje, dëme nga palë të treta, goditje-dhe-ikje, mosmarrëveshje me qira.\"},{\"title\":\"Prona \u0026 Banesa\",\"description\":\"Zjarri/përmbytje/vjedhje, mosmarrëveshje me qiradhënësit, garancia e depozitës.\"},{\"title\":\"Shërbime \u0026 Komunale\",\"description\":\"Fatura ISP/telekom, ndërprerje, cilësia e shërbimit apo kontraktorëve.\"},{\"title\":\"Punësim \u0026 Konsumator\",\"description\":\"Pagat e papaguara, çështje kontrate, mallra me defekt, rimbursime/kthime.\"}],\"flightDelay\":{\"title\":\"Vonesa Fluturimi (EU261)\",\"description\":\"E drejtë deri në €600 kompensim për vonesa/anulime.\",\"cta\":\"Fillo ankesën e fluturimit\"},\"howItWorks\":\"Si funksionon\",\"stepsTitle\":\"Shpejtësi \u0026 siguri në katër hapa\",\"steps\":[{\"title\":\"Tregona bazat\",\"description\":\"Zgjidh kategorinë dhe shto detajet e shpejta.\"},{\"title\":\"Shto prova\",\"description\":\"Ngarko foto/fatura; ne kontrollojmë mime/masë dhe i etikojmë si PII.\"},{\"title\":\"Rishikim nën 24h\",\"description\":\"Sheh statusin + badge SLA në timeline.\"},{\"title\":\"Ne negociojmë për ty\",\"description\":\"Merr përditësime dhe rezultate në aplikacion.\"}],\"benefits\":\"Pse të na besoni\",\"benefitsTitle\":\"Shpejtësi, siguri, mbështetje\",\"benefit\":{\"speed\":{\"title\":\"Përgjigje e shpejtë\",\"description\":\"Rishikim nën 24h për ankesat e reja; SLA e dukshme në timeline.\"},\"safety\":{\"title\":\"Ngarkime të sigurta\",\"description\":\"URL të nënshkruara, kontroll mime/masash, ruajtje me shenjë PII, njoftim privatësie në rishikim.\"},\"people\":{\"title\":\"Ekspertë vendorë\",\"description\":\"Ndërmjetës dëmesh nga Ballkani me mbështetje shqip/anglisht dhe opsione kontakti të qarta.\"}},\"faqTitle\":\"Pyetje të shpeshta\",\"faq\":[{\"question\":\"A duhet patjetër provë për të nisur?\",\"answer\":\"Mund të dërgoni pa prova, por rezultati është më i shpejtë me fatura/foto. Shtoji tani ose më vonë.\"},{\"question\":\"Sa shpejt përgjigjeni?\",\"answer\":\"Synojmë nën 24h për ankesat e reja. SLA shfaqet në timeline.\"},{\"question\":\"A janë të sigurta të dhënat e mia?\",\"answer\":\"Po. URL të nënshkruara, kontrolle mime/masash, ruajtje me shenjë PII dhe njoftim privatësie në rishikim.\"},{\"question\":\"A ofroni pa fitim, pa pagesë?\",\"answer\":\"Kur është e zbatueshme dhe në përputhje. Shih hero/footer dhe çmimet për ofertat aktuale.\"}],\"contactTitle\":\"Preferoni të flisni?\",\"contactSubtitle\":\"Telefononi ose shkruani në WhatsApp, ose nisni ankesën online dhe ne ju kontaktojmë.\"},\"evidence\":{\"tooltip\":\"Dëshmia e qartë rrit mundësinë tuaj për sukses me 40%. Përfshini çdo raport policie ose faturë mjekësore.\",\"promptTitle\":\"Shto këto për përgjigje më të shpejtë\",\"promptDescription\":\"Zgjidh disa nga këto dokumente për ta nisur shpejt.\",\"prompts\":{\"flight_delay\":[\"Bileta ose boarding pass\",\"Njoftimi i vonesës/anulimit nga linja\",\"Fatura për ushqim/hotel/transport\"],\"damaged_goods\":[\"Foto të dëmit\",\"Faturë ose kupon blerjeje\",\"Vlerësim ose preventiv riparimi\"],\"service_issue\":[\"Kontratë ose faturë\",\"Screenshote bisedash/email\",\"Fatura ose njoftim anulimi\"],\"travel\":[\"Itinerari dhe biletat\",\"Foto/video të incidentit\",\"Fatura për shpenzime\"],\"default\":[\"Foto ose screenshote\",\"Fatura/kupona\",\"Çdo korrespondencë zyrtare\"]},\"validation\":{\"mime\":\"Lejohen vetëm PDF, JPG ose PNG.\",\"size\":\"Skedarët duhet të jenë 10MB ose më pak.\",\"prepare\":\"Dështoi përgatitja e ngarkimit. Provo sërish.\",\"upload\":\"Ngarkimi dështoi. Provo sërish.\"},\"emptyWarning\":{\"title\":\"Mund të dërgoni pa dëshmi\",\"body\":\"Por ankesa lëviz më shpejt me fatura apo foto. Shtoji tani ose më vonë.\"},\"privacyBadgeTitle\":\"Të dhënat tuaja mbeten private\",\"privacyBadge\":\"Skedarë me shenjë PII, URL të nënshkruara, të enkriptuara në transit.\",\"slaTitle\":\"SLA e përgjigjes\",\"slaCopy\":\"Përgjigjemi brenda 24h për kërkesat e reja.\",\"consent\":\"Duke dërguar, pranoni Kushtet e Shërbimit dhe Politikën e Privatësisë.\"},\"settings\":{\"title\":\"Cilësimet\",\"description\":\"Menaxhoni cilësimet e llogarisë dhe preferencat tuaja.\",\"profile\":{\"sectionTitle\":\"Informacioni i Profilit\",\"title\":\"Profili\",\"description\":\"Përditësoni informacionin tuaj personal.\"},\"security\":{\"sectionTitle\":\"Siguria\",\"title\":\"Ndrysho Fjalëkalimin\",\"description\":\"Siguroni llogarinë tuaj.\"},\"language\":{\"sectionTitle\":\"Gjuha \u0026 Rajoni\",\"title\":\"Gjuha\",\"description\":\"Zgjidhni gjuhën tuaj të preferuar për ndërfaqen.\",\"selectLabel\":\"Zgjidh Gjuhën\",\"selectPlaceholder\":\"Zgjidhni një gjuhë\",\"hint\":\"Kjo do të ndryshojë gjuhën në të gjithë aplikacionin.\"},\"notifications\":{\"sectionTitle\":\"Njoftimet\",\"title\":\"Preferencat e Njoftimeve\",\"description\":\"Zgjidhni si dëshironi të merrni përditësime.\",\"save\":\"Ruaj Preferencat\",\"saving\":\"Duke ruajtur...\",\"saved\":\"Preferencat u ruajtën\",\"savedDescription\":\"Preferencat tuaja të njoftimeve u përditësuan.\",\"email\":{\"title\":\"Njoftimet me Email\",\"claimUpdates\":\"Përditësimet e ankesave\",\"claimUpdatesHint\":\"Merrni njoftime me email kur ndryshon statusi i ankesës.\",\"newsletter\":\"Buletini\",\"newsletterHint\":\"Merrni këshilla dhe përditësime rreth të drejtave të konsumatorit.\",\"marketing\":\"Email promovuese\",\"marketingHint\":\"Merrni oferta speciale dhe promocione.\"},\"push\":{\"title\":\"Njoftimet Push\",\"claimUpdates\":\"Përditësimet e ankesave\",\"claimUpdatesHint\":\"Merrni njoftime të menjëhershme për përditësime të rëndësishme.\",\"messages\":\"Mesazhe të reja\",\"messagesHint\":\"Njoftohuni kur një agjent ju dërgon mesazh.\"},\"inApp\":{\"title\":\"Njoftimet në Aplikacion\",\"all\":\"Të gjitha njoftimet\",\"allHint\":\"Shfaq të gjitha njoftimet në qendrën e njoftimeve.\"}}},\"trust\":{\"claimsProcessed\":\"Ankesa të Përpunuara\",\"compensationWon\":\"Kompensim i Fituar\",\"successRate\":\"Shkalla e Suksesit\",\"responseTime\":\"Përgjigja e Parë\"},\"timeline\":{\"nextSla\":\"SLA tjetër: {target}\",\"atRisk\":\"Kërkon vëmendje\",\"updatedAt\":\"Përditësuar: {date}\"},\"claimCategories\":{\"title\":\"Me Çfarë Mund t'Ju Ndihmojmë?\",\"subtitle\":\"Zgjidhni llojin e ankesës tuaj për të filluar. Ekspertët tanë specializohen në çdo kategori.\",\"startClaim\":\"Filloni Ankesën\",\"vehicle\":{\"title\":\"Dëme Automjetesh\",\"description\":\"Aksidente makinash, dëme nga përplasjet, vjedhje dhe vandalizëm.\",\"examples\":\"p.sh., Aksidente trafiku, goditje-dhe-ikje, dëme parkimi\"},\"property\":{\"title\":\"Dëme Pronash\",\"description\":\"Ankesa për dëme në shtëpi, apartament dhe ndërtesa.\",\"examples\":\"p.sh., Dëme nga uji, zjarri, stuhia, vjedhja\"},\"injury\":{\"title\":\"Lëndime Personale\",\"description\":\"Shpenzime mjekësore, rehabilitim dhe kompensim për lëndimet.\",\"examples\":\"p.sh., Lëndime në punë, aksidente, keqpërdorim mjekësor\"},\"travel\":{\"title\":\"Udhëtime \u0026 Fluturime\",\"description\":\"Vonesa fluturimesh, anulime dhe bagazhe të humbura.\",\"examples\":\"p.sh., Kompensim EU261 deri në €600\"}},\"howItWorks\":{\"title\":\"Si Funksionon\",\"subtitle\":\"Proces i thjeshtë me 4 hapa për të marrë kompensimin tuaj\",\"step1\":{\"title\":\"Dorëzoni Ankesën\",\"description\":\"Plotësoni formularin tonë të thjeshtë me detajet e incidentit dhe ngarkoni dëshmitë.\"},\"step2\":{\"title\":\"Vlerësim Falas\",\"description\":\"Ekspertët tanë shqyrtojnë rastin tuaj brenda 24 orëve dhe vlerësojnë shanset tuaja.\"},\"step3\":{\"title\":\"Ne Meremi me Gjithçka\",\"description\":\"Negociojmë me siguruesit dhe palët e kundërta në emrin tuaj.\"},\"step4\":{\"title\":\"Merrni Kompensimin\",\"description\":\"Merrni pagesën tuaj. Ne ngarkojmë vetëm nëse fitoni — Pa Fitim, Pa Pagesë.\"}}},\"now\":\"$undefined\",\"timeZone\":\"Europe/Berlin\",\"children\":\"$L66\"},\"$63\",\"$64\",1]\n"])</script><script>self.__next_f.push([1,"66:D{\"time\":6.2601250000006985}\n66:[\"$\",\"$L15\",null,{\"parallelRouterKey\":\"children\",\"error\":\"$undefined\",\"errorStyles\":\"$undefined\",\"errorScripts\":\"$undefined\",\"template\":[\"$\",\"$L17\",null,{},null,\"$68\",1],\"templateStyles\":\"$undefined\",\"templateScripts\":\"$undefined\",\"notFound\":\"$undefined\",\"forbidden\":\"$undefined\",\"unauthorized\":\"$undefined\",\"segmentViewBoundaries\":[\"$undefined\",\"$undefined\",\"$undefined\",\"$undefined\"]},null,\"$67\",1]\n55:D{\"time\":6.639665999999124}\n55:[[\"$\",\"meta\",\"0\",{\"charSet\":\"utf-8\"},\"$47\",\"$69\",0],[\"$\",\"meta\",\"1\",{\"name\":\"viewport\",\"content\":\"width=device-width, initial-scale=1\"},\"$47\",\"$6a\",0]]\n5c:D{\"time\":7.126790999998775}\n5c:[[\"$\",\"title\",\"0\",{\"children\":\"Interdomestik - Mbrojtja e Konsumatorit\"},\"$47\",\"$6b\",0],[\"$\",\"meta\",\"1\",{\"name\":\"description\",\"content\":\"Platforma #1 për mbrojtjen e konsumatorit dhe menaxhimin e ankesave në Ballkan\"},\"$47\",\"$6c\",0],[\"$\",\"meta\",\"2\",{\"name\":\"author\",\"content\":\"Interdomestik\"},\"$47\",\"$6d\",0],[\"$\",\"meta\",\"3\",{\"name\":\"keywords\",\"content\":\"consumer protection,claims,disputes,balkans,kosovo,albania\"},\"$47\",\"$6e\",0],[\"$\",\"meta\",\"4\",{\"property\":\"og:title\",\"content\":\"Interdomestik - Mbrojtja e Konsumatorit\"},\"$47\",\"$6f\",0],[\"$\",\"meta\",\"5\",{\"property\":\"og:description\",\"content\":\"Platforma #1 për mbrojtjen e konsumatorit dhe menaxhimin e ankesave në Ballkan\"},\"$47\",\"$70\",0],[\"$\",\"meta\",\"6\",{\"property\":\"og:site_name\",\"content\":\"Interdomestik\"},\"$47\",\"$71\",0],[\"$\",\"meta\",\"7\",{\"property\":\"og:locale\",\"content\":\"sq_AL\"},\"$47\",\"$72\",0],[\"$\",\"meta\",\"8\",{\"property\":\"og:type\",\"content\":\"website\"},\"$47\",\"$73\",0],[\"$\",\"meta\",\"9\",{\"name\":\"twitter:card\",\"content\":\"summary\"},\"$47\",\"$74\",0],[\"$\",\"meta\",\"10\",{\"name\":\"twitter:title\",\"content\":\"Interdomestik - Mbrojtja e Konsumatorit\"},\"$47\",\"$75\",0],[\"$\",\"meta\",\"11\",{\"name\":\"twitter:description\",\"content\":\"Platforma #1 për mbrojtjen e konsumatorit dhe menaxhimin e ankesave në Ballkan\"},\"$47\",\"$76\",0]]\n4c:D{\"time\":7.233249999997497}\n4c:null\n"])</script><script>self.__next_f.push([1,"84:\"$Sreact.forward_ref\"\n88:\"$Sreact.forward_ref\"\nab:\"$Sreact.forward_ref\"\nd4:\"$Sreact.forward_ref\"\nd8:\"$Sreact.forward_ref\"\n78:[]\n77:J{\"name\":\"\",\"start\":-3731.2713750000003,\"end\":85.99420800000007,\"env\":\"Server\",\"stack\":\"$78\",\"value\":\"$@79\"}\n7a:[[\"AgentClaimsPage\",\"webpack-internal:///(rsc)/./src/app/[locale]/(agent)/agent/claims/page.tsx\",30,321,19,1,false]]\n79:\"$undefined\"\n7b:[[\"AgentClaimsPage\",\"webpack-internal:///(rsc)/./src/app/[locale]/(agent)/agent/claims/page.tsx\",31,87,19,1,false]]\n7c:[[\"AgentClaimsPage\",\"webpack-internal:///(rsc)/./src/app/[locale]/(agent)/agent/claims/page.tsx\",34,88,19,1,false]]\n7d:[[\"AgentClaimsPage\",\"webpack-internal:///(rsc)/./src/app/[locale]/(agent)/agent/claims/page.tsx\",36,102,19,1,false]]\n7e:[[\"AgentClaimsPage\",\"webpack-internal:///(rsc)/./src/app/[locale]/(agent)/agent/claims/page.tsx\",38,100,19,1,false]]\n7f:[[\"AgentClaimsPage\",\"webpack-internal:///(rsc)/./src/app/[locale]/(agent)/agent/claims/page.tsx\",46,100,19,1,false]]\n80:[[\"AgentClaimsPage\",\"webpack-internal:///(rsc)/./src/app/[locale]/(agent)/agent/claims/page.tsx\",65,88,19,1,false]]\n85:\"$EObject.defineProperty(({ className, ...props }, ref)=\u003e/*#__PURE__*/ (0,react_jsx_dev_runtime__WEBPACK_IMPORTED_MODULE_0__.jsxDEV)(\\\"thead\\\", {\\n        ref: ref,\\n        className: (0,_lib_utils__WEBPACK_IMPORTED_MODULE_2__.cn)('[\u0026_tr]:border-b', className),\\n        ...props\\n    }, void 0, false, {\\n        fileName: \\\"/Users/arbenlila/development/interdomestikv2/packages/ui/src/components/table.tsx\\\",\\n        lineNumber: 18,\\n        columnNumber: 3\\n    }, undefined),\\\"name\\\",{value:\\\"TableHeader\\\"})\"\n83:{\"$$typeof\":\"$84\",\"render\":\"$85\"}\n89:\"$EObject.defineProperty(({ className, ...props }, ref)=\u003e/*#__PURE__*/ (0,react_jsx_dev_runtime__WEBPACK_IMPORTED_MODULE_0__.jsxDEV)(\\\"tr\\\", {\\n        ref: ref,\\n        className: (0,_lib_utils__WEBPACK_IMPORTED_MODULE_2__.cn)('border-b transition-colors hover:bg-muted/50 data-[state=selected]:bg-muted', className),\\n        ...props\\n    }, void 0, false, {\\n        fileName: \\\"/Users/arbenlila/development/interdomestikv2/packages/ui/src/components/table.tsx\\\",\\n        lineNumber: 44,\\n        columnNumber: 5\\n    }, undefined),\\\"name\\\",{value:\\\"TableRow\\\"})\"\n87:{\"$$typeof\":\"$88\",\"render\":\"$89\"}\n8a:{\"children\":\"$Y\"}\n8b:[[\"AgentClaimsPage\",\"webpack-internal:///(rsc)/./src/app/[locale]/(agent)/agent/claims/page.tsx\",70,114,19,1,false]]\n86:{\"children\":[\"$\",\"$87\",null,\"$8a\",\"$43\",\"$8b\",1]}\n8c:[[\"AgentClaimsPage\",\"webpack-internal:///(rsc)/./src/app/[locale]/(agent)/agent/claims/page.tsx\",69,100,19,1,false]]\n82:{\"name\":\"Table\",\"key\":null,\"env\":\"Server\",\"owner\":\"$43\",\"stack\":[[\"AgentClaimsPage\",\"webpack-internal:///(rsc)/./src/app/[locale]/(agent)/agent/claims/page.tsx\",67,102,19,1,false]],\"props\":{\"children\":[[\"$\",\"$83\",null,\"$86\",\"$43\",\"$8c\",1],\"$Y\"]}}\n8d:[[\"Table\",\"webpack-internal:///(rsc)/../../packages/ui/src/components/table.tsx\",20,182,20,75,false]]\n8e:[[\"Table\",\"webpack-internal:///(rsc)/../../packages/ui/src/components/table.tsx\",22,94,20,75,false]]\n90:{\"name\":\"TableHeader\",\"key\":null,\"env\":\"Server\",\"owner\":\"$43\",\"stack\":[[\"AgentClaimsPage\",\"webpack-internal:///(rsc)/./src/app/[locale]/(agent)/agent/claims/page.tsx\",69,100,19,1,false]],\"props\":\"$86\"}\n91:[[\"TableHeader\",\"webpack-internal:///(rsc)/../../packages/ui/src/components/table.tsx\",37,188,37,81,false]]\n93:{\"name\":\"TableRow\",\"key\":null,\"env\":\"Server\",\"owner\":\"$43\",\"stack\":[[\"AgentClaimsPage\",\"webpack-internal:///(rsc)/./src/app/[locale]/(agent)/agent/claims/page.tsx\",70,114,19,1,false]],\"props\":\"$8a\"}\n94:[[\"TableRow\",\"webpack-internal:///(rsc)/../../packages/ui/src/components/table.tsx\",67,185,67,78,false]]\n96:{\"name\":\"TableHead\",\"key\":null,\"env\":\"Server\",\"owner\":\"$43\",\"stack\":[[\"AgentClaimsPage\",\"webpack-internal:///(rsc)/./src/app/[locale]/(agent)/agent/claims/page.tsx\",72,112,19,1,false]],\"props\":{\"children\":\"Claimant\"}}\n97:[[\"TableHead\",\"webpack-internal:///(rsc)/../../packages/ui/src/components/table.tsx\",77,186,77,79,false]]\n99:{\"name\":\"TableHead\",\"key\":null,\"env\":\"Server\",\"owner\":\"$43\",\"stack\":[[\"AgentClaimsPage\",\"webpack-inter"])</script><script>self.__next_f.push([1,"nal:///(rsc)/./src/app/[locale]/(agent)/agent/claims/page.tsx\",79,112,19,1,false]],\"props\":{\"children\":\"Claim\"}}\n9a:[[\"TableHead\",\"webpack-internal:///(rsc)/../../packages/ui/src/components/table.tsx\",77,186,77,79,false]]\n9c:{\"name\":\"TableHead\",\"key\":null,\"env\":\"Server\",\"owner\":\"$43\",\"stack\":[[\"AgentClaimsPage\",\"webpack-internal:///(rsc)/./src/app/[locale]/(agent)/agent/claims/page.tsx\",86,112,19,1,false]],\"props\":{\"children\":\"Status\"}}\n9d:[[\"TableHead\",\"webpack-internal:///(rsc)/../../packages/ui/src/components/table.tsx\",77,186,77,79,false]]\n9f:{\"name\":\"TableHead\",\"key\":null,\"env\":\"Server\",\"owner\":\"$43\",\"stack\":[[\"AgentClaimsPage\",\"webpack-internal:///(rsc)/./src/app/[locale]/(agent)/agent/claims/page.tsx\",93,112,19,1,false]],\"props\":{\"children\":\"Amount\"}}\na0:[[\"TableHead\",\"webpack-internal:///(rsc)/../../packages/ui/src/components/table.tsx\",77,186,77,79,false]]\na2:{\"name\":\"TableHead\",\"key\":null,\"env\":\"Server\",\"owner\":\"$43\",\"stack\":[[\"AgentClaimsPage\",\"webpack-internal:///(rsc)/./src/app/[locale]/(agent)/agent/claims/page.tsx\",100,112,19,1,false]],\"props\":{\"children\":\"Date\"}}\na3:[[\"TableHead\",\"webpack-internal:///(rsc)/../../packages/ui/src/components/table.tsx\",77,186,77,79,false]]\na5:{\"name\":\"TableHead\",\"key\":null,\"env\":\"Server\",\"owner\":\"$43\",\"stack\":[[\"AgentClaimsPage\",\"webpack-internal:///(rsc)/./src/app/[locale]/(agent)/agent/claims/page.tsx\",107,112,19,1,false]],\"props\":{\"className\":\"text-right\",\"children\":\"Actions\"}}\na6:[[\"TableHead\",\"webpack-internal:///(rsc)/../../packages/ui/src/components/table.tsx\",77,186,77,79,false]]\nac:\"$EObject.defineProperty(({ className, ...props }, ref)=\u003e/*#__PURE__*/ (0,react_jsx_dev_runtime__WEBPACK_IMPORTED_MODULE_0__.jsxDEV)(\\\"td\\\", {\\n        ref: ref,\\n        className: (0,_lib_utils__WEBPACK_IMPORTED_MODULE_2__.cn)('p-2 align-middle [\u0026:has([role=checkbox])]:pr-0', className),\\n        ...props\\n    }, void 0, false, {\\n        fileName: \\\"/Users/arbenlila/development/interdomestikv2/packages/ui/src/components/table.tsx\\\",\\n        lineNumber: 75,\\n        columnNumber: 3\\n    }, undefined),\\\"name\\\",{value:\\\"TableCell\\\"})\"\naa:{\"$$typeof\":\"$ab\",\"render\":\"$ac\"}\nad:{\"children\":\"$Y\"}\nae:[[\"eval\",\"webpack-internal:///(rsc)/./src/app/[locale]/(agent)/agent/claims/page.tsx\",130,120,128,47,false],[\"Array.map\",\"\",0,0,0,0,false],[\"AgentClaimsPage\",\"webpack-internal:///(rsc)/./src/app/[locale]/(agent)/agent/claims/page.tsx\",128,43,19,1,false]]\na9:{\"children\":[[\"$\",\"$aa\",null,\"$ad\",\"$43\",\"$ae\",1],\"$Y\",\"$Y\",\"$Y\",\"$Y\",\"$Y\"]}\naf:[[\"eval\",\"webpack-internal:///(rsc)/./src/app/[locale]/(agent)/agent/claims/page.tsx\",128,131,128,47,false],[\"Array.map\",\"\",0,0,0,0,false],[\"AgentClaimsPage\",\"webpack-internal:///(rsc)/./src/app/[locale]/(agent)/agent/claims/page.tsx\",128,43,19,1,false]]\na8:{\"name\":\"TableBody\",\"key\":null,\"env\":\"Server\",\"owner\":\"$43\",\"stack\":[[\"AgentClaimsPage\",\"webpack-internal:///(rsc)/./src/app/[locale]/(agent)/agent/claims/page.tsx\",126,100,19,1,false]],\"props\":{\"children\":[[[\"$\",\"$87\",\"eBRc7dIzwrjUh0KTUQsJ1\",\"$a9\",\"$43\",\"$af\",0],\"$Y\",\"$Y\",\"$Y\",\"$Y\",\"$Y\"],false]}}\nb0:[[\"TableBody\",\"webpack-internal:///(rsc)/../../packages/ui/src/components/table.tsx\",47,186,47,79,false]]\nb2:{\"name\":\"TableRow\",\"key\":\"eBRc7dIzwrjUh0KTUQsJ1\",\"env\":\"Server\",\"owner\":\"$43\",\"stack\":[[\"eval\",\"webpack-internal:///(rsc)/./src/app/[locale]/(agent)/agent/claims/page.tsx\",128,131,128,47,false],[\"Array.map\",\"\",0,0,0,0,false],[\"AgentClaimsPage\",\"webpack-internal:///(rsc)/./src/app/[locale]/(agent)/agent/claims/page.tsx\",128,43,19,1,false]],\"props\":\"$a9\"}\nb3:[[\"TableRow\",\"webpack-internal:///(rsc)/../../packages/ui/src/components/table.tsx\",67,185,67,78,false]]\nb5:{\"name\":\"TableCell\",\"key\":null,\"env\":\"Server\",\"owner\":\"$43\",\"stack\":[[\"eval\",\"webpack-internal:///(rsc)/./src/app/[locale]/(agent)/agent/claims/page.tsx\",130,120,128,47,false],[\"Array.map\",\"\",0,0,0,0,false],[\"AgentClaimsPage\",\"webpack-internal:///(rsc)/./src/app/[locale]/(agent)/agent/claims/page.tsx\",128,43,19,1,false]],\"props\":\"$ad\"}\nb6:[[\"TableCell\",\"webpack-internal:///(rsc)/../../packages/ui/src/components/table.tsx\",87,186,87,79,false]]\nb7:[[\"eva"])</script><script>self.__next_f.push([1,"l\",\"webpack-internal:///(rsc)/./src/app/[locale]/(agent)/agent/claims/page.tsx\",131,134,128,47,false],[\"Array.map\",\"\",0,0,0,0,false],[\"AgentClaimsPage\",\"webpack-internal:///(rsc)/./src/app/[locale]/(agent)/agent/claims/page.tsx\",128,43,19,1,false]]\nb8:[[\"eval\",\"webpack-internal:///(rsc)/./src/app/[locale]/(agent)/agent/claims/page.tsx\",134,132,128,47,false],[\"Array.map\",\"\",0,0,0,0,false],[\"AgentClaimsPage\",\"webpack-internal:///(rsc)/./src/app/[locale]/(agent)/agent/claims/page.tsx\",128,43,19,1,false]]\nb9:[[\"eval\",\"webpack-internal:///(rsc)/./src/app/[locale]/(agent)/agent/claims/page.tsx\",142,132,128,47,false],[\"Array.map\",\"\",0,0,0,0,false],[\"AgentClaimsPage\",\"webpack-internal:///(rsc)/./src/app/[locale]/(agent)/agent/claims/page.tsx\",128,43,19,1,false]]\nbc:{\"className\":\"font-medium\",\"children\":\"Flight delay\"}\nbd:[[\"eval\",\"webpack-internal:///(rsc)/./src/app/[locale]/(agent)/agent/claims/page.tsx\",163,128,128,47,false],[\"Array.map\",\"\",0,0,0,0,false],[\"AgentClaimsPage\",\"webpack-internal:///(rsc)/./src/app/[locale]/(agent)/agent/claims/page.tsx\",128,43,19,1,false]]\nbb:{\"name\":\"TableCell\",\"key\":null,\"env\":\"Server\",\"owner\":\"$43\",\"stack\":[[\"eval\",\"webpack-internal:///(rsc)/./src/app/[locale]/(agent)/agent/claims/page.tsx\",161,120,128,47,false],[\"Array.map\",\"\",0,0,0,0,false],[\"AgentClaimsPage\",\"webpack-internal:///(rsc)/./src/app/[locale]/(agent)/agent/claims/page.tsx\",128,43,19,1,false]],\"props\":{\"children\":[[\"$\",\"div\",null,\"$bc\",\"$43\",\"$bd\",1],\"$Y\"]}}\nbe:[[\"TableCell\",\"webpack-internal:///(rsc)/../../packages/ui/src/components/table.tsx\",87,186,87,79,false]]\nbf:[[\"eval\",\"webpack-internal:///(rsc)/./src/app/[locale]/(agent)/agent/claims/page.tsx\",163,128,128,47,false],[\"Array.map\",\"\",0,0,0,0,false],[\"AgentClaimsPage\",\"webpack-internal:///(rsc)/./src/app/[locale]/(agent)/agent/claims/page.tsx\",128,43,19,1,false]]\nc0:[[\"eval\",\"webpack-internal:///(rsc)/./src/app/[locale]/(agent)/agent/claims/page.tsx\",171,128,128,47,false],[\"Array.map\",\"\",0,0,0,0,false],[\"AgentClaimsPage\",\"webpack-internal:///(rsc)/./src/app/[locale]/(agent)/agent/claims/page.tsx\",128,43,19,1,false]]\n"])</script><script>self.__next_f.push([1,"c3:\"$EObject.defineProperty(function ClaimStatusBadge({ status }) {\\n    if (!status) return /*#__PURE__*/ (0,react_jsx_dev_runtime__WEBPACK_IMPORTED_MODULE_0__.jsxDEV)(_interdomestik_ui__WEBPACK_IMPORTED_MODULE_1__.Badge, {\\n        variant: \\\"outline\\\",\\n        children: \\\"Unknown\\\"\\n    }, void 0, false, {\\n        fileName: \\\"/Users/arbenlila/development/interdomestikv2/apps/web/src/components/dashboard/claims/claim-status-badge.tsx\\\",\\n        lineNumber: 17,\\n        columnNumber: 23\\n    }, this);\\n    const config = statusConfig[status];\\n    if (!config) return /*#__PURE__*/ (0,react_jsx_dev_runtime__WEBPACK_IMPORTED_MODULE_0__.jsxDEV)(_interdomestik_ui__WEBPACK_IMPORTED_MODULE_1__.Badge, {\\n        variant: \\\"outline\\\",\\n        children: status\\n    }, void 0, false, {\\n        fileName: \\\"/Users/arbenlila/development/interdomestikv2/apps/web/src/components/dashboard/claims/claim-status-badge.tsx\\\",\\n        lineNumber: 20,\\n        columnNumber: 23\\n    }, this);\\n    return /*#__PURE__*/ (0,react_jsx_dev_runtime__WEBPACK_IMPORTED_MODULE_0__.jsxDEV)(_interdomestik_ui__WEBPACK_IMPORTED_MODULE_1__.Badge, {\\n        variant: config.variant,\\n        className: \\\"capitalize\\\",\\n        children: config.label\\n    }, void 0, false, {\\n        fileName: \\\"/Users/arbenlila/development/interdomestikv2/apps/web/src/components/dashboard/claims/claim-status-badge.tsx\\\",\\n        lineNumber: 23,\\n        columnNumber: 5\\n    }, this);\\n},\\\"name\\\",{value:\\\"ClaimStatusBadge\\\"})\"\n"])</script><script>self.__next_f.push([1,"c4:{\"status\":\"submitted\"}\nc5:[[\"eval\",\"webpack-internal:///(rsc)/./src/app/[locale]/(agent)/agent/claims/page.tsx\",186,134,128,47,false],[\"Array.map\",\"\",0,0,0,0,false],[\"AgentClaimsPage\",\"webpack-internal:///(rsc)/./src/app/[locale]/(agent)/agent/claims/page.tsx\",128,43,19,1,false]]\nc2:{\"name\":\"TableCell\",\"key\":null,\"env\":\"Server\",\"owner\":\"$43\",\"stack\":[[\"eval\",\"webpack-internal:///(rsc)/./src/app/[locale]/(agent)/agent/claims/page.tsx\",185,120,128,47,false],[\"Array.map\",\"\",0,0,0,0,false],[\"AgentClaimsPage\",\"webpack-internal:///(rsc)/./src/app/[locale]/(agent)/agent/claims/page.tsx\",128,43,19,1,false]],\"props\":{\"children\":[\"$\",\"$c3\",null,\"$c4\",\"$43\",\"$c5\",1]}}\nc6:[[\"TableCell\",\"webpack-internal:///(rsc)/../../packages/ui/src/components/table.tsx\",87,186,87,79,false]]\nc8:{\"name\":\"ClaimStatusBadge\",\"key\":null,\"env\":\"Server\",\"owner\":\"$43\",\"stack\":[[\"eval\",\"webpack-internal:///(rsc)/./src/app/[locale]/(agent)/agent/claims/page.tsx\",186,134,128,47,false],[\"Array.map\",\"\",0,0,0,0,false],[\"AgentClaimsPage\",\"webpack-internal:///(rsc)/./src/app/[locale]/(agent)/agent/claims/page.tsx\",128,43,19,1,false]],\"props\":\"$c4\"}\nc9:{\"name\":\"Badge\",\"key\":null,\"env\":\"Server\",\"owner\":\"$c8\",\"stack\":[[\"ClaimStatusBadge\",\"webpack-internal:///(rsc)/./src/components/dashboard/claims/claim-status-badge.tsx\",50,87,32,1,false]],\"props\":{\"variant\":\"secondary\",\"className\":\"capitalize\",\"children\":\"Submitted\"}}\nca:[[\"Badge\",\"webpack-internal:///(rsc)/../../packages/ui/src/components/badge.tsx\",33,87,32,1,false]]\ncc:{\"name\":\"TableCell\",\"key\":null,\"env\":\"Server\",\"owner\":\"$43\",\"stack\":[[\"eval\",\"webpack-internal:///(rsc)/./src/app/[locale]/(agent)/agent/claims/page.tsx\",198,120,128,47,false],[\"Array.map\",\"\",0,0,0,0,false],[\"AgentClaimsPage\",\"webpack-internal:///(rsc)/./src/app/[locale]/(agent)/agent/claims/page.tsx\",128,43,19,1,false]],\"props\":{\"children\":\"300.00 EUR\"}}\ncd:[[\"TableCell\",\"webpack-internal:///(rsc)/../../packages/ui/src/components/table.tsx\",87,186,87,79,false]]\ncf:{\"name\":\"TableCell\",\"key\":null,\"env\":\"Server\",\"owner\":\"$43\",\"stack\":[[\"eval\",\"webpack-internal:///(rsc)/./src/app/[locale]/(agent)/agent/claims/page.tsx\",205,120,128,47,false],[\"Array.map\",\"\",0,0,0,0,false],[\"AgentClaimsPage\",\"webpack-internal:///(rsc)/./src/app/[locale]/(agent)/agent/claims/page.tsx\",128,43,19,1,false]],\"props\":{\"children\":\"12/15/2025\"}}\nd0:[[\"TableCell\",\"webpack-internal:///(rsc)/../../packages/ui/src/components/table.tsx\",87,186,87,79,false]]\n"])</script><script>self.__next_f.push([1,"d5:\"$EObject.defineProperty(({ className, variant, size, asChild = false, loading, children, disabled, ...props }, ref)=\u003e{\\n    const Comp = asChild ? _radix_ui_react_slot__WEBPACK_IMPORTED_MODULE_4__.Slot : 'button';\\n    return /*#__PURE__*/ (0,react_jsx_dev_runtime__WEBPACK_IMPORTED_MODULE_0__.jsxDEV)(Comp, {\\n        className: (0,_lib_utils__WEBPACK_IMPORTED_MODULE_3__.cn)(buttonVariants({\\n            variant,\\n            size,\\n            className\\n        })),\\n        ref: ref,\\n        disabled: disabled || loading,\\n        ...props,\\n        children: loading ? /*#__PURE__*/ (0,react_jsx_dev_runtime__WEBPACK_IMPORTED_MODULE_0__.jsxDEV)(react_jsx_dev_runtime__WEBPACK_IMPORTED_MODULE_0__.Fragment, {\\n            children: [\\n                /*#__PURE__*/ (0,react_jsx_dev_runtime__WEBPACK_IMPORTED_MODULE_0__.jsxDEV)(\\\"svg\\\", {\\n                    className: \\\"mr-2 h-4 w-4 animate-spin\\\",\\n                    xmlns: \\\"http://www.w3.org/2000/svg\\\",\\n                    fill: \\\"none\\\",\\n                    viewBox: \\\"0 0 24 24\\\",\\n                    children: [\\n                        /*#__PURE__*/ (0,react_jsx_dev_runtime__WEBPACK_IMPORTED_MODULE_0__.jsxDEV)(\\\"circle\\\", {\\n                            className: \\\"opacity-25\\\",\\n                            cx: \\\"12\\\",\\n                            cy: \\\"12\\\",\\n                            r: \\\"10\\\",\\n                            stroke: \\\"currentColor\\\",\\n                            strokeWidth: \\\"4\\\"\\n                        }, void 0, false, {\\n                            fileName: \\\"/Users/arbenlila/development/interdomestikv2/packages/ui/src/components/button.tsx\\\",\\n                            lineNumber: 64,\\n                            columnNumber: 29\\n                        }, undefined),\\n                        /*#__PURE__*/ (0,react_jsx_dev_runtime__WEBPACK_IMPORTED_MODULE_0__.jsxDEV)(\\\"path\\\", {\\n                            className: \\\"opacity-75\\\",\\n                            fill: \\\"currentColor\\\",\\n                            d: \\\"M4 12a8 8 0 018-8V0C5.373 0 0 5.373 0 12h4zm2 5.291A7.962 7.962 0 014 12H0c0 3.042 1.135 5.824 3 7.938l3-2.647z\\\"\\n                        }, void 0, false, {\\n                            fileName: \\\"/Users/arbenlila/development/interdomestikv2/packages/ui/src/components/button.tsx\\\",\\n                            lineNumber: 72,\\n                            columnNumber: 29\\n                        }, undefined)\\n                    ]\\n                }, void 0, true, {\\n                    fileName: \\\"/Users/arbenlila/development/interdomestikv2/packages/ui/src/components/button.tsx\\\",\\n                    lineNumber: 58,\\n                    columnNumber: 25\\n                }, undefined),\\n                \\\"Loading...\\\"\\n            ]\\n        }, void 0, true) : children\\n    }, void 0, false, {\\n        fileName: \\\"/Users/arbenlila/development/interdomestikv2/packages/ui/src/components/button.tsx\\\",\\n        lineNumber: 50,\\n        columnNumber: 13\\n    }, undefined);\\n},\\\"name\\\",{value:\\\"Button\\\"})\"\n"])</script><script>self.__next_f.push([1,"d3:{\"$$typeof\":\"$d4\",\"render\":\"$d5\"}\n"])</script><script>self.__next_f.push([1,"d9:\"$EObject.defineProperty(function Link({\\n    href,\\n    locale,\\n    ...rest\\n  }, ref) {\\n    let pathname, params;\\n    if (typeof href === 'object') {\\n      pathname = href.pathname;\\n      // @ts-expect-error -- This is ok\\n      params = href.params;\\n    } else {\\n      pathname = href;\\n    }\\n\\n    // @ts-expect-error -- This is ok\\n    const isLocalizable = (0,_shared_utils_js__WEBPACK_IMPORTED_MODULE_5__.isLocalizableHref)(href);\\n    const localePromiseOrValue = getLocale();\\n    const curLocale = (0,_shared_utils_js__WEBPACK_IMPORTED_MODULE_5__.isPromise)(localePromiseOrValue) ? (0,_shared_use_js__WEBPACK_IMPORTED_MODULE_6__[\\\"default\\\"])(localePromiseOrValue) : localePromiseOrValue;\\n    const finalPathname = isLocalizable ? getPathname({\\n      locale: locale || curLocale,\\n      // @ts-expect-error -- This is ok\\n      href: pathnames == null ? pathname : {\\n        pathname,\\n        params\\n      },\\n      // Always include a prefix when changing locales\\n      forcePrefix: locale != null || undefined\\n    }) : pathname;\\n    return /*#__PURE__*/(0,react_jsx_runtime__WEBPACK_IMPORTED_MODULE_2__.jsx)(_BaseLink_js__WEBPACK_IMPORTED_MODULE_7__[\\\"default\\\"], {\\n      ref: ref\\n      // @ts-expect-error -- This is ok\\n      ,\\n      href: typeof href === 'object' ? {\\n        ...href,\\n        pathname: finalPathname\\n      } : finalPathname,\\n      locale: locale,\\n      localeCookie: config.localeCookie,\\n      ...rest\\n    });\\n  },\\\"name\\\",{value:\\\"Link\\\"})\"\n"])</script><script>self.__next_f.push([1,"d7:{\"$$typeof\":\"$d8\",\"render\":\"$d9\"}\nda:{\"href\":\"/agent/claims/eBRc7dIzwrjUh0KTUQsJ1\",\"children\":\"Review\"}\ndb:[[\"eval\",\"webpack-internal:///(rsc)/./src/app/[locale]/(agent)/agent/claims/page.tsx\",218,138,128,47,false],[\"Array.map\",\"\",0,0,0,0,false],[\"AgentClaimsPage\",\"webpack-internal:///(rsc)/./src/app/[locale]/(agent)/agent/claims/page.tsx\",128,43,19,1,false]]\nd6:{\"asChild\":true,\"size\":\"sm\",\"variant\":\"outline\",\"children\":[\"$\",\"$d7\",null,\"$da\",\"$43\",\"$db\",1]}\ndc:[[\"eval\",\"webpack-internal:///(rsc)/./src/app/[locale]/(agent)/agent/claims/page.tsx\",214,134,128,47,false],[\"Array.map\",\"\",0,0,0,0,false],[\"AgentClaimsPage\",\"webpack-internal:///(rsc)/./src/app/[locale]/(agent)/agent/claims/page.tsx\",128,43,19,1,false]]\nd2:{\"name\":\"TableCell\",\"key\":null,\"env\":\"Server\",\"owner\":\"$43\",\"stack\":[[\"eval\",\"webpack-internal:///(rsc)/./src/app/[locale]/(agent)/agent/claims/page.tsx\",212,120,128,47,false],[\"Array.map\",\"\",0,0,0,0,false],[\"AgentClaimsPage\",\"webpack-internal:///(rsc)/./src/app/[locale]/(agent)/agent/claims/page.tsx\",128,43,19,1,false]],\"props\":{\"className\":\"text-right\",\"children\":[\"$\",\"$d3\",null,\"$d6\",\"$43\",\"$dc\",1]}}\ndd:[[\"TableCell\",\"webpack-internal:///(rsc)/../../packages/ui/src/components/table.tsx\",87,186,87,79,false]]\ndf:{\"name\":\"Button\",\"key\":null,\"env\":\"Server\",\"owner\":\"$43\",\"stack\":[[\"eval\",\"webpack-internal:///(rsc)/./src/app/[locale]/(agent)/agent/claims/page.tsx\",214,134,128,47,false],[\"Array.map\",\"\",0,0,0,0,false],[\"AgentClaimsPage\",\"webpack-internal:///(rsc)/./src/app/[locale]/(agent)/agent/claims/page.tsx\",128,43,19,1,false]],\"props\":\"$d6\"}\ne0:{\"name\":\"Slot.Slot\",\"key\":null,\"env\":\"Server\",\"owner\":\"$df\",\"stack\":[[\"Button\",\"webpack-internal:///(rsc)/../../packages/ui/src/components/button.tsx\",44,87,42,76,false]],\"props\":{\"className\":\"inline-flex items-center justify-center whitespace-nowrap text-sm font-medium ring-offset-background transition-all duration-200 focus-visible:outline-none focus-visible:ring-2 focus-visible:ring-ring focus-visible:ring-offset-2 disabled:pointer-events-none disabled:opacity-50 interactive-press border border-[hsl(var(--border))] bg-transparent hover:bg-[hsl(var(--muted-100))] hover:text-[hsl(var(--foreground))] h-9 rounded-md px-3\",\"ref\":\"$undefined\",\"disabled\":\"$undefined\",\"children\":\"$d6:children\"}}\ne1:{\"name\":\"Slot.SlotClone\",\"key\":null,\"env\":\"Server\",\"owner\":\"$e0\",\"stack\":[],\"props\":{\"className\":\"inline-flex items-center justify-center whitespace-nowrap text-sm font-medium ring-offset-background transition-all duration-200 focus-visible:outline-none focus-visible:ring-2 focus-visible:ring-ring focus-visible:ring-offset-2 disabled:pointer-events-none disabled:opacity-50 interactive-press border border-[hsl(var(--border))] bg-transparent hover:bg-[hsl(var(--muted-100))] hover:text-[hsl(var(--foreground))] h-9 rounded-md px-3\",\"ref\":\"$undefined\",\"disabled\":\"$undefined\",\"children\":\"$d6:children\"}}\ne2:{\"name\":\"Link\",\"key\":null,\"env\":\"Server\",\"owner\":\"$e1\",\"stack\":[[\"eval\",\"webpack-internal:///(rsc)/./src/app/[locale]/(agent)/agent/claims/page.tsx\",218,138,128,47,false],[\"Array.map\",\"\",0,0,0,0,false],[\"AgentClaimsPage\",\"webpack-internal:///(rsc)/./src/app/[locale]/(agent)/agent/claims/page.tsx\",128,43,19,1,false]],\"props\":{\"href\":\"/agent/claims/eBRc7dIzwrjUh0KTUQsJ1\",\"children\":\"Review\",\"className\":\"inline-flex items-center justify-center whitespace-nowrap text-sm font-medium ring-offset-background transition-all duration-200 focus-visible:outline-none focus-visible:ring-2 focus-visible:ring-ring focus-visible:ring-offset-2 disabled:pointer-events-none disabled:opacity-50 interactive-press border border-[hsl(var(--border))] bg-transparent hover:bg-[hsl(var(--muted-100))] hover:text-[hsl(var(--foreground))] h-9 rounded-md px-3\",\"ref\":null,\"disabled\":\"$undefined\"}}\ne7:{\"className\":\"font-medium\",\"children\":\"Test Member\"}\ne8:[[\"eval\",\"webpack-internal:///(rsc)/./src/app/[locale]/(agent)/agent/claims/page.tsx\",134,132,128,47,false],[\"Array.map\",\"\",0,0,0,0,false],[\"AgentClaimsPage\",\"webpack-internal:///(rsc)/./src/app/[locale]/(agent)/agent/claims/page.tsx\",128,43,19,1,false]]\ne6:{\"class"])</script><script>self.__next_f.push([1,"Name\":\"flex flex-col\",\"children\":[[\"$\",\"span\",null,\"$e7\",\"$43\",\"$e8\",1],\"$Y\"]}\ne9:[[\"eval\",\"webpack-internal:///(rsc)/./src/app/[locale]/(agent)/agent/claims/page.tsx\",131,134,128,47,false],[\"Array.map\",\"\",0,0,0,0,false],[\"AgentClaimsPage\",\"webpack-internal:///(rsc)/./src/app/[locale]/(agent)/agent/claims/page.tsx\",128,43,19,1,false]]\ne5:{\"children\":[\"$\",\"div\",null,\"$e6\",\"$43\",\"$e9\",1]}\nea:[[\"eval\",\"webpack-internal:///(rsc)/./src/app/[locale]/(agent)/agent/claims/page.tsx\",130,120,128,47,false],[\"Array.map\",\"\",0,0,0,0,false],[\"AgentClaimsPage\",\"webpack-internal:///(rsc)/./src/app/[locale]/(agent)/agent/claims/page.tsx\",128,43,19,1,false]]\ne4:{\"name\":\"TableRow\",\"key\":\"claim-1\",\"env\":\"Server\",\"owner\":\"$43\",\"stack\":[[\"eval\",\"webpack-internal:///(rsc)/./src/app/[locale]/(agent)/agent/claims/page.tsx\",128,131,128,47,false],[\"Array.map\",\"\",0,0,0,0,false],[\"AgentClaimsPage\",\"webpack-internal:///(rsc)/./src/app/[locale]/(agent)/agent/claims/page.tsx\",128,43,19,1,false]],\"props\":{\"children\":[[\"$\",\"$aa\",null,\"$e5\",\"$43\",\"$ea\",1],\"$Y\",\"$Y\",\"$Y\",\"$Y\",\"$Y\"]}}\neb:[[\"TableRow\",\"webpack-internal:///(rsc)/../../packages/ui/src/components/table.tsx\",67,185,67,78,false]]\ned:{\"name\":\"TableCell\",\"key\":null,\"env\":\"Server\",\"owner\":\"$43\",\"stack\":[[\"eval\",\"webpack-internal:///(rsc)/./src/app/[locale]/(agent)/agent/claims/page.tsx\",130,120,128,47,false],[\"Array.map\",\"\",0,0,0,0,false],[\"AgentClaimsPage\",\"webpack-internal:///(rsc)/./src/app/[locale]/(agent)/agent/claims/page.tsx\",128,43,19,1,false]],\"props\":\"$e5\"}\nee:[[\"TableCell\",\"webpack-internal:///(rsc)/../../packages/ui/src/components/table.tsx\",87,186,87,79,false]]\nef:[[\"eval\",\"webpack-internal:///(rsc)/./src/app/[locale]/(agent)/agent/claims/page.tsx\",131,134,128,47,false],[\"Array.map\",\"\",0,0,0,0,false],[\"AgentClaimsPage\",\"webpack-internal:///(rsc)/./src/app/[locale]/(agent)/agent/claims/page.tsx\",128,43,19,1,false]]\nf0:[[\"eval\",\"webpack-internal:///(rsc)/./src/app/[locale]/(agent)/agent/claims/page.tsx\",134,132,128,47,false],[\"Array.map\",\"\",0,0,0,0,false],[\"AgentClaimsPage\",\"webpack-internal:///(rsc)/./src/app/[locale]/(agent)/agent/claims/page.tsx\",128,43,19,1,false]]\nf1:[[\"eval\",\"webpack-internal:///(rsc)/./src/app/[locale]/(agent)/agent/claims/page.tsx\",142,132,128,47,false],[\"Array.map\",\"\",0,0,0,0,false],[\"AgentClaimsPage\",\"webpack-internal:///(rsc)/./src/app/[locale]/(agent)/agent/claims/page.tsx\",128,43,19,1,false]]\nf4:{\"className\":\"font-medium\",\"children\":\"Car Accident - Rear Ended\"}\nf5:[[\"eval\",\"webpack-internal:///(rsc)/./src/app/[locale]/(agent)/agent/claims/page.tsx\",163,128,128,47,false],[\"Array.map\",\"\",0,0,0,0,false],[\"AgentClaimsPage\",\"webpack-internal:///(rsc)/./src/app/[locale]/(agent)/agent/claims/page.tsx\",128,43,19,1,false]]\nf3:{\"name\":\"TableCell\",\"key\":null,\"env\":\"Server\",\"owner\":\"$43\",\"stack\":[[\"eval\",\"webpack-internal:///(rsc)/./src/app/[locale]/(agent)/agent/claims/page.tsx\",161,120,128,47,false],[\"Array.map\",\"\",0,0,0,0,false],[\"AgentClaimsPage\",\"webpack-internal:///(rsc)/./src/app/[locale]/(agent)/agent/claims/page.tsx\",128,43,19,1,false]],\"props\":{\"children\":[[\"$\",\"div\",null,\"$f4\",\"$43\",\"$f5\",1],\"$Y\"]}}\nf6:[[\"TableCell\",\"webpack-internal:///(rsc)/../../packages/ui/src/components/table.tsx\",87,186,87,79,false]]\nf7:[[\"eval\",\"webpack-internal:///(rsc)/./src/app/[locale]/(agent)/agent/claims/page.tsx\",163,128,128,47,false],[\"Array.map\",\"\",0,0,0,0,false],[\"AgentClaimsPage\",\"webpack-internal:///(rsc)/./src/app/[locale]/(agent)/agent/claims/page.tsx\",128,43,19,1,false]]\nf8:[[\"eval\",\"webpack-internal:///(rsc)/./src/app/[locale]/(agent)/agent/claims/page.tsx\",171,128,128,47,false],[\"Array.map\",\"\",0,0,0,0,false],[\"AgentClaimsPage\",\"webpack-internal:///(rsc)/./src/app/[locale]/(agent)/agent/claims/page.tsx\",128,43,19,1,false]]\nfb:{\"status\":\"submitted\"}\nfc:[[\"eval\",\"webpack-internal:///(rsc)/./src/app/[locale]/(agent)/agent/claims/page.tsx\",186,134,128,47,false],[\"Array.map\",\"\",0,0,0,0,false],[\"AgentClaimsPage\",\"webpack-internal:///(rsc)/./src/app/[locale]/(agent)/agent/claims/page.tsx\",128,43,19,1,false]]\nfa:{\"name\":\"TableCell\",\"key\":null,\"env\":\"Server\",\"owner\":\"$43\",\"stack\":"])</script><script>self.__next_f.push([1,"[[\"eval\",\"webpack-internal:///(rsc)/./src/app/[locale]/(agent)/agent/claims/page.tsx\",185,120,128,47,false],[\"Array.map\",\"\",0,0,0,0,false],[\"AgentClaimsPage\",\"webpack-internal:///(rsc)/./src/app/[locale]/(agent)/agent/claims/page.tsx\",128,43,19,1,false]],\"props\":{\"children\":[\"$\",\"$c3\",null,\"$fb\",\"$43\",\"$fc\",1]}}\nfd:[[\"TableCell\",\"webpack-internal:///(rsc)/../../packages/ui/src/components/table.tsx\",87,186,87,79,false]]\nff:{\"name\":\"ClaimStatusBadge\",\"key\":null,\"env\":\"Server\",\"owner\":\"$43\",\"stack\":[[\"eval\",\"webpack-internal:///(rsc)/./src/app/[locale]/(agent)/agent/claims/page.tsx\",186,134,128,47,false],[\"Array.map\",\"\",0,0,0,0,false],[\"AgentClaimsPage\",\"webpack-internal:///(rsc)/./src/app/[locale]/(agent)/agent/claims/page.tsx\",128,43,19,1,false]],\"props\":\"$fb\"}\n100:{\"name\":\"Badge\",\"key\":null,\"env\":\"Server\",\"owner\":\"$ff\",\"stack\":[[\"ClaimStatusBadge\",\"webpack-internal:///(rsc)/./src/components/dashboard/claims/claim-status-badge.tsx\",50,87,32,1,false]],\"props\":{\"variant\":\"secondary\",\"className\":\"capitalize\",\"children\":\"Submitted\"}}\n101:[[\"Badge\",\"webpack-internal:///(rsc)/../../packages/ui/src/components/badge.tsx\",33,87,32,1,false]]\n103:{\"name\":\"TableCell\",\"key\":null,\"env\":\"Server\",\"owner\":\"$43\",\"stack\":[[\"eval\",\"webpack-internal:///(rsc)/./src/app/[locale]/(agent)/agent/claims/page.tsx\",198,120,128,47,false],[\"Array.map\",\"\",0,0,0,0,false],[\"AgentClaimsPage\",\"webpack-internal:///(rsc)/./src/app/[locale]/(agent)/agent/claims/page.tsx\",128,43,19,1,false]],\"props\":{\"children\":\"1200.00 EUR\"}}\n104:[[\"TableCell\",\"webpack-internal:///(rsc)/../../packages/ui/src/components/table.tsx\",87,186,87,79,false]]\n106:{\"name\":\"TableCell\",\"key\":null,\"env\":\"Server\",\"owner\":\"$43\",\"stack\":[[\"eval\",\"webpack-internal:///(rsc)/./src/app/[locale]/(agent)/agent/claims/page.tsx\",205,120,128,47,false],[\"Array.map\",\"\",0,0,0,0,false],[\"AgentClaimsPage\",\"webpack-internal:///(rsc)/./src/app/[locale]/(agent)/agent/claims/page.tsx\",128,43,19,1,false]],\"props\":{\"children\":\"12/14/2025\"}}\n107:[[\"TableCell\",\"webpack-internal:///(rsc)/../../packages/ui/src/components/table.tsx\",87,186,87,79,false]]\n10b:{\"href\":\"/agent/claims/claim-1\",\"children\":\"Review\"}\n10c:[[\"eval\",\"webpack-internal:///(rsc)/./src/app/[locale]/(agent)/agent/claims/page.tsx\",218,138,128,47,false],[\"Array.map\",\"\",0,0,0,0,false],[\"AgentClaimsPage\",\"webpack-internal:///(rsc)/./src/app/[locale]/(agent)/agent/claims/page.tsx\",128,43,19,1,false]]\n10a:{\"asChild\":true,\"size\":\"sm\",\"variant\":\"outline\",\"children\":[\"$\",\"$d7\",null,\"$10b\",\"$43\",\"$10c\",1]}\n10d:[[\"eval\",\"webpack-internal:///(rsc)/./src/app/[locale]/(agent)/agent/claims/page.tsx\",214,134,128,47,false],[\"Array.map\",\"\",0,0,0,0,false],[\"AgentClaimsPage\",\"webpack-internal:///(rsc)/./src/app/[locale]/(agent)/agent/claims/page.tsx\",128,43,19,1,false]]\n109:{\"name\":\"TableCell\",\"key\":null,\"env\":\"Server\",\"owner\":\"$43\",\"stack\":[[\"eval\",\"webpack-internal:///(rsc)/./src/app/[locale]/(agent)/agent/claims/page.tsx\",212,120,128,47,false],[\"Array.map\",\"\",0,0,0,0,false],[\"AgentClaimsPage\",\"webpack-internal:///(rsc)/./src/app/[locale]/(agent)/agent/claims/page.tsx\",128,43,19,1,false]],\"props\":{\"className\":\"text-right\",\"children\":[\"$\",\"$d3\",null,\"$10a\",\"$43\",\"$10d\",1]}}\n10e:[[\"TableCell\",\"webpack-internal:///(rsc)/../../packages/ui/src/components/table.tsx\",87,186,87,79,false]]\n110:{\"name\":\"Button\",\"key\":null,\"env\":\"Server\",\"owner\":\"$43\",\"stack\":[[\"eval\",\"webpack-internal:///(rsc)/./src/app/[locale]/(agent)/agent/claims/page.tsx\",214,134,128,47,false],[\"Array.map\",\"\",0,0,0,0,false],[\"AgentClaimsPage\",\"webpack-internal:///(rsc)/./src/app/[locale]/(agent)/agent/claims/page.tsx\",128,43,19,1,false]],\"props\":\"$10a\"}\n111:{\"name\":\"Slot.Slot\",\"key\":null,\"env\":\"Server\",\"owner\":\"$110\",\"stack\":[[\"Button\",\"webpack-internal:///(rsc)/../../packages/ui/src/components/button.tsx\",44,87,42,76,false]],\"props\":{\"className\":\"inline-flex items-center justify-center whitespace-nowrap text-sm font-medium ring-offset-background transition-all duration-200 focus-visible:outline-none focus-visible:ring-2 focus-visible:ring-ring focus-visible:ring-offset-2 disabled:pointer-events-none disab"])</script><script>self.__next_f.push([1,"led:opacity-50 interactive-press border border-[hsl(var(--border))] bg-transparent hover:bg-[hsl(var(--muted-100))] hover:text-[hsl(var(--foreground))] h-9 rounded-md px-3\",\"ref\":\"$undefined\",\"disabled\":\"$undefined\",\"children\":\"$10a:children\"}}\n112:{\"name\":\"Slot.SlotClone\",\"key\":null,\"env\":\"Server\",\"owner\":\"$111\",\"stack\":[],\"props\":{\"className\":\"inline-flex items-center justify-center whitespace-nowrap text-sm font-medium ring-offset-background transition-all duration-200 focus-visible:outline-none focus-visible:ring-2 focus-visible:ring-ring focus-visible:ring-offset-2 disabled:pointer-events-none disabled:opacity-50 interactive-press border border-[hsl(var(--border))] bg-transparent hover:bg-[hsl(var(--muted-100))] hover:text-[hsl(var(--foreground))] h-9 rounded-md px-3\",\"ref\":\"$undefined\",\"disabled\":\"$undefined\",\"children\":\"$10a:children\"}}\n113:{\"name\":\"Link\",\"key\":null,\"env\":\"Server\",\"owner\":\"$112\",\"stack\":[[\"eval\",\"webpack-internal:///(rsc)/./src/app/[locale]/(agent)/agent/claims/page.tsx\",218,138,128,47,false],[\"Array.map\",\"\",0,0,0,0,false],[\"AgentClaimsPage\",\"webpack-internal:///(rsc)/./src/app/[locale]/(agent)/agent/claims/page.tsx\",128,43,19,1,false]],\"props\":{\"href\":\"/agent/claims/claim-1\",\"children\":\"Review\",\"className\":\"inline-flex items-center justify-center whitespace-nowrap text-sm font-medium ring-offset-background transition-all duration-200 focus-visible:outline-none focus-visible:ring-2 focus-visible:ring-ring focus-visible:ring-offset-2 disabled:pointer-events-none disabled:opacity-50 interactive-press border border-[hsl(var(--border))] bg-transparent hover:bg-[hsl(var(--muted-100))] hover:text-[hsl(var(--foreground))] h-9 rounded-md px-3\",\"ref\":null,\"disabled\":\"$undefined\"}}\n118:{\"className\":\"font-medium\",\"children\":\"Test Member\"}\n119:[[\"eval\",\"webpack-internal:///(rsc)/./src/app/[locale]/(agent)/agent/claims/page.tsx\",134,132,128,47,false],[\"Array.map\",\"\",0,0,0,0,false],[\"AgentClaimsPage\",\"webpack-internal:///(rsc)/./src/app/[locale]/(agent)/agent/claims/page.tsx\",128,43,19,1,false]]\n117:{\"className\":\"flex flex-col\",\"children\":[[\"$\",\"span\",null,\"$118\",\"$43\",\"$119\",1],\"$Y\"]}\n11a:[[\"eval\",\"webpack-internal:///(rsc)/./src/app/[locale]/(agent)/agent/claims/page.tsx\",131,134,128,47,false],[\"Array.map\",\"\",0,0,0,0,false],[\"AgentClaimsPage\",\"webpack-internal:///(rsc)/./src/app/[locale]/(agent)/agent/claims/page.tsx\",128,43,19,1,false]]\n116:{\"children\":[\"$\",\"div\",null,\"$117\",\"$43\",\"$11a\",1]}\n11b:[[\"eval\",\"webpack-internal:///(rsc)/./src/app/[locale]/(agent)/agent/claims/page.tsx\",130,120,128,47,false],[\"Array.map\",\"\",0,0,0,0,false],[\"AgentClaimsPage\",\"webpack-internal:///(rsc)/./src/app/[locale]/(agent)/agent/claims/page.tsx\",128,43,19,1,false]]\n115:{\"name\":\"TableRow\",\"key\":\"claim-2\",\"env\":\"Server\",\"owner\":\"$43\",\"stack\":[[\"eval\",\"webpack-internal:///(rsc)/./src/app/[locale]/(agent)/agent/claims/page.tsx\",128,131,128,47,false],[\"Array.map\",\"\",0,0,0,0,false],[\"AgentClaimsPage\",\"webpack-internal:///(rsc)/./src/app/[locale]/(agent)/agent/claims/page.tsx\",128,43,19,1,false]],\"props\":{\"children\":[[\"$\",\"$aa\",null,\"$116\",\"$43\",\"$11b\",1],\"$Y\",\"$Y\",\"$Y\",\"$Y\",\"$Y\"]}}\n11c:[[\"TableRow\",\"webpack-internal:///(rsc)/../../packages/ui/src/components/table.tsx\",67,185,67,78,false]]\n11e:{\"name\":\"TableCell\",\"key\":null,\"env\":\"Server\",\"owner\":\"$43\",\"stack\":[[\"eval\",\"webpack-internal:///(rsc)/./src/app/[locale]/(agent)/agent/claims/page.tsx\",130,120,128,47,false],[\"Array.map\",\"\",0,0,0,0,false],[\"AgentClaimsPage\",\"webpack-internal:///(rsc)/./src/app/[locale]/(agent)/agent/claims/page.tsx\",128,43,19,1,false]],\"props\":\"$116\"}\n11f:[[\"TableCell\",\"webpack-internal:///(rsc)/../../packages/ui/src/components/table.tsx\",87,186,87,79,false]]\n120:[[\"eval\",\"webpack-internal:///(rsc)/./src/app/[locale]/(agent)/agent/claims/page.tsx\",131,134,128,47,false],[\"Array.map\",\"\",0,0,0,0,false],[\"AgentClaimsPage\",\"webpack-internal:///(rsc)/./src/app/[locale]/(agent)/agent/claims/page.tsx\",128,43,19,1,false]]\n121:[[\"eval\",\"webpack-internal:///(rsc)/./src/app/[locale]/(agent)/agent/claims/page.tsx\",134,132,128,47,false],[\"Array.map\",\"\",0,0,0,0,false],[\"Agen"])</script><script>self.__next_f.push([1,"tClaimsPage\",\"webpack-internal:///(rsc)/./src/app/[locale]/(agent)/agent/claims/page.tsx\",128,43,19,1,false]]\n122:[[\"eval\",\"webpack-internal:///(rsc)/./src/app/[locale]/(agent)/agent/claims/page.tsx\",142,132,128,47,false],[\"Array.map\",\"\",0,0,0,0,false],[\"AgentClaimsPage\",\"webpack-internal:///(rsc)/./src/app/[locale]/(agent)/agent/claims/page.tsx\",128,43,19,1,false]]\n125:{\"className\":\"font-medium\",\"children\":\"Flight Delay to Munich\"}\n126:[[\"eval\",\"webpack-internal:///(rsc)/./src/app/[locale]/(agent)/agent/claims/page.tsx\",163,128,128,47,false],[\"Array.map\",\"\",0,0,0,0,false],[\"AgentClaimsPage\",\"webpack-internal:///(rsc)/./src/app/[locale]/(agent)/agent/claims/page.tsx\",128,43,19,1,false]]\n124:{\"name\":\"TableCell\",\"key\":null,\"env\":\"Server\",\"owner\":\"$43\",\"stack\":[[\"eval\",\"webpack-internal:///(rsc)/./src/app/[locale]/(agent)/agent/claims/page.tsx\",161,120,128,47,false],[\"Array.map\",\"\",0,0,0,0,false],[\"AgentClaimsPage\",\"webpack-internal:///(rsc)/./src/app/[locale]/(agent)/agent/claims/page.tsx\",128,43,19,1,false]],\"props\":{\"children\":[[\"$\",\"div\",null,\"$125\",\"$43\",\"$126\",1],\"$Y\"]}}\n127:[[\"TableCell\",\"webpack-internal:///(rsc)/../../packages/ui/src/components/table.tsx\",87,186,87,79,false]]\n128:[[\"eval\",\"webpack-internal:///(rsc)/./src/app/[locale]/(agent)/agent/claims/page.tsx\",163,128,128,47,false],[\"Array.map\",\"\",0,0,0,0,false],[\"AgentClaimsPage\",\"webpack-internal:///(rsc)/./src/app/[locale]/(agent)/agent/claims/page.tsx\",128,43,19,1,false]]\n129:[[\"eval\",\"webpack-internal:///(rsc)/./src/app/[locale]/(agent)/agent/claims/page.tsx\",171,128,128,47,false],[\"Array.map\",\"\",0,0,0,0,false],[\"AgentClaimsPage\",\"webpack-internal:///(rsc)/./src/app/[locale]/(agent)/agent/claims/page.tsx\",128,43,19,1,false]]\n12c:{\"status\":\"verification\"}\n12d:[[\"eval\",\"webpack-internal:///(rsc)/./src/app/[locale]/(agent)/agent/claims/page.tsx\",186,134,128,47,false],[\"Array.map\",\"\",0,0,0,0,false],[\"AgentClaimsPage\",\"webpack-internal:///(rsc)/./src/app/[locale]/(agent)/agent/claims/page.tsx\",128,43,19,1,false]]\n12b:{\"name\":\"TableCell\",\"key\":null,\"env\":\"Server\",\"owner\":\"$43\",\"stack\":[[\"eval\",\"webpack-internal:///(rsc)/./src/app/[locale]/(agent)/agent/claims/page.tsx\",185,120,128,47,false],[\"Array.map\",\"\",0,0,0,0,false],[\"AgentClaimsPage\",\"webpack-internal:///(rsc)/./src/app/[locale]/(agent)/agent/claims/page.tsx\",128,43,19,1,false]],\"props\":{\"children\":[\"$\",\"$c3\",null,\"$12c\",\"$43\",\"$12d\",1]}}\n12e:[[\"TableCell\",\"webpack-internal:///(rsc)/../../packages/ui/src/components/table.tsx\",87,186,87,79,false]]\n130:{\"name\":\"ClaimStatusBadge\",\"key\":null,\"env\":\"Server\",\"owner\":\"$43\",\"stack\":[[\"eval\",\"webpack-internal:///(rsc)/./src/app/[locale]/(agent)/agent/claims/page.tsx\",186,134,128,47,false],[\"Array.map\",\"\",0,0,0,0,false],[\"AgentClaimsPage\",\"webpack-internal:///(rsc)/./src/app/[locale]/(agent)/agent/claims/page.tsx\",128,43,19,1,false]],\"props\":\"$12c\"}\n131:{\"name\":\"Badge\",\"key\":null,\"env\":\"Server\",\"owner\":\"$130\",\"stack\":[[\"ClaimStatusBadge\",\"webpack-internal:///(rsc)/./src/components/dashboard/claims/claim-status-badge.tsx\",42,100,32,1,false]],\"props\":{\"variant\":\"outline\",\"children\":\"verification\"}}\n132:[[\"Badge\",\"webpack-internal:///(rsc)/../../packages/ui/src/components/badge.tsx\",33,87,32,1,false]]\n134:{\"name\":\"TableCell\",\"key\":null,\"env\":\"Server\",\"owner\":\"$43\",\"stack\":[[\"eval\",\"webpack-internal:///(rsc)/./src/app/[locale]/(agent)/agent/claims/page.tsx\",198,120,128,47,false],[\"Array.map\",\"\",0,0,0,0,false],[\"AgentClaimsPage\",\"webpack-internal:///(rsc)/./src/app/[locale]/(agent)/agent/claims/page.tsx\",128,43,19,1,false]],\"props\":{\"children\":\"600.00 EUR\"}}\n135:[[\"TableCell\",\"webpack-internal:///(rsc)/../../packages/ui/src/components/table.tsx\",87,186,87,79,false]]\n137:{\"name\":\"TableCell\",\"key\":null,\"env\":\"Server\",\"owner\":\"$43\",\"stack\":[[\"eval\",\"webpack-internal:///(rsc)/./src/app/[locale]/(agent)/agent/claims/page.tsx\",205,120,128,47,false],[\"Array.map\",\"\",0,0,0,0,false],[\"AgentClaimsPage\",\"webpack-internal:///(rsc)/./src/app/[locale]/(agent)/agent/claims/page.tsx\",128,43,19,1,false]],\"props\":{\"children\":\"12/11/2025\"}}\n138:[[\"TableCell\",\"webpack-internal:///(rsc)/../.."])</script><script>self.__next_f.push([1,"/packages/ui/src/components/table.tsx\",87,186,87,79,false]]\n13c:{\"href\":\"/agent/claims/claim-2\",\"children\":\"Review\"}\n13d:[[\"eval\",\"webpack-internal:///(rsc)/./src/app/[locale]/(agent)/agent/claims/page.tsx\",218,138,128,47,false],[\"Array.map\",\"\",0,0,0,0,false],[\"AgentClaimsPage\",\"webpack-internal:///(rsc)/./src/app/[locale]/(agent)/agent/claims/page.tsx\",128,43,19,1,false]]\n13b:{\"asChild\":true,\"size\":\"sm\",\"variant\":\"outline\",\"children\":[\"$\",\"$d7\",null,\"$13c\",\"$43\",\"$13d\",1]}\n13e:[[\"eval\",\"webpack-internal:///(rsc)/./src/app/[locale]/(agent)/agent/claims/page.tsx\",214,134,128,47,false],[\"Array.map\",\"\",0,0,0,0,false],[\"AgentClaimsPage\",\"webpack-internal:///(rsc)/./src/app/[locale]/(agent)/agent/claims/page.tsx\",128,43,19,1,false]]\n13a:{\"name\":\"TableCell\",\"key\":null,\"env\":\"Server\",\"owner\":\"$43\",\"stack\":[[\"eval\",\"webpack-internal:///(rsc)/./src/app/[locale]/(agent)/agent/claims/page.tsx\",212,120,128,47,false],[\"Array.map\",\"\",0,0,0,0,false],[\"AgentClaimsPage\",\"webpack-internal:///(rsc)/./src/app/[locale]/(agent)/agent/claims/page.tsx\",128,43,19,1,false]],\"props\":{\"className\":\"text-right\",\"children\":[\"$\",\"$d3\",null,\"$13b\",\"$43\",\"$13e\",1]}}\n13f:[[\"TableCell\",\"webpack-internal:///(rsc)/../../packages/ui/src/components/table.tsx\",87,186,87,79,false]]\n141:{\"name\":\"Button\",\"key\":null,\"env\":\"Server\",\"owner\":\"$43\",\"stack\":[[\"eval\",\"webpack-internal:///(rsc)/./src/app/[locale]/(agent)/agent/claims/page.tsx\",214,134,128,47,false],[\"Array.map\",\"\",0,0,0,0,false],[\"AgentClaimsPage\",\"webpack-internal:///(rsc)/./src/app/[locale]/(agent)/agent/claims/page.tsx\",128,43,19,1,false]],\"props\":\"$13b\"}\n142:{\"name\":\"Slot.Slot\",\"key\":null,\"env\":\"Server\",\"owner\":\"$141\",\"stack\":[[\"Button\",\"webpack-internal:///(rsc)/../../packages/ui/src/components/button.tsx\",44,87,42,76,false]],\"props\":{\"className\":\"inline-flex items-center justify-center whitespace-nowrap text-sm font-medium ring-offset-background transition-all duration-200 focus-visible:outline-none focus-visible:ring-2 focus-visible:ring-ring focus-visible:ring-offset-2 disabled:pointer-events-none disabled:opacity-50 interactive-press border border-[hsl(var(--border))] bg-transparent hover:bg-[hsl(var(--muted-100))] hover:text-[hsl(var(--foreground))] h-9 rounded-md px-3\",\"ref\":\"$undefined\",\"disabled\":\"$undefined\",\"children\":\"$13b:children\"}}\n143:{\"name\":\"Slot.SlotClone\",\"key\":null,\"env\":\"Server\",\"owner\":\"$142\",\"stack\":[],\"props\":{\"className\":\"inline-flex items-center justify-center whitespace-nowrap text-sm font-medium ring-offset-background transition-all duration-200 focus-visible:outline-none focus-visible:ring-2 focus-visible:ring-ring focus-visible:ring-offset-2 disabled:pointer-events-none disabled:opacity-50 interactive-press border border-[hsl(var(--border))] bg-transparent hover:bg-[hsl(var(--muted-100))] hover:text-[hsl(var(--foreground))] h-9 rounded-md px-3\",\"ref\":\"$undefined\",\"disabled\":\"$undefined\",\"children\":\"$13b:children\"}}\n144:{\"name\":\"Link\",\"key\":null,\"env\":\"Server\",\"owner\":\"$143\",\"stack\":[[\"eval\",\"webpack-internal:///(rsc)/./src/app/[locale]/(agent)/agent/claims/page.tsx\",218,138,128,47,false],[\"Array.map\",\"\",0,0,0,0,false],[\"AgentClaimsPage\",\"webpack-internal:///(rsc)/./src/app/[locale]/(agent)/agent/claims/page.tsx\",128,43,19,1,false]],\"props\":{\"href\":\"/agent/claims/claim-2\",\"children\":\"Review\",\"className\":\"inline-flex items-center justify-center whitespace-nowrap text-sm font-medium ring-offset-background transition-all duration-200 focus-visible:outline-none focus-visible:ring-2 focus-visible:ring-ring focus-visible:ring-offset-2 disabled:pointer-events-none disabled:opacity-50 interactive-press border border-[hsl(var(--border))] bg-transparent hover:bg-[hsl(var(--muted-100))] hover:text-[hsl(var(--foreground))] h-9 rounded-md px-3\",\"ref\":null,\"disabled\":\"$undefined\"}}\n149:{\"className\":\"font-medium\",\"children\":\"Test Member\"}\n14a:[[\"eval\",\"webpack-internal:///(rsc)/./src/app/[locale]/(agent)/agent/claims/page.tsx\",134,132,128,47,false],[\"Array.map\",\"\",0,0,0,0,false],[\"AgentClaimsPage\",\"webpack-internal:///(rsc)/./src/app/[locale]/(agent)/agent/claims/page.tsx\",128,43,19,1,f"])</script><script>self.__next_f.push([1,"alse]]\n148:{\"className\":\"flex flex-col\",\"children\":[[\"$\",\"span\",null,\"$149\",\"$43\",\"$14a\",1],\"$Y\"]}\n14b:[[\"eval\",\"webpack-internal:///(rsc)/./src/app/[locale]/(agent)/agent/claims/page.tsx\",131,134,128,47,false],[\"Array.map\",\"\",0,0,0,0,false],[\"AgentClaimsPage\",\"webpack-internal:///(rsc)/./src/app/[locale]/(agent)/agent/claims/page.tsx\",128,43,19,1,false]]\n147:{\"children\":[\"$\",\"div\",null,\"$148\",\"$43\",\"$14b\",1]}\n14c:[[\"eval\",\"webpack-internal:///(rsc)/./src/app/[locale]/(agent)/agent/claims/page.tsx\",130,120,128,47,false],[\"Array.map\",\"\",0,0,0,0,false],[\"AgentClaimsPage\",\"webpack-internal:///(rsc)/./src/app/[locale]/(agent)/agent/claims/page.tsx\",128,43,19,1,false]]\n146:{\"name\":\"TableRow\",\"key\":\"claim-3\",\"env\":\"Server\",\"owner\":\"$43\",\"stack\":[[\"eval\",\"webpack-internal:///(rsc)/./src/app/[locale]/(agent)/agent/claims/page.tsx\",128,131,128,47,false],[\"Array.map\",\"\",0,0,0,0,false],[\"AgentClaimsPage\",\"webpack-internal:///(rsc)/./src/app/[locale]/(agent)/agent/claims/page.tsx\",128,43,19,1,false]],\"props\":{\"children\":[[\"$\",\"$aa\",null,\"$147\",\"$43\",\"$14c\",1],\"$Y\",\"$Y\",\"$Y\",\"$Y\",\"$Y\"]}}\n14d:[[\"TableRow\",\"webpack-internal:///(rsc)/../../packages/ui/src/components/table.tsx\",67,185,67,78,false]]\n14f:{\"name\":\"TableCell\",\"key\":null,\"env\":\"Server\",\"owner\":\"$43\",\"stack\":[[\"eval\",\"webpack-internal:///(rsc)/./src/app/[locale]/(agent)/agent/claims/page.tsx\",130,120,128,47,false],[\"Array.map\",\"\",0,0,0,0,false],[\"AgentClaimsPage\",\"webpack-internal:///(rsc)/./src/app/[locale]/(agent)/agent/claims/page.tsx\",128,43,19,1,false]],\"props\":\"$147\"}\n150:[[\"TableCell\",\"webpack-internal:///(rsc)/../../packages/ui/src/components/table.tsx\",87,186,87,79,false]]\n151:[[\"eval\",\"webpack-internal:///(rsc)/./src/app/[locale]/(agent)/agent/claims/page.tsx\",131,134,128,47,false],[\"Array.map\",\"\",0,0,0,0,false],[\"AgentClaimsPage\",\"webpack-internal:///(rsc)/./src/app/[locale]/(agent)/agent/claims/page.tsx\",128,43,19,1,false]]\n152:[[\"eval\",\"webpack-internal:///(rsc)/./src/app/[locale]/(agent)/agent/claims/page.tsx\",134,132,128,47,false],[\"Array.map\",\"\",0,0,0,0,false],[\"AgentClaimsPage\",\"webpack-internal:///(rsc)/./src/app/[locale]/(agent)/agent/claims/page.tsx\",128,43,19,1,false]]\n153:[[\"eval\",\"webpack-internal:///(rsc)/./src/app/[locale]/(agent)/agent/claims/page.tsx\",142,132,128,47,false],[\"Array.map\",\"\",0,0,0,0,false],[\"AgentClaimsPage\",\"webpack-internal:///(rsc)/./src/app/[locale]/(agent)/agent/claims/page.tsx\",128,43,19,1,false]]\n156:{\"className\":\"font-medium\",\"children\":\"Defective Laptop\"}\n157:[[\"eval\",\"webpack-internal:///(rsc)/./src/app/[locale]/(agent)/agent/claims/page.tsx\",163,128,128,47,false],[\"Array.map\",\"\",0,0,0,0,false],[\"AgentClaimsPage\",\"webpack-internal:///(rsc)/./src/app/[locale]/(agent)/agent/claims/page.tsx\",128,43,19,1,false]]\n155:{\"name\":\"TableCell\",\"key\":null,\"env\":\"Server\",\"owner\":\"$43\",\"stack\":[[\"eval\",\"webpack-internal:///(rsc)/./src/app/[locale]/(agent)/agent/claims/page.tsx\",161,120,128,47,false],[\"Array.map\",\"\",0,0,0,0,false],[\"AgentClaimsPage\",\"webpack-internal:///(rsc)/./src/app/[locale]/(agent)/agent/claims/page.tsx\",128,43,19,1,false]],\"props\":{\"children\":[[\"$\",\"div\",null,\"$156\",\"$43\",\"$157\",1],\"$Y\"]}}\n158:[[\"TableCell\",\"webpack-internal:///(rsc)/../../packages/ui/src/components/table.tsx\",87,186,87,79,false]]\n159:[[\"eval\",\"webpack-internal:///(rsc)/./src/app/[locale]/(agent)/agent/claims/page.tsx\",163,128,128,47,false],[\"Array.map\",\"\",0,0,0,0,false],[\"AgentClaimsPage\",\"webpack-internal:///(rsc)/./src/app/[locale]/(agent)/agent/claims/page.tsx\",128,43,19,1,false]]\n15a:[[\"eval\",\"webpack-internal:///(rsc)/./src/app/[locale]/(agent)/agent/claims/page.tsx\",171,128,128,47,false],[\"Array.map\",\"\",0,0,0,0,false],[\"AgentClaimsPage\",\"webpack-internal:///(rsc)/./src/app/[locale]/(agent)/agent/claims/page.tsx\",128,43,19,1,false]]\n15d:{\"status\":\"evaluation\"}\n15e:[[\"eval\",\"webpack-internal:///(rsc)/./src/app/[locale]/(agent)/agent/claims/page.tsx\",186,134,128,47,false],[\"Array.map\",\"\",0,0,0,0,false],[\"AgentClaimsPage\",\"webpack-internal:///(rsc)/./src/app/[locale]/(agent)/agent/claims/page.tsx\",128,43,19,1,false]]\n15c:{\"name\":\"TableCell\",\"key\":null"])</script><script>self.__next_f.push([1,",\"env\":\"Server\",\"owner\":\"$43\",\"stack\":[[\"eval\",\"webpack-internal:///(rsc)/./src/app/[locale]/(agent)/agent/claims/page.tsx\",185,120,128,47,false],[\"Array.map\",\"\",0,0,0,0,false],[\"AgentClaimsPage\",\"webpack-internal:///(rsc)/./src/app/[locale]/(agent)/agent/claims/page.tsx\",128,43,19,1,false]],\"props\":{\"children\":[\"$\",\"$c3\",null,\"$15d\",\"$43\",\"$15e\",1]}}\n15f:[[\"TableCell\",\"webpack-internal:///(rsc)/../../packages/ui/src/components/table.tsx\",87,186,87,79,false]]\n161:{\"name\":\"ClaimStatusBadge\",\"key\":null,\"env\":\"Server\",\"owner\":\"$43\",\"stack\":[[\"eval\",\"webpack-internal:///(rsc)/./src/app/[locale]/(agent)/agent/claims/page.tsx\",186,134,128,47,false],[\"Array.map\",\"\",0,0,0,0,false],[\"AgentClaimsPage\",\"webpack-internal:///(rsc)/./src/app/[locale]/(agent)/agent/claims/page.tsx\",128,43,19,1,false]],\"props\":\"$15d\"}\n162:{\"name\":\"Badge\",\"key\":null,\"env\":\"Server\",\"owner\":\"$161\",\"stack\":[[\"ClaimStatusBadge\",\"webpack-internal:///(rsc)/./src/components/dashboard/claims/claim-status-badge.tsx\",42,100,32,1,false]],\"props\":{\"variant\":\"outline\",\"children\":\"evaluation\"}}\n163:[[\"Badge\",\"webpack-internal:///(rsc)/../../packages/ui/src/components/badge.tsx\",33,87,32,1,false]]\n165:{\"name\":\"TableCell\",\"key\":null,\"env\":\"Server\",\"owner\":\"$43\",\"stack\":[[\"eval\",\"webpack-internal:///(rsc)/./src/app/[locale]/(agent)/agent/claims/page.tsx\",198,120,128,47,false],[\"Array.map\",\"\",0,0,0,0,false],[\"AgentClaimsPage\",\"webpack-internal:///(rsc)/./src/app/[locale]/(agent)/agent/claims/page.tsx\",128,43,19,1,false]],\"props\":{\"children\":\"850.00 EUR\"}}\n166:[[\"TableCell\",\"webpack-internal:///(rsc)/../../packages/ui/src/components/table.tsx\",87,186,87,79,false]]\n168:{\"name\":\"TableCell\",\"key\":null,\"env\":\"Server\",\"owner\":\"$43\",\"stack\":[[\"eval\",\"webpack-internal:///(rsc)/./src/app/[locale]/(agent)/agent/claims/page.tsx\",205,120,128,47,false],[\"Array.map\",\"\",0,0,0,0,false],[\"AgentClaimsPage\",\"webpack-internal:///(rsc)/./src/app/[locale]/(agent)/agent/claims/page.tsx\",128,43,19,1,false]],\"props\":{\"children\":\"12/6/2025\"}}\n169:[[\"TableCell\",\"webpack-internal:///(rsc)/../../packages/ui/src/components/table.tsx\",87,186,87,79,false]]\n16d:{\"href\":\"/agent/claims/claim-3\",\"children\":\"Review\"}\n16e:[[\"eval\",\"webpack-internal:///(rsc)/./src/app/[locale]/(agent)/agent/claims/page.tsx\",218,138,128,47,false],[\"Array.map\",\"\",0,0,0,0,false],[\"AgentClaimsPage\",\"webpack-internal:///(rsc)/./src/app/[locale]/(agent)/agent/claims/page.tsx\",128,43,19,1,false]]\n16c:{\"asChild\":true,\"size\":\"sm\",\"variant\":\"outline\",\"children\":[\"$\",\"$d7\",null,\"$16d\",\"$43\",\"$16e\",1]}\n16f:[[\"eval\",\"webpack-internal:///(rsc)/./src/app/[locale]/(agent)/agent/claims/page.tsx\",214,134,128,47,false],[\"Array.map\",\"\",0,0,0,0,false],[\"AgentClaimsPage\",\"webpack-internal:///(rsc)/./src/app/[locale]/(agent)/agent/claims/page.tsx\",128,43,19,1,false]]\n16b:{\"name\":\"TableCell\",\"key\":null,\"env\":\"Server\",\"owner\":\"$43\",\"stack\":[[\"eval\",\"webpack-internal:///(rsc)/./src/app/[locale]/(agent)/agent/claims/page.tsx\",212,120,128,47,false],[\"Array.map\",\"\",0,0,0,0,false],[\"AgentClaimsPage\",\"webpack-internal:///(rsc)/./src/app/[locale]/(agent)/agent/claims/page.tsx\",128,43,19,1,false]],\"props\":{\"className\":\"text-right\",\"children\":[\"$\",\"$d3\",null,\"$16c\",\"$43\",\"$16f\",1]}}\n170:[[\"TableCell\",\"webpack-internal:///(rsc)/../../packages/ui/src/components/table.tsx\",87,186,87,79,false]]\n172:{\"name\":\"Button\",\"key\":null,\"env\":\"Server\",\"owner\":\"$43\",\"stack\":[[\"eval\",\"webpack-internal:///(rsc)/./src/app/[locale]/(agent)/agent/claims/page.tsx\",214,134,128,47,false],[\"Array.map\",\"\",0,0,0,0,false],[\"AgentClaimsPage\",\"webpack-internal:///(rsc)/./src/app/[locale]/(agent)/agent/claims/page.tsx\",128,43,19,1,false]],\"props\":\"$16c\"}\n173:{\"name\":\"Slot.Slot\",\"key\":null,\"env\":\"Server\",\"owner\":\"$172\",\"stack\":[[\"Button\",\"webpack-internal:///(rsc)/../../packages/ui/src/components/button.tsx\",44,87,42,76,false]],\"props\":{\"className\":\"inline-flex items-center justify-center whitespace-nowrap text-sm font-medium ring-offset-background transition-all duration-200 focus-visible:outline-none focus-visible:ring-2 focus-visible:ring-ring focus-visible:ring-offset-2 disabled:pointer-"])</script><script>self.__next_f.push([1,"events-none disabled:opacity-50 interactive-press border border-[hsl(var(--border))] bg-transparent hover:bg-[hsl(var(--muted-100))] hover:text-[hsl(var(--foreground))] h-9 rounded-md px-3\",\"ref\":\"$undefined\",\"disabled\":\"$undefined\",\"children\":\"$16c:children\"}}\n174:{\"name\":\"Slot.SlotClone\",\"key\":null,\"env\":\"Server\",\"owner\":\"$173\",\"stack\":[],\"props\":{\"className\":\"inline-flex items-center justify-center whitespace-nowrap text-sm font-medium ring-offset-background transition-all duration-200 focus-visible:outline-none focus-visible:ring-2 focus-visible:ring-ring focus-visible:ring-offset-2 disabled:pointer-events-none disabled:opacity-50 interactive-press border border-[hsl(var(--border))] bg-transparent hover:bg-[hsl(var(--muted-100))] hover:text-[hsl(var(--foreground))] h-9 rounded-md px-3\",\"ref\":\"$undefined\",\"disabled\":\"$undefined\",\"children\":\"$16c:children\"}}\n175:{\"name\":\"Link\",\"key\":null,\"env\":\"Server\",\"owner\":\"$174\",\"stack\":[[\"eval\",\"webpack-internal:///(rsc)/./src/app/[locale]/(agent)/agent/claims/page.tsx\",218,138,128,47,false],[\"Array.map\",\"\",0,0,0,0,false],[\"AgentClaimsPage\",\"webpack-internal:///(rsc)/./src/app/[locale]/(agent)/agent/claims/page.tsx\",128,43,19,1,false]],\"props\":{\"href\":\"/agent/claims/claim-3\",\"children\":\"Review\",\"className\":\"inline-flex items-center justify-center whitespace-nowrap text-sm font-medium ring-offset-background transition-all duration-200 focus-visible:outline-none focus-visible:ring-2 focus-visible:ring-ring focus-visible:ring-offset-2 disabled:pointer-events-none disabled:opacity-50 interactive-press border border-[hsl(var(--border))] bg-transparent hover:bg-[hsl(var(--muted-100))] hover:text-[hsl(var(--foreground))] h-9 rounded-md px-3\",\"ref\":null,\"disabled\":\"$undefined\"}}\n17a:{\"className\":\"font-medium\",\"children\":\"Test Member\"}\n17b:[[\"eval\",\"webpack-internal:///(rsc)/./src/app/[locale]/(agent)/agent/claims/page.tsx\",134,132,128,47,false],[\"Array.map\",\"\",0,0,0,0,false],[\"AgentClaimsPage\",\"webpack-internal:///(rsc)/./src/app/[locale]/(agent)/agent/claims/page.tsx\",128,43,19,1,false]]\n179:{\"className\":\"flex flex-col\",\"children\":[[\"$\",\"span\",null,\"$17a\",\"$43\",\"$17b\",1],\"$Y\"]}\n17c:[[\"eval\",\"webpack-internal:///(rsc)/./src/app/[locale]/(agent)/agent/claims/page.tsx\",131,134,128,47,false],[\"Array.map\",\"\",0,0,0,0,false],[\"AgentClaimsPage\",\"webpack-internal:///(rsc)/./src/app/[locale]/(agent)/agent/claims/page.tsx\",128,43,19,1,false]]\n178:{\"children\":[\"$\",\"div\",null,\"$179\",\"$43\",\"$17c\",1]}\n17d:[[\"eval\",\"webpack-internal:///(rsc)/./src/app/[locale]/(agent)/agent/claims/page.tsx\",130,120,128,47,false],[\"Array.map\",\"\",0,0,0,0,false],[\"AgentClaimsPage\",\"webpack-internal:///(rsc)/./src/app/[locale]/(agent)/agent/claims/page.tsx\",128,43,19,1,false]]\n177:{\"name\":\"TableRow\",\"key\":\"claim-4\",\"env\":\"Server\",\"owner\":\"$43\",\"stack\":[[\"eval\",\"webpack-internal:///(rsc)/./src/app/[locale]/(agent)/agent/claims/page.tsx\",128,131,128,47,false],[\"Array.map\",\"\",0,0,0,0,false],[\"AgentClaimsPage\",\"webpack-internal:///(rsc)/./src/app/[locale]/(agent)/agent/claims/page.tsx\",128,43,19,1,false]],\"props\":{\"children\":[[\"$\",\"$aa\",null,\"$178\",\"$43\",\"$17d\",1],\"$Y\",\"$Y\",\"$Y\",\"$Y\",\"$Y\"]}}\n17e:[[\"TableRow\",\"webpack-internal:///(rsc)/../../packages/ui/src/components/table.tsx\",67,185,67,78,false]]\n180:{\"name\":\"TableCell\",\"key\":null,\"env\":\"Server\",\"owner\":\"$43\",\"stack\":[[\"eval\",\"webpack-internal:///(rsc)/./src/app/[locale]/(agent)/agent/claims/page.tsx\",130,120,128,47,false],[\"Array.map\",\"\",0,0,0,0,false],[\"AgentClaimsPage\",\"webpack-internal:///(rsc)/./src/app/[locale]/(agent)/agent/claims/page.tsx\",128,43,19,1,false]],\"props\":\"$178\"}\n181:[[\"TableCell\",\"webpack-internal:///(rsc)/../../packages/ui/src/components/table.tsx\",87,186,87,79,false]]\n182:[[\"eval\",\"webpack-internal:///(rsc)/./src/app/[locale]/(agent)/agent/claims/page.tsx\",131,134,128,47,false],[\"Array.map\",\"\",0,0,0,0,false],[\"AgentClaimsPage\",\"webpack-internal:///(rsc)/./src/app/[locale]/(agent)/agent/claims/page.tsx\",128,43,19,1,false]]\n183:[[\"eval\",\"webpack-internal:///(rsc)/./src/app/[locale]/(agent)/agent/claims/page.tsx\",134,132,128,47,false],[\"Array.map\",\"\",0,0,"])</script><script>self.__next_f.push([1,"0,0,false],[\"AgentClaimsPage\",\"webpack-internal:///(rsc)/./src/app/[locale]/(agent)/agent/claims/page.tsx\",128,43,19,1,false]]\n184:[[\"eval\",\"webpack-internal:///(rsc)/./src/app/[locale]/(agent)/agent/claims/page.tsx\",142,132,128,47,false],[\"Array.map\",\"\",0,0,0,0,false],[\"AgentClaimsPage\",\"webpack-internal:///(rsc)/./src/app/[locale]/(agent)/agent/claims/page.tsx\",128,43,19,1,false]]\n187:{\"className\":\"font-medium\",\"children\":\"Water Damage in Apartment\"}\n188:[[\"eval\",\"webpack-internal:///(rsc)/./src/app/[locale]/(agent)/agent/claims/page.tsx\",163,128,128,47,false],[\"Array.map\",\"\",0,0,0,0,false],[\"AgentClaimsPage\",\"webpack-internal:///(rsc)/./src/app/[locale]/(agent)/agent/claims/page.tsx\",128,43,19,1,false]]\n186:{\"name\":\"TableCell\",\"key\":null,\"env\":\"Server\",\"owner\":\"$43\",\"stack\":[[\"eval\",\"webpack-internal:///(rsc)/./src/app/[locale]/(agent)/agent/claims/page.tsx\",161,120,128,47,false],[\"Array.map\",\"\",0,0,0,0,false],[\"AgentClaimsPage\",\"webpack-internal:///(rsc)/./src/app/[locale]/(agent)/agent/claims/page.tsx\",128,43,19,1,false]],\"props\":{\"children\":[[\"$\",\"div\",null,\"$187\",\"$43\",\"$188\",1],\"$Y\"]}}\n189:[[\"TableCell\",\"webpack-internal:///(rsc)/../../packages/ui/src/components/table.tsx\",87,186,87,79,false]]\n18a:[[\"eval\",\"webpack-internal:///(rsc)/./src/app/[locale]/(agent)/agent/claims/page.tsx\",163,128,128,47,false],[\"Array.map\",\"\",0,0,0,0,false],[\"AgentClaimsPage\",\"webpack-internal:///(rsc)/./src/app/[locale]/(agent)/agent/claims/page.tsx\",128,43,19,1,false]]\n18b:[[\"eval\",\"webpack-internal:///(rsc)/./src/app/[locale]/(agent)/agent/claims/page.tsx\",171,128,128,47,false],[\"Array.map\",\"\",0,0,0,0,false],[\"AgentClaimsPage\",\"webpack-internal:///(rsc)/./src/app/[locale]/(agent)/agent/claims/page.tsx\",128,43,19,1,false]]\n18e:{\"status\":\"negotiation\"}\n18f:[[\"eval\",\"webpack-internal:///(rsc)/./src/app/[locale]/(agent)/agent/claims/page.tsx\",186,134,128,47,false],[\"Array.map\",\"\",0,0,0,0,false],[\"AgentClaimsPage\",\"webpack-internal:///(rsc)/./src/app/[locale]/(agent)/agent/claims/page.tsx\",128,43,19,1,false]]\n18d:{\"name\":\"TableCell\",\"key\":null,\"env\":\"Server\",\"owner\":\"$43\",\"stack\":[[\"eval\",\"webpack-internal:///(rsc)/./src/app/[locale]/(agent)/agent/claims/page.tsx\",185,120,128,47,false],[\"Array.map\",\"\",0,0,0,0,false],[\"AgentClaimsPage\",\"webpack-internal:///(rsc)/./src/app/[locale]/(agent)/agent/claims/page.tsx\",128,43,19,1,false]],\"props\":{\"children\":[\"$\",\"$c3\",null,\"$18e\",\"$43\",\"$18f\",1]}}\n190:[[\"TableCell\",\"webpack-internal:///(rsc)/../../packages/ui/src/components/table.tsx\",87,186,87,79,false]]\n192:{\"name\":\"ClaimStatusBadge\",\"key\":null,\"env\":\"Server\",\"owner\":\"$43\",\"stack\":[[\"eval\",\"webpack-internal:///(rsc)/./src/app/[locale]/(agent)/agent/claims/page.tsx\",186,134,128,47,false],[\"Array.map\",\"\",0,0,0,0,false],[\"AgentClaimsPage\",\"webpack-internal:///(rsc)/./src/app/[locale]/(agent)/agent/claims/page.tsx\",128,43,19,1,false]],\"props\":\"$18e\"}\n193:{\"name\":\"Badge\",\"key\":null,\"env\":\"Server\",\"owner\":\"$192\",\"stack\":[[\"ClaimStatusBadge\",\"webpack-internal:///(rsc)/./src/components/dashboard/claims/claim-status-badge.tsx\",42,100,32,1,false]],\"props\":{\"variant\":\"outline\",\"children\":\"negotiation\"}}\n194:[[\"Badge\",\"webpack-internal:///(rsc)/../../packages/ui/src/components/badge.tsx\",33,87,32,1,false]]\n196:{\"name\":\"TableCell\",\"key\":null,\"env\":\"Server\",\"owner\":\"$43\",\"stack\":[[\"eval\",\"webpack-internal:///(rsc)/./src/app/[locale]/(agent)/agent/claims/page.tsx\",198,120,128,47,false],[\"Array.map\",\"\",0,0,0,0,false],[\"AgentClaimsPage\",\"webpack-internal:///(rsc)/./src/app/[locale]/(agent)/agent/claims/page.tsx\",128,43,19,1,false]],\"props\":{\"children\":\"2500.00 EUR\"}}\n197:[[\"TableCell\",\"webpack-internal:///(rsc)/../../packages/ui/src/components/table.tsx\",87,186,87,79,false]]\n199:{\"name\":\"TableCell\",\"key\":null,\"env\":\"Server\",\"owner\":\"$43\",\"stack\":[[\"eval\",\"webpack-internal:///(rsc)/./src/app/[locale]/(agent)/agent/claims/page.tsx\",205,120,128,47,false],[\"Array.map\",\"\",0,0,0,0,false],[\"AgentClaimsPage\",\"webpack-internal:///(rsc)/./src/app/[locale]/(agent)/agent/claims/page.tsx\",128,43,19,1,false]],\"props\":{\"children\":\"11/26/2025\"}}\n19a:[[\"TableCell\",\"webpack-inte"])</script><script>self.__next_f.push([1,"rnal:///(rsc)/../../packages/ui/src/components/table.tsx\",87,186,87,79,false]]\n19e:{\"href\":\"/agent/claims/claim-4\",\"children\":\"Review\"}\n19f:[[\"eval\",\"webpack-internal:///(rsc)/./src/app/[locale]/(agent)/agent/claims/page.tsx\",218,138,128,47,false],[\"Array.map\",\"\",0,0,0,0,false],[\"AgentClaimsPage\",\"webpack-internal:///(rsc)/./src/app/[locale]/(agent)/agent/claims/page.tsx\",128,43,19,1,false]]\n19d:{\"asChild\":true,\"size\":\"sm\",\"variant\":\"outline\",\"children\":[\"$\",\"$d7\",null,\"$19e\",\"$43\",\"$19f\",1]}\n1a0:[[\"eval\",\"webpack-internal:///(rsc)/./src/app/[locale]/(agent)/agent/claims/page.tsx\",214,134,128,47,false],[\"Array.map\",\"\",0,0,0,0,false],[\"AgentClaimsPage\",\"webpack-internal:///(rsc)/./src/app/[locale]/(agent)/agent/claims/page.tsx\",128,43,19,1,false]]\n19c:{\"name\":\"TableCell\",\"key\":null,\"env\":\"Server\",\"owner\":\"$43\",\"stack\":[[\"eval\",\"webpack-internal:///(rsc)/./src/app/[locale]/(agent)/agent/claims/page.tsx\",212,120,128,47,false],[\"Array.map\",\"\",0,0,0,0,false],[\"AgentClaimsPage\",\"webpack-internal:///(rsc)/./src/app/[locale]/(agent)/agent/claims/page.tsx\",128,43,19,1,false]],\"props\":{\"className\":\"text-right\",\"children\":[\"$\",\"$d3\",null,\"$19d\",\"$43\",\"$1a0\",1]}}\n1a1:[[\"TableCell\",\"webpack-internal:///(rsc)/../../packages/ui/src/components/table.tsx\",87,186,87,79,false]]\n1a3:{\"name\":\"Button\",\"key\":null,\"env\":\"Server\",\"owner\":\"$43\",\"stack\":[[\"eval\",\"webpack-internal:///(rsc)/./src/app/[locale]/(agent)/agent/claims/page.tsx\",214,134,128,47,false],[\"Array.map\",\"\",0,0,0,0,false],[\"AgentClaimsPage\",\"webpack-internal:///(rsc)/./src/app/[locale]/(agent)/agent/claims/page.tsx\",128,43,19,1,false]],\"props\":\"$19d\"}\n1a4:{\"name\":\"Slot.Slot\",\"key\":null,\"env\":\"Server\",\"owner\":\"$1a3\",\"stack\":[[\"Button\",\"webpack-internal:///(rsc)/../../packages/ui/src/components/button.tsx\",44,87,42,76,false]],\"props\":{\"className\":\"inline-flex items-center justify-center whitespace-nowrap text-sm font-medium ring-offset-background transition-all duration-200 focus-visible:outline-none focus-visible:ring-2 focus-visible:ring-ring focus-visible:ring-offset-2 disabled:pointer-events-none disabled:opacity-50 interactive-press border border-[hsl(var(--border))] bg-transparent hover:bg-[hsl(var(--muted-100))] hover:text-[hsl(var(--foreground))] h-9 rounded-md px-3\",\"ref\":\"$undefined\",\"disabled\":\"$undefined\",\"children\":\"$19d:children\"}}\n1a5:{\"name\":\"Slot.SlotClone\",\"key\":null,\"env\":\"Server\",\"owner\":\"$1a4\",\"stack\":[],\"props\":{\"className\":\"inline-flex items-center justify-center whitespace-nowrap text-sm font-medium ring-offset-background transition-all duration-200 focus-visible:outline-none focus-visible:ring-2 focus-visible:ring-ring focus-visible:ring-offset-2 disabled:pointer-events-none disabled:opacity-50 interactive-press border border-[hsl(var(--border))] bg-transparent hover:bg-[hsl(var(--muted-100))] hover:text-[hsl(var(--foreground))] h-9 rounded-md px-3\",\"ref\":\"$undefined\",\"disabled\":\"$undefined\",\"children\":\"$19d:children\"}}\n1a6:{\"name\":\"Link\",\"key\":null,\"env\":\"Server\",\"owner\":\"$1a5\",\"stack\":[[\"eval\",\"webpack-internal:///(rsc)/./src/app/[locale]/(agent)/agent/claims/page.tsx\",218,138,128,47,false],[\"Array.map\",\"\",0,0,0,0,false],[\"AgentClaimsPage\",\"webpack-internal:///(rsc)/./src/app/[locale]/(agent)/agent/claims/page.tsx\",128,43,19,1,false]],\"props\":{\"href\":\"/agent/claims/claim-4\",\"children\":\"Review\",\"className\":\"inline-flex items-center justify-center whitespace-nowrap text-sm font-medium ring-offset-background transition-all duration-200 focus-visible:outline-none focus-visible:ring-2 focus-visible:ring-ring focus-visible:ring-offset-2 disabled:pointer-events-none disabled:opacity-50 interactive-press border border-[hsl(var(--border))] bg-transparent hover:bg-[hsl(var(--muted-100))] hover:text-[hsl(var(--foreground))] h-9 rounded-md px-3\",\"ref\":null,\"disabled\":\"$undefined\"}}\n1ab:{\"className\":\"font-medium\",\"children\":\"Test Member\"}\n1ac:[[\"eval\",\"webpack-internal:///(rsc)/./src/app/[locale]/(agent)/agent/claims/page.tsx\",134,132,128,47,false],[\"Array.map\",\"\",0,0,0,0,false],[\"AgentClaimsPage\",\"webpack-internal:///(rsc)/./src/app/[locale]/(agent)/agent/claims/page"])</script><script>self.__next_f.push([1,".tsx\",128,43,19,1,false]]\n1aa:{\"className\":\"flex flex-col\",\"children\":[[\"$\",\"span\",null,\"$1ab\",\"$43\",\"$1ac\",1],\"$Y\"]}\n1ad:[[\"eval\",\"webpack-internal:///(rsc)/./src/app/[locale]/(agent)/agent/claims/page.tsx\",131,134,128,47,false],[\"Array.map\",\"\",0,0,0,0,false],[\"AgentClaimsPage\",\"webpack-internal:///(rsc)/./src/app/[locale]/(agent)/agent/claims/page.tsx\",128,43,19,1,false]]\n1a9:{\"children\":[\"$\",\"div\",null,\"$1aa\",\"$43\",\"$1ad\",1]}\n1ae:[[\"eval\",\"webpack-internal:///(rsc)/./src/app/[locale]/(agent)/agent/claims/page.tsx\",130,120,128,47,false],[\"Array.map\",\"\",0,0,0,0,false],[\"AgentClaimsPage\",\"webpack-internal:///(rsc)/./src/app/[locale]/(agent)/agent/claims/page.tsx\",128,43,19,1,false]]\n1a8:{\"name\":\"TableRow\",\"key\":\"claim-5\",\"env\":\"Server\",\"owner\":\"$43\",\"stack\":[[\"eval\",\"webpack-internal:///(rsc)/./src/app/[locale]/(agent)/agent/claims/page.tsx\",128,131,128,47,false],[\"Array.map\",\"\",0,0,0,0,false],[\"AgentClaimsPage\",\"webpack-internal:///(rsc)/./src/app/[locale]/(agent)/agent/claims/page.tsx\",128,43,19,1,false]],\"props\":{\"children\":[[\"$\",\"$aa\",null,\"$1a9\",\"$43\",\"$1ae\",1],\"$Y\",\"$Y\",\"$Y\",\"$Y\",\"$Y\"]}}\n1af:[[\"TableRow\",\"webpack-internal:///(rsc)/../../packages/ui/src/components/table.tsx\",67,185,67,78,false]]\n1b1:{\"name\":\"TableCell\",\"key\":null,\"env\":\"Server\",\"owner\":\"$43\",\"stack\":[[\"eval\",\"webpack-internal:///(rsc)/./src/app/[locale]/(agent)/agent/claims/page.tsx\",130,120,128,47,false],[\"Array.map\",\"\",0,0,0,0,false],[\"AgentClaimsPage\",\"webpack-internal:///(rsc)/./src/app/[locale]/(agent)/agent/claims/page.tsx\",128,43,19,1,false]],\"props\":\"$1a9\"}\n1b2:[[\"TableCell\",\"webpack-internal:///(rsc)/../../packages/ui/src/components/table.tsx\",87,186,87,79,false]]\n1b3:[[\"eval\",\"webpack-internal:///(rsc)/./src/app/[locale]/(agent)/agent/claims/page.tsx\",131,134,128,47,false],[\"Array.map\",\"\",0,0,0,0,false],[\"AgentClaimsPage\",\"webpack-internal:///(rsc)/./src/app/[locale]/(agent)/agent/claims/page.tsx\",128,43,19,1,false]]\n1b4:[[\"eval\",\"webpack-internal:///(rsc)/./src/app/[locale]/(agent)/agent/claims/page.tsx\",134,132,128,47,false],[\"Array.map\",\"\",0,0,0,0,false],[\"AgentClaimsPage\",\"webpack-internal:///(rsc)/./src/app/[locale]/(agent)/agent/claims/page.tsx\",128,43,19,1,false]]\n1b5:[[\"eval\",\"webpack-internal:///(rsc)/./src/app/[locale]/(agent)/agent/claims/page.tsx\",142,132,128,47,false],[\"Array.map\",\"\",0,0,0,0,false],[\"AgentClaimsPage\",\"webpack-internal:///(rsc)/./src/app/[locale]/(agent)/agent/claims/page.tsx\",128,43,19,1,false]]\n1b8:{\"className\":\"font-medium\",\"children\":\"Rejected Insurance Claim\"}\n1b9:[[\"eval\",\"webpack-internal:///(rsc)/./src/app/[locale]/(agent)/agent/claims/page.tsx\",163,128,128,47,false],[\"Array.map\",\"\",0,0,0,0,false],[\"AgentClaimsPage\",\"webpack-internal:///(rsc)/./src/app/[locale]/(agent)/agent/claims/page.tsx\",128,43,19,1,false]]\n1b7:{\"name\":\"TableCell\",\"key\":null,\"env\":\"Server\",\"owner\":\"$43\",\"stack\":[[\"eval\",\"webpack-internal:///(rsc)/./src/app/[locale]/(agent)/agent/claims/page.tsx\",161,120,128,47,false],[\"Array.map\",\"\",0,0,0,0,false],[\"AgentClaimsPage\",\"webpack-internal:///(rsc)/./src/app/[locale]/(agent)/agent/claims/page.tsx\",128,43,19,1,false]],\"props\":{\"children\":[[\"$\",\"div\",null,\"$1b8\",\"$43\",\"$1b9\",1],\"$Y\"]}}\n1ba:[[\"TableCell\",\"webpack-internal:///(rsc)/../../packages/ui/src/components/table.tsx\",87,186,87,79,false]]\n1bb:[[\"eval\",\"webpack-internal:///(rsc)/./src/app/[locale]/(agent)/agent/claims/page.tsx\",163,128,128,47,false],[\"Array.map\",\"\",0,0,0,0,false],[\"AgentClaimsPage\",\"webpack-internal:///(rsc)/./src/app/[locale]/(agent)/agent/claims/page.tsx\",128,43,19,1,false]]\n1bc:[[\"eval\",\"webpack-internal:///(rsc)/./src/app/[locale]/(agent)/agent/claims/page.tsx\",171,128,128,47,false],[\"Array.map\",\"\",0,0,0,0,false],[\"AgentClaimsPage\",\"webpack-internal:///(rsc)/./src/app/[locale]/(agent)/agent/claims/page.tsx\",128,43,19,1,false]]\n1bf:{\"status\":\"rejected\"}\n1c0:[[\"eval\",\"webpack-internal:///(rsc)/./src/app/[locale]/(agent)/agent/claims/page.tsx\",186,134,128,47,false],[\"Array.map\",\"\",0,0,0,0,false],[\"AgentClaimsPage\",\"webpack-internal:///(rsc)/./src/app/[locale]/(agent)/agent/claims/page.tsx\",128,43,19,1,false]]\n1be:{\"nam"])</script><script>self.__next_f.push([1,"e\":\"TableCell\",\"key\":null,\"env\":\"Server\",\"owner\":\"$43\",\"stack\":[[\"eval\",\"webpack-internal:///(rsc)/./src/app/[locale]/(agent)/agent/claims/page.tsx\",185,120,128,47,false],[\"Array.map\",\"\",0,0,0,0,false],[\"AgentClaimsPage\",\"webpack-internal:///(rsc)/./src/app/[locale]/(agent)/agent/claims/page.tsx\",128,43,19,1,false]],\"props\":{\"children\":[\"$\",\"$c3\",null,\"$1bf\",\"$43\",\"$1c0\",1]}}\n1c1:[[\"TableCell\",\"webpack-internal:///(rsc)/../../packages/ui/src/components/table.tsx\",87,186,87,79,false]]\n1c3:{\"name\":\"ClaimStatusBadge\",\"key\":null,\"env\":\"Server\",\"owner\":\"$43\",\"stack\":[[\"eval\",\"webpack-internal:///(rsc)/./src/app/[locale]/(agent)/agent/claims/page.tsx\",186,134,128,47,false],[\"Array.map\",\"\",0,0,0,0,false],[\"AgentClaimsPage\",\"webpack-internal:///(rsc)/./src/app/[locale]/(agent)/agent/claims/page.tsx\",128,43,19,1,false]],\"props\":\"$1bf\"}\n1c4:{\"name\":\"Badge\",\"key\":null,\"env\":\"Server\",\"owner\":\"$1c3\",\"stack\":[[\"ClaimStatusBadge\",\"webpack-internal:///(rsc)/./src/components/dashboard/claims/claim-status-badge.tsx\",50,87,32,1,false]],\"props\":{\"variant\":\"destructive\",\"className\":\"capitalize\",\"children\":\"Rejected\"}}\n1c5:[[\"Badge\",\"webpack-internal:///(rsc)/../../packages/ui/src/components/badge.tsx\",33,87,32,1,false]]\n1c7:{\"name\":\"TableCell\",\"key\":null,\"env\":\"Server\",\"owner\":\"$43\",\"stack\":[[\"eval\",\"webpack-internal:///(rsc)/./src/app/[locale]/(agent)/agent/claims/page.tsx\",198,120,128,47,false],[\"Array.map\",\"\",0,0,0,0,false],[\"AgentClaimsPage\",\"webpack-internal:///(rsc)/./src/app/[locale]/(agent)/agent/claims/page.tsx\",128,43,19,1,false]],\"props\":{\"children\":\"5000.00 EUR\"}}\n1c8:[[\"TableCell\",\"webpack-internal:///(rsc)/../../packages/ui/src/components/table.tsx\",87,186,87,79,false]]\n1ca:{\"name\":\"TableCell\",\"key\":null,\"env\":\"Server\",\"owner\":\"$43\",\"stack\":[[\"eval\",\"webpack-internal:///(rsc)/./src/app/[locale]/(agent)/agent/claims/page.tsx\",205,120,128,47,false],[\"Array.map\",\"\",0,0,0,0,false],[\"AgentClaimsPage\",\"webpack-internal:///(rsc)/./src/app/[locale]/(agent)/agent/claims/page.tsx\",128,43,19,1,false]],\"props\":{\"children\":\"11/16/2025\"}}\n1cb:[[\"TableCell\",\"webpack-internal:///(rsc)/../../packages/ui/src/components/table.tsx\",87,186,87,79,false]]\n1cf:{\"href\":\"/agent/claims/claim-5\",\"children\":\"Review\"}\n1d0:[[\"eval\",\"webpack-internal:///(rsc)/./src/app/[locale]/(agent)/agent/claims/page.tsx\",218,138,128,47,false],[\"Array.map\",\"\",0,0,0,0,false],[\"AgentClaimsPage\",\"webpack-internal:///(rsc)/./src/app/[locale]/(agent)/agent/claims/page.tsx\",128,43,19,1,false]]\n1ce:{\"asChild\":true,\"size\":\"sm\",\"variant\":\"outline\",\"children\":[\"$\",\"$d7\",null,\"$1cf\",\"$43\",\"$1d0\",1]}\n1d1:[[\"eval\",\"webpack-internal:///(rsc)/./src/app/[locale]/(agent)/agent/claims/page.tsx\",214,134,128,47,false],[\"Array.map\",\"\",0,0,0,0,false],[\"AgentClaimsPage\",\"webpack-internal:///(rsc)/./src/app/[locale]/(agent)/agent/claims/page.tsx\",128,43,19,1,false]]\n1cd:{\"name\":\"TableCell\",\"key\":null,\"env\":\"Server\",\"owner\":\"$43\",\"stack\":[[\"eval\",\"webpack-internal:///(rsc)/./src/app/[locale]/(agent)/agent/claims/page.tsx\",212,120,128,47,false],[\"Array.map\",\"\",0,0,0,0,false],[\"AgentClaimsPage\",\"webpack-internal:///(rsc)/./src/app/[locale]/(agent)/agent/claims/page.tsx\",128,43,19,1,false]],\"props\":{\"className\":\"text-right\",\"children\":[\"$\",\"$d3\",null,\"$1ce\",\"$43\",\"$1d1\",1]}}\n1d2:[[\"TableCell\",\"webpack-internal:///(rsc)/../../packages/ui/src/components/table.tsx\",87,186,87,79,false]]\n1d4:{\"name\":\"Button\",\"key\":null,\"env\":\"Server\",\"owner\":\"$43\",\"stack\":[[\"eval\",\"webpack-internal:///(rsc)/./src/app/[locale]/(agent)/agent/claims/page.tsx\",214,134,128,47,false],[\"Array.map\",\"\",0,0,0,0,false],[\"AgentClaimsPage\",\"webpack-internal:///(rsc)/./src/app/[locale]/(agent)/agent/claims/page.tsx\",128,43,19,1,false]],\"props\":\"$1ce\"}\n1d5:{\"name\":\"Slot.Slot\",\"key\":null,\"env\":\"Server\",\"owner\":\"$1d4\",\"stack\":[[\"Button\",\"webpack-internal:///(rsc)/../../packages/ui/src/components/button.tsx\",44,87,42,76,false]],\"props\":{\"className\":\"inline-flex items-center justify-center whitespace-nowrap text-sm font-medium ring-offset-background transition-all duration-200 focus-visible:outline-none focus-visible:ring-2 focus-visible:ri"])</script><script>self.__next_f.push([1,"ng-ring focus-visible:ring-offset-2 disabled:pointer-events-none disabled:opacity-50 interactive-press border border-[hsl(var(--border))] bg-transparent hover:bg-[hsl(var(--muted-100))] hover:text-[hsl(var(--foreground))] h-9 rounded-md px-3\",\"ref\":\"$undefined\",\"disabled\":\"$undefined\",\"children\":\"$1ce:children\"}}\n1d6:{\"name\":\"Slot.SlotClone\",\"key\":null,\"env\":\"Server\",\"owner\":\"$1d5\",\"stack\":[],\"props\":{\"className\":\"inline-flex items-center justify-center whitespace-nowrap text-sm font-medium ring-offset-background transition-all duration-200 focus-visible:outline-none focus-visible:ring-2 focus-visible:ring-ring focus-visible:ring-offset-2 disabled:pointer-events-none disabled:opacity-50 interactive-press border border-[hsl(var(--border))] bg-transparent hover:bg-[hsl(var(--muted-100))] hover:text-[hsl(var(--foreground))] h-9 rounded-md px-3\",\"ref\":\"$undefined\",\"disabled\":\"$undefined\",\"children\":\"$1ce:children\"}}\n1d7:{\"name\":\"Link\",\"key\":null,\"env\":\"Server\",\"owner\":\"$1d6\",\"stack\":[[\"eval\",\"webpack-internal:///(rsc)/./src/app/[locale]/(agent)/agent/claims/page.tsx\",218,138,128,47,false],[\"Array.map\",\"\",0,0,0,0,false],[\"AgentClaimsPage\",\"webpack-internal:///(rsc)/./src/app/[locale]/(agent)/agent/claims/page.tsx\",128,43,19,1,false]],\"props\":{\"href\":\"/agent/claims/claim-5\",\"children\":\"Review\",\"className\":\"inline-flex items-center justify-center whitespace-nowrap text-sm font-medium ring-offset-background transition-all duration-200 focus-visible:outline-none focus-visible:ring-2 focus-visible:ring-ring focus-visible:ring-offset-2 disabled:pointer-events-none disabled:opacity-50 interactive-press border border-[hsl(var(--border))] bg-transparent hover:bg-[hsl(var(--muted-100))] hover:text-[hsl(var(--foreground))] h-9 rounded-md px-3\",\"ref\":null,\"disabled\":\"$undefined\"}}\n42:D{\"time\":3.368957999999111}\n42:D{\"awaited\":\"$77\",\"env\":\"Server\",\"owner\":\"$43\",\"stack\":\"$7a\"}\n42:D{\"time\":86.13124999999854}\n42:D{\"time\":88.51800000000003}\n81:D{\"time\":88.64895799999795}\n81:D\"$82\"\n81:D{\"time\":91.20029099999738}\n8f:D{\"time\":91.2374579999996}\n8f:D\"$90\"\n8f:D{\"time\":91.28949999999895}\n92:D{\"time\":91.30083299999751}\n92:D\"$93\"\n92:D{\"time\":91.48804100000052}\n95:D{\"time\":91.51224999999977}\n95:D\"$96\"\n95:D{\"time\":91.64745799999946}\n95:[\"$\",\"th\",null,{\"ref\":\"$undefined\",\"className\":\"h-10 px-2 text-left align-middle font-medium text-muted-foreground [\u0026:has([role=checkbox])]:pr-0 [button]:bg-transparent\",\"children\":\"Claimant\"},\"$96\",\"$97\",1]\n98:D{\"time\":91.66795799999818}\n98:D\"$99\"\n98:D{\"time\":91.69341599999825}\n98:[\"$\",\"th\",null,{\"ref\":\"$undefined\",\"className\":\"h-10 px-2 text-left align-middle font-medium text-muted-foreground [\u0026:has([role=checkbox])]:pr-0 [button]:bg-transparent\",\"children\":\"Claim\"},\"$99\",\"$9a\",1]\n9b:D{\"time\":91.71145799999795}\n9b:D\"$9c\"\n9b:D{\"time\":91.7333749999998}\n9b:[\"$\",\"th\",null,{\"ref\":\"$undefined\",\"className\":\"h-10 px-2 text-left align-middle font-medium text-muted-foreground [\u0026:has([role=checkbox])]:pr-0 [button]:bg-transparent\",\"children\":\"Status\"},\"$9c\",\"$9d\",1]\n9e:D{\"time\":91.74733299999934}\n9e:D\"$9f\"\n9e:D{\"time\":91.77416599999924}\n9e:[\"$\",\"th\",null,{\"ref\":\"$undefined\",\"className\":\"h-10 px-2 text-left align-middle font-medium text-muted-foreground [\u0026:has([role=checkbox])]:pr-0 [button]:bg-transparent\",\"children\":\"Amount\"},\"$9f\",\"$a0\",1]\na1:D{\"time\":91.79083299999911}\na1:D\"$a2\"\na1:D{\"time\":91.81316599999991}\na1:[\"$\",\"th\",null,{\"ref\":\"$undefined\",\"className\":\"h-10 px-2 text-left align-middle font-medium text-muted-foreground [\u0026:has([role=checkbox])]:pr-0 [button]:bg-transparent\",\"children\":\"Date\"},\"$a2\",\"$a3\",1]\na4:D{\"time\":91.82770800000071}\na4:D\"$a5\"\na4:D{\"time\":91.88241600000038}\na4:[\"$\",\"th\",null,{\"ref\":\"$undefined\",\"className\":\"h-10 px-2 align-middle font-medium text-muted-foreground [\u0026:has([role=checkbox])]:pr-0 [button]:bg-transparent text-right\",\"children\":\"Actions\"},\"$a5\",\"$a6\",1]\n92:[\"$\",\"tr\",null,{\"ref\":\"$undefined\",\"className\":\"border-b transition-colors hover:bg-muted/50 data-[state=selected]:bg-muted\",\"children\":[\"$95\",\"$98\",\"$9b\",\"$9e\",\"$a1\",\"$a4\"]},\"$93\",\"$94\",1]\n8f:[\"$\",\"thead\",null,{\"ref\":\"$undefined\",\"classNa"])</script><script>self.__next_f.push([1,"me\":\"[\u0026_tr]:border-b\",\"children\":\"$92\"},\"$90\",\"$91\",1]\na7:D{\"time\":91.96458300000086}\na7:D\"$a8\"\na7:D{\"time\":92.00074999999924}\nb1:D{\"time\":92.02854099999968}\nb1:D\"$b2\"\nb1:D{\"time\":92.15620800000033}\nb4:D{\"time\":92.23283299999821}\nb4:D\"$b5\"\nb4:D{\"time\":92.33016599999974}\nb4:[\"$\",\"td\",null,{\"ref\":\"$undefined\",\"className\":\"p-2 align-middle [\u0026:has([role=checkbox])]:pr-0\",\"children\":[\"$\",\"div\",null,{\"className\":\"flex flex-col\",\"children\":[[\"$\",\"span\",null,{\"className\":\"font-medium\",\"children\":\"Arben Lila\"},\"$43\",\"$b8\",1],[\"$\",\"span\",null,{\"className\":\"text-xs text-muted-foreground\",\"children\":\"arben.lila@gmail.com\"},\"$43\",\"$b9\",1]]},\"$43\",\"$b7\",1]},\"$b5\",\"$b6\",1]\nba:D{\"time\":92.4485829999976}\nba:D\"$bb\"\nba:D{\"time\":92.48487499999828}\nba:[\"$\",\"td\",null,{\"ref\":\"$undefined\",\"className\":\"p-2 align-middle [\u0026:has([role=checkbox])]:pr-0\",\"children\":[[\"$\",\"div\",null,{\"className\":\"font-medium\",\"children\":\"Flight delay\"},\"$43\",\"$bf\",1],[\"$\",\"div\",null,{\"className\":\"text-xs text-muted-foreground\",\"children\":\"Lufthansa\"},\"$43\",\"$c0\",1]]},\"$bb\",\"$be\",1]\nc1:D{\"time\":92.56387499999983}\nc1:D\"$c2\"\nc1:D{\"time\":92.59158299999763}\nc7:D{\"time\":92.60879099999875}\nc7:D\"$c8\"\nc7:D{\"time\":92.69737499999974}\nc7:D\"$c9\"\nc7:D{\"time\":93.0100829999974}\nc7:[\"$\",\"div\",null,{\"className\":\"inline-flex items-center rounded-full border px-2.5 py-0.5 text-xs font-semibold transition-colors focus:outline-none focus:ring-2 focus:ring-ring focus:ring-offset-2 badge-glow border-transparent bg-[hsl(var(--secondary))] text-[hsl(var(--secondary-foreground))] capitalize\",\"children\":\"Submitted\"},\"$c9\",\"$ca\",1]\nc1:[\"$\",\"td\",null,{\"ref\":\"$undefined\",\"className\":\"p-2 align-middle [\u0026:has([role=checkbox])]:pr-0\",\"children\":\"$c7\"},\"$c2\",\"$c6\",1]\ncb:D{\"time\":93.04012499999953}\ncb:D\"$cc\"\ncb:D{\"time\":93.06695799999943}\ncb:[\"$\",\"td\",null,{\"ref\":\"$undefined\",\"className\":\"p-2 align-middle [\u0026:has([role=checkbox])]:pr-0\",\"children\":\"300.00 EUR\"},\"$cc\",\"$cd\",1]\nce:D{\"time\":93.09087499999805}\nce:D\"$cf\"\nce:D{\"time\":93.11162499999773}\nce:[\"$\",\"td\",null,{\"ref\":\"$undefined\",\"className\":\"p-2 align-middle [\u0026:has([role=checkbox])]:pr-0\",\"children\":\"12/15/2025\"},\"$cf\",\"$d0\",1]\nd1:D{\"time\":93.21304099999907}\nd1:D\"$d2\"\nd1:D{\"time\":93.273416}\nde:D{\"time\":93.29304100000081}\nde:D\"$df\"\nde:D{\"time\":93.58045800000036}\nde:D\"$e0\"\nde:D{\"time\":93.77483299999949}\nde:D\"$e1\"\nde:D{\"time\":93.89845799999966}\nde:D\"$e2\"\nd1:[\"$\",\"td\",null,{\"ref\":\"$undefined\",\"className\":\"p-2 align-middle [\u0026:has([role=checkbox])]:pr-0 text-right\",\"children\":\"$Lde\"},\"$d2\",\"$dd\",1]\nb1:[\"$\",\"tr\",\"eBRc7dIzwrjUh0KTUQsJ1\",{\"ref\":\"$undefined\",\"className\":\"border-b transition-colors hover:bg-muted/50 data-[state=selected]:bg-muted\",\"children\":[\"$b4\",\"$ba\",\"$c1\",\"$cb\",\"$ce\",\"$d1\"]},\"$b2\",\"$b3\",1]\ne3:D{\"time\":94.30199999999968}\ne3:D\"$e4\"\ne3:D{\"time\":94.3338330000006}\nec:D{\"time\":94.35454100000061}\nec:D\"$ed\"\nec:D{\"time\":94.3758749999979}\nec:[\"$\",\"td\",null,{\"ref\":\"$undefined\",\"className\":\"p-2 align-middle [\u0026:has([role=checkbox])]:pr-0\",\"children\":[\"$\",\"div\",null,{\"className\":\"flex flex-col\",\"children\":[[\"$\",\"span\",null,{\"className\":\"font-medium\",\"children\":\"Test Member\"},\"$43\",\"$f0\",1],[\"$\",\"span\",null,{\"className\":\"text-xs text-muted-foreground\",\"children\":\"test@interdomestik.com\"},\"$43\",\"$f1\",1]]},\"$43\",\"$ef\",1]},\"$ed\",\"$ee\",1]\nf2:D{\"time\":94.45754099999976}\nf2:D\"$f3\"\nf2:D{\"time\":94.48149999999805}\nf2:[\"$\",\"td\",null,{\"ref\":\"$undefined\",\"className\":\"p-2 align-middle [\u0026:has([role=checkbox])]:pr-0\",\"children\":[[\"$\",\"div\",null,{\"className\":\"font-medium\",\"children\":\"Car Accident - Rear Ended\"},\"$43\",\"$f7\",1],[\"$\",\"div\",null,{\"className\":\"text-xs text-muted-foreground\",\"children\":\"Sigal\"},\"$43\",\"$f8\",1]]},\"$f3\",\"$f6\",1]\nf9:D{\"time\":94.5503749999989}\nf9:D\"$fa\"\nf9:D{\"time\":94.57279099999869}\nfe:D{\"time\":94.58874999999898}\nfe:D\"$ff\"\nfe:D{\"time\":94.61524999999892}\nfe:D\"$100\"\nfe:D{\"time\":94.64258300000074}\nfe:[\"$\",\"div\",null,{\"className\":\"inline-flex items-center rounded-full border px-2.5 py-0.5 text-xs font-semibold transition-colors focus:outline-none focus:ring-2 focus:ring-ring focus:ring-offset-2 badge-glow border-transparent bg-[hsl(var(--secondary))"])</script><script>self.__next_f.push([1,"] text-[hsl(var(--secondary-foreground))] capitalize\",\"children\":\"Submitted\"},\"$100\",\"$101\",1]\nf9:[\"$\",\"td\",null,{\"ref\":\"$undefined\",\"className\":\"p-2 align-middle [\u0026:has([role=checkbox])]:pr-0\",\"children\":\"$fe\"},\"$fa\",\"$fd\",1]\n102:D{\"time\":94.66716599999927}\n102:D\"$103\"\n102:D{\"time\":94.69370799999888}\n102:[\"$\",\"td\",null,{\"ref\":\"$undefined\",\"className\":\"p-2 align-middle [\u0026:has([role=checkbox])]:pr-0\",\"children\":\"1200.00 EUR\"},\"$103\",\"$104\",1]\n105:D{\"time\":94.71579099999872}\n105:D\"$106\"\n105:D{\"time\":94.74037499999758}\n105:[\"$\",\"td\",null,{\"ref\":\"$undefined\",\"className\":\"p-2 align-middle [\u0026:has([role=checkbox])]:pr-0\",\"children\":\"12/14/2025\"},\"$106\",\"$107\",1]\n108:D{\"time\":94.7978750000002}\n108:D\"$109\"\n108:D{\"time\":94.82174999999916}\n10f:D{\"time\":94.83520800000042}\n10f:D\"$110\"\n10f:D{\"time\":94.87999999999738}\n10f:D\"$111\"\n10f:D{\"time\":94.92058299999917}\n10f:D\"$112\"\n10f:D{\"time\":94.94054099999994}\n10f:D\"$113\"\n108:[\"$\",\"td\",null,{\"ref\":\"$undefined\",\"className\":\"p-2 align-middle [\u0026:has([role=checkbox])]:pr-0 text-right\",\"children\":\"$L10f\"},\"$109\",\"$10e\",1]\ne3:[\"$\",\"tr\",\"claim-1\",{\"ref\":\"$undefined\",\"className\":\"border-b transition-colors hover:bg-muted/50 data-[state=selected]:bg-muted\",\"children\":[\"$ec\",\"$f2\",\"$f9\",\"$102\",\"$105\",\"$108\"]},\"$e4\",\"$eb\",1]\n114:D{\"time\":95.24483300000065}\n114:D\"$115\"\n114:D{\"time\":95.27370800000062}\n11d:D{\"time\":95.29187499999898}\n11d:D\"$11e\"\n11d:D{\"time\":95.3111659999995}\n11d:[\"$\",\"td\",null,{\"ref\":\"$undefined\",\"className\":\"p-2 align-middle [\u0026:has([role=checkbox])]:pr-0\",\"children\":[\"$\",\"div\",null,{\"className\":\"flex flex-col\",\"children\":[[\"$\",\"span\",null,{\"className\":\"font-medium\",\"children\":\"Test Member\"},\"$43\",\"$121\",1],[\"$\",\"span\",null,{\"className\":\"text-xs text-muted-foreground\",\"children\":\"test@interdomestik.com\"},\"$43\",\"$122\",1]]},\"$43\",\"$120\",1]},\"$11e\",\"$11f\",1]\n123:D{\"time\":95.42116600000008}\n123:D\"$124\"\n123:D{\"time\":95.44487499999741}\n123:[\"$\",\"td\",null,{\"ref\":\"$undefined\",\"className\":\"p-2 align-middle [\u0026:has([role=checkbox])]:pr-0\",\"children\":[[\"$\",\"div\",null,{\"className\":\"font-medium\",\"children\":\"Flight Delay to Munich\"},\"$43\",\"$128\",1],[\"$\",\"div\",null,{\"className\":\"text-xs text-muted-foreground\",\"children\":\"Austrian Airlines\"},\"$43\",\"$129\",1]]},\"$124\",\"$127\",1]\n12a:D{\"time\":95.51566599999933}\n12a:D\"$12b\"\n12a:D{\"time\":95.5343329999996}\n12f:D{\"time\":95.54983300000094}\n12f:D\"$130\"\n12f:D{\"time\":95.57958299999882}\n12f:D\"$131\"\n12f:D{\"time\":95.65141600000061}\n12f:[\"$\",\"div\",null,{\"className\":\"inline-flex items-center rounded-full border px-2.5 py-0.5 text-xs font-semibold transition-colors focus:outline-none focus:ring-2 focus:ring-ring focus:ring-offset-2 badge-glow text-foreground\",\"children\":\"verification\"},\"$131\",\"$132\",1]\n12a:[\"$\",\"td\",null,{\"ref\":\"$undefined\",\"className\":\"p-2 align-middle [\u0026:has([role=checkbox])]:pr-0\",\"children\":\"$12f\"},\"$12b\",\"$12e\",1]\n133:D{\"time\":95.67595799999981}\n133:D\"$134\"\n133:D{\"time\":95.6977079999997}\n133:[\"$\",\"td\",null,{\"ref\":\"$undefined\",\"className\":\"p-2 align-middle [\u0026:has([role=checkbox])]:pr-0\",\"children\":\"600.00 EUR\"},\"$134\",\"$135\",1]\n136:D{\"time\":95.7199159999982}\n136:D\"$137\"\n136:D{\"time\":95.74524999999994}\n136:[\"$\",\"td\",null,{\"ref\":\"$undefined\",\"className\":\"p-2 align-middle [\u0026:has([role=checkbox])]:pr-0\",\"children\":\"12/11/2025\"},\"$137\",\"$138\",1]\n139:D{\"time\":95.80179099999805}\n139:D\"$13a\"\n139:D{\"time\":95.82687499999884}\n140:D{\"time\":95.84004099999947}\n140:D\"$141\"\n140:D{\"time\":95.87554099999761}\n140:D\"$142\"\n140:D{\"time\":95.90008300000045}\n140:D\"$143\"\n140:D{\"time\":95.92383300000074}\n140:D\"$144\"\n139:[\"$\",\"td\",null,{\"ref\":\"$undefined\",\"className\":\"p-2 align-middle [\u0026:has([role=checkbox])]:pr-0 text-right\",\"children\":\"$L140\"},\"$13a\",\"$13f\",1]\n114:[\"$\",\"tr\",\"claim-2\",{\"ref\":\"$undefined\",\"className\":\"border-b transition-colors hover:bg-muted/50 data-[state=selected]:bg-muted\",\"children\":[\"$11d\",\"$123\",\"$12a\",\"$133\",\"$136\",\"$139\"]},\"$115\",\"$11c\",1]\n145:D{\"time\":96.19108299999789}\n145:D\"$146\"\n145:D{\"time\":96.21637499999997}\n14e:D{\"time\":96.23291600000084}\n14e:D\"$14f\"\n14e:D{\"time\":96.25241599999936}\n14e:[\"$\",\"td\",null,{\"ref\":\"$undefined\",\"className\":\"p-2 align-middl"])</script><script>self.__next_f.push([1,"e [\u0026:has([role=checkbox])]:pr-0\",\"children\":[\"$\",\"div\",null,{\"className\":\"flex flex-col\",\"children\":[[\"$\",\"span\",null,{\"className\":\"font-medium\",\"children\":\"Test Member\"},\"$43\",\"$152\",1],[\"$\",\"span\",null,{\"className\":\"text-xs text-muted-foreground\",\"children\":\"test@interdomestik.com\"},\"$43\",\"$153\",1]]},\"$43\",\"$151\",1]},\"$14f\",\"$150\",1]\n154:D{\"time\":96.36129099999744}\n154:D\"$155\"\n154:D{\"time\":96.38383299999987}\n154:[\"$\",\"td\",null,{\"ref\":\"$undefined\",\"className\":\"p-2 align-middle [\u0026:has([role=checkbox])]:pr-0\",\"children\":[[\"$\",\"div\",null,{\"className\":\"font-medium\",\"children\":\"Defective Laptop\"},\"$43\",\"$159\",1],[\"$\",\"div\",null,{\"className\":\"text-xs text-muted-foreground\",\"children\":\"TechnoMarket\"},\"$43\",\"$15a\",1]]},\"$155\",\"$158\",1]\n15b:D{\"time\":96.45120799999859}\n15b:D\"$15c\"\n15b:D{\"time\":96.47216599999956}\n160:D{\"time\":96.48683299999902}\n160:D\"$161\"\n160:D{\"time\":96.50954099999944}\n160:D\"$162\"\n160:D{\"time\":96.53291600000011}\n160:[\"$\",\"div\",null,{\"className\":\"inline-flex items-center rounded-full border px-2.5 py-0.5 text-xs font-semibold transition-colors focus:outline-none focus:ring-2 focus:ring-ring focus:ring-offset-2 badge-glow text-foreground\",\"children\":\"evaluation\"},\"$162\",\"$163\",1]\n15b:[\"$\",\"td\",null,{\"ref\":\"$undefined\",\"className\":\"p-2 align-middle [\u0026:has([role=checkbox])]:pr-0\",\"children\":\"$160\"},\"$15c\",\"$15f\",1]\n164:D{\"time\":96.5544579999987}\n164:D\"$165\"\n164:D{\"time\":96.57675000000017}\n164:[\"$\",\"td\",null,{\"ref\":\"$undefined\",\"className\":\"p-2 align-middle [\u0026:has([role=checkbox])]:pr-0\",\"children\":\"850.00 EUR\"},\"$165\",\"$166\",1]\n167:D{\"time\":96.59879100000035}\n167:D\"$168\"\n167:D{\"time\":96.61962499999936}\n167:[\"$\",\"td\",null,{\"ref\":\"$undefined\",\"className\":\"p-2 align-middle [\u0026:has([role=checkbox])]:pr-0\",\"children\":\"12/6/2025\"},\"$168\",\"$169\",1]\n16a:D{\"time\":96.70816600000035}\n16a:D\"$16b\"\n16a:D{\"time\":96.73099999999977}\n171:D{\"time\":96.74629099999947}\n171:D\"$172\"\n171:D{\"time\":96.78104099999837}\n171:D\"$173\"\n171:D{\"time\":96.82604100000026}\n171:D\"$174\"\n171:D{\"time\":96.84520799999882}\n171:D\"$175\"\n16a:[\"$\",\"td\",null,{\"ref\":\"$undefined\",\"className\":\"p-2 align-middle [\u0026:has([role=checkbox])]:pr-0 text-right\",\"children\":\"$L171\"},\"$16b\",\"$170\",1]\n145:[\"$\",\"tr\",\"claim-3\",{\"ref\":\"$undefined\",\"className\":\"border-b transition-colors hover:bg-muted/50 data-[state=selected]:bg-muted\",\"children\":[\"$14e\",\"$154\",\"$15b\",\"$164\",\"$167\",\"$16a\"]},\"$146\",\"$14d\",1]\n176:D{\"time\":97.13012499999968}\n176:D\"$177\"\n176:D{\"time\":97.1574159999982}\n17f:D{\"time\":97.17474999999831}\n17f:D\"$180\"\n17f:D{\"time\":97.19412499999817}\n17f:[\"$\",\"td\",null,{\"ref\":\"$undefined\",\"className\":\"p-2 align-middle [\u0026:has([role=checkbox])]:pr-0\",\"children\":[\"$\",\"div\",null,{\"className\":\"flex flex-col\",\"children\":[[\"$\",\"span\",null,{\"className\":\"font-medium\",\"children\":\"Test Member\"},\"$43\",\"$183\",1],[\"$\",\"span\",null,{\"className\":\"text-xs text-muted-foreground\",\"children\":\"test@interdomestik.com\"},\"$43\",\"$184\",1]]},\"$43\",\"$182\",1]},\"$180\",\"$181\",1]\n185:D{\"time\":97.278707999998}\n185:D\"$186\"\n185:D{\"time\":97.30141599999843}\n185:[\"$\",\"td\",null,{\"ref\":\"$undefined\",\"className\":\"p-2 align-middle [\u0026:has([role=checkbox])]:pr-0\",\"children\":[[\"$\",\"div\",null,{\"className\":\"font-medium\",\"children\":\"Water Damage in Apartment\"},\"$43\",\"$18a\",1],[\"$\",\"div\",null,{\"className\":\"text-xs text-muted-foreground\",\"children\":\"Building Mgmt\"},\"$43\",\"$18b\",1]]},\"$186\",\"$189\",1]\n18c:D{\"time\":97.36679100000038}\n18c:D\"$18d\"\n18c:D{\"time\":97.38954100000046}\n191:D{\"time\":97.40520800000013}\n191:D\"$192\"\n191:D{\"time\":97.4286659999998}\n191:D\"$193\"\n191:D{\"time\":97.45829099999901}\n191:[\"$\",\"div\",null,{\"className\":\"inline-flex items-center rounded-full border px-2.5 py-0.5 text-xs font-semibold transition-colors focus:outline-none focus:ring-2 focus:ring-ring focus:ring-offset-2 badge-glow text-foreground\",\"children\":\"negotiation\"},\"$193\",\"$194\",1]\n18c:[\"$\",\"td\",null,{\"ref\":\"$undefined\",\"className\":\"p-2 align-middle [\u0026:has([role=checkbox])]:pr-0\",\"children\":\"$191\"},\"$18d\",\"$190\",1]\n195:D{\"time\":97.48174999999901}\n195:D\"$196\"\n195:D{\"time\":97.50241599999936}\n195:[\"$\",\"td\",null,{\"ref\":\"$undefined\",\"className\":\"p-2 align-middle "])</script><script>self.__next_f.push([1,"[\u0026:has([role=checkbox])]:pr-0\",\"children\":\"2500.00 EUR\"},\"$196\",\"$197\",1]\n198:D{\"time\":97.52591599999869}\n198:D\"$199\"\n198:D{\"time\":97.54424999999901}\n198:[\"$\",\"td\",null,{\"ref\":\"$undefined\",\"className\":\"p-2 align-middle [\u0026:has([role=checkbox])]:pr-0\",\"children\":\"11/26/2025\"},\"$199\",\"$19a\",1]\n19b:D{\"time\":97.61658299999908}\n19b:D\"$19c\"\n19b:D{\"time\":97.63958300000013}\n1a2:D{\"time\":97.65224999999919}\n1a2:D\"$1a3\"\n1a2:D{\"time\":97.68587499999921}\n1a2:D\"$1a4\"\n1a2:D{\"time\":97.71429100000023}\n1a2:D\"$1a5\"\n1a2:D{\"time\":97.73533300000054}\n1a2:D\"$1a6\"\n19b:[\"$\",\"td\",null,{\"ref\":\"$undefined\",\"className\":\"p-2 align-middle [\u0026:has([role=checkbox])]:pr-0 text-right\",\"children\":\"$L1a2\"},\"$19c\",\"$1a1\",1]\n176:[\"$\",\"tr\",\"claim-4\",{\"ref\":\"$undefined\",\"className\":\"border-b transition-colors hover:bg-muted/50 data-[state=selected]:bg-muted\",\"children\":[\"$17f\",\"$185\",\"$18c\",\"$195\",\"$198\",\"$19b\"]},\"$177\",\"$17e\",1]\n1a7:D{\"time\":97.99391599999944}\n1a7:D\"$1a8\"\n1a7:D{\"time\":98.01512499999808}\n1b0:D{\"time\":98.03162499999962}\n1b0:D\"$1b1\"\n1b0:D{\"time\":98.05241599999863}\n1b0:[\"$\",\"td\",null,{\"ref\":\"$undefined\",\"className\":\"p-2 align-middle [\u0026:has([role=checkbox])]:pr-0\",\"children\":[\"$\",\"div\",null,{\"className\":\"flex flex-col\",\"children\":[[\"$\",\"span\",null,{\"className\":\"font-medium\",\"children\":\"Test Member\"},\"$43\",\"$1b4\",1],[\"$\",\"span\",null,{\"className\":\"text-xs text-muted-foreground\",\"children\":\"test@interdomestik.com\"},\"$43\",\"$1b5\",1]]},\"$43\",\"$1b3\",1]},\"$1b1\",\"$1b2\",1]\n1b6:D{\"time\":98.13095799999792}\n1b6:D\"$1b7\"\n1b6:D{\"time\":98.15187499999956}\n1b6:[\"$\",\"td\",null,{\"ref\":\"$undefined\",\"className\":\"p-2 align-middle [\u0026:has([role=checkbox])]:pr-0\",\"children\":[[\"$\",\"div\",null,{\"className\":\"font-medium\",\"children\":\"Rejected Insurance Claim\"},\"$43\",\"$1bb\",1],[\"$\",\"div\",null,{\"className\":\"text-xs text-muted-foreground\",\"children\":\"Illyria\"},\"$43\",\"$1bc\",1]]},\"$1b7\",\"$1ba\",1]\n1bd:D{\"time\":98.22391599999901}\n1bd:D\"$1be\"\n1bd:D{\"time\":98.24245800000062}\n1c2:D{\"time\":98.25424999999814}\n1c2:D\"$1c3\"\n1c2:D{\"time\":98.27962499999921}\n1c2:D\"$1c4\"\n1c2:D{\"time\":98.35966600000029}\n1c2:[\"$\",\"div\",null,{\"className\":\"inline-flex items-center rounded-full border px-2.5 py-0.5 text-xs font-semibold transition-colors focus:outline-none focus:ring-2 focus:ring-ring focus:ring-offset-2 badge-glow border-transparent bg-[hsl(var(--destructive))] text-[hsl(var(--destructive-foreground))] capitalize\",\"children\":\"Rejected\"},\"$1c4\",\"$1c5\",1]\n1bd:[\"$\",\"td\",null,{\"ref\":\"$undefined\",\"className\":\"p-2 align-middle [\u0026:has([role=checkbox])]:pr-0\",\"children\":\"$1c2\"},\"$1be\",\"$1c1\",1]\n1c6:D{\"time\":98.38450000000012}\n1c6:D\"$1c7\"\n1c6:D{\"time\":98.40333299999838}\n1c6:[\"$\",\"td\",null,{\"ref\":\"$undefined\",\"className\":\"p-2 align-middle [\u0026:has([role=checkbox])]:pr-0\",\"children\":\"5000.00 EUR\"},\"$1c7\",\"$1c8\",1]\n1c9:D{\"time\":98.4350830000003}\n1c9:D\"$1ca\"\n1c9:D{\"time\":98.46587499999805}\n1c9:[\"$\",\"td\",null,{\"ref\":\"$undefined\",\"className\":\"p-2 align-middle [\u0026:has([role=checkbox])]:pr-0\",\"children\":\"11/16/2025\"},\"$1ca\",\"$1cb\",1]\n1cc:D{\"time\":98.52941599999758}\n1cc:D\"$1cd\"\n1cc:D{\"time\":98.54841599999781}\n1d3:D{\"time\":98.56408299999748}\n1d3:D\"$1d4\"\n1d3:D{\"time\":98.59129100000064}\n1d3:D\"$1d5\"\n1d3:D{\"time\":98.6181660000002}\n1d3:D\"$1d6\"\n1d3:D{\"time\":98.63587499999994}\n1d3:D\"$1d7\"\n1cc:[\"$\",\"td\",null,{\"ref\":\"$undefined\",\"className\":\"p-2 align-middle [\u0026:has([role=checkbox])]:pr-0 text-right\",\"children\":\"$L1d3\"},\"$1cd\",\"$1d2\",1]\n1a7:[\"$\",\"tr\",\"claim-5\",{\"ref\":\"$undefined\",\"className\":\"border-b transition-colors hover:bg-muted/50 data-[state=selected]:bg-muted\",\"children\":[\"$1b0\",\"$1b6\",\"$1bd\",\"$1c6\",\"$1c9\",\"$1cc\"]},\"$1a8\",\"$1af\",1]\na7:[\"$\",\"tbody\",null,{\"ref\":\"$undefined\",\"className\":\"[\u0026_tr:last-child]:border-0\",\"children\":[[\"$b1\",\"$e3\",\"$114\",\"$145\",\"$176\",\"$1a7\"],false]},\"$a8\",\"$b0\",1]\n81:[\"$\",\"div\",null,{\"className\":\"relative w-full overflow-auto\",\"children\":[\"$\",\"table\",null,{\"ref\":\"$undefined\",\"className\":\"w-full caption-bottom text-sm\",\"children\":[\"$8f\",\"$a7\"]},\"$82\",\"$8e\",1]},\"$82\",\"$8d\",1]\n42:[\"$\",\"div\",null,{\"className\":\"space-y-6\",\"children\":[[\"$\",\"div\",null,{\"className\":\"flex items-center justify-between\",\"children\":[\"$"])</script><script>self.__next_f.push([1,"\",\"div\",null,{\"children\":[[\"$\",\"h1\",null,{\"className\":\"text-3xl font-bold tracking-tight\",\"children\":\"Claims Queue\"},\"$43\",\"$7e\",1],[\"$\",\"p\",null,{\"className\":\"text-muted-foreground\",\"children\":\"Manage and triage all submitted claims.\"},\"$43\",\"$7f\",1]]},\"$43\",\"$7d\",1]},\"$43\",\"$7c\",1],[\"$\",\"div\",null,{\"className\":\"rounded-md border bg-background\",\"children\":\"$81\"},\"$43\",\"$80\",1]]},\"$43\",\"$7b\",1]\n"])</script><script>self.__next_f.push([1,"1d9:I[\"(app-pages-browser)/../../node_modules/.pnpm/next-intl@4.6.0_next@16.0.10_@babel+core@7.28.5_@playwright+test@1.57.0_react-dom@19.2._c22e94f9b2b0bf63fba8eb90ab2d7698/node_modules/next-intl/dist/esm/development/navigation/shared/BaseLink.js\",[\"app/[locale]/(agent)/agent/claims/page\",\"static/chunks/app/%5Blocale%5D/(agent)/agent/claims/page.js\"],\"default\"]\n1d8:[]\n1da:[]\n1db:[]\n1dc:[]\n1dd:[]\n1de:[]\nde:D{\"time\":106.45737499999814}\nde:[\"$\",\"$L1d9\",null,{\"ref\":null,\"href\":\"/sq/agent/claims/eBRc7dIzwrjUh0KTUQsJ1\",\"locale\":\"$undefined\",\"localeCookie\":{\"name\":\"NEXT_LOCALE\",\"sameSite\":\"lax\"},\"children\":\"Review\",\"className\":\"inline-flex items-center justify-center whitespace-nowrap text-sm font-medium ring-offset-background transition-all duration-200 focus-visible:outline-none focus-visible:ring-2 focus-visible:ring-ring focus-visible:ring-offset-2 disabled:pointer-events-none disabled:opacity-50 interactive-press border border-[hsl(var(--border))] bg-transparent hover:bg-[hsl(var(--muted-100))] hover:text-[hsl(var(--foreground))] h-9 rounded-md px-3\",\"disabled\":\"$undefined\"},\"$e2\",\"$1d8\",1]\n10f:D{\"time\":106.60662500000035}\n10f:[\"$\",\"$L1d9\",null,{\"ref\":null,\"href\":\"/sq/agent/claims/claim-1\",\"locale\":\"$undefined\",\"localeCookie\":\"$de:props:localeCookie\",\"children\":\"Review\",\"className\":\"inline-flex items-center justify-center whitespace-nowrap text-sm font-medium ring-offset-background transition-all duration-200 focus-visible:outline-none focus-visible:ring-2 focus-visible:ring-ring focus-visible:ring-offset-2 disabled:pointer-events-none disabled:opacity-50 interactive-press border border-[hsl(var(--border))] bg-transparent hover:bg-[hsl(var(--muted-100))] hover:text-[hsl(var(--foreground))] h-9 rounded-md px-3\",\"disabled\":\"$undefined\"},\"$113\",\"$1da\",1]\n140:D{\"time\":106.69104099999822}\n140:[\"$\",\"$L1d9\",null,{\"ref\":null,\"href\":\"/sq/agent/claims/claim-2\",\"locale\":\"$undefined\",\"localeCookie\":\"$de:props:localeCookie\",\"children\":\"Review\",\"className\":\"inline-flex items-center justify-center whitespace-nowrap text-sm font-medium ring-offset-background transition-all duration-200 focus-visible:outline-none focus-visible:ring-2 focus-visible:ring-ring focus-visible:ring-offset-2 disabled:pointer-events-none disabled:opacity-50 interactive-press border border-[hsl(var(--border))] bg-transparent hover:bg-[hsl(var(--muted-100))] hover:text-[hsl(var(--foreground))] h-9 rounded-md px-3\",\"disabled\":\"$undefined\"},\"$144\",\"$1db\",1]\n171:D{\"time\":106.7622909999991}\n171:[\"$\",\"$L1d9\",null,{\"ref\":null,\"href\":\"/sq/agent/claims/claim-3\",\"locale\":\"$undefined\",\"localeCookie\":\"$de:props:localeCookie\",\"children\":\"Review\",\"className\":\"inline-flex items-center justify-center whitespace-nowrap text-sm font-medium ring-offset-background transition-all duration-200 focus-visible:outline-none focus-visible:ring-2 focus-visible:ring-ring focus-visible:ring-offset-2 disabled:pointer-events-none disabled:opacity-50 interactive-press border border-[hsl(var(--border))] bg-transparent hover:bg-[hsl(var(--muted-100))] hover:text-[hsl(var(--foreground))] h-9 rounded-md px-3\",\"disabled\":\"$undefined\"},\"$175\",\"$1dc\",1]\n1a2:D{\"time\":106.84420799999862}\n1a2:[\"$\",\"$L1d9\",null,{\"ref\":null,\"href\":\"/sq/agent/claims/claim-4\",\"locale\":\"$undefined\",\"localeCookie\":\"$de:props:localeCookie\",\"children\":\"Review\",\"className\":\"inline-flex items-center justify-center whitespace-nowrap text-sm font-medium ring-offset-background transition-all duration-200 focus-visible:outline-none focus-visible:ring-2 focus-visible:ring-ring focus-visible:ring-offset-2 disabled:pointer-events-none disabled:opacity-50 interactive-press border border-[hsl(var(--border))] bg-transparent hover:bg-[hsl(var(--muted-100))] hover:text-[hsl(var(--foreground))] h-9 rounded-md px-3\",\"disabled\":\"$undefined\"},\"$1a6\",\"$1dd\",1]\n1d3:D{\"time\":106.91133300000001}\n1d3:[\"$\",\"$L1d9\",null,{\"ref\":null,\"href\":\"/sq/agent/claims/claim-5\",\"locale\":\"$undefined\",\"localeCookie\":\"$de:props:localeCookie\",\"children\":\"Review\",\"className\":\"inline-flex items-center justify-center whitespace-nowrap text-sm font-medium ring-offset-backgroun"])</script><script>self.__next_f.push([1,"d transition-all duration-200 focus-visible:outline-none focus-visible:ring-2 focus-visible:ring-ring focus-visible:ring-offset-2 disabled:pointer-events-none disabled:opacity-50 interactive-press border border-[hsl(var(--border))] bg-transparent hover:bg-[hsl(var(--muted-100))] hover:text-[hsl(var(--foreground))] h-9 rounded-md px-3\",\"disabled\":\"$undefined\"},\"$1d7\",\"$1de\",1]\n"])</script><script>self.__next_f.push([1,"203:I[\"(app-pages-browser)/../../node_modules/.pnpm/next@16.0.10_@babel+core@7.28.5_@playwright+test@1.57.0_react-dom@19.2.3_react@19.2.3__react@19.2.3/node_modules/next/dist/client/app-dir/link.js\",[\"app/[locale]/(agent)/layout\",\"static/chunks/app/%5Blocale%5D/(agent)/layout.js\"],\"\"]\n1e0:[[\"AgentLayout\",\"webpack-internal:///(rsc)/./src/app/[locale]/(agent)/layout.tsx\",20,77,17,1,false]]\n1df:J{\"name\":\"headers\",\"start\":4.091040999999677,\"end\":40.92083300000013,\"env\":\"Server\",\"stack\":\"$1e0\",\"owner\":\"$33\",\"value\":\"$@1e1\"}\n1e2:[[\"AgentLayout\",\"webpack-internal:///(rsc)/./src/app/[locale]/(agent)/layout.tsx\",20,77,17,1,false]]\n1e4:[[\"AgentLayout\",\"webpack-internal:///(rsc)/./src/app/[locale]/(agent)/layout.tsx\",19,75,17,1,false]]\n1e3:J{\"name\":\"api.\u003ccomputed\u003e [as getSession]\",\"start\":40.9641249999986,\"end\":41.106165999997756,\"env\":\"Server\",\"stack\":\"$1e4\",\"owner\":\"$33\",\"value\":\"$@1e5\"}\n1e6:[[\"AgentLayout\",\"webpack-internal:///(rsc)/./src/app/[locale]/(agent)/layout.tsx\",19,75,17,1,false]]\n1e7:[\"host\",\"localhost:3000\"]\n1e8:[\"sec-fetch-site\",\"none\"]\n1e9:[\"cookie\",\"NEXT_LOCALE=sq; better-auth.session_token=dvq9OBVXUY1t6R1uxv6AjxgU3wHQg1Rr.ql2H6nFdIeRcUFu2M%2BmRMRRbTEdSJueFgsLKhxEtVR4%3D\"]\n1ea:[\"connection\",\"keep-alive\"]\n1eb:[\"upgrade-insecure-requests\",\"1\"]\n1ec:[\"sec-fetch-mode\",\"navigate\"]\n1ed:[\"accept\",\"text/html,application/xhtml+xml,application/xml;q=0.9,*/*;q=0.8\"]\n1ee:[\"user-agent\",\"Mozilla/5.0 (Macintosh; Intel Mac OS X 10_15_7) AppleWebKit/605.1.15 (KHTML, like Gecko) Version/26.0 Safari/605.1.15\"]\n1ef:[\"accept-language\",\"en-US\"]\n1f0:[\"sec-fetch-dest\",\"document\"]\n1f1:[\"accept-encoding\",\"gzip, deflate\"]\n1f2:[\"x-forwarded-host\",\"localhost:3000\"]\n1f3:[\"x-forwarded-port\",\"3000\"]\n1f4:[\"x-forwarded-proto\",\"http\"]\n1f5:[\"x-forwarded-for\",\"127.0.0.1\"]\n1f6:[\"x-next-intl-locale\",\"sq\"]\n1f7:[\"link\",\"\u003chttp://localhost:3000/sq/agent/claims\u003e; rel=\\\"alternate\\\"; hreflang=\\\"sq\\\", \u003chttp://localhost:3000/en/agent/claims\u003e; rel=\\\"alternate\\\"; hreflang=\\\"en\\\", \u003chttp://localhost:3000/sr/agent/claims\u003e; rel=\\\"alternate\\\"; hreflang=\\\"sr\\\", \u003chttp://localhost:3000/mk/agent/claims\u003e; rel=\\\"alternate\\\"; hreflang=\\\"mk\\\", \u003chttp://localhost:3000/agent/claims\u003e; rel=\\\"alternate\\\"; hreflang=\\\"x-default\\\"\"]\n1e1:[\"$1e7\",\"$1e8\",\"$1e9\",\"$1ea\",\"$1eb\",\"$1ec\",\"$1ed\",\"$1ee\",\"$1ef\",\"$1f0\",\"$1f1\",\"$1f2\",\"$1f3\",\"$1f4\",\"$1f5\",\"$1f6\",\"$1f7\"]\n1e5:{\"session\":{\"expiresAt\":\"$D2025-12-23T21:46:25.242Z\",\"token\":\"dvq9OBVXUY1t6R1uxv6AjxgU3wHQg1Rr\",\"createdAt\":\"$D2025-12-16T21:46:25.242Z\",\"updatedAt\":\"$D2025-12-16T21:46:25.242Z\",\"ipAddress\":\"127.0.0.1\",\"userAgent\":\"Mozilla/5.0 (Macintosh; Intel Mac OS X 10_15_7) AppleWebKit/605.1.15 (KHTML, like Gecko) Version/26.0 Safari/605.1.15\",\"userId\":\"agent-user\",\"id\":\"FHkivXgjujWQsB8GUR6ihitLi5b6kX5u\"},\"user\":{\"name\":\"Support Agent\",\"email\":\"agent@interdomestik.com\",\"emailVerified\":true,\"image\":null,\"createdAt\":\"$D2025-12-16T21:46:12.233Z\",\"updatedAt\":\"$D2025-12-16T21:46:12.233Z\",\"role\":\"agent\",\"id\":\"agent-user\"}}\n1f8:[[\"AgentLayout\",\"webpack-internal:///(rsc)/./src/app/[locale]/(agent)/layout.tsx\",35,87,17,1,false]]\n1f9:[[\"AgentLayout\",\"webpack-internal:///(rsc)/./src/app/[locale]/(agent)/layout.tsx\",38,88,17,1,false]]\n1fa:[[\"AgentLayout\",\"webpack-internal:///(rsc)/./src/app/[locale]/(agent)/layout.tsx\",40,102,17,1,false]]\n1fb:[[\"AgentLayout\",\"webpack-internal:///(rsc)/./src/app/[locale]/(agent)/layout.tsx\",43,100,17,1,false]]\n1ff:{\"className\":\"text-primary\",\"children\":\"Agent\"}\n200:[[\"AgentLayout\",\"webpack-internal:///(rsc)/./src/app/[locale]/(agent)/layout.tsx\",53,120,17,1,false]]\n1fe:{\"className\":\"hidden font-bold sm:inline-block\",\"children\":[\"Interdomestik \",[\"$\",\"span\",null,\"$1ff\",\"$33\",\"$200\",1]]}\n201:[[\"AgentLayout\",\"webpack-internal:///(rsc)/./src/app/[locale]/(agent)/layout.tsx\",49,122,17,1,false]]\n1fd:{\"name\":\"LinkComponent\",\"key\":null,\"env\":\"Server\",\"owner\":\"$33\",\"stack\":[[\"AgentLayout\",\"webpack-internal:///(rsc)/./src/app/[locale]/(agent)/layout.tsx\",46,108,17,1,false]],\"props\":{\"href\":\"/\",\"className\":\"mr-6 flex items-center space-x-2\",\"children\":[\"$\",\"span\",null,\"$1fe\",\"$33\",\"$201\",1]}}\n202:[]\n204:[[\"AgentLayout\",\"webpack-inter"])</script><script>self.__next_f.push([1,"nal:///(rsc)/./src/app/[locale]/(agent)/layout.tsx\",49,122,17,1,false]]\n205:[[\"AgentLayout\",\"webpack-internal:///(rsc)/./src/app/[locale]/(agent)/layout.tsx\",53,120,17,1,false]]\n206:[[\"AgentLayout\",\"webpack-internal:///(rsc)/./src/app/[locale]/(agent)/layout.tsx\",72,108,17,1,false]]\n208:{\"name\":\"LinkComponent\",\"key\":null,\"env\":\"Server\",\"owner\":\"$33\",\"stack\":[[\"AgentLayout\",\"webpack-internal:///(rsc)/./src/app/[locale]/(agent)/layout.tsx\",75,116,17,1,false]],\"props\":{\"href\":\"/agent\",\"className\":\"transition-colors hover:text-foreground/80 text-foreground\",\"children\":\"Dashboard\"}}\n209:[]\n20b:{\"name\":\"LinkComponent\",\"key\":null,\"env\":\"Server\",\"owner\":\"$33\",\"stack\":[[\"AgentLayout\",\"webpack-internal:///(rsc)/./src/app/[locale]/(agent)/layout.tsx\",84,116,17,1,false]],\"props\":{\"href\":\"/agent/claims\",\"className\":\"transition-colors hover:text-foreground/80 text-foreground/60\",\"children\":\"Claims\"}}\n20c:[]\n20d:[[\"AgentLayout\",\"webpack-internal:///(rsc)/./src/app/[locale]/(agent)/layout.tsx\",105,100,17,1,false]]\n20e:[[\"AgentLayout\",\"webpack-internal:///(rsc)/./src/app/[locale]/(agent)/layout.tsx\",108,108,17,1,false]]\n20f:[[\"AgentLayout\",\"webpack-internal:///(rsc)/./src/app/[locale]/(agent)/layout.tsx\",115,108,17,1,false]]\n210:[[\"AgentLayout\",\"webpack-internal:///(rsc)/./src/app/[locale]/(agent)/layout.tsx\",145,88,17,1,false]]\n211:[[\"Promise.all\",\"\",0,0,0,0,true],[\"Promise.all\",\"\",0,0,0,0,true],[\"Promise.all\",\"\",0,0,0,0,true]]\n212:[[\"Promise.all\",\"\",0,0,0,0,true],[\"Promise.all\",\"\",0,0,0,0,true],[\"Promise.all\",\"\",0,0,0,0,true]]\n32:D{\"time\":4.1568330000009155}\n32:D{\"awaited\":\"$1df\",\"env\":\"Server\",\"owner\":\"$33\",\"stack\":\"$1e2\"}\n32:D{\"time\":40.92158299999937}\n32:D{\"time\":41.04470799999763}\n32:D{\"awaited\":\"$1e3\",\"env\":\"Server\",\"owner\":\"$33\",\"stack\":\"$1e6\"}\n32:D{\"time\":115.94279099999767}\n32:D{\"time\":146.11679100000038}\n1fc:D{\"time\":146.21133299999929}\n1fc:D\"$1fd\"\n1fc:D{\"time\":146.25504100000035}\n1fc:[\"$\",\"$L203\",null,{\"href\":\"/\",\"className\":\"mr-6 flex items-center space-x-2\",\"children\":[\"$\",\"span\",null,{\"className\":\"hidden font-bold sm:inline-block\",\"children\":[\"Interdomestik \",[\"$\",\"span\",null,{\"className\":\"text-primary\",\"children\":\"Agent\"},\"$33\",\"$205\",1]]},\"$33\",\"$204\",1]},\"$1fd\",\"$202\",1]\n207:D{\"time\":146.3679579999989}\n207:D\"$208\"\n207:D{\"time\":146.38674999999785}\n207:[\"$\",\"$L203\",null,{\"href\":\"/agent\",\"className\":\"transition-colors hover:text-foreground/80 text-foreground\",\"children\":\"Dashboard\"},\"$208\",\"$209\",1]\n20a:D{\"time\":146.4044580000009}\n20a:D\"$20b\"\n20a:D{\"time\":146.4195409999993}\n20a:[\"$\",\"$L203\",null,{\"href\":\"/agent/claims\",\"className\":\"transition-colors hover:text-foreground/80 text-foreground/60\",\"children\":\"Claims\"},\"$20b\",\"$20c\",1]\n"])</script><script>self.__next_f.push([1,"32:[\"$\",\"div\",null,{\"className\":\"flex min-h-screen flex-col bg-muted/10\",\"children\":[[\"$\",\"header\",null,{\"className\":\"sticky top-0 z-50 w-full border-b bg-background/95 backdrop-blur supports-[backdrop-filter]:bg-background/60\",\"children\":[\"$\",\"div\",null,{\"className\":\"container flex h-14 items-center\",\"children\":[[\"$\",\"div\",null,{\"className\":\"mr-4 hidden md:flex\",\"children\":[\"$1fc\",[\"$\",\"nav\",null,{\"className\":\"flex items-center space-x-6 text-sm font-medium\",\"children\":[\"$207\",\"$20a\"]},\"$33\",\"$206\",1]]},\"$33\",\"$1fb\",1],[\"$\",\"div\",null,{\"className\":\"flex flex-1 items-center justify-between space-x-2 md:justify-end\",\"children\":[[\"$\",\"div\",null,{\"className\":\"w-full flex-1 md:w-auto md:flex-none\"},\"$33\",\"$20e\",1],[\"$\",\"div\",null,{\"className\":\"text-xs text-muted-foreground mr-4\",\"children\":[\"agent@interdomestik.com\",\" (\",\"agent\",\")\"]},\"$33\",\"$20f\",1]]},\"$33\",\"$20d\",1]]},\"$33\",\"$1fa\",1]},\"$33\",\"$1f9\",1],[\"$\",\"main\",null,{\"className\":\"flex-1 container py-6\",\"children\":[\"$\",\"$L15\",null,{\"parallelRouterKey\":\"children\",\"error\":\"$undefined\",\"errorStyles\":\"$undefined\",\"errorScripts\":\"$undefined\",\"template\":[\"$\",\"$L17\",null,{},null,\"$212\",1],\"templateStyles\":\"$undefined\",\"templateScripts\":\"$undefined\",\"notFound\":\"$undefined\",\"forbidden\":\"$undefined\",\"unauthorized\":\"$undefined\",\"segmentViewBoundaries\":[\"$undefined\",\"$undefined\",\"$undefined\",\"$undefined\"]},null,\"$211\",1]},\"$33\",\"$210\",1]]},\"$33\",\"$1f8\",1]\n"])</script><script data-nextjs-dev-overlay="true" style="display: block; position: absolute;"><nextjs-portal style="--nextjs-dev-tools-scale: 1;"></nextjs-portal></script><next-route-announcer style="position: absolute;"></next-route-announcer></body></html>

[1A[2KDEBUG: Failed Content End ----------------

[1A[2K  3) [webkit] › e2e/agent-flow.spec.ts:13:7 › Agent Workspace › should list claims and allow triage 

    Error: [2mexpect([22m[31mlocator[39m[2m).[22mtoBeVisible[2m([22m[2m)[22m failed

    Locator: locator('h1').filter({ hasText: 'Claim Details' })
    Expected: visible
    Timeout: 5000ms
    Error: element(s) not found

    Call log:
    [2m  - Expect "toBeVisible" with timeout 5000ms[22m
    [2m  - waiting for locator('h1').filter({ hasText: 'Claim Details' })[22m


      25 |     // Verify Detail Page
      26 |     try {
    > 27 |       await expect(agentPage.locator('h1', { hasText: 'Claim Details' })).toBeVisible({
         |                                                                           ^
      28 |         timeout: 5000,
      29 |       });
      30 |     } catch (e) {
        at /Users/arbenlila/development/interdomestikv2/apps/web/e2e/agent-flow.spec.ts:27:75

    Error Context: test-results/agent-flow-Agent-Workspace-84d8f-ist-claims-and-allow-triage-webkit/error-context.md


[1A[2K  3 failed
    [chromium] › e2e/agent-flow.spec.ts:13:7 › Agent Workspace › should list claims and allow triage 
    [firefox] › e2e/agent-flow.spec.ts:13:7 › Agent Workspace › should list claims and allow triage 
    [webkit] › e2e/agent-flow.spec.ts:13:7 › Agent Workspace › should list claims and allow triage ─
  6 passed (25.6s)

[36m  Serving HTML report at http://localhost:65164. Press Ctrl+C to quit.[39m
